08:51:51.4197 [INFO] Loaded monitor commands from: /home/bogdan/work/renode_portable/scripts/monitor.py
Renode, version 1.16.1 (ac18b5ac-202606020225)


(monitor) i $CWD/emu/renode/sentai_emu_tpu_fps_repl.resc

08:51:51.5953 [INFO] Including script(s): /home/bogdan/work/coralmicro/emu/renode/sentai_emu_tpu_fps_repl.resc
08:51:51.6305 [INFO] System bus created.
08:51:52.9033 [INFO] Old file /home/bogdan/work/coralmicro/emu/output/sentai_emu_tpu_fps_repl.log moved to /home/bogdan/work/coralmicro/emu/output/sentai_emu_tpu_fps_repl.log.3
08:51:52.9425 [INFO] sysbus: Loading block of 3072 bytes length at 0x0.
08:51:52.9647 [INFO] sysbus: Loading block of 228288 bytes length at 0xC00.
08:51:52.9653 [INFO] sysbus: Loading block of 202432 bytes length at 0x387C0.
08:51:52.9657 [INFO] sysbus: Loading block of 16777216 bytes length at 0x80000000.
08:51:52.9999 [INFO] sysbus: Loading block of 54680 bytes length at 0x81000000.
08:51:53.6570 [INFO] cpu: Setting initial values: PC = 0xCBD, SP = 0x20040000.
08:51:53.6608 [INFO] machine-0: Machine started.
08:51:53.7768 [WARNING] nvic: Unhandled write to offset 0xF50 (ICacheInvalidateAllToPoUaIgnored), value 0x0.
08:51:53.8122 [WARNING] nvic: Trying to set the priority for interrupt 16 to 0xFF, but it should be maskable with 0xF0
08:52:09.1374 [INFO] machine-0: Machine paused.
sentai_emu_tpu_fps_repl PC:

0x1cf0

sentai_emu_tpu_fps_repl boot_state:

0x00000500

sentai_emu_tpu_fps_repl heartbeat:

0x00000001

sentai_emu_tpu_fps_repl repl_lines:

0x00000001

sentai_emu_tpu_fps_repl last_tick:

0x000007A3

(machine-0) 08:52:09.2216 [INFO] machine-0: Disposed.
