17:14:05.1969 [INFO] Loaded monitor commands from: /home/bogdan/work/renode_portable/scripts/monitor.py
[0mRenode, version 1.16.1 (ac18b5ac-202606020225)

[91m(monitor) [0mi $CWD/emu/renode/sentai_emu_hw_stub_namespace_smoke_ui.resc
17:14:05.3260 [INFO] Including script(s): /home/bogdan/work/coralmicro/emu/renode/sentai_emu_hw_stub_namespace_smoke_ui.resc
17:14:05.3428 [INFO] System bus created.
17:14:06.4176 [INFO] sysbus: Loading block of 3072 bytes length at 0x0.
17:14:06.4298 [INFO] sysbus: Loading block of 238016 bytes length at 0xC00.
17:14:06.4301 [INFO] sysbus: Loading block of 169720 bytes length at 0x3ADC0.
17:14:06.4304 [INFO] sysbus: Loading block of 16777216 bytes length at 0x80000000.
17:14:06.4525 [INFO] sysbus: Loading block of 54680 bytes length at 0x81000000.
17:14:06.9140 [INFO] cpu: Setting initial values: PC = 0xCBD, SP = 0x20040000.
17:14:06.9169 [INFO] machine-0: Machine started.
17:14:06.9988 [WARNING] nvic: Unhandled write to offset 0xF50 (ICacheInvalidateAllToPoUaIgnored), value 0x0.
17:14:07.0235 [WARNING] nvic: Trying to set the priority for interrupt 16 to 0xFF, but it should be maskable with 0xF0
17:14:14.0053 [INFO] machine-0: Machine paused.
sentai_emu_hw_stub_namespace_smoke PC:
0x157cc
sentai_emu_hw_stub_namespace_smoke boot_state:
0x00000500
sentai_emu_hw_stub_namespace_smoke heartbeat:
0x0000001C
sentai_emu_hw_stub_namespace_smoke repl_lines:
0x00000001
sentai_emu_hw_stub_namespace_smoke last_tick:
0x00000B34
[33m(machine-0) [0m17:14:14.0785 [INFO] machine-0: Disposed.
$ /home/bogdan/work/renode_portable/renode --console emu/renode/sentai_emu_hw_stub_namespace_smoke_ui.resc

[elapsed_s] 10.490
