-- Toolchain prefix: /home/bogdan/work/coralmicro/third_party/toolchain-linux/gcc-arm-none-eabi-9-2020-q2-update/lib/gcc/arm-none-eabi
-- Toolchain prefix: /home/bogdan/work/coralmicro/third_party/toolchain-linux/gcc-arm-none-eabi-9-2020-q2-update/lib/gcc/arm-none-eabi
-- The C compiler identification is GNU 9.3.1
-- The CXX compiler identification is GNU 9.3.1
-- Detecting C compiler ABI info
-- Detecting C compiler ABI info - done
-- Check for working C compiler: /home/bogdan/work/coralmicro/third_party/toolchain-linux/gcc-arm-none-eabi-9-2020-q2-update/bin/arm-none-eabi-gcc - skipped
-- Detecting C compile features
-- Detecting C compile features - done
-- Detecting CXX compiler ABI info
-- Detecting CXX compiler ABI info - done
-- Check for working CXX compiler: /home/bogdan/work/coralmicro/third_party/toolchain-linux/gcc-arm-none-eabi-9-2020-q2-update/bin/arm-none-eabi-g++ - skipped
-- Detecting CXX compile features
-- Detecting CXX compile features - done
-- sentai sdk-patches:
[apply_sdk_patches] skip (already applied): 0001-ov5640-vga-30fps-pclkperiod.patch
[apply_sdk_patches] skip (already applied): 0002-ehci-queue-depth-16.patch
[apply_sdk_patches] skip (already applied): 0003-fsl-csi-coralmicro-irq-hooks.patch
[apply_sdk_patches] skip (already applied): 0004-lwip-httpd-empty-body-post.patch
[apply_sdk_patches] summary: applied=0 skipped=4 failed=0

CMake Warning (dev) at cmake/toolchain-arm-none-eabi-gcc.cmake:216 (add_custom_command):
  The following keywords are not supported when using
  add_custom_command(TARGET): DEPENDS.

  Policy CMP0175 is not set: add_custom_command() rejects invalid arguments.
  Run "cmake --help-policy CMP0175" for policy details.  Use the cmake_policy
  command to set the policy and suppress this warning.
Call Stack (most recent call first):
  apps/elf_loader/CMakeLists.txt:15 (add_executable_m7)
This warning is for project developers.  Use -Wno-dev to suppress it.

CMake Warning (dev) at cmake/toolchain-arm-none-eabi-gcc.cmake:220 (add_custom_command):
  The following keywords are not supported when using
  add_custom_command(TARGET): DEPENDS.

  Policy CMP0175 is not set: add_custom_command() rejects invalid arguments.
  Run "cmake --help-policy CMP0175" for policy details.  Use the cmake_policy
  command to set the policy and suppress this warning.
Call Stack (most recent call first):
  apps/elf_loader/CMakeLists.txt:15 (add_executable_m7)
This warning is for project developers.  Use -Wno-dev to suppress it.

CMake Warning (dev) at cmake/toolchain-arm-none-eabi-gcc.cmake:224 (add_custom_command):
  The following keywords are not supported when using
  add_custom_command(TARGET): DEPENDS.

  Policy CMP0175 is not set: add_custom_command() rejects invalid arguments.
  Run "cmake --help-policy CMP0175" for policy details.  Use the cmake_policy
  command to set the policy and suppress this warning.
Call Stack (most recent call first):
  apps/elf_loader/CMakeLists.txt:15 (add_executable_m7)
This warning is for project developers.  Use -Wno-dev to suppress it.

CMake Warning (dev) at cmake/toolchain-arm-none-eabi-gcc.cmake:216 (add_custom_command):
  The following keywords are not supported when using
  add_custom_command(TARGET): DEPENDS.

  Policy CMP0175 is not set: add_custom_command() rejects invalid arguments.
  Run "cmake --help-policy CMP0175" for policy details.  Use the cmake_policy
  command to set the policy and suppress this warning.
Call Stack (most recent call first):
  examples/sentai_runtime/CMakeLists.txt:183 (add_executable_m7)
This warning is for project developers.  Use -Wno-dev to suppress it.

CMake Warning (dev) at cmake/toolchain-arm-none-eabi-gcc.cmake:220 (add_custom_command):
  The following keywords are not supported when using
  add_custom_command(TARGET): DEPENDS.

  Policy CMP0175 is not set: add_custom_command() rejects invalid arguments.
  Run "cmake --help-policy CMP0175" for policy details.  Use the cmake_policy
  command to set the policy and suppress this warning.
Call Stack (most recent call first):
  examples/sentai_runtime/CMakeLists.txt:183 (add_executable_m7)
This warning is for project developers.  Use -Wno-dev to suppress it.

CMake Warning (dev) at cmake/toolchain-arm-none-eabi-gcc.cmake:224 (add_custom_command):
  The following keywords are not supported when using
  add_custom_command(TARGET): DEPENDS.

  Policy CMP0175 is not set: add_custom_command() rejects invalid arguments.
  Run "cmake --help-policy CMP0175" for policy details.  Use the cmake_policy
  command to set the policy and suppress this warning.
Call Stack (most recent call first):
  examples/sentai_runtime/CMakeLists.txt:183 (add_executable_m7)
This warning is for project developers.  Use -Wno-dev to suppress it.

CMake Warning (dev) at cmake/toolchain-arm-none-eabi-gcc.cmake:254 (add_custom_command):
  The following keywords are not supported when using
  add_custom_command(TARGET): DEPENDS.

  Policy CMP0175 is not set: add_custom_command() rejects invalid arguments.
  Run "cmake --help-policy CMP0175" for policy details.  Use the cmake_policy
  command to set the policy and suppress this warning.
Call Stack (most recent call first):
  examples/sentai_runtime/CMakeLists.txt:285 (add_executable_m4)
This warning is for project developers.  Use -Wno-dev to suppress it.

-- The ASM compiler identification is GNU
-- Found assembler: /home/bogdan/work/coralmicro/third_party/toolchain-linux/gcc-arm-none-eabi-9-2020-q2-update/bin/arm-none-eabi-gcc
CMake Warning (dev) at cmake/toolchain-arm-none-eabi-gcc.cmake:216 (add_custom_command):
  The following keywords are not supported when using
  add_custom_command(TARGET): DEPENDS.

  Policy CMP0175 is not set: add_custom_command() rejects invalid arguments.
  Run "cmake --help-policy CMP0175" for policy details.  Use the cmake_policy
  command to set the policy and suppress this warning.
Call Stack (most recent call first):
  libs/nxp/flashloader/CMakeLists.txt:17 (add_executable_m7)
This warning is for project developers.  Use -Wno-dev to suppress it.

CMake Warning (dev) at cmake/toolchain-arm-none-eabi-gcc.cmake:220 (add_custom_command):
  The following keywords are not supported when using
  add_custom_command(TARGET): DEPENDS.

  Policy CMP0175 is not set: add_custom_command() rejects invalid arguments.
  Run "cmake --help-policy CMP0175" for policy details.  Use the cmake_policy
  command to set the policy and suppress this warning.
Call Stack (most recent call first):
  libs/nxp/flashloader/CMakeLists.txt:17 (add_executable_m7)
This warning is for project developers.  Use -Wno-dev to suppress it.

CMake Warning (dev) at cmake/toolchain-arm-none-eabi-gcc.cmake:224 (add_custom_command):
  The following keywords are not supported when using
  add_custom_command(TARGET): DEPENDS.

  Policy CMP0175 is not set: add_custom_command() rejects invalid arguments.
  Run "cmake --help-policy CMP0175" for policy details.  Use the cmake_policy
  command to set the policy and suppress this warning.
Call Stack (most recent call first):
  libs/nxp/flashloader/CMakeLists.txt:17 (add_executable_m7)
This warning is for project developers.  Use -Wno-dev to suppress it.

-- sentai: EdgeTPU firmware = multi_ep (experimental)
-- Configuring done (0.5s)
-- Generating done (0.4s)
-- Build files have been written to: /home/bogdan/work/coralmicro/build-multiep
