
SentAI EMU REPL B8.3
S233_PREP_INIT
S233_GZ_CAM_START 0
MicroPython embed ready
S233_BEGIN
0
-4
-4
False
-3
S233_SETUP 0 1 1 30 0 0 0
-3
-3
-3
-3
-3
-3
S233_FLOW_BASELINE 70 79 69
-3
-3
0
0
0
0
0
S233_CRAZY_SETUP 0 2 0 0 0
-3
-3
-3
-3
0
S233_SAMPLE 71 202 -193 120 255 7
0
S233_SAMPLE 72 224 0 0 98 7
0
S233_SAMPLE 73 247 -58 36 255 0
0
S233_SAMPLE 74 267 0 0 255 0
0
S233_SAMPLE 75 287 0 0 255 0
0
S233_SAMPLE 76 306 0 0 255 0
0
S233_SAMPLE 77 326 0 0 255 0
0
S233_SAMPLE 78 346 0 0 255 0
0
S233_SAMPLE 79 367 0 0 255 0
0
S233_SAMPLE 80 387 0 0 255 0
0
S233_SAMPLE 81 406 0 0 255 0
0
S233_SAMPLE 82 426 0 0 255 0
S233_CRAZY_DONE 0 0
0
0
0
0
S233_SUMMARY 17181 467 2718 443 2578 12 2 7 426
-3
-3
-3
-3
-3
-3
-3
-3
-3
-3
0
False
False
S233_DONE
