\BOOKMARK [1][]{section.1}{\376\377\000I\000n\000t\000r\000o\000d\000u\000c\000t\000i\000o\000n}{}% 1
\BOOKMARK [1][]{section.2}{\376\377\000R\000e\000l\000a\000t\000e\000d\000\040\000W\000o\000r\000k}{}% 2
\BOOKMARK [2][]{subsection.2.1}{\376\377\000A\000u\000t\000o\000n\000o\000m\000o\000u\000s\000\040\000v\000i\000s\000u\000a\000l\000\040\000n\000a\000v\000i\000g\000a\000t\000i\000o\000n\000\040\000f\000o\000r\000\040\000n\000a\000n\000o\000-\000U\000A\000V\000s}{section.2}% 3
\BOOKMARK [2][]{subsection.2.2}{\376\377\000E\000m\000b\000e\000d\000d\000e\000d\000\040\000A\000I\000\040\000a\000c\000c\000e\000l\000e\000r\000a\000t\000o\000r\000s\000\040\000a\000n\000d\000\040\000s\000y\000s\000t\000o\000l\000i\000c\000-\000a\000r\000r\000a\000y\000\040\000i\000n\000f\000e\000r\000e\000n\000c\000e}{section.2}% 4
\BOOKMARK [2][]{subsection.2.3}{\376\377\000Y\000O\000L\000O\000-\000f\000a\000m\000i\000l\000y\000\040\000o\000b\000j\000e\000c\000t\000\040\000d\000e\000t\000e\000c\000t\000o\000r\000s\000\040\000a\000n\000d\000\040\000c\000o\000m\000p\000a\000c\000t\000\040\000d\000e\000t\000e\000c\000t\000i\000o\000n\000\040\000m\000o\000d\000e\000l\000s}{section.2}% 5
\BOOKMARK [2][]{subsection.2.4}{\376\377\000M\000i\000c\000r\000o\000P\000y\000t\000h\000o\000n\000\040\000a\000n\000d\000\040\000h\000i\000g\000h\000-\000l\000e\000v\000e\000l\000\040\000p\000r\000o\000g\000r\000a\000m\000m\000a\000b\000i\000l\000i\000t\000y\000\040\000o\000n\000\040\000e\000m\000b\000e\000d\000d\000e\000d\000\040\000s\000y\000s\000t\000e\000m\000s}{section.2}% 6
\BOOKMARK [2][]{subsection.2.5}{\376\377\000L\000i\000g\000h\000t\000w\000e\000i\000g\000h\000t\000\040\000e\000m\000b\000e\000d\000d\000e\000d\000\040\000l\000e\000a\000r\000n\000i\000n\000g\000,\000\040\000s\000e\000q\000u\000e\000n\000c\000e\000\040\000m\000o\000d\000e\000l\000i\000n\000g\000,\000\040\000a\000n\000d\000\040\000S\000L\000A\000M\000\040\000p\000r\000i\000m\000i\000t\000i\000v\000e\000s}{section.2}% 7
\BOOKMARK [2][]{subsection.2.6}{\376\377\000V\000i\000s\000i\000o\000n\000\040\000p\000i\000p\000e\000l\000i\000n\000e\000s\000\040\000f\000o\000r\000\040\000d\000r\000o\000n\000e\000\040\000p\000e\000r\000c\000e\000p\000t\000i\000o\000n\000\040\000a\000n\000d\000\040\000v\000i\000e\000w\000p\000o\000i\000n\000t\000-\000a\000w\000a\000r\000e\000\040\000s\000e\000n\000s\000i\000n\000g}{section.2}% 8
\BOOKMARK [2][]{subsection.2.7}{\376\377\000O\000p\000e\000n\000\040\000d\000a\000t\000a\000s\000e\000t\000s\000,\000\040\000s\000y\000n\000t\000h\000e\000t\000i\000c\000\040\000d\000a\000t\000a\000,\000\040\000a\000n\000d\000\040\000r\000e\000g\000u\000l\000a\000t\000i\000o\000n\000-\000a\000w\000a\000r\000e\000\040\000n\000a\000v\000i\000g\000a\000t\000i\000o\000n}{section.2}% 9
\BOOKMARK [2][]{subsection.2.8}{\376\377\000P\000o\000s\000i\000t\000i\000o\000n\000i\000n\000g\000\040\000o\000f\000\040\000t\000h\000i\000s\000\040\000w\000o\000r\000k}{section.2}% 10
\BOOKMARK [2][]{subsection.2.9}{\376\377\000D\000u\000a\000l\000-\000S\000e\000n\000s\000o\000r\000\040\000S\000w\000i\000t\000c\000h\000i\000n\000g\000\040\000a\000n\000d\000\040\000M\000C\000U\000\040\000C\000a\000m\000e\000r\000a\000\040\000P\000i\000p\000e\000l\000i\000n\000e\000s}{section.2}% 11
\BOOKMARK [1][]{section.3}{\376\377\0001\000.\000\040\000H\000a\000r\000d\000w\000a\000r\000e\000\040\000m\000u\000l\000t\000i\000p\000l\000e\000x\000i\000n\000g\000\040\000o\000f\000\040\000m\000u\000l\000t\000i\000p\000l\000e\000\040\000c\000a\000m\000e\000r\000a\000s\000\040\000o\000n\000t\000o\000\040\000o\000n\000e\000\040\000C\000S\000I\000\040\000r\000e\000c\000e\000i\000v\000e\000r}{}% 12
\BOOKMARK [2][]{subsection.3.1}{\376\377\0001\000.\0001\000\040\000A\000n\000a\000l\000o\000g\000u\000e\000-\000s\000w\000i\000t\000c\000h\000\040\000M\000U\000X\000\040\000\050\000o\000u\000r\000\040\000t\000o\000p\000o\000l\000o\000g\000y\000\051}{section.3}% 13
\BOOKMARK [2][]{subsection.3.2}{\376\377\0001\000.\0002\000\040\000V\000i\000r\000t\000u\000a\000l\000-\000c\000h\000a\000n\000n\000e\000l\000-\000s\000e\000p\000a\000r\000a\000t\000e\000d\000\040\000d\000u\000a\000l\000-\000s\000t\000r\000e\000a\000m\000\040\000r\000e\000c\000e\000i\000v\000e\000r\000s}{section.3}% 14
\BOOKMARK [2][]{subsection.3.3}{\376\377\0001\000.\0003\000\040\000D\000u\000a\000l\000\040\000C\000S\000I\000\040\000c\000o\000n\000t\000r\000o\000l\000l\000e\000r\000s}{section.3}% 15
\BOOKMARK [2][]{subsection.3.4}{\376\377\0001\000.\0004\000\040\000S\000u\000m\000m\000a\000r\000y\000\040\000o\000f\000\040\000t\000o\000p\000o\000l\000o\000g\000y\000\040\000o\000p\000t\000i\000o\000n\000s}{section.3}% 16
\BOOKMARK [1][]{section.4}{\376\377\0002\000.\000\040\000V\000S\000Y\000N\000C\000-\000s\000y\000n\000c\000h\000r\000o\000n\000i\000s\000e\000d\000\040\000s\000w\000i\000t\000c\000h\000i\000n\000g\000\040\000a\000n\000d\000\040\000f\000r\000a\000m\000e\000-\000b\000o\000u\000n\000d\000a\000r\000y\000\040\000t\000e\000c\000h\000n\000i\000q\000u\000e\000s}{}% 17
\BOOKMARK [1][]{section.5}{\376\377\0003\000.\000\040\000S\000e\000n\000s\000o\000r\000-\000s\000i\000d\000e\000\040\000e\000f\000f\000e\000c\000t\000s\000\040\000a\000f\000t\000e\000r\000\040\000a\000\040\000s\000w\000i\000t\000c\000h}{}% 18
\BOOKMARK [1][]{section.6}{\376\377\0004\000.\000\040\000I\000S\000R\000-\000c\000o\000n\000t\000e\000x\000t\000\040\000G\000P\000I\000O\000\040\000a\000n\000d\000\040\000N\000A\000S\000A\000/\000J\000P\000L\000-\000s\000t\000y\000l\000e\000\040\000r\000e\000a\000l\000-\000t\000i\000m\000e\000\040\000d\000i\000s\000c\000i\000p\000l\000i\000n\000e}{}% 19
\BOOKMARK [1][]{section.7}{\376\377\0005\000.\000\040\000C\000r\000o\000s\000s\000-\000p\000l\000a\000t\000f\000o\000r\000m\000\040\000f\000r\000a\000m\000i\000n\000g}{}% 20
\BOOKMARK [1][]{section.8}{\376\377\0006\000.\000\040\000R\000e\000f\000e\000r\000e\000n\000c\000e\000s\000\040\000t\000o\000\040\000g\000a\000t\000h\000e\000r\000\040\000f\000o\000r\000\040\000t\000h\000e\000\040\000b\000i\000b\000l\000i\000o\000g\000r\000a\000p\000h\000y}{}% 21
\BOOKMARK [1][]{section.9}{\376\377\000E\000x\000p\000e\000r\000i\000m\000e\000n\000t\000a\000l\000\040\000S\000e\000t\000u\000p}{}% 22
\BOOKMARK [1][]{section.10}{\376\377\0001\000.\000\040\000H\000a\000r\000d\000w\000a\000r\000e\000\040\000p\000l\000a\000t\000f\000o\000r\000m}{}% 23
\BOOKMARK [1][]{section.11}{\376\377\0002\000.\000\040\000F\000i\000r\000m\000w\000a\000r\000e\000\040\000s\000t\000a\000c\000k}{}% 24
\BOOKMARK [1][]{section.12}{\376\377\0003\000.\000\040\000S\000e\000n\000s\000o\000r\000\040\000c\000o\000n\000f\000i\000g\000u\000r\000a\000t\000i\000o\000n}{}% 25
\BOOKMARK [2][]{subsection.12.1}{\376\377\0003\000.\0001\000\040\000N\000a\000t\000i\000v\000e\000\040\000m\000o\000d\000e}{section.12}% 26
\BOOKMARK [2][]{subsection.12.2}{\376\377\0003\000.\0002\000\040\000L\000o\000g\000i\000c\000a\000l\000\040\000r\000e\000s\000o\000l\000u\000t\000i\000o\000n}{section.12}% 27
\BOOKMARK [2][]{subsection.12.3}{\376\377\0003\000.\0003\000\040\000R\000o\000t\000a\000t\000i\000o\000n}{section.12}% 28
\BOOKMARK [1][]{section.13}{\376\377\0004\000.\000\040\000V\000i\000s\000i\000o\000n\000\040\000m\000o\000d\000e\000l\000\040\000u\000n\000d\000e\000r\000\040\000t\000e\000s\000t}{}% 29
\BOOKMARK [1][]{section.14}{\376\377\0005\000.\000\040\000S\000c\000e\000n\000e}{}% 30
\BOOKMARK [1][]{section.15}{\376\377\0006\000.\000\040\000M\000e\000a\000s\000u\000r\000e\000m\000e\000n\000t\000\040\000t\000o\000o\000l\000i\000n\000g}{}% 31
\BOOKMARK [2][]{subsection.15.1}{\376\377\0006\000.\0001\000\040\000O\000n\000-\000d\000e\000v\000i\000c\000e\000:\000\040\000t\000h\000e\000\040\000d\000i\000a\000g\000\040\000p\000a\000c\000k\000a\000g\000e}{section.15}% 32
\BOOKMARK [2][]{subsection.15.2}{\376\377\0006\000.\0002\000\040\000T\000i\000m\000e\000\040\000s\000o\000u\000r\000c\000e}{section.15}% 33
\BOOKMARK [2][]{subsection.15.3}{\376\377\0006\000.\0003\000\040\000S\000t\000a\000t\000i\000s\000t\000i\000c\000a\000l\000\040\000t\000o\000o\000l\000s}{section.15}% 34
\BOOKMARK [1][]{section.16}{\376\377\0007\000.\000\040\000H\000o\000s\000t\000\040\000e\000n\000v\000i\000r\000o\000n\000m\000e\000n\000t}{}% 35
\BOOKMARK [1][]{section.17}{\376\377\0008\000.\000\040\000S\000u\000m\000m\000a\000r\000y\000\040\000o\000f\000\040\000w\000h\000a\000t\000\040\000c\000h\000a\000n\000g\000e\000s\000\040\000b\000e\000t\000w\000e\000e\000n\000\040\000e\000x\000p\000e\000r\000i\000m\000e\000n\000t\000s\000,\000\040\000a\000n\000d\000\040\000w\000h\000a\000t\000\040\000d\000o\000e\000s\000\040\000n\000o\000t}{}% 36
\BOOKMARK [1][]{section.18}{\376\377\000M\000a\000t\000e\000r\000i\000a\000l\000s\000\040\000a\000n\000d\000\040\000M\000e\000t\000h\000o\000d\000s}{}% 37
\BOOKMARK [2][]{subsection.18.1}{\376\377\000S\000y\000s\000t\000e\000m\000\040\000A\000r\000c\000h\000i\000t\000e\000c\000t\000u\000r\000e\000\040\000a\000n\000d\000\040\000D\000e\000s\000i\000g\000n\000\040\000R\000a\000t\000i\000o\000n\000a\000l\000e}{section.18}% 38
\BOOKMARK [2][]{subsection.18.2}{\376\377\000R\000T\000O\000S\000\040\000I\000n\000t\000e\000g\000r\000a\000t\000i\000o\000n\000,\000\040\000M\000e\000m\000o\000r\000y\000\040\000L\000a\000y\000o\000u\000t\000,\000\040\000a\000n\000d\000\040\000A\000c\000c\000e\000l\000e\000r\000a\000t\000o\000r\000\040\000F\000e\000e\000d\000i\000n\000g}{section.18}% 39
\BOOKMARK [2][]{subsection.18.3}{\376\377\000D\000u\000a\000l\000-\000C\000a\000m\000e\000r\000a\000\040\000V\000i\000s\000i\000o\000n\000\040\000P\000i\000p\000e\000l\000i\000n\000e\000\040\000a\000n\000d\000\040\000P\000e\000r\000c\000e\000p\000t\000i\000o\000n\000\040\000S\000t\000a\000c\000k}{section.18}% 40
\BOOKMARK [2][]{subsection.18.4}{\376\377\000F\000l\000i\000g\000h\000t\000\040\000C\000o\000n\000t\000r\000o\000l\000,\000\040\000T\000e\000l\000e\000m\000e\000t\000r\000y\000,\000\040\000a\000n\000d\000\040\000E\000x\000t\000e\000r\000n\000a\000l\000\040\000I\000n\000t\000e\000g\000r\000a\000t\000i\000o\000n}{section.18}% 41
\BOOKMARK [2][]{subsection.18.5}{\376\377\000P\000r\000o\000g\000r\000a\000m\000m\000i\000n\000g\000\040\000M\000o\000d\000e\000l\000\040\000a\000n\000d\000\040\000U\000s\000e\000r\000-\000F\000a\000c\000i\000n\000g\000\040\000R\000u\000n\000t\000i\000m\000e\000\040\000S\000u\000r\000f\000a\000c\000e}{section.18}% 42
\BOOKMARK [1][]{section.19}{\376\377\000R\000e\000s\000u\000l\000t\000s\000\040\000a\000n\000d\000\040\000P\000e\000r\000f\000o\000r\000m\000a\000n\000c\000e\000\040\000E\000v\000a\000l\000u\000a\000t\000i\000o\000n}{}% 43
\BOOKMARK [1][]{section.20}{\376\377\0001\000.\000\040\000R\000e\000s\000e\000a\000r\000c\000h\000\040\000q\000u\000e\000s\000t\000i\000o\000n\000s}{}% 44
\BOOKMARK [1][]{section.21}{\376\377\0002\000.\000\040\000R\000Q\0001\000\040\040\024\000\040\000P\000a\000r\000a\000l\000l\000e\000l\000-\000p\000i\000p\000e\000l\000i\000n\000e\000\040\000s\000t\000e\000a\000d\000y\000-\000s\000t\000a\000t\000e\000\040\000t\000h\000r\000o\000u\000g\000h\000p\000u\000t}{}% 45
\BOOKMARK [2][]{subsection.21.1}{\376\377\0002\000.\0001\000\040\000S\000e\000t\000u\000p}{section.21}% 46
\BOOKMARK [2][]{subsection.21.2}{\376\377\0002\000.\0002\000\040\000H\000e\000a\000d\000l\000i\000n\000e\000\040\000r\000e\000s\000u\000l\000t\000\040\000\050\000T\000a\000b\000l\000e\000\040\0001\000\051}{section.21}% 47
\BOOKMARK [2][]{subsection.21.3}{\376\377\0002\000.\0003\000\040\000I\000n\000t\000e\000r\000p\000r\000e\000t\000a\000t\000i\000o\000n}{section.21}% 48
\BOOKMARK [1][]{section.22}{\376\377\0003\000.\000\040\000R\000Q\0002\000\040\040\024\000\040\000e\000D\000M\000A\000\040\000a\000c\000c\000e\000l\000e\000r\000a\000t\000i\000o\000n\000\040\000o\000f\000\040\000t\000h\000e\000\040\000s\000t\000a\000g\000i\000n\000g\000-\000t\000o\000-\000t\000e\000n\000s\000o\000r\000\040\000c\000o\000p\000y}{}% 49
\BOOKMARK [2][]{subsection.22.1}{\376\377\0003\000.\0001\000\040\000S\000e\000t\000u\000p}{section.22}% 50
\BOOKMARK [2][]{subsection.22.2}{\376\377\0003\000.\0002\000\040\000H\000e\000a\000d\000l\000i\000n\000e\000\040\000r\000e\000s\000u\000l\000t\000\040\000\050\000T\000a\000b\000l\000e\000\040\0002\000\051}{section.22}% 51
\BOOKMARK [2][]{subsection.22.3}{\376\377\0003\000.\0003\000\040\000I\000n\000t\000e\000r\000p\000r\000e\000t\000a\000t\000i\000o\000n}{section.22}% 52
\BOOKMARK [1][]{section.23}{\376\377\0004\000.\000\040\000R\000Q\0003\000\040\040\024\000\040\000P\000e\000r\000-\000s\000w\000i\000t\000c\000h\000\040\000c\000o\000s\000t\000\040\000o\000n\000\040\000t\000h\000e\000\040\000s\000h\000a\000r\000e\000d\000-\000M\000I\000P\000I\000,\000\040\000M\000U\000X\000-\000g\000a\000t\000e\000d\000\040\000d\000u\000a\000l\000\040\000s\000e\000n\000s\000o\000r}{}% 53
\BOOKMARK [2][]{subsection.23.1}{\376\377\0004\000.\0001\000\040\000S\000e\000t\000u\000p}{section.23}% 54
\BOOKMARK [2][]{subsection.23.2}{\376\377\0004\000.\0002\000\040\000H\000e\000a\000d\000l\000i\000n\000e\000\040\000r\000e\000s\000u\000l\000t\000\040\000\050\000T\000a\000b\000l\000e\000\040\0003\000\051}{section.23}% 55
\BOOKMARK [2][]{subsection.23.3}{\376\377\0004\000.\0003\000\040\000B\000u\000d\000g\000e\000t\000\040\000d\000e\000c\000o\000m\000p\000o\000s\000i\000t\000i\000o\000n}{section.23}% 56
\BOOKMARK [2][]{subsection.23.4}{\376\377\0004\000.\0004\000\040\000C\000r\000o\000s\000s\000-\000s\000e\000s\000s\000i\000o\000n\000\040\000a\000g\000r\000e\000e\000m\000e\000n\000t}{section.23}% 57
\BOOKMARK [1][]{section.24}{\376\377\0005\000.\000\040\000R\000Q\0004\000\040\040\024\000\040\000G\000l\000i\000t\000c\000h\000-\000f\000r\000e\000e\000\040\000M\000U\000X\000\040\000t\000r\000a\000n\000s\000i\000t\000i\000o\000n\000s}{}% 58
\BOOKMARK [2][]{subsection.24.1}{\376\377\0005\000.\0001\000\040\000S\000e\000t\000u\000p}{section.24}% 59
\BOOKMARK [2][]{subsection.24.2}{\376\377\0005\000.\0002\000\040\000H\000e\000a\000d\000l\000i\000n\000e\000\040\000r\000e\000s\000u\000l\000t\000\040\040\024\000\040\000v\000i\000s\000u\000a\000l\000\040\000i\000n\000s\000p\000e\000c\000t\000i\000o\000n}{section.24}% 60
\BOOKMARK [2][]{subsection.24.3}{\376\377\0005\000.\0003\000\040\000I\000n\000t\000e\000r\000p\000r\000e\000t\000a\000t\000i\000o\000n}{section.24}% 61
\BOOKMARK [1][]{section.25}{\376\377\0006\000.\000\040\000R\000Q\0005\000\040\040\024\000\040\000F\000a\000u\000l\000t\000\040\000o\000b\000s\000e\000r\000v\000a\000b\000i\000l\000i\000t\000y}{}% 62
\BOOKMARK [2][]{subsection.25.1}{\376\377\0006\000.\0001\000\040\000S\000e\000t\000u\000p}{section.25}% 63
\BOOKMARK [2][]{subsection.25.2}{\376\377\0006\000.\0002\000\040\000H\000e\000a\000d\000l\000i\000n\000e\000\040\000r\000e\000s\000u\000l\000t}{section.25}% 64
\BOOKMARK [2][]{subsection.25.3}{\376\377\0006\000.\0003\000\040\000I\000n\000t\000e\000r\000p\000r\000e\000t\000a\000t\000i\000o\000n}{section.25}% 65
\BOOKMARK [1][]{section.26}{\376\377\0007\000.\000\040\000S\000u\000m\000m\000a\000r\000y\000\040\000t\000a\000b\000l\000e\000\040\000\050\000R\000e\000s\000e\000a\000r\000c\000h\000-\000q\000u\000e\000s\000t\000i\000o\000n\000\040\000\327\000\040\000m\000e\000t\000r\000i\000c\000\051}{}% 66
\BOOKMARK [1][]{section.27}{\376\377\0008\000.\000\040\000D\000i\000s\000c\000u\000s\000s\000i\000o\000n\000\040\000\050\000o\000f\000\040\000r\000e\000s\000u\000l\000t\000s\000\040\000o\000n\000l\000y\000;\000\040\000f\000u\000l\000l\000\040\000d\000i\000s\000c\000u\000s\000s\000i\000o\000n\000\040\000i\000n\000\040\000d\000i\000s\000c\000u\000s\000s\000i\000o\000n\000.\000m\000d\000\051}{}% 67
\BOOKMARK [1][]{section.28}{\376\377\000D\000a\000t\000a\000\040\000a\000v\000a\000i\000l\000a\000b\000i\000l\000i\000t\000y\000\040\000s\000t\000a\000t\000e\000m\000e\000n\000t}{}% 68
\BOOKMARK [2][]{subsection.28.1}{\376\377\000S\000D\000R\000A\000M\000-\000t\000o\000-\000T\000e\000n\000s\000o\000r\000\040\000M\000e\000m\000c\000p\000y\000\040\000O\000p\000t\000i\000m\000i\000s\000a\000t\000i\000o\000n}{section.28}% 69
\BOOKMARK [1][]{section.29}{\376\377\000A\000b\000s\000t\000r\000a\000c\000t}{}% 70
\BOOKMARK [1][]{section.30}{\376\377\000T\000e\000s\000t\000\040\000c\000o\000n\000d\000i\000t\000i\000o\000n\000s}{}% 71
\BOOKMARK [2][]{subsection.30.1}{\376\377\000H\000a\000r\000d\000w\000a\000r\000e}{section.30}% 72
\BOOKMARK [2][]{subsection.30.2}{\376\377\000F\000i\000r\000m\000w\000a\000r\000e}{section.30}% 73
\BOOKMARK [2][]{subsection.30.3}{\376\377\000M\000o\000d\000e\000l\000\040\000u\000n\000d\000e\000r\000\040\000t\000e\000s\000t}{section.30}% 74
\BOOKMARK [2][]{subsection.30.4}{\376\377\000S\000c\000e\000n\000e}{section.30}% 75
\BOOKMARK [2][]{subsection.30.5}{\376\377\000M\000e\000t\000h\000o\000d\000o\000l\000o\000g\000y}{section.30}% 76
\BOOKMARK [1][]{section.31}{\376\377\000B\000a\000s\000e\000l\000i\000n\000e\000\040\040\024\000\040\000C\000P\000U\000\040\000m\000e\000m\000c\000p\000y\000\040\000\050\000S\000D\000R\000A\000M\000\040\041\222\000\040\000c\000a\000c\000h\000e\000\040\041\222\000\040\000S\000D\000R\000A\000M\000\051}{}% 77
\BOOKMARK [2][]{subsection.31.1}{\376\377\000P\000e\000r\000-\000r\000u\000n\000\040\000r\000e\000s\000u\000l\000t\000s\000\040\000\050\0001\0000\000\040\000\327\000\040\0002\0000\000\040\000f\000r\000a\000m\000e\000s\000,\000\040\000s\000a\000m\000e\000\040\000f\000i\000r\000m\000w\000a\000r\000e\000\040\000a\000s\000\040\000o\000p\000t\000i\000m\000i\000s\000e\000d\000\051}{section.31}% 78
\BOOKMARK [2][]{subsection.31.2}{\376\377\000I\000n\000t\000e\000r\000p\000r\000e\000t\000a\000t\000i\000o\000n}{section.31}% 79
\BOOKMARK [1][]{section.32}{\376\377\000O\000p\000t\000i\000m\000i\000s\000e\000d\000\040\040\024\000\040\000e\000D\000M\000A\000\040\000m\000e\000m\000c\000p\000y\000\040\000w\000i\000t\000h\000\040\0003\0002\000-\000b\000y\000t\000e\000\040\000A\000X\000I\000\040\000b\000u\000r\000s\000t\000s}{}% 80
\BOOKMARK [2][]{subsection.32.1}{\376\377\000C\000a\000c\000h\000e\000\040\000s\000t\000r\000a\000t\000e\000g\000y}{section.32}% 81
\BOOKMARK [2][]{subsection.32.2}{\376\377\000P\000e\000r\000-\000r\000u\000n\000\040\000r\000e\000s\000u\000l\000t\000s\000\040\000\050\0001\0000\000\040\000\327\000\040\0002\0000\000\040\000f\000r\000a\000m\000e\000s\000,\000\040\000s\000a\000m\000e\000\040\000f\000i\000r\000m\000w\000a\000r\000e\000,\000\040\000d\000m\000a\000\137\000m\000e\000m\000c\000p\000y\000=\0001\000\051}{section.32}% 82
\BOOKMARK [1][]{section.33}{\376\377\000C\000o\000m\000p\000a\000r\000i\000s\000o\000n\000\040\000a\000n\000d\000\040\000d\000i\000s\000c\000u\000s\000s\000i\000o\000n}{}% 83
\BOOKMARK [2][]{subsection.33.1}{\376\377\000P\000e\000r\000-\000s\000t\000a\000g\000e\000\040\000c\000o\000s\000t\000\040\000\050\000p\000a\000i\000r\000e\000d\000\040\000A\000/\000B\000\040\000o\000n\000\040\000s\000a\000m\000e\000\040\000f\000i\000r\000m\000w\000a\000r\000e\000,\000\040\0002\0000\0000\000\040\000f\000r\000a\000m\000e\000s\000\040\000e\000a\000c\000h\000\051}{section.33}% 84
\BOOKMARK [2][]{subsection.33.2}{\376\377\000T\000h\000r\000o\000u\000g\000h\000p\000u\000t\000\040\000h\000e\000a\000d\000l\000i\000n\000e}{section.33}% 85
\BOOKMARK [2][]{subsection.33.3}{\376\377\000V\000a\000r\000i\000a\000n\000c\000e}{section.33}% 86
\BOOKMARK [1][]{section.34}{\376\377\000W\000h\000y\000\040\000w\000e\000\040\000c\000h\000o\000s\000e\000\040\000e\000D\000M\000A\000\040\000o\000v\000e\000r\000\040\000a\000l\000t\000e\000r\000n\000a\000t\000i\000v\000e\000s}{}% 87
\BOOKMARK [1][]{section.35}{\376\377\000F\000a\000i\000l\000u\000r\000e\000\040\000m\000o\000d\000e\000s}{}% 88
\BOOKMARK [1][]{section.36}{\376\377\000R\000e\000p\000r\000o\000d\000u\000c\000i\000n\000g\000\040\000t\000h\000e\000s\000e\000\040\000r\000e\000s\000u\000l\000t\000s}{}% 89
\BOOKMARK [1][]{section.37}{\376\377\000C\000r\000o\000s\000s\000-\000m\000o\000d\000e\000l\000\040\000c\000o\000m\000p\000a\000r\000i\000s\000o\000n\000\040\040\024\000\040\000E\0001\0004\000\040\000\050\000C\000O\000C\000O\000\040\0008\0000\000-\000c\000l\000a\000s\000s\000\051\000\040\000v\000s\000\040\000E\0001\0005\000\040\000\050\0001\000-\000c\000l\000a\000s\000s\000\051}{}% 90
\BOOKMARK [2][]{subsection.37.1}{\376\377\000A\000g\000g\000r\000e\000g\000a\000t\000e\000d\000\040\000r\000e\000s\000u\000l\000t\000s\000\040\000\050\0002\0000\000\040\000r\000u\000n\000s\000\040\000\327\000\040\0002\0000\000\040\000f\000r\000a\000m\000e\000s\000\040\000e\000a\000c\000h\000,\000\040\000v\000e\000r\000b\000o\000s\000e\000=\0000\000\051}{section.37}% 91
\BOOKMARK [2][]{subsection.37.2}{\376\377\000D\000e\000t\000e\000c\000t\000i\000o\000n\000\040\000o\000f\000\040\000y\000o\000l\000o\000\040\000l\000a\000y\000o\000u\000t\000\040\000\046\000\040\000c\000l\000a\000s\000s\000\040\000c\000o\000u\000n\000t}{section.37}% 92
\BOOKMARK [2][]{subsection.37.3}{\376\377\000A\000r\000t\000e\000f\000a\000c\000t\000s\000\040\000s\000a\000v\000e\000d\000\040\000f\000o\000r\000\040\000o\000f\000f\000l\000i\000n\000e\000\040\000i\000n\000s\000p\000e\000c\000t\000i\000o\000n}{section.37}% 93
\BOOKMARK [1][]{section.38}{\376\377\000P\000r\000o\000g\000r\000e\000s\000s\000i\000o\000n\000\040\000a\000c\000r\000o\000s\000s\000\040\000t\000h\000e\000\040\000p\000i\000p\000e\000l\000i\000n\000e\000\040\000o\000p\000t\000i\000m\000i\000s\000a\000t\000i\000o\000n\000\040\000e\000f\000f\000o\000r\000t}{}% 94
\BOOKMARK [1][]{section.39}{\376\377\000W\000h\000a\000t\000'\000s\000\040\000n\000e\000x\000t}{}% 95
\BOOKMARK [1][]{section.40}{\376\377\000S\000o\000u\000r\000c\000e\000s}{}% 96
\BOOKMARK [2][]{subsection.40.1}{\376\377\000G\000l\000i\000t\000c\000h\000-\000F\000r\000e\000e\000\040\000D\000u\000a\000l\000-\000C\000a\000m\000e\000r\000a\000\040\000S\000w\000i\000t\000c\000h\000i\000n\000g}{section.40}% 97
\BOOKMARK [1][]{section.41}{\376\377\000A\000b\000s\000t\000r\000a\000c\000t}{}% 98
\BOOKMARK [1][]{section.42}{\376\377\000T\000e\000s\000t\000\040\000c\000o\000n\000d\000i\000t\000i\000o\000n\000s}{}% 99
\BOOKMARK [2][]{subsection.42.1}{\376\377\000H\000a\000r\000d\000w\000a\000r\000e}{section.42}% 100
\BOOKMARK [2][]{subsection.42.2}{\376\377\000F\000i\000r\000m\000w\000a\000r\000e}{section.42}% 101
\BOOKMARK [2][]{subsection.42.3}{\376\377\000M\000o\000d\000e\000l\000\040\000u\000n\000d\000e\000r\000\040\000t\000e\000s\000t}{section.42}% 102
\BOOKMARK [2][]{subsection.42.4}{\376\377\000S\000c\000e\000n\000e}{section.42}% 103
\BOOKMARK [2][]{subsection.42.5}{\376\377\000M\000e\000t\000h\000o\000d\000o\000l\000o\000g\000y}{section.42}% 104
\BOOKMARK [1][]{section.43}{\376\377\000E\000x\000p\000e\000r\000i\000m\000e\000n\000t\000\040\000E\0001\0005\000\040\040\024\000\040\000f\000i\000x\000e\000d\000\040\000c\000a\000m\000e\000r\000a\000,\000\040\000p\000a\000r\000a\000l\000l\000e\000l\000\040\000p\000i\000p\000e\000l\000i\000n\000e\000\040\000\050\000b\000a\000s\000e\000l\000i\000n\000e\000\051}{}% 105
\BOOKMARK [2][]{subsection.43.1}{\376\377\000P\000e\000r\000-\000f\000r\000a\000m\000e\000\040\000i\000n\000t\000e\000r\000v\000a\000l\000s\000\040\000\050\0004\0000\000\040\000s\000a\000m\000p\000l\000e\000s\000,\000\040\000f\000i\000r\000s\000t\000\040\000t\000w\000o\000\040\000d\000r\000o\000p\000p\000e\000d\000\051}{section.43}% 106
\BOOKMARK [1][]{section.44}{\376\377\000E\000x\000p\000e\000r\000i\000m\000e\000n\000t\000\040\000E\0001\0006\000\040\040\024\000\040\000a\000l\000t\000e\000r\000n\000a\000t\000i\000n\000g\000\040\000c\000a\000m\0000\000\040\041\224\000\040\000c\000a\000m\0001\000,\000\040\000s\000e\000q\000u\000e\000n\000t\000i\000a\000l\000\040\000p\000i\000p\000e\000l\000i\000n\000e}{}% 107
\BOOKMARK [2][]{subsection.44.1}{\376\377\000A\000g\000g\000r\000e\000g\000a\000t\000e\000\040\000r\000e\000s\000u\000l\000t\000s\000\040\000\050\0004\0000\000\040\000s\000a\000m\000p\000l\000e\000s\000,\000\040\000f\000i\000r\000s\000t\000\040\000o\000n\000e\000\040\000d\000r\000o\000p\000p\000e\000d\000\051}{section.44}% 108
\BOOKMARK [1][]{section.45}{\376\377\000E\0001\0005\000\040\000v\000s\000\040\000E\0001\0006\000\040\040\024\000\040\000h\000e\000a\000d\000-\000t\000o\000-\000h\000e\000a\000d}{}% 109
\BOOKMARK [1][]{section.46}{\376\377\000I\000n\000t\000e\000r\000p\000r\000e\000t\000a\000t\000i\000o\000n}{}% 110
\BOOKMARK [2][]{subsection.46.1}{\376\377\000T\000h\000e\000\040\000M\000U\000X\000\040\000f\000l\000i\000p\000\040\000i\000t\000s\000e\000l\000f\000\040\000i\000s\000\040\000e\000f\000f\000e\000c\000t\000i\000v\000e\000l\000y\000\040\000f\000r\000e\000e}{section.46}% 111
\BOOKMARK [2][]{subsection.46.2}{\376\377\000A\000l\000l\000\040\000o\000v\000e\000r\000h\000e\000a\000d\000\040\000i\000s\000\040\000a\000b\000s\000o\000r\000b\000e\000d\000\040\000b\000y\000\040\000t\000o\000\137\000t\000e\000n\000s\000o\000r\000\050\000\051}{section.46}% 112
\BOOKMARK [2][]{subsection.46.3}{\376\377\000T\000h\000e\000\040\0006\0005\000\040\000m\000s\000\040\000a\000s\000y\000m\000m\000e\000t\000r\000y\000\040\000i\000s\000\040\000s\000t\000r\000u\000c\000t\000u\000r\000a\000l\000,\000\040\000n\000o\000t\000\040\000n\000o\000i\000s\000e}{section.46}% 113
\BOOKMARK [2][]{subsection.46.4}{\376\377\000W\000h\000y\000\040\000E\0001\0005\000\040\000w\000a\000l\000l\000\040\000t\000i\000m\000e\000\040\000i\000s\000\040\000c\000o\000m\000p\000a\000r\000a\000b\000l\000e\000\040\000t\000o\000\040\000E\0001\0006\000'\000s\000\040\000p\000e\000r\000-\000s\000t\000a\000g\000e\000\040\000i\000n\000v\000o\000k\000e\000\040\000a\000l\000o\000n\000e}{section.46}% 114
\BOOKMARK [1][]{section.47}{\376\377\000F\000i\000x\000\040\000A\000\040\040\024\000\040\000r\000a\000c\000e\000-\000f\000r\000e\000e\000\040\000s\000n\000a\000p\000s\000h\000o\000t\000\040\000\050\000l\000a\000n\000d\000e\000d\000,\000\040\000n\000u\000l\000l\000\040\000t\000i\000m\000i\000n\000g\000\040\000r\000e\000s\000u\000l\000t\000\051}{}% 115
\BOOKMARK [2][]{subsection.47.1}{\376\377\000M\000e\000a\000s\000u\000r\000e\000d\000\040\000i\000m\000p\000a\000c\000t}{section.47}% 116
\BOOKMARK [2][]{subsection.47.2}{\376\377\000W\000h\000a\000t\000\040\000w\000e\000\040\000c\000o\000n\000c\000l\000u\000d\000e\000\040\000f\000r\000o\000m\000\040\000t\000h\000e\000\040\000n\000u\000l\000l\000\040\000r\000e\000s\000u\000l\000t}{section.47}% 117
\BOOKMARK [1][]{section.48}{\376\377\000F\000i\000x\000\040\000B\000\040\040\024\000\040\000f\000l\000i\000p\000-\000o\000n\000-\000E\000O\000F\000\040\000+\000\040\0003\0000\000\040\000f\000p\000s\000\040\000+\000\040\000s\000t\000a\000t\000e\000l\000e\000s\000s\000\040\000r\000a\000t\000i\000o\000\040\000s\000c\000h\000e\000d\000u\000l\000e\000r\000\040\000\050\000l\000a\000n\000d\000e\000d\000\051}{}% 118
\BOOKMARK [2][]{subsection.48.1}{\376\377\000C\000h\000a\000n\000g\000e\000\040\0001\000\040\040\024\000\040\0003\0000\000\040\000f\000p\000s\000\040\000s\000e\000n\000s\000o\000r\000\040\000m\000o\000d\000e\000\040\000\050\000D\000E\000M\000O\000\137\000C\000A\000M\000E\000R\000A\000\137\000F\000R\000A\000M\000E\000\137\000R\000A\000T\000E\000\040\000=\000\040\0003\0000\000\051}{section.48}% 119
\BOOKMARK [2][]{subsection.48.2}{\376\377\000C\000h\000a\000n\000g\000e\000\040\0002\000\040\040\024\000\040\000f\000l\000i\000p\000-\000o\000n\000-\000E\000O\000F\000\040\000i\000n\000\040\000t\000h\000e\000\040\000C\000S\000I\000\040\000I\000S\000R\000\040\000\050\000t\000h\000e\000\040\000a\000c\000t\000u\000a\000l\000\040\000t\000e\000a\000r\000i\000n\000g\000\040\000f\000i\000x\000\051}{section.48}% 120
\BOOKMARK [2][]{subsection.48.3}{\376\377\000C\000h\000a\000n\000g\000e\000\040\0003\000\040\040\024\000\040\000s\000t\000a\000t\000e\000l\000e\000s\000s\000\040\000r\000a\000t\000i\000o\000\050\000a\000,\000\040\000b\000\051\000\040\000s\000c\000h\000e\000d\000u\000l\000e\000r\000\040\000i\000n\000\040\000t\000h\000e\000\040\000s\000a\000m\000e\000\040\000I\000S\000R}{section.48}% 121
\BOOKMARK [2][]{subsection.48.4}{\376\377\000M\000e\000a\000s\000u\000r\000e\000d\000\040\000/\000\040\000v\000e\000r\000i\000f\000i\000e\000d\000\040\000i\000m\000p\000a\000c\000t}{section.48}% 122
\BOOKMARK [2][]{subsection.48.5}{\376\377\000V\000i\000s\000u\000a\000l\000\040\000e\000v\000i\000d\000e\000n\000c\000e\000\040\040\024\000\040\000s\000e\000a\000m\000\040\000b\000e\000f\000o\000r\000e\000\040\000t\000h\000e\000\040\000f\000i\000x\000\040\000\050\000p\000r\000e\000-\000f\000l\000i\000p\000-\000o\000n\000-\000E\000O\000F\000\051}{section.48}% 123
\BOOKMARK [2][]{subsection.48.6}{\376\377\000K\000n\000o\000w\000n\000\040\000l\000i\000m\000i\000t\000a\000t\000i\000o\000n\000s}{section.48}% 124
\BOOKMARK [2][]{subsection.48.7}{\376\377\000H\000e\000a\000d\000-\000t\000o\000-\000t\000a\000i\000l\000\040\000t\000i\000m\000i\000n\000g\000\040\000o\000n\000\040\000F\000i\000x\000\040\000B\000\040\000\050\000s\000e\000s\000s\000i\000o\000n\000\040\000s\0000\0004\0002\000\137\000e\0001\0006\000\137\000e\000o\000f\000\137\0003\0000\000f\000p\000s\000\137\000x\0004\0000\000\051}{section.48}% 125
\BOOKMARK [2][]{subsection.48.8}{\376\377\000C\000r\000o\000s\000s\000-\000s\000e\000s\000s\000i\000o\000n\000\040\000c\000o\000m\000p\000a\000r\000i\000s\000o\000n\000\040\040\024\000\040\000a\000l\000l\000\040\000t\000h\000r\000e\000e\000\040\000f\000i\000x\000e\000s}{section.48}% 126
\BOOKMARK [2][]{subsection.48.9}{\376\377\000W\000h\000a\000t\000\040\000i\000s\000\040\000s\000t\000i\000l\000l\000\040\000o\000p\000e\000n}{section.48}% 127
\BOOKMARK [1][]{section.49}{\376\377\000H\000e\000a\000d\000-\000t\000o\000-\000t\000a\000i\000l\000\040\000b\000e\000n\000c\000h\000m\000a\000r\000k\000\040\040\024\000\040\000E\000x\000p\000e\000r\000i\000m\000e\000n\000t\000\040\000E\0001\0008}{}% 128
\BOOKMARK [2][]{subsection.49.1}{\376\377\000S\000e\000s\000s\000i\000o\000n\000\040\000s\0000\0004\0005\000\137\000e\0001\0008\000\137\000p\000o\000s\000t\000\137\000r\000e\000f\000a\000c\000t\000o\000r\000\040\040\024\000\040\000f\000i\000n\000a\000l\000\040\000r\000u\000n\000,\000\040\000p\000o\000s\000t\000-\000r\000e\000f\000a\000c\000t\000o\000r\000,\000\040\0003\0000\000\040\000f\000p\000s\000,\000\040\000f\000l\000i\000p\000-\000o\000n\000-\000E\000O\000F\000,\000\040\000d\000r\000a\000i\000n\000=\0002\000,\000\040\0004\0000\000\040\000r\000e\000p\000s\000\040\000p\000e\000r\000\040\000s\000w\000e\000e\000p}{section.49}% 129
\BOOKMARK [2][]{subsection.49.2}{\376\377\000B\000u\000d\000g\000e\000t\000\040\000d\000e\000c\000o\000m\000p\000o\000s\000i\000t\000i\000o\000n\000\040\000o\000f\000\040\000t\000h\000e\000\040\0008\0003\000\040\000m\000s\000\040\000p\000e\000r\000-\000s\000w\000i\000t\000c\000h\000\040\000o\000v\000e\000r\000h\000e\000a\000d}{section.49}% 130
\BOOKMARK [2][]{subsection.49.3}{\376\377\000W\000h\000a\000t\000\040\000E\0001\0008\000\040\000t\000e\000l\000l\000s\000\040\000u\000s\000\040\000a\000b\000o\000u\000t\000\040\000a\000p\000p\000l\000i\000c\000a\000t\000i\000o\000n\000\040\000d\000e\000s\000i\000g\000n}{section.49}% 131
\BOOKMARK [1][]{section.50}{\376\377\000C\000o\000n\000c\000l\000u\000s\000i\000o\000n\000s}{}% 132
\BOOKMARK [1][]{section.51}{\376\377\000R\000e\000p\000r\000o\000d\000u\000c\000i\000n\000g\000\040\000t\000h\000e\000\040\000m\000e\000a\000s\000u\000r\000e\000m\000e\000n\000t}{}% 133
\BOOKMARK [1][]{section.52}{\376\377\000A\000r\000c\000h\000i\000t\000e\000c\000t\000u\000r\000e\000\040\000i\000m\000p\000r\000o\000v\000e\000m\000e\000n\000t\000s\000\040\000s\000i\000n\000c\000e\000\040\000t\000h\000e\000\040\000E\0001\0005\000\040\000b\000a\000s\000e\000l\000i\000n\000e}{}% 134
\BOOKMARK [1][]{section.53}{\376\377\000F\000i\000n\000a\000l\000\040\000s\000u\000m\000m\000a\000r\000y}{}% 135
\BOOKMARK [1][]{section.54}{\376\377\000D\000i\000s\000c\000u\000s\000s\000i\000o\000n}{}% 136
\BOOKMARK [1][]{section.55}{\376\377\000T\000h\000r\000e\000a\000t\000s\000\040\000t\000o\000\040\000V\000a\000l\000i\000d\000i\000t\000y}{}% 137
\BOOKMARK [1][]{section.56}{\376\377\0001\000.\000\040\000C\000o\000n\000s\000t\000r\000u\000c\000t\000\040\000v\000a\000l\000i\000d\000i\000t\000y\000\040\040\024\000\040\000a\000r\000e\000\040\000w\000e\000\040\000m\000e\000a\000s\000u\000r\000i\000n\000g\000\040\000w\000h\000a\000t\000\040\000w\000e\000\040\000c\000l\000a\000i\000m\000?}{}% 138
\BOOKMARK [2][]{subsection.56.1}{\376\377\0001\000.\0001\000\040\000`\000`\000F\000P\000S\000'\000'\000\040\000i\000s\000\040\000a\000l\000w\000a\000y\000s\000\040\000a\000\040\000d\000e\000r\000i\000v\000e\000d\000\040\000s\000t\000a\000t\000i\000s\000t\000i\000c\000,\000\040\000n\000o\000t\000\040\000a\000n\000\040\000o\000b\000s\000e\000r\000v\000e\000d\000\040\000o\000n\000e}{section.56}% 139
\BOOKMARK [2][]{subsection.56.2}{\376\377\0001\000.\0002\000\040\000P\000e\000r\000-\000s\000t\000a\000g\000e\000\040\000t\000i\000m\000i\000n\000g\000s\000\040\000a\000d\000d\000\040\000P\000y\000t\000h\000o\000n\000\040\000d\000i\000s\000p\000a\000t\000c\000h\000\040\000o\000v\000e\000r\000h\000e\000a\000d\000\040\000t\000h\000a\000t\000\040\000v\000a\000r\000i\000e\000s}{section.56}% 140
\BOOKMARK [2][]{subsection.56.3}{\376\377\0001\000.\0003\000\040\000T\000h\000e\000\040\000a\000l\000t\000e\000r\000n\000a\000t\000i\000n\000g\000\040\000s\000w\000e\000e\000p\000\040\000m\000e\000a\000s\000u\000r\000e\000s\000\040\000a\000\040\000w\000o\000r\000s\000t\000-\000c\000a\000s\000e\000\040\000s\000c\000h\000e\000d\000u\000l\000i\000n\000g\000\040\000p\000o\000l\000i\000c\000y}{section.56}% 141
\BOOKMARK [1][]{section.57}{\376\377\0002\000.\000\040\000I\000n\000t\000e\000r\000n\000a\000l\000\040\000v\000a\000l\000i\000d\000i\000t\000y\000\040\040\024\000\040\000c\000o\000u\000l\000d\000\040\000s\000o\000m\000e\000t\000h\000i\000n\000g\000\040\000e\000l\000s\000e\000\040\000e\000x\000p\000l\000a\000i\000n\000\040\000t\000h\000e\000\040\000r\000e\000s\000u\000l\000t\000s\000?}{}% 142
\BOOKMARK [2][]{subsection.57.1}{\376\377\0002\000.\0001\000\040\000S\000i\000n\000g\000l\000e\000-\000b\000o\000a\000r\000d\000\040\000m\000e\000a\000s\000u\000r\000e\000m\000e\000n\000t\000s}{section.57}% 143
\BOOKMARK [2][]{subsection.57.2}{\376\377\0002\000.\0002\000\040\000S\000t\000a\000t\000i\000c\000-\000s\000c\000e\000n\000e\000\040\000c\000o\000n\000f\000o\000u\000n\000d}{section.57}% 144
\BOOKMARK [2][]{subsection.57.3}{\376\377\0002\000.\0003\000\040\000T\000h\000e\000r\000m\000a\000l\000\040\000s\000t\000a\000t\000e\000\040\000a\000c\000r\000o\000s\000s\000\040\000s\000e\000s\000s\000i\000o\000n\000s}{section.57}% 145
\BOOKMARK [2][]{subsection.57.4}{\376\377\0002\000.\0004\000\040\000F\000i\000r\000m\000w\000a\000r\000e\000\040\000b\000u\000i\000l\000d\000\040\000d\000r\000i\000f\000t\000\040\000a\000c\000r\000o\000s\000s\000\040\000a\000\040\000r\000e\000p\000o\000r\000t\000e\000d\000\040\000c\000o\000m\000p\000a\000r\000i\000s\000o\000n}{section.57}% 146
\BOOKMARK [2][]{subsection.57.5}{\376\377\0002\000.\0005\000\040\000T\000h\000e\000\040\000d\000r\000a\000i\000n\000=\0001\000\040\000k\000n\000o\000b\000\040\000i\000s\000\040\000r\000e\000t\000a\000i\000n\000e\000d\000\040\000b\000u\000t\000\040\000n\000o\000t\000\040\000r\000e\000c\000o\000m\000m\000e\000n\000d\000e\000d}{section.57}% 147
\BOOKMARK [1][]{section.58}{\376\377\0003\000.\000\040\000E\000x\000t\000e\000r\000n\000a\000l\000\040\000v\000a\000l\000i\000d\000i\000t\000y\000\040\040\024\000\040\000w\000h\000e\000r\000e\000\040\000d\000o\000\040\000t\000h\000e\000\040\000r\000e\000s\000u\000l\000t\000s\000\040\000g\000e\000n\000e\000r\000a\000l\000i\000s\000e\000?}{}% 148
\BOOKMARK [2][]{subsection.58.1}{\376\377\0003\000.\0001\000\040\000M\000o\000d\000e\000l\000-\000d\000e\000p\000e\000n\000d\000e\000n\000t\000\040\000n\000u\000m\000b\000e\000r\000s}{section.58}% 149
\BOOKMARK [2][]{subsection.58.2}{\376\377\0003\000.\0002\000\040\000S\000e\000n\000s\000o\000r\000-\000t\000o\000p\000o\000l\000o\000g\000y\000-\000d\000e\000p\000e\000n\000d\000e\000n\000t\000\040\000n\000u\000m\000b\000e\000r\000s}{section.58}% 150
\BOOKMARK [2][]{subsection.58.3}{\376\377\0003\000.\0003\000\040\000R\000e\000s\000o\000l\000u\000t\000i\000o\000n\000-\000d\000e\000p\000e\000n\000d\000e\000n\000t\000\040\000e\000x\000p\000e\000c\000t\000a\000t\000i\000o\000n\000s}{section.58}% 151
\BOOKMARK [2][]{subsection.58.4}{\376\377\0003\000.\0004\000\040\000H\000a\000r\000d\000w\000a\000r\000e\000\040\000r\000e\000v\000i\000s\000i\000o\000n\000\040\000s\000c\000o\000p\000e}{section.58}% 152
\BOOKMARK [1][]{section.59}{\376\377\0004\000.\000\040\000C\000o\000n\000c\000l\000u\000s\000i\000o\000n\000\040\000v\000a\000l\000i\000d\000i\000t\000y\000\040\040\024\000\040\000a\000r\000e\000\040\000t\000h\000e\000\040\000s\000t\000a\000t\000i\000s\000t\000i\000c\000s\000\040\000d\000e\000f\000e\000n\000s\000i\000b\000l\000e\000?}{}% 153
\BOOKMARK [2][]{subsection.59.1}{\376\377\0004\000.\0001\000\040\000S\000a\000m\000p\000l\000e\000\040\000s\000i\000z\000e}{section.59}% 154
\BOOKMARK [2][]{subsection.59.2}{\376\377\0004\000.\0002\000\040\000N\000o\000\040\000f\000o\000r\000m\000a\000l\000\040\000h\000y\000p\000o\000t\000h\000e\000s\000i\000s\000\040\000t\000e\000s\000t\000i\000n\000g}{section.59}% 155
\BOOKMARK [2][]{subsection.59.3}{\376\377\0004\000.\0003\000\040\000C\000r\000o\000s\000s\000-\000s\000e\000s\000s\000i\000o\000n\000\040\000c\000o\000m\000p\000a\000r\000i\000s\000o\000n\000s\000\040\000r\000e\000l\000y\000\040\000o\000n\000\040\000h\000e\000l\000d\000-\000c\000o\000n\000s\000t\000a\000n\000t\000\040\000c\000o\000v\000a\000r\000i\000a\000t\000e\000s}{section.59}% 156
\BOOKMARK [2][]{subsection.59.4}{\376\377\0004\000.\0004\000\040\000S\000i\000n\000g\000l\000e\000-\000r\000u\000n\000\040\000s\000e\000s\000s\000i\000o\000n\000s\000\040\000e\000x\000c\000l\000u\000d\000e\000d\000\040\000f\000r\000o\000m\000\040\000s\000t\000a\000t\000i\000s\000t\000i\000c\000s}{section.59}% 157
\BOOKMARK [1][]{section.60}{\376\377\0005\000.\000\040\000W\000h\000a\000t\000\040\000w\000e\000\040\000d\000i\000d\000\040\000n\000o\000t\000\040\000d\000o\000,\000\040\000a\000n\000d\000\040\000w\000h\000y\000\040\000i\000t\000\040\000i\000s\000\040\000n\000o\000t\000\040\000a\000\040\000t\000h\000r\000e\000a\000t}{}% 158
\BOOKMARK [2][]{subsection.60.1}{\376\377\000S\000t\000a\000t\000i\000s\000t\000i\000c\000a\000l\000\040\000N\000o\000t\000e\000s}{section.60}% 159
\BOOKMARK [1][]{section.61}{\376\377\0001\000.\000\040\000W\000h\000y\000\040\000n\000\040\000=\000\040\0002\0000\000\040\000\050\000E\0001\0004\000/\000E\0001\0005\000\051\000\040\000a\000n\000d\000\040\000n\000\040\000=\000\040\0004\0000\000\040\000\050\000E\0001\0006\000/\000E\0001\0008\000\051\000?}{}% 160
\BOOKMARK [1][]{section.62}{\376\377\0002\000.\000\040\000W\000h\000y\000\040\000t\000h\000e\000\040\000f\000i\000r\000s\000t\000\040\000s\000a\000m\000p\000l\000e\000\040\000i\000s\000\040\000d\000r\000o\000p\000p\000e\000d}{}% 161
\BOOKMARK [1][]{section.63}{\376\377\0003\000.\000\040\000B\000e\000s\000s\000e\000l\000-\000c\000o\000r\000r\000e\000c\000t\000e\000d\000\040\003\303\000,\000\040\000n\000o\000t\000\040\000p\000o\000p\000u\000l\000a\000t\000i\000o\000n\000\040\003\303}{}% 162
\BOOKMARK [1][]{section.64}{\376\377\0004\000.\000\040\000M\000e\000a\000n\000\040\000v\000s\000\040\000m\000e\000d\000i\000a\000n}{}% 163
\BOOKMARK [1][]{section.65}{\376\377\0005\000.\000\040\000N\000o\000\040\000p\000-\000v\000a\000l\000u\000e\000s\000,\000\040\000n\000o\000\040\000c\000o\000n\000f\000i\000d\000e\000n\000c\000e\000\040\000i\000n\000t\000e\000r\000v\000a\000l\000s\000\040\000o\000n\000\040\000d\000e\000r\000i\000v\000e\000d\000\040\000s\000t\000a\000t\000i\000s\000t\000i\000c\000s}{}% 164
\BOOKMARK [1][]{section.66}{\376\377\0006\000.\000\040\000F\000P\000S\000\040\000d\000e\000r\000i\000v\000a\000t\000i\000o\000n\000\040\040\024\000\040\000w\000h\000y\000\040\0001\0000\0000\0000\000\040\000/\000\040\000m\000e\000a\000n\000\050\000t\000o\000t\000a\000l\000\137\000m\000s\000\051\000\040\000i\000n\000s\000t\000e\000a\000d\000\040\000o\000f\000\040\000d\000i\000r\000e\000c\000t\000\040\000F\000P\000S}{}% 165
\BOOKMARK [1][]{section.67}{\376\377\0007\000.\000\040\000H\000a\000n\000d\000l\000i\000n\000g\000\040\000o\000f\000\040\000s\000e\000s\000s\000i\000o\000n\000s\000\040\000w\000i\000t\000h\000\040\000n\000\040\000<\000\040\0002\0000}{}% 166
\BOOKMARK [1][]{section.68}{\376\377\0008\000.\000\040\000W\000h\000a\000t\000\040\000t\000h\000e\000\040\000r\000e\000a\000d\000e\000r\000\040\000s\000h\000o\000u\000l\000d\000\040\000c\000h\000e\000c\000k}{}% 167
\BOOKMARK [1][]{section.69}{\376\377\000A\000r\000t\000i\000f\000a\000c\000t\000\040\000a\000n\000d\000\040\000D\000a\000t\000a\000\040\000A\000v\000a\000i\000l\000a\000b\000i\000l\000i\000t\000y}{}% 168
\BOOKMARK [1][]{section.70}{\376\377\0001\000.\000\040\000D\000a\000t\000a\000\040\000a\000v\000a\000i\000l\000a\000b\000i\000l\000i\000t\000y\000\040\000s\000t\000a\000t\000e\000m\000e\000n\000t}{}% 169
\BOOKMARK [1][]{section.71}{\376\377\0002\000.\000\040\000R\000e\000p\000o\000s\000i\000t\000o\000r\000y\000\040\000l\000a\000y\000o\000u\000t}{}% 170
\BOOKMARK [1][]{section.72}{\376\377\0003\000.\000\040\000F\000i\000r\000m\000w\000a\000r\000e\000\040\000b\000u\000i\000l\000d\000\040\000i\000d\000e\000n\000t\000i\000f\000i\000c\000a\000t\000i\000o\000n}{}% 171
\BOOKMARK [1][]{section.73}{\376\377\0004\000.\000\040\000H\000a\000r\000d\000w\000a\000r\000e\000\040\000r\000e\000q\000u\000i\000r\000e\000m\000e\000n\000t\000s}{}% 172
\BOOKMARK [1][]{section.74}{\376\377\0005\000.\000\040\000R\000e\000p\000r\000o\000d\000u\000c\000i\000n\000g\000\040\000a\000\040\000s\000i\000n\000g\000l\000e\000\040\000s\000e\000s\000s\000i\000o\000n\000\040\000f\000r\000o\000m\000\040\000s\000c\000r\000a\000t\000c\000h}{}% 173
\BOOKMARK [1][]{section.75}{\376\377\0006\000.\000\040\000C\000l\000a\000i\000m\000-\000t\000o\000-\000f\000i\000l\000e\000\040\000m\000a\000p\000\040\000\050\000t\000h\000e\000\040\000`\000`\000w\000h\000i\000c\000h\000\040\000C\000S\000V\000\040\000s\000u\000p\000p\000o\000r\000t\000s\000\040\000w\000h\000i\000c\000h\000\040\000t\000a\000b\000l\000e\000'\000'\000\040\000r\000e\000f\000e\000r\000e\000n\000c\000e\000\051}{}% 174
\BOOKMARK [1][]{section.76}{\376\377\0007\000.\000\040\000D\000a\000t\000a\000\040\000i\000n\000t\000e\000g\000r\000i\000t\000y\000\040\000c\000h\000e\000c\000k}{}% 175
\BOOKMARK [1][]{section.77}{\376\377\0008\000.\000\040\000A\000u\000t\000h\000o\000r\000\040\000c\000o\000n\000t\000r\000i\000b\000u\000t\000i\000o\000n\000s\000,\000\040\000f\000u\000n\000d\000i\000n\000g\000,\000\040\000c\000o\000n\000f\000l\000i\000c\000t\000s\000\040\000\050\000M\000D\000P\000I\000\040\000b\000o\000i\000l\000e\000r\000p\000l\000a\000t\000e\000\051}{}% 176
\BOOKMARK [1][]{section.78}{\376\377\0009\000.\000\040\000S\000u\000p\000p\000l\000e\000m\000e\000n\000t\000a\000r\000y\000\040\000m\000a\000t\000e\000r\000i\000a\000l\000s}{}% 177
\BOOKMARK [1][]{section.79}{\376\377\000C\000o\000n\000c\000l\000u\000s\000i\000o\000n\000s}{}% 178
\BOOKMARK [2][]{subsection.79.1}{\376\377\000F\000u\000t\000u\000r\000e\000\040\000W\000o\000r\000k}{section.79}% 179
\BOOKMARK [1][]{section.80}{}{}% 180
\BOOKMARK [1][]{appendix.A}{\376\377\000A\000p\000p\000e\000n\000d\000i\000x\000:\000\040\000s\000e\000n\000t\000a\000i\000.\000i\000o}{}% 181
\BOOKMARK [2][]{subsection.A.1}{\376\377\000F\000u\000n\000c\000t\000i\000o\000n\000s}{appendix.A}% 182
\BOOKMARK [2][]{subsection.A.2}{\376\377\000E\000x\000a\000m\000p\000l\000e}{appendix.A}% 183
\BOOKMARK [1][]{appendix.B}{\376\377\000A\000p\000p\000e\000n\000d\000i\000x\000:\000\040\000s\000e\000n\000t\000a\000i\000.\000r\000t\000o\000s}{}% 184
\BOOKMARK [2][]{subsection.B.1}{\376\377\000F\000u\000n\000c\000t\000i\000o\000n\000s}{appendix.B}% 185
\BOOKMARK [2][]{subsection.B.2}{\376\377\000E\000x\000a\000m\000p\000l\000e}{appendix.B}% 186
\BOOKMARK [1][]{appendix.C}{\376\377\000A\000p\000p\000e\000n\000d\000i\000x\000:\000\040\000s\000e\000n\000t\000a\000i\000.\000t\000p\000u}{}% 187
\BOOKMARK [2][]{subsection.C.1}{\376\377\000F\000u\000n\000c\000t\000i\000o\000n\000s}{appendix.C}% 188
\BOOKMARK [2][]{subsection.C.2}{\376\377\000E\000x\000a\000m\000p\000l\000e}{appendix.C}% 189
\BOOKMARK [1][]{appendix.D}{\376\377\000A\000p\000p\000e\000n\000d\000i\000x\000:\000\040\000s\000e\000n\000t\000a\000i\000.\000t\000f\000l}{}% 190
\BOOKMARK [2][]{subsection.D.1}{\376\377\000F\000u\000n\000c\000t\000i\000o\000n\000s}{appendix.D}% 191
\BOOKMARK [2][]{subsection.D.2}{\376\377\000E\000x\000a\000m\000p\000l\000e}{appendix.D}% 192
\BOOKMARK [1][]{appendix.E}{\376\377\000A\000p\000p\000e\000n\000d\000i\000x\000:\000\040\000s\000e\000n\000t\000a\000i\000.\000f\000s}{}% 193
\BOOKMARK [2][]{subsection.E.1}{\376\377\000F\000u\000n\000c\000t\000i\000o\000n\000s}{appendix.E}% 194
\BOOKMARK [2][]{subsection.E.2}{\376\377\000E\000x\000a\000m\000p\000l\000e}{appendix.E}% 195
\BOOKMARK [1][]{appendix.F}{\376\377\000A\000p\000p\000e\000n\000d\000i\000x\000:\000\040\000s\000e\000n\000t\000a\000i\000.\000c\000a\000m\000e\000r\000a}{}% 196
\BOOKMARK [2][]{subsection.F.1}{\376\377\000F\000u\000n\000c\000t\000i\000o\000n\000s}{appendix.F}% 197
\BOOKMARK [2][]{subsection.F.2}{\376\377\000E\000x\000a\000m\000p\000l\000e}{appendix.F}% 198
\BOOKMARK [1][]{appendix.G}{\376\377\000A\000p\000p\000e\000n\000d\000i\000x\000:\000\040\000s\000e\000n\000t\000a\000i\000.\000i\000m\000u}{}% 199
\BOOKMARK [2][]{subsection.G.1}{\376\377\000F\000u\000n\000c\000t\000i\000o\000n\000s}{appendix.G}% 200
\BOOKMARK [2][]{subsection.G.2}{\376\377\000E\000x\000a\000m\000p\000l\000e}{appendix.G}% 201
\BOOKMARK [1][]{appendix.H}{\376\377\000A\000p\000p\000e\000n\000d\000i\000x\000:\000\040\000s\000e\000n\000t\000a\000i\000.\000m\000i\000c}{}% 202
\BOOKMARK [2][]{subsection.H.1}{\376\377\000F\000u\000n\000c\000t\000i\000o\000n\000s}{appendix.H}% 203
\BOOKMARK [2][]{subsection.H.2}{\376\377\000E\000x\000a\000m\000p\000l\000e}{appendix.H}% 204
\BOOKMARK [1][]{appendix.I}{\376\377\000A\000p\000p\000e\000n\000d\000i\000x\000:\000\040\000s\000e\000n\000t\000a\000i\000.\000u\000s\000b}{}% 205
\BOOKMARK [2][]{subsection.I.1}{\376\377\000F\000u\000n\000c\000t\000i\000o\000n\000s}{appendix.I}% 206
\BOOKMARK [2][]{subsection.I.2}{\376\377\000E\000x\000a\000m\000p\000l\000e}{appendix.I}% 207
\BOOKMARK [1][]{appendix.J}{\376\377\000A\000p\000p\000e\000n\000d\000i\000x\000:\000\040\000s\000e\000n\000t\000a\000i\000.\000u\000a\000r\000t}{}% 208
\BOOKMARK [2][]{subsection.J.1}{\376\377\000F\000u\000n\000c\000t\000i\000o\000n\000s}{appendix.J}% 209
\BOOKMARK [2][]{subsection.J.2}{\376\377\000E\000x\000a\000m\000p\000l\000e}{appendix.J}% 210
\BOOKMARK [1][]{appendix.K}{\376\377\000A\000p\000p\000e\000n\000d\000i\000x\000:\000\040\000s\000e\000n\000t\000a\000i\000.\000c\000o\000n\000s\000o\000l\000e}{}% 211
\BOOKMARK [2][]{subsection.K.1}{\376\377\000F\000u\000n\000c\000t\000i\000o\000n\000s}{appendix.K}% 212
\BOOKMARK [2][]{subsection.K.2}{\376\377\000E\000x\000a\000m\000p\000l\000e}{appendix.K}% 213
\BOOKMARK [1][]{appendix.L}{\376\377\000A\000p\000p\000e\000n\000d\000i\000x\000:\000\040\000s\000e\000n\000t\000a\000i\000.\000m\000e\000s\000h}{}% 214
\BOOKMARK [2][]{subsection.L.1}{\376\377\000F\000u\000n\000c\000t\000i\000o\000n\000s}{appendix.L}% 215
\BOOKMARK [2][]{subsection.L.2}{\376\377\000E\000x\000a\000m\000p\000l\000e}{appendix.L}% 216
\BOOKMARK [1][]{appendix.M}{\376\377\000A\000p\000p\000e\000n\000d\000i\000x\000:\000\040\000s\000e\000n\000t\000a\000i\000.\000l\000i\000n\000k}{}% 217
\BOOKMARK [2][]{subsection.M.1}{\376\377\000F\000u\000n\000c\000t\000i\000o\000n\000s}{appendix.M}% 218
\BOOKMARK [2][]{subsection.M.2}{\376\377\000E\000x\000a\000m\000p\000l\000e}{appendix.M}% 219
\BOOKMARK [1][]{appendix.N}{\376\377\000A\000p\000p\000e\000n\000d\000i\000x\000:\000\040\000s\000e\000n\000t\000a\000i\000.\000c\000r\000a\000z\000y}{}% 220
\BOOKMARK [2][]{subsection.N.1}{\376\377\000F\000u\000n\000c\000t\000i\000o\000n\000s}{appendix.N}% 221
\BOOKMARK [2][]{subsection.N.2}{\376\377\000E\000x\000a\000m\000p\000l\000e}{appendix.N}% 222
\BOOKMARK [1][]{appendix.O}{\376\377\000A\000p\000p\000e\000n\000d\000i\000x\000:\000\040\000s\000e\000n\000t\000a\000i\000.\000p\000i\000p\000e\000l\000i\000n\000e}{}% 223
\BOOKMARK [2][]{subsection.O.1}{\376\377\000F\000u\000n\000c\000t\000i\000o\000n\000s}{appendix.O}% 224
\BOOKMARK [2][]{subsection.O.2}{\376\377\000E\000x\000a\000m\000p\000l\000e}{appendix.O}% 225
\BOOKMARK [1][]{appendix.P}{\376\377\000A\000p\000p\000e\000n\000d\000i\000x\000:\000\040\000s\000e\000n\000t\000a\000i\000.\000a\000i\000f\000e\000s}{}% 226
\BOOKMARK [2][]{subsection.P.1}{\376\377\000F\000u\000n\000c\000t\000i\000o\000n\000s}{appendix.P}% 227
\BOOKMARK [2][]{subsection.P.2}{\376\377\000E\000x\000a\000m\000p\000l\000e}{appendix.P}% 228
\BOOKMARK [1][]{appendix.Q}{\376\377\000A\000p\000p\000e\000n\000d\000i\000x\000:\000\040\000s\000e\000n\000t\000a\000i\000.\000k\000m\000e\000a\000n\000s}{}% 229
\BOOKMARK [2][]{subsection.Q.1}{\376\377\000F\000u\000n\000c\000t\000i\000o\000n\000s}{appendix.Q}% 230
\BOOKMARK [2][]{subsection.Q.2}{\376\377\000E\000x\000a\000m\000p\000l\000e}{appendix.Q}% 231
\BOOKMARK [1][]{appendix.R}{\376\377\000A\000p\000p\000e\000n\000d\000i\000x\000:\000\040\000s\000e\000n\000t\000a\000i\000.\000p\000c\000a}{}% 232
\BOOKMARK [2][]{subsection.R.1}{\376\377\000F\000u\000n\000c\000t\000i\000o\000n\000s}{appendix.R}% 233
\BOOKMARK [2][]{subsection.R.2}{\376\377\000E\000x\000a\000m\000p\000l\000e}{appendix.R}% 234
\BOOKMARK [1][]{appendix.S}{\376\377\000A\000p\000p\000e\000n\000d\000i\000x\000:\000\040\000s\000e\000n\000t\000a\000i\000.\000a\000n\000o\000m\000a\000l\000y}{}% 235
\BOOKMARK [2][]{subsection.S.1}{\376\377\000F\000u\000n\000c\000t\000i\000o\000n\000s}{appendix.S}% 236
\BOOKMARK [2][]{subsection.S.2}{\376\377\000E\000x\000a\000m\000p\000l\000e}{appendix.S}% 237
\BOOKMARK [1][]{appendix.T}{\376\377\000A\000p\000p\000e\000n\000d\000i\000x\000:\000\040\000s\000e\000n\000t\000a\000i\000.\000d\000t\000w}{}% 238
\BOOKMARK [2][]{subsection.T.1}{\376\377\000F\000u\000n\000c\000t\000i\000o\000n\000s}{appendix.T}% 239
\BOOKMARK [2][]{subsection.T.2}{\376\377\000E\000x\000a\000m\000p\000l\000e}{appendix.T}% 240
\BOOKMARK [1][]{appendix.U}{\376\377\000A\000p\000p\000e\000n\000d\000i\000x\000:\000\040\000s\000e\000n\000t\000a\000i\000.\000h\000m\000m}{}% 241
\BOOKMARK [2][]{subsection.U.1}{\376\377\000F\000u\000n\000c\000t\000i\000o\000n\000s}{appendix.U}% 242
\BOOKMARK [2][]{subsection.U.2}{\376\377\000E\000x\000a\000m\000p\000l\000e}{appendix.U}% 243
\BOOKMARK [1][]{appendix.V}{\376\377\000A\000p\000p\000e\000n\000d\000i\000x\000:\000\040\000s\000e\000n\000t\000a\000i\000.\000r\000l}{}% 244
\BOOKMARK [2][]{subsection.V.1}{\376\377\000F\000u\000n\000c\000t\000i\000o\000n\000s}{appendix.V}% 245
\BOOKMARK [2][]{subsection.V.2}{\376\377\000E\000x\000a\000m\000p\000l\000e}{appendix.V}% 246
\BOOKMARK [1][]{appendix.W}{\376\377\000A\000p\000p\000e\000n\000d\000i\000x\000:\000\040\000s\000e\000n\000t\000a\000i\000.\000s\000l\000a\000m}{}% 247
\BOOKMARK [2][]{subsection.W.1}{\376\377\000F\000u\000n\000c\000t\000i\000o\000n\000s}{appendix.W}% 248
\BOOKMARK [2][]{subsection.W.2}{\376\377\000E\000x\000a\000m\000p\000l\000e}{appendix.W}% 249
\BOOKMARK [1][]{appendix.X}{\376\377\000G\000l\000o\000s\000s\000a\000r\000y}{}% 250
\BOOKMARK [2][]{subsection.X.1}{\376\377\000E\000m\000b\000e\000d\000d\000e\000d\000-\000s\000y\000s\000t\000e\000m\000s\000\040\000/\000\040\000R\000T\000O\000S}{appendix.X}% 251
\BOOKMARK [2][]{subsection.X.2}{\376\377\000C\000a\000m\000e\000r\000a\000\040\000/\000\040\000i\000m\000a\000g\000i\000n\000g}{appendix.X}% 252
\BOOKMARK [2][]{subsection.X.3}{\376\377\000A\000I\000\040\000i\000n\000f\000e\000r\000e\000n\000c\000e}{appendix.X}% 253
\BOOKMARK [2][]{subsection.X.4}{\376\377\000F\000i\000r\000m\000w\000a\000r\000e\000\040\000p\000l\000a\000t\000f\000o\000r\000m\000\040\000\050\000S\000e\000n\000t\000A\000I\000-\000s\000p\000e\000c\000i\000f\000i\000c\000\051}{appendix.X}% 254
\BOOKMARK [2][]{subsection.X.5}{\376\377\000S\000t\000o\000r\000a\000g\000e\000\040\000/\000\040\000U\000S\000B}{appendix.X}% 255
\BOOKMARK [2][]{subsection.X.6}{\376\377\000M\000e\000a\000s\000u\000r\000e\000m\000e\000n\000t\000\040\000m\000e\000t\000h\000o\000d\000o\000l\000o\000g\000y}{appendix.X}% 256
\BOOKMARK [2][]{subsection.X.7}{\376\377\000B\000u\000i\000l\000d\000\040\000/\000\040\000t\000o\000o\000l\000i\000n\000g}{appendix.X}% 257
