20:11:55.3032 [INFO] Loaded monitor commands from: /home/bogdan/work/renode_portable/scripts/monitor.py
Renode, version 1.16.1 (d66b0c2a-202602160923)


(monitor) i $CWD/emu/renode/sentai_emu_tpu_cat_repl.resc

20:11:55.4458 [INFO] Including script(s): /home/bogdan/work/coralmicro/emu/renode/sentai_emu_tpu_cat_repl.resc
20:11:55.4584 [INFO] System bus created.
20:11:56.6032 [INFO] Old file /home/bogdan/work/coralmicro/emu/output/sentai_emu_tpu_cat_repl.log moved to /home/bogdan/work/coralmicro/emu/output/sentai_emu_tpu_cat_repl.log.3
20:11:56.6199 [INFO] sysbus: Loading block of 3072 bytes length at 0x0.
20:11:56.6280 [INFO] sysbus: Loading block of 246784 bytes length at 0xC00.
20:11:56.6281 [INFO] sysbus: Loading block of 203328 bytes length at 0x3D000.
20:11:56.6283 [INFO] sysbus: Loading block of 16777216 bytes length at 0x80000000.
20:11:56.6385 [INFO] sysbus: Loading block of 54680 bytes length at 0x81000000.
20:11:57.1951 [INFO] cpu: Setting initial values: PC = 0xCBD, SP = 0x20040000.
20:11:57.1963 [INFO] machine-0: Machine started.
20:11:57.2520 [WARNING] nvic: Unhandled write to offset 0xF50 (ICacheInvalidateAllToPoUaIgnored), value 0x0.
20:11:57.2707 [WARNING] nvic: Trying to set the priority for interrupt 16 to 0xFF, but it should be maskable with 0xF0
20:12:05.7154 [INFO] machine-0: Machine paused.
sentai_emu_tpu_cat_repl PC:

0x16052

sentai_emu_tpu_cat_repl boot_state:

0x00000500

sentai_emu_tpu_cat_repl heartbeat:

0x0000001E

sentai_emu_tpu_cat_repl repl_lines:

0x00000001

sentai_emu_tpu_cat_repl last_tick:

0x00001351

(machine-0) 20:12:05.7927 [INFO] machine-0: Disposed.
