06:39:39.1934 [INFO] Loaded monitor commands from: /home/bogdan/work/renode_portable/scripts/monitor.py
Renode, version 1.16.1 (ac18b5ac-202606020225)


(monitor) i $CWD/emu/renode/sentai_emu_fs_repl.resc

06:39:39.3123 [INFO] Including script(s): /home/bogdan/work/coralmicro/emu/renode/sentai_emu_fs_repl.resc
06:39:39.3277 [INFO] System bus created.
06:39:40.1229 [INFO] Old file /home/bogdan/work/coralmicro/emu/output/sentai_emu_fs_repl.log moved to /home/bogdan/work/coralmicro/emu/output/sentai_emu_fs_repl.log.1
06:39:40.1398 [INFO] sysbus: Loading block of 3072 bytes length at 0x0.
06:39:40.1506 [INFO] sysbus: Loading block of 226184 bytes length at 0xC00.
06:39:40.1507 [INFO] sysbus: Loading block of 169648 bytes length at 0x37F88.
06:39:40.1507 [INFO] sysbus: Loading block of 16777216 bytes length at 0x80000000.
06:39:40.1744 [INFO] sysbus: Loading block of 54680 bytes length at 0x81000000.
06:39:40.6306 [INFO] cpu: Setting initial values: PC = 0xCBD, SP = 0x20040000.
06:39:40.6333 [INFO] machine-0: Machine started.
06:39:40.7128 [WARNING] nvic: Unhandled write to offset 0xF50 (ICacheInvalidateAllToPoUaIgnored), value 0x0.
06:39:40.7365 [WARNING] nvic: Trying to set the priority for interrupt 16 to 0xFF, but it should be maskable with 0xF0
06:40:45.0718 [INFO] machine-0: Machine paused.
sentai_emu_fs_repl PC:

0x1d22

sentai_emu_fs_repl boot_state:

0x00000500

sentai_emu_fs_repl heartbeat:

0x00000001

sentai_emu_fs_repl repl_lines:

0x00000001

sentai_emu_fs_repl last_tick:

0x0000001F

sentai_emu_fs_repl fs_smoke_ok:

0x00000001

sentai_emu_fs_repl fs_smoke_size:

0x0000000B

(machine-0) 06:40:45.1461 [INFO] machine-0: Disposed.
