t=40ms baudrate 576000
t=45ms open
t=669ms guest system dst=1 src=3 payload=2101
t=776ms guest system dst=1 src=3 payload=2001
t=788ms guest->udp crtp_len=5
t=803ms udp->guest crtp_len=5
t=810ms guest->udp crtp_len=3
t=1367ms guest->udp crtp_len=16
t=1378ms udp->guest crtp_len=5
t=7645ms guest->udp crtp_len=3
t=7646ms udp->guest crtp_len=5
t=7650ms guest->udp crtp_len=18
t=7767ms guest->udp crtp_len=18
t=7844ms guest->udp crtp_len=18
t=7902ms guest->udp crtp_len=18
t=7956ms guest->udp crtp_len=18
t=8707ms guest->udp crtp_len=18
t=11487ms guest->udp crtp_len=18
t=14035ms guest->udp crtp_len=18
t=16384ms guest->udp crtp_len=18
t=18738ms guest->udp crtp_len=18
t=21090ms guest->udp crtp_len=18
t=23421ms guest->udp crtp_len=18
t=25721ms guest->udp crtp_len=16
t=25722ms udp->guest crtp_len=5
t=29609ms guest system dst=1 src=3 payload=2100
t=29875ms guest system dst=1 src=3 payload=2000
t=30441ms baudrate 115200
t=30442ms close
