$ /usr/bin/python3 emu/host/sentai_gazebo_uds_to_tcp_bridge.py --uds /tmp/sentai_emu_cam.sock --tcp-host 127.0.0.1 --tcp-port 30233 --max-fps 15.0 --out-width 640 --out-height 480
[uds-tcp] pull server 127.0.0.1:30233
[uds-tcp] listening /tmp/sentai_emu_cam.sock
[uds-tcp] renode client connected
[uds-tcp] renode client disconnected
[uds-tcp] gz client connected
[uds-tcp] frames=30 seq=30 kept=16 dropped=14 bad=0 latest=29
[uds-tcp] frames=60 seq=60 kept=35 dropped=25 bad=0 latest=60
[uds-tcp] frames=90 seq=90 kept=55 dropped=35 bad=0 latest=90
[uds-tcp] frames=120 seq=120 kept=77 dropped=43 bad=0 latest=120
[uds-tcp] renode client connected
[uds-tcp] frames=150 seq=150 kept=96 dropped=54 bad=0 latest=150
[uds-tcp] frames=180 seq=180 kept=119 dropped=61 bad=0 latest=180
[uds-tcp] frames=210 seq=210 kept=145 dropped=65 bad=0 latest=210
[uds-tcp] frames=240 seq=240 kept=170 dropped=70 bad=0 latest=240
[uds-tcp] frames=270 seq=270 kept=193 dropped=77 bad=0 latest=270
[uds-tcp] frames=300 seq=300 kept=219 dropped=81 bad=0 latest=300
[uds-tcp] frames=330 seq=330 kept=245 dropped=85 bad=0 latest=330
[uds-tcp] frames=360 seq=360 kept=275 dropped=85 bad=0 latest=360
[uds-tcp] frames=390 seq=390 kept=302 dropped=88 bad=0 latest=390
[uds-tcp] frames=420 seq=420 kept=325 dropped=95 bad=0 latest=419
[uds-tcp] frames=450 seq=450 kept=345 dropped=105 bad=0 latest=450
[uds-tcp] frames=480 seq=480 kept=362 dropped=118 bad=0 latest=479
[uds-tcp] frames=510 seq=510 kept=379 dropped=131 bad=0 latest=510
[uds-tcp] frames=540 seq=540 kept=395 dropped=145 bad=0 latest=540
[uds-tcp] frames=570 seq=570 kept=411 dropped=159 bad=0 latest=569
[uds-tcp] frames=600 seq=600 kept=428 dropped=172 bad=0 latest=599
[uds-tcp] frames=630 seq=630 kept=445 dropped=185 bad=0 latest=630
[uds-tcp] frames=660 seq=660 kept=465 dropped=195 bad=0 latest=660
[uds-tcp] frames=690 seq=690 kept=481 dropped=209 bad=0 latest=690
[uds-tcp] frames=720 seq=720 kept=500 dropped=220 bad=0 latest=720
[uds-tcp] frames=750 seq=750 kept=516 dropped=234 bad=0 latest=750
[uds-tcp] frames=780 seq=780 kept=532 dropped=248 bad=0 latest=779
[uds-tcp] frames=810 seq=810 kept=549 dropped=261 bad=0 latest=810
[uds-tcp] frames=840 seq=840 kept=566 dropped=274 bad=0 latest=840
[uds-tcp] frames=870 seq=870 kept=583 dropped=287 bad=0 latest=869
[uds-tcp] frames=900 seq=900 kept=602 dropped=298 bad=0 latest=900
[uds-tcp] frames=930 seq=930 kept=620 dropped=310 bad=0 latest=930
[uds-tcp] frames=960 seq=960 kept=635 dropped=325 bad=0 latest=960
[uds-tcp] frames=990 seq=990 kept=654 dropped=336 bad=0 latest=990
[uds-tcp] frames=1020 seq=1020 kept=672 dropped=348 bad=0 latest=1019
[uds-tcp] frames=1050 seq=1050 kept=690 dropped=360 bad=0 latest=1049
[uds-tcp] frames=1080 seq=1080 kept=709 dropped=371 bad=0 latest=1080
[uds-tcp] frames=1110 seq=1110 kept=727 dropped=383 bad=0 latest=1109
[uds-tcp] frames=1140 seq=1140 kept=745 dropped=395 bad=0 latest=1140
[uds-tcp] frames=1170 seq=1170 kept=761 dropped=409 bad=0 latest=1169
[uds-tcp] frames=1200 seq=1200 kept=778 dropped=422 bad=0 latest=1200
[uds-tcp] frames=1230 seq=1230 kept=800 dropped=430 bad=0 latest=1230
[uds-tcp] frames=1260 seq=1260 kept=820 dropped=440 bad=0 latest=1260
[uds-tcp] renode client disconnected
