
SentAI EMU REPL B8.3
S233_PREP_INIT
S233_GZ_CAM_START 0
MicroPython embed ready
S233_BEGIN
0
0
0
True
0
S233_SETUP 0 1 1 30 0 0 0
0
0
0
0
0
0
S233_FLOW_BASELINE 39 10 35
0
0
0
0
0
0
0
S233_CRAZY_SETUP 0 2 0 0 0
0
0
0
0
0
S233_SAMPLE 40 24 -728 -3192 176 7
0
S233_SAMPLE 41 27 0 0 124 4
0
S233_SAMPLE 42 30 0 0 24 0
0
S233_SAMPLE 43 33 -233 -105 255 0
0
S233_SAMPLE 44 36 0 0 255 0
0
S233_SAMPLE 45 39 0 0 255 0
0
S233_SAMPLE 46 42 0 0 255 0
S233_CRAZY_DONE 0 0
0
0
0
0
S233_SUMMARY 17643 45 255 45 255 7 2 7 42
0
0
0
0
0
0
0
0
0
0
0
True
True
S233_DONE
