14:02:08.8927 [INFO] Loaded monitor commands from: /home/bogdan/work/renode_portable/scripts/monitor.py
Renode, version 1.16.1 (ac18b5ac-202606020225)


(monitor) i $CWD/emu/renode/sentai_emu_edgetpu_manager_probe.resc

14:02:09.0235 [INFO] Including script(s): /home/bogdan/work/coralmicro/emu/renode/sentai_emu_edgetpu_manager_probe.resc
14:02:09.0397 [INFO] System bus created.
14:02:09.9315 [INFO] sysbus: Loading block of 3072 bytes length at 0x0.
14:02:09.9424 [INFO] sysbus: Loading block of 50432 bytes length at 0xC00.
14:02:09.9425 [INFO] sysbus: Loading block of 6152 bytes length at 0xD100.
14:02:09.9425 [INFO] sysbus: Loading block of 8192 bytes length at 0x20000000.
14:02:09.9425 [INFO] sysbus: Loading block of 16777216 bytes length at 0x80000000.
14:02:10.4417 [INFO] cpu: Setting initial values: PC = 0xCBD, SP = 0x20040000.
14:02:10.4443 [INFO] machine-0: Machine started.
14:02:10.5270 [WARNING] nvic: Unhandled write to offset 0xF50 (ICacheInvalidateAllToPoUaIgnored), value 0x0.
14:02:10.5623 [WARNING] nvic: Trying to set the priority for interrupt 16 to 0xFF, but it should be maskable with 0xF0
14:02:13.4469 [INFO] machine-0: Machine paused.
sentai_emu_edgetpu_manager_probe PC:

0x629c

sentai_emu_edgetpu_manager_probe boot_state:

0x00000600

sentai_emu_edgetpu_manager_probe step:

0x00000008

sentai_emu_edgetpu_manager_probe heartbeat:

0x00000129

sentai_emu_edgetpu_manager_probe last_tick:

0x00000B90

(machine-0) 14:02:13.5271 [INFO] machine-0: Disposed.
