[sim] sentai_sim build #40 (2026-05-11 10:20:55)
[sim] FreeRTOS POSIX port: tick=1000 Hz, heap=4194304 bytes
[sim] MicroPython heap: 262144 bytes

MicroPython on SentAI SIM (FreeRTOS POSIX port + MicroPython embed)
Type expressions, end with Enter.  Ctrl-D or 'exit' to quit.
Try: sentai.version(), sentai.fs.write(...), help()

>>> camera_bridge: listening on /tmp/sentai_cam.sock (waiting for Gazebo bridge)
camera_bridge: client connected
>>> camera_bridge: rgb_crc=0x0129d64b (prev=0x00000000, CHANGED)
camera_bridge: frame dump enabled → /tmp/sentai_frames_20260511_124108 (every 15 frames)
camera_bridge: rgb_crc=0x0129d64b (prev=0x0129d64b, STATIC)
0
>>> 0
>>> 0
>>> 1
>>> 0
>>> [sim] FS root: /home/bogdan/work/coralmicro/build-sim/sentai_fs_root
HOVER_LOGIC_READY
STATE= (0, 0, 0, 0, 0, 0, 0, 0, 0, 0, 0, 0, 0, 0, 0, 0, 51)
HOVER_LOGIC_DIAG iter=0 n_tracks=0 stats={'frames': 0, 'running': True, 'total_ms_sum': 0, 'invoke_ms_max': 0}
STATE= (1, 0, 0, 0, 0, 0, 0, 0, 0, 0, 0, 0, 0, 0, 0, 0, 54)
STATE= (2, 0, 0, 0, 0, 0, 0, 0, 0, 0, 0, 0, 0, 0, 0, 0, 57)
STATE= (3, 0, 0, 0, 0, 0, 0, 0, 0, 0, 0, 0, 0, 0, 0, 0, 60)
camera_bridge: rgb_crc=0x0129d64b (prev=0x0129d64b, STATIC)
STATE= (4, 0, 0, 0, 0, 0, 0, 0, 0, 0, 0, 0, 0, 0, 0, 0, 64)
STATE= (5, 0, 0, 0, 0, 0, 0, 0, 0, 0, 0, 0, 0, 0, 0, 0, 67)
HOVER_LOGIC_DIAG iter=5 n_tracks=0 stats={'frames': 5, 'running': True, 'total_ms_sum': 110, 'invoke_ms_max': 22}
HOVER_LOGIC_DETS= ((218, 243, 284, 300, 258, 71), (10, 241, 82, 299, 234, 81), (16, 0, 82, 61, 234, 71), (13, 150, 81, 241, 227, 71), (146, 242, 218, 299, 180, 81), (153, 1, 219, 61, 180, 71), (80, 62, 150, 150, 172, 71), (81, 246, 148, 300, 168, 71), (223, 66, 262, 104, 168, 71), (215, 64, 273, 107, 145, 71), (218, 33, 265, 111, 145, 71), (146, 148, 215, 241, 137, 80), (15, 59, 83, 153, 137, 81), (220, 60, 277, 147, 129, 71), (81, 149, 147, 241, 117, 80), (82, 0, 152, 62, 109, 81), (217, 10, 280, 139, 109, 61), (206, 150, 283, 242, 109, 80), (217, 143, 285, 300, 105, 81))
STATE= (6, 0, 0, 0, 0, 0, 0, 0, 0, 0, 0, 0, 0, 0, 0, 0, 70)
STATE= (7, 0, 0, 0, 0, 0, 0, 0, 0, 0, 0, 0, 0, 0, 0, 0, 74)
STATE= (8, 0, 0, 0, 0, 0, 0, 0, 0, 0, 0, 0, 0, 0, 0, 0, 78)
STATE= (9, 0, 0, 0, 0, 0, 0, 0, 0, 0, 0, 0, 0, 0, 0, 0, 81)
STATE= (10, 0, 0, 0, 0, 0, 0, 0, 0, 0, 0, 0, 0, 0, 0, 0, 84)
HOVER_LOGIC_DIAG iter=10 n_tracks=0 stats={'frames': 10, 'running': True, 'total_ms_sum': 202, 'invoke_ms_max': 18}
HOVER_LOGIC_DETS= ((218, 243, 284, 300, 258, 71), (10, 241, 82, 299, 234, 81), (16, 0, 82, 61, 234, 71), (13, 150, 81, 241, 227, 71), (146, 242, 218, 299, 180, 81), (153, 1, 219, 61, 180, 71), (80, 62, 150, 150, 172, 71), (81, 246, 148, 300, 168, 71), (223, 66, 262, 104, 168, 71), (215, 64, 273, 107, 145, 71), (218, 33, 265, 111, 145, 71), (146, 148, 215, 241, 137, 80), (15, 59, 83, 153, 137, 81), (220, 60, 277, 147, 129, 71), (81, 149, 147, 241, 117, 80), (82, 0, 152, 62, 109, 81), (217, 10, 280, 139, 109, 61), (206, 150, 283, 242, 109, 80), (217, 143, 285, 300, 105, 81))
STATE= (11, 0, 0, 0, 0, 0, 0, 0, 0, 0, 0, 0, 0, 0, 0, 0, 88)
camera_bridge: rgb_crc=0x0129d64b (prev=0x0129d64b, STATIC)
STATE= (12, 0, 0, 0, 0, 0, 0, 0, 0, 0, 0, 0, 0, 0, 0, 0, 91)
STATE= (13, 0, 0, 0, 0, 0, 0, 0, 0, 0, 0, 0, 0, 0, 0, 0, 95)
STATE= (14, 0, 0, 0, 0, 0, 0, 0, 0, 0, 0, 0, 0, 0, 0, 0, 98)
STATE= (15, 0, 0, 0, 0, 0, 0, 0, 0, 0, 0, 0, 0, 0, 0, 0, 102)
HOVER_LOGIC_DIAG iter=15 n_tracks=0 stats={'frames': 15, 'running': True, 'total_ms_sum': 298, 'invoke_ms_max': 16}
HOVER_LOGIC_DETS= ((218, 243, 284, 300, 258, 71), (10, 241, 82, 299, 234, 81), (16, 0, 82, 61, 234, 71), (13, 150, 81, 241, 227, 71), (146, 242, 218, 299, 180, 81), (153, 1, 219, 61, 180, 71), (80, 62, 150, 150, 172, 71), (81, 246, 148, 300, 168, 71), (223, 66, 262, 104, 168, 71), (215, 64, 273, 107, 145, 71), (218, 33, 265, 111, 145, 71), (146, 148, 215, 241, 137, 80), (15, 59, 83, 153, 137, 81), (220, 60, 277, 147, 129, 71), (81, 149, 147, 241, 117, 80), (82, 0, 152, 62, 109, 81), (217, 10, 280, 139, 109, 61), (206, 150, 283, 242, 109, 80), (217, 143, 285, 300, 105, 81))
STATE= (16, 0, 0, 0, 0, 0, 0, 0, 0, 0, 0, 0, 0, 0, 0, 0, 105)
STATE= (17, 0, 0, 0, 0, 0, 0, 0, 0, 0, 0, 0, 0, 0, 0, 0, 109)
STATE= (18, 0, 0, 0, 0, 0, 0, 0, 0, 0, 0, 0, 0, 0, 0, 0, 112)
STATE= (19, 0, 0, 0, 0, 0, 0, 0, 0, 0, 0, 0, 0, 0, 0, 0, 116)
STATE= (20, 0, 0, 0, 0, 0, 0, 0, 0, 0, 0, 0, 0, 0, 0, 0, 120)
HOVER_LOGIC_DIAG iter=20 n_tracks=0 stats={'frames': 21, 'running': True, 'total_ms_sum': 400, 'invoke_ms_max': 16}
HOVER_LOGIC_DETS= ((218, 243, 284, 300, 258, 71), (10, 241, 82, 299, 234, 81), (16, 0, 82, 61, 234, 71), (13, 150, 81, 241, 227, 71), (146, 242, 218, 299, 180, 81), (153, 1, 219, 61, 180, 71), (80, 62, 150, 150, 172, 71), (81, 246, 148, 300, 168, 71), (223, 66, 262, 104, 168, 71), (215, 64, 273, 107, 145, 71), (218, 33, 265, 111, 145, 71), (146, 148, 215, 241, 137, 80), (15, 59, 83, 153, 137, 81), (220, 60, 277, 147, 129, 71), (81, 149, 147, 241, 117, 80), (82, 0, 152, 62, 109, 81), (217, 10, 280, 139, 109, 61), (206, 150, 283, 242, 109, 80), (217, 143, 285, 300, 105, 81))
camera_bridge: rgb_crc=0x0129d64b (prev=0x0129d64b, STATIC)
STATE= (21, 0, 0, 0, 0, 0, 0, 0, 0, 0, 0, 0, 0, 0, 0, 0, 123)
STATE= (22, 0, 0, 0, 0, 0, 0, 0, 0, 0, 0, 0, 0, 0, 0, 0, 126)
STATE= (23, 0, 0, 0, 0, 0, 0, 0, 0, 0, 0, 0, 0, 0, 0, 0, 130)
STATE= (24, 0, 0, 0, 0, 0, 0, 0, 0, 0, 0, 0, 0, 0, 0, 0, 133)
STATE= (25, 0, 0, 0, 0, 0, 0, 0, 0, 0, 0, 0, 0, 0, 0, 0, 137)
HOVER_LOGIC_DIAG iter=25 n_tracks=0 stats={'frames': 26, 'running': True, 'total_ms_sum': 485, 'invoke_ms_max': 14}
HOVER_LOGIC_DETS= ((218, 243, 284, 300, 258, 71), (10, 241, 82, 299, 234, 81), (16, 0, 82, 61, 234, 71), (13, 150, 81, 241, 227, 71), (146, 242, 218, 299, 180, 81), (153, 1, 219, 61, 180, 71), (80, 62, 150, 150, 172, 71), (81, 246, 148, 300, 168, 71), (223, 66, 262, 104, 168, 71), (215, 64, 273, 107, 145, 71), (218, 33, 265, 111, 145, 71), (146, 148, 215, 241, 137, 80), (15, 59, 83, 153, 137, 81), (220, 60, 277, 147, 129, 71), (81, 149, 147, 241, 117, 80), (82, 0, 152, 62, 109, 81), (217, 10, 280, 139, 109, 61), (206, 150, 283, 242, 109, 80), (217, 143, 285, 300, 105, 81))
STATE= (26, 0, 0, 0, 0, 0, 0, 0, 0, 0, 0, 0, 0, 0, 0, 0, 140)
STATE= (27, 0, 0, 0, 0, 0, 0, 0, 0, 0, 0, 0, 0, 0, 0, 0, 143)
STATE= (28, 0, 0, 0, 0, 0, 0, 0, 0, 0, 0, 0, 0, 0, 0, 0, 147)
STATE= (29, 0, 0, 0, 0, 0, 0, 0, 0, 0, 0, 0, 0, 0, 0, 0, 150)
camera_bridge: rgb_crc=0x0129d64b (prev=0x0129d64b, STATIC)
STATE= (30, 0, 0, 0, 0, 0, 0, 0, 0, 0, 0, 0, 0, 0, 0, 0, 154)
HOVER_LOGIC_DIAG iter=30 n_tracks=0 stats={'frames': 31, 'running': True, 'total_ms_sum': 575, 'invoke_ms_max': 16}
HOVER_LOGIC_DETS= ((218, 243, 284, 300, 258, 71), (10, 241, 82, 299, 234, 81), (16, 0, 82, 61, 234, 71), (13, 150, 81, 241, 227, 71), (146, 242, 218, 299, 180, 81), (153, 1, 219, 61, 180, 71), (80, 62, 150, 150, 172, 71), (81, 246, 148, 300, 168, 71), (223, 66, 262, 104, 168, 71), (215, 64, 273, 107, 145, 71), (218, 33, 265, 111, 145, 71), (146, 148, 215, 241, 137, 80), (15, 59, 83, 153, 137, 81), (220, 60, 277, 147, 129, 71), (81, 149, 147, 241, 117, 80), (82, 0, 152, 62, 109, 81), (217, 10, 280, 139, 109, 61), (206, 150, 283, 242, 109, 80), (217, 143, 285, 300, 105, 81))
STATE= (31, 0, 0, 0, 0, 0, 0, 0, 0, 0, 0, 0, 0, 0, 0, 0, 157)
STATE= (32, 0, 0, 0, 0, 0, 0, 0, 0, 0, 0, 0, 0, 0, 0, 0, 160)
STATE= (33, 0, 0, 0, 0, 0, 0, 0, 0, 0, 0, 0, 0, 0, 0, 0, 164)
STATE= (34, 0, 0, 0, 0, 0, 0, 0, 0, 0, 0, 0, 0, 0, 0, 0, 167)
STATE= (35, 0, 0, 0, 0, 0, 0, 0, 0, 0, 0, 0, 0, 0, 0, 0, 171)
HOVER_LOGIC_DIAG iter=35 n_tracks=0 stats={'frames': 36, 'running': True, 'total_ms_sum': 673, 'invoke_ms_max': 16}
HOVER_LOGIC_DETS= ((218, 243, 284, 300, 258, 71), (10, 241, 82, 299, 234, 81), (16, 0, 82, 61, 234, 71), (13, 150, 81, 241, 227, 71), (146, 242, 218, 299, 180, 81), (153, 1, 219, 61, 180, 71), (80, 62, 150, 150, 172, 71), (81, 246, 148, 300, 168, 71), (223, 66, 262, 104, 168, 71), (215, 64, 273, 107, 145, 71), (218, 33, 265, 111, 145, 71), (146, 148, 215, 241, 137, 80), (15, 59, 83, 153, 137, 81), (220, 60, 277, 147, 129, 71), (81, 149, 147, 241, 117, 80), (82, 0, 152, 62, 109, 81), (217, 10, 280, 139, 109, 61), (206, 150, 283, 242, 109, 80), (217, 143, 285, 300, 105, 81))
STATE= (36, 0, 0, 0, 0, 0, 0, 0, 0, 0, 0, 0, 0, 0, 0, 0, 174)
STATE= (37, 0, 0, 0, 0, 0, 0, 0, 0, 0, 0, 0, 0, 0, 0, 0, 178)
camera_bridge: rgb_crc=0x0129d64b (prev=0x0129d64b, STATIC)
STATE= (38, 0, 0, 0, 0, 0, 0, 0, 0, 0, 0, 0, 0, 0, 0, 0, 181)
STATE= (39, 0, 0, 0, 0, 0, 0, 0, 0, 0, 0, 0, 0, 0, 0, 0, 185)
STATE= (40, 0, 0, 0, 0, 0, 0, 0, 0, 0, 0, 0, 0, 0, 0, 0, 188)
HOVER_LOGIC_DIAG iter=40 n_tracks=0 stats={'frames': 41, 'running': True, 'total_ms_sum': 763, 'invoke_ms_max': 18}
HOVER_LOGIC_DETS= ((218, 243, 284, 300, 258, 71), (10, 241, 82, 299, 234, 81), (16, 0, 82, 61, 234, 71), (13, 150, 81, 241, 227, 71), (146, 242, 218, 299, 180, 81), (153, 1, 219, 61, 180, 71), (80, 62, 150, 150, 172, 71), (81, 246, 148, 300, 168, 71), (223, 66, 262, 104, 168, 71), (215, 64, 273, 107, 145, 71), (218, 33, 265, 111, 145, 71), (146, 148, 215, 241, 137, 80), (15, 59, 83, 153, 137, 81), (220, 60, 277, 147, 129, 71), (81, 149, 147, 241, 117, 80), (82, 0, 152, 62, 109, 81), (217, 10, 280, 139, 109, 61), (206, 150, 283, 242, 109, 80), (217, 143, 285, 300, 105, 81))
STATE= (41, 0, 0, 0, 0, 0, 0, 0, 0, 0, 0, 0, 0, 0, 0, 0, 192)
STATE= (42, 0, 0, 0, 0, 0, 0, 0, 0, 0, 0, 0, 0, 0, 0, 0, 195)
STATE= (43, 0, 0, 0, 0, 0, 0, 0, 0, 0, 0, 0, 0, 0, 0, 0, 199)
STATE= (44, 0, 0, 0, 0, 0, 0, 0, 0, 0, 0, 0, 0, 0, 0, 0, 202)
STATE= (45, 0, 0, 0, 0, 0, 0, 0, 0, 0, 0, 0, 0, 0, 0, 0, 206)
HOVER_LOGIC_DIAG iter=45 n_tracks=0 stats={'frames': 46, 'running': True, 'total_ms_sum': 855, 'invoke_ms_max': 16}
HOVER_LOGIC_DETS= ((218, 243, 284, 300, 258, 71), (10, 241, 82, 299, 234, 81), (16, 0, 82, 61, 234, 71), (13, 150, 81, 241, 227, 71), (146, 242, 218, 299, 180, 81), (153, 1, 219, 61, 180, 71), (80, 62, 150, 150, 172, 71), (81, 246, 148, 300, 168, 71), (223, 66, 262, 104, 168, 71), (215, 64, 273, 107, 145, 71), (218, 33, 265, 111, 145, 71), (146, 148, 215, 241, 137, 80), (15, 59, 83, 153, 137, 81), (220, 60, 277, 147, 129, 71), (81, 149, 147, 241, 117, 80), (82, 0, 152, 62, 109, 81), (217, 10, 280, 139, 109, 61), (206, 150, 283, 242, 109, 80), (217, 143, 285, 300, 105, 81))
STATE= (46, 0, 0, 0, 0, 0, 0, 0, 0, 0, 0, 0, 0, 0, 0, 0, 209)
camera_bridge: rgb_crc=0x0129d64b (prev=0x0129d64b, STATIC)
STATE= (47, 0, 0, 0, 0, 0, 0, 0, 0, 0, 0, 0, 0, 0, 0, 0, 213)
STATE= (48, 0, 0, 0, 0, 0, 0, 0, 0, 0, 0, 0, 0, 0, 0, 0, 216)
STATE= (49, 0, 0, 0, 0, 0, 0, 0, 0, 0, 0, 0, 0, 0, 0, 0, 219)
STATE= (50, 0, 0, 0, 0, 0, 0, 0, 0, 0, 0, 0, 0, 0, 0, 0, 223)
HOVER_LOGIC_DIAG iter=50 n_tracks=0 stats={'frames': 51, 'running': True, 'total_ms_sum': 951, 'invoke_ms_max': 18}
HOVER_LOGIC_DETS= ((218, 243, 284, 300, 258, 71), (10, 241, 82, 299, 234, 81), (16, 0, 82, 61, 234, 71), (13, 150, 81, 241, 227, 71), (146, 242, 218, 299, 180, 81), (153, 1, 219, 61, 180, 71), (80, 62, 150, 150, 172, 71), (81, 246, 148, 300, 168, 71), (223, 66, 262, 104, 168, 71), (215, 64, 273, 107, 145, 71), (218, 33, 265, 111, 145, 71), (146, 148, 215, 241, 137, 80), (15, 59, 83, 153, 137, 81), (220, 60, 277, 147, 129, 71), (81, 149, 147, 241, 117, 80), (82, 0, 152, 62, 109, 81), (217, 10, 280, 139, 109, 61), (206, 150, 283, 242, 109, 80), (217, 143, 285, 300, 105, 81))
STATE= (51, 0, 0, 0, 0, 0, 0, 0, 0, 0, 0, 0, 0, 0, 0, 0, 226)
STATE= (52, 0, 0, 0, 0, 0, 0, 0, 0, 0, 0, 0, 0, 0, 0, 0, 230)
STATE= (53, 0, 0, 0, 0, 0, 0, 0, 0, 0, 0, 0, 0, 0, 0, 0, 233)
STATE= (54, 0, 0, 0, 0, 0, 0, 0, 0, 0, 0, 0, 0, 0, 0, 0, 236)
STATE= (55, 0, 0, 0, 0, 0, 0, 0, 0, 0, 0, 0, 0, 0, 0, 0, 240)
HOVER_LOGIC_DIAG iter=55 n_tracks=0 stats={'frames': 56, 'running': True, 'total_ms_sum': 1047, 'invoke_ms_max': 18}
HOVER_LOGIC_DETS= ((218, 243, 284, 300, 258, 71), (10, 241, 82, 299, 234, 81), (16, 0, 82, 61, 234, 71), (13, 150, 81, 241, 227, 71), (146, 242, 218, 299, 180, 81), (153, 1, 219, 61, 180, 71), (80, 62, 150, 150, 172, 71), (81, 246, 148, 300, 168, 71), (223, 66, 262, 104, 168, 71), (215, 64, 273, 107, 145, 71), (218, 33, 265, 111, 145, 71), (146, 148, 215, 241, 137, 80), (15, 59, 83, 153, 137, 81), (220, 60, 277, 147, 129, 71), (81, 149, 147, 241, 117, 80), (82, 0, 152, 62, 109, 81), (217, 10, 280, 139, 109, 61), (206, 150, 283, 242, 109, 80), (217, 143, 285, 300, 105, 81))
camera_bridge: rgb_crc=0x0129d64b (prev=0x0129d64b, STATIC)
STATE= (56, 0, 0, 0, 0, 0, 0, 0, 0, 0, 0, 0, 0, 0, 0, 0, 243)
STATE= (57, 0, 0, 0, 0, 0, 0, 0, 0, 0, 0, 0, 0, 0, 0, 0, 247)
STATE= (58, 0, 0, 0, 0, 0, 0, 0, 0, 0, 0, 0, 0, 0, 0, 0, 250)
STATE= (59, 0, 0, 0, 0, 0, 0, 0, 0, 0, 0, 0, 0, 0, 0, 0, 254)
STATE= (60, 0, 0, 0, 0, 0, 0, 0, 0, 0, 0, 0, 0, 0, 0, 0, 257)
HOVER_LOGIC_DIAG iter=60 n_tracks=0 stats={'frames': 61, 'running': True, 'total_ms_sum': 1137, 'invoke_ms_max': 16}
HOVER_LOGIC_DETS= ((218, 243, 284, 300, 258, 71), (10, 241, 82, 299, 234, 81), (16, 0, 82, 61, 234, 71), (13, 150, 81, 241, 227, 71), (146, 242, 218, 299, 180, 81), (153, 1, 219, 61, 180, 71), (80, 62, 150, 150, 172, 71), (81, 246, 148, 300, 168, 71), (223, 66, 262, 104, 168, 71), (215, 64, 273, 107, 145, 71), (218, 33, 265, 111, 145, 71), (146, 148, 215, 241, 137, 80), (15, 59, 83, 153, 137, 81), (220, 60, 277, 147, 129, 71), (81, 149, 147, 241, 117, 80), (82, 0, 152, 62, 109, 81), (217, 10, 280, 139, 109, 61), (206, 150, 283, 242, 109, 80), (217, 143, 285, 300, 105, 81))
STATE= (61, 0, 0, 0, 0, 0, 0, 0, 0, 0, 0, 0, 0, 0, 0, 0, 260)
STATE= (62, 0, 0, 0, 0, 0, 0, 0, 0, 0, 0, 0, 0, 0, 0, 0, 264)
STATE= (63, 0, 0, 0, 0, 0, 0, 0, 0, 0, 0, 0, 0, 0, 0, 0, 267)
camera_bridge: rgb_crc=0x0129d64b (prev=0x0129d64b, STATIC)
STATE= (64, 0, 0, 0, 0, 0, 0, 0, 0, 0, 0, 0, 0, 0, 0, 0, 271)
STATE= (65, 0, 0, 0, 0, 0, 0, 0, 0, 0, 6, 3, 0, 0, 0, 0, 274)
HOVER_LOGIC_DIAG iter=65 n_tracks=0 stats={'frames': 66, 'running': True, 'total_ms_sum': 1231, 'invoke_ms_max': 18}
HOVER_LOGIC_DETS= ((218, 244, 284, 300, 250, 71), (16, 0, 82, 61, 234, 71), (9, 241, 81, 299, 227, 81), (12, 150, 82, 241, 227, 71), (153, 1, 219, 61, 188, 71), (146, 242, 218, 299, 180, 81), (223, 67, 261, 103, 172, 71), (82, 245, 149, 300, 172, 71), (81, 62, 151, 151, 156, 71), (146, 148, 215, 241, 137, 80), (218, 32, 265, 111, 137, 71), (15, 59, 83, 153, 137, 81), (217, 10, 281, 139, 117, 61), (81, 150, 147, 243, 117, 80), (222, 60, 269, 127, 109, 71))
STATE= (66, 0, 0, 0, 0, 0, 0, 0, 0, 0, 51, -17, 0, 0, 0, 0, 278)
STATE= (67, 0, 0, 0, 0, 0, 0, 0, 0, 0, -28, -32, 0, 0, 0, 0, 281)
STATE= (68, 0, 0, 0, 0, 0, 0, 0, 0, 0, 13361, 11774, 0, 0, 0, 0, 284)
STATE= (69, 0, 0, 0, 0, 0, 0, 0, 0, 0, 195, -2846, 0, 0, 0, 0, 287)
STATE= (70, 0, 0, 0, 0, 0, 0, 0, 0, 0, 549, 251, 0, 0, 0, 0, 290)
HOVER_LOGIC_DIAG iter=70 n_tracks=0 stats={'frames': 71, 'running': True, 'total_ms_sum': 1331, 'invoke_ms_max': 18}
HOVER_LOGIC_DETS= ((8, 25, 291, 288, 203, 4), (211, 87, 289, 183, 137, 2), (100, 5, 296, 198, 129, 2), (15, 0, 309, 173, 113, 4), (98, -1, 207, 210, 113, 0), (-2, 104, 218, 309, 109, 4), (117, 45, 299, 314, 105, 0))
STATE= (71, 0, 0, 0, 0, 0, 0, 0, 0, 0, 13669, -258, 0, 0, 0, 0, 292)
STATE= (72, 0, 0, 0, 0, 0, 0, 0, 0, 0, 229, 2637, 0, 0, 0, 0, 295)
STATE= (73, 0, 0, 0, 0, 0, 0, 0, 0, 0, 258, 1581, 0, 0, 0, 0, 297)
STATE= (74, 0, 0, 0, 0, 0, 0, 0, 0, 0, 450, 552, 0, 0, 0, 0, 300)
camera_bridge: rgb_crc=0xee45e55f (prev=0xe92603e5, CHANGED)
STATE= (75, 0, 0, 0, 0, 0, 0, 0, 0, 0, 2348, -928, 0, 0, 0, 0, 302)
HOVER_LOGIC_DIAG iter=75 n_tracks=0 stats={'frames': 76, 'running': True, 'total_ms_sum': 1429, 'invoke_ms_max': 18}
HOVER_LOGIC_DETS= ((-1, 179, 116, 299, 570, 0), (2, 174, 243, 300, 477, 0), (2, 91, 267, 298, 324, 78), (25, 4, 155, 109, 277, 78), (2, 185, 51, 295, 258, 49), (4, 192, 83, 300, 258, 0), (-1, 117, 90, 299, 242, 0), (2, 123, 143, 296, 234, 0), (3, 48, 119, 297, 203, 0), (147, 27, 270, 266, 180, 81), (147, 5, 265, 101, 180, 84), (219, 49, 238, 68, 168, 15), (200, 39, 227, 68, 160, 15), (19, 212, 228, 298, 160, 0), (15, 184, 65, 289, 148, 49), (-3, 248, 82, 297, 148, 0), (190, 16, 236, 77, 145, 16), (0, 4, 27, 109, 145, 81), (27, 185, 74, 300, 145, 52), (198, 23, 229, 63, 133, 17))
STATE= (76, 0, 0, 0, 0, 0, 0, 0, 0, 0, 82, 478, 0, 0, 0, 0, 304)
STATE= (77, 0, 0, 0, 0, 0, 0, 0, 0, 0, 534, 655, 0, 0, 0, 0, 307)
STATE= (78, 0, 0, 0, 0, 0, 0, 0, 0, 0, 669, -436, 0, 0, 0, 0, 310)
STATE= (79, 3, 16, 707, 71, 233, -79, 83, 200, -200, 896, -702, 15, 166, 128, 300, 313)
STATE= (80, 3, 16, 695, 84, 230, -66, 80, 200, -134, 903, -603, 32, 161, 137, 300, 315)
STATE= (81, 3, 16, 734, 79, 229, -71, 79, 200, -200, 462, 333, 25, 160, 134, 299, 318)
STATE= (82, 3, 16, 758, 79, 229, -71, 79, 200, -200, 467, -416, 25, 159, 134, 299, 321)
STATE= (83, 3, 16, 785, 84, 228, -66, 78, 200, -200, 348, -278, 33, 158, 135, 299, 324)
STATE= (84, 3, 16, 797, 87, 227, -63, 77, 200, -200, 244, -287, 39, 156, 135, 299, 326)
STATE= (85, 3, 16, 805, 91, 227, -59, 77, 200, -196, 245, -184, 44, 155, 138, 299, 329)
camera_bridge: rgb_crc=0x46ede8da (prev=0xc587c8b0, CHANGED)
STATE= (86, 3, 16, 789, 97, 227, -53, 77, 200, -152, 270, -171, 50, 155, 144, 299, 332)
STATE= (87, 3, 16, 742, 100, 226, -50, 76, 200, -170, 145, -115, 55, 155, 146, 298, 335)
STATE= (88, 3, 16, 766, 102, 226, -48, 76, 200, -172, 106, -118, 58, 156, 146, 297, 338)
STATE= (89, 3, 16, 785, 103, 227, -47, 77, 200, -178, 211, 91, 61, 156, 145, 298, 340)
STATE= (90, 3, 16, 742, 106, 225, -44, 75, 200, -146, 223, -114, 67, 156, 145, 295, 343)
STATE= (91, 3, 16, 688, 107, 225, -43, 75, 200, -162, 73, -106, 70, 158, 144, 293, 346)
STATE= (92, 3, 16, 789, 107, 223, -43, 73, 200, -172, 214, -75, 72, 158, 143, 289, 348)
STATE= (93, 3, 16, 797, 108, 221, -42, 71, 200, -158, 159, -84, 74, 158, 142, 285, 351)
STATE= (94, 3, 16, 758, 108, 219, -42, 69, 200, -168, 115, -82, 75, 157, 141, 281, 353)
STATE= (95, 3, 16, 723, 107, 218, -43, 68, 200, -182, 68, -64, 75, 157, 140, 279, 356)
STATE= (96, 3, 16, 590, 109, 215, -41, 65, 200, -144, -56, -24, 76, 155, 143, 275, 358)
camera_bridge: rgb_crc=0xd2960457 (prev=0x3104db63, CHANGED)
STATE= (97, 3, 16, 656, 110, 215, -40, 65, 200, -150, -57, -14, 76, 157, 144, 273, 361)
STATE= (98, 3, 16, 645, 110, 213, -40, 63, 200, -160, -55, -11, 76, 156, 144, 271, 363)
STATE= (99, 3, 16, 645, 109, 213, -41, 63, 200, -174, -17, 18, 75, 156, 144, 271, 366)
STATE= (100, 3, 16, 645, 110, 213, -40, 63, 200, -150, 14, 10, 75, 155, 146, 271, 369)
STATE= (101, 3, 18, 559, 113, 213, -37, 63, 200, -118, 16, 18, 74, 155, 152, 271, 371)
STATE= (102, 4, 18, 590, 115, 214, -35, 64, 200, -120, -147, 27, 75, 155, 156, 274, 374)
STATE= (103, 4, 16, 742, 111, 216, -39, 66, 200, -196, -80, 35, 74, 158, 149, 274, 376)
STATE= (104, 4, 16, 832, 104, 224, -46, 74, 200, -200, -1189, 1376, 69, 165, 140, 284, 379)
STATE= (105, 4, 16, 789, 100, 231, -50, 81, 200, -200, 191, -202, 64, 172, 136, 290, 382)
STATE= (106, 4, 16, 828, 98, 232, -52, 82, 200, -200, 267, -238, 63, 172, 134, 293, 385)
STATE= (107, 4, 16, 766, 100, 232, -50, 82, 200, -180, -52, -16, 65, 170, 136, 294, 388)
camera_bridge: rgb_crc=0xdbad628b (prev=0x6fe8c48a, CHANGED)
STATE= (108, 4, 16, 855, 99, 232, -51, 82, 200, -200, -31, 60, 64, 170, 135, 295, 391)
STATE= (109, 4, 16, 813, 97, 232, -53, 82, 200, -200, -20, -24, 61, 169, 133, 296, 393)
STATE= (110, 4, 16, 844, 97, 232, -53, 82, 200, -200, 259, -144, 60, 168, 134, 297, 396)
STATE= (111, 4, 16, 820, 98, 230, -52, 80, 200, -198, 72, -244, 62, 166, 135, 295, 399)
STATE= (112, 4, 16, 750, 100, 227, -50, 77, 200, -180, 137, -165, 64, 161, 137, 294, 402)
STATE= (113, 4, 16, 766, 101, 224, -49, 74, 200, -186, 178, -253, 65, 156, 138, 293, 405)
STATE= (114, 4, 16, 750, 104, 222, -46, 72, 200, -154, 130, -264, 67, 153, 141, 292, 408)
STATE= (115, 4, 16, 797, 105, 219, -45, 69, 200, -170, 275, -281, 68, 151, 142, 288, 410)
STATE= (116, 4, 16, 758, 106, 216, -44, 66, 200, -166, 153, -167, 69, 148, 143, 284, 413)
STATE= (117, 4, 16, 797, 106, 213, -44, 63, 200, -176, 236, -161, 69, 145, 144, 281, 416)
STATE= (118, 4, 16, 820, 108, 209, -42, 59, 196, -148, 265, -344, 71, 144, 145, 274, 418)
camera_bridge: rgb_crc=0xa3f77501 (prev=0xdb8b50aa, CHANGED)
STATE= (119, 4, 16, 789, 111, 203, -39, 53, 152, -126, 301, -404, 73, 138, 150, 269, 421)
STATE= (120, 4, 16, 734, 115, 199, -35, 49, 156, -100, 229, -172, 77, 133, 154, 265, 424)
STATE= (121, 4, 16, 633, 117, 194, -33, 44, 126, -112, 304, -327, 80, 128, 155, 261, 427)
STATE= (122, 4, 16, 707, 118, 190, -32, 40, 120, -118, 193, -214, 82, 122, 154, 258, 430)
STATE= (123, 4, 16, 734, 122, 186, -28, 36, 104, -72, 395, -272, 86, 120, 158, 252, 432)
STATE= (124, 4, 16, 797, 125, 182, -25, 32, 88, -70, 320, -304, 88, 116, 162, 248, 435)
STATE= (125, 4, 16, 715, 127, 179, -23, 29, 86, -72, 179, -294, 90, 114, 164, 245, 438)
STATE= (126, 4, 16, 688, 129, 174, -21, 24, 46, -64, 125, -182, 93, 111, 166, 238, 440)
STATE= (127, 4, 16, 750, 132, 171, -18, 21, 54, -42, 272, -266, 96, 108, 168, 235, 443)
STATE= (128, 4, 16, 723, 135, 168, -15, 18, 42, -30, 261, -306, 99, 104, 172, 232, 446)
STATE= (129, 4, 16, 785, 138, 164, -12, 14, 16, -18, 261, -244, 102, 99, 175, 229, 448)
camera_bridge: rgb_crc=0xf518b9eb (prev=0x602411d6, CHANGED)
STATE= (130, 4, 16, 676, 142, 160, -8, 10, 0, 8, 267, -264, 105, 96, 179, 225, 451)
STATE= (131, 4, 16, 766, 142, 156, -8, 6, -16, -32, 192, -282, 106, 91, 179, 221, 454)
STATE= (132, 4, 16, 676, 146, 152, -4, 2, -32, 24, -28, -52, 108, 86, 184, 219, 457)
STATE= (133, 4, 16, 500, 150, 144, 0, -6, -104, 40, 1957, -2078, 112, 77, 189, 212, 459)
STATE= (134, 4, 16, 734, 158, 135, 8, -15, -150, 112, 230, -277, 120, 69, 196, 201, 462)
STATE= (135, 4, 16, 758, 160, 130, 10, -20, -130, 60, -19, -51, 123, 65, 198, 196, 465)
STATE= (136, 4, 16, 758, 162, 128, 12, -22, -108, 68, 70, -35, 125, 62, 200, 194, 467)
STATE= (137, 4, 16, 742, 163, 126, 13, -24, -116, 62, 358, -245, 127, 60, 200, 192, 470)
STATE= (138, 4, 16, 664, 165, 122, 15, -28, -152, 80, 252, -265, 129, 55, 202, 189, 472)
STATE= (139, 4, 16, 723, 168, 120, 18, -30, -140, 102, 198, -158, 131, 52, 205, 189, 475)
STATE= (140, 4, 16, 707, 169, 119, 19, -31, -134, 86, 289, -121, 133, 51, 205, 187, 478)
camera_bridge: rgb_crc=0xfdb6630a (prev=0x3d704c8a, CHANGED)
STATE= (141, 4, 16, 785, 171, 120, 21, -30, -110, 104, 35, -18, 135, 54, 208, 187, 480)
STATE= (142, 4, 16, 688, 172, 120, 22, -30, -120, 98, 51, -28, 136, 54, 208, 186, 483)
STATE= (143, 4, 16, 785, 173, 118, 23, -32, -148, 102, 257, -83, 137, 53, 210, 184, 486)
STATE= (144, 4, 16, 773, 176, 118, 26, -32, -128, 134, 179, -47, 138, 53, 215, 184, 489)
STATE= (145, 4, 16, 707, 178, 117, 28, -33, -142, 132, -10, -6, 139, 52, 217, 183, 491)
STATE= (146, 4, 16, 676, 183, 116, 33, -34, -146, 182, -16, 9, 142, 51, 224, 182, 494)
STATE= (147, 4, 16, 664, 184, 116, 34, -34, -136, 146, 135, -25, 142, 51, 226, 182, 497)
STATE= (148, 4, 16, 676, 184, 117, 34, -33, -122, 136, 167, -42, 143, 53, 225, 182, 499)
STATE= (149, 4, 64, 633, 184, 115, 34, -35, -160, 136, 148, -39, 141, 48, 227, 182, 502)
STATE= (150, 4, 64, 535, 185, 113, 35, -37, -168, 150, 107, -32, 140, 44, 230, 183, 505)
STATE= (151, 4, 64, 613, 186, 112, 36, -38, -162, 154, 22, -6, 140, 42, 233, 183, 507)
STATE= (152, 4, 16, 602, 186, 113, 36, -37, -138, 144, 102, -32, 143, 46, 229, 181, 510)
camera_bridge: rgb_crc=0xef293294 (prev=0xf9e7ced5, CHANGED)
STATE= (153, 4, 16, 715, 189, 113, 39, -37, -148, 186, 299, -96, 145, 45, 234, 181, 512)
STATE= (154, 4, 16, 723, 188, 113, 38, -37, -148, 142, 31, -22, 146, 47, 230, 180, 515)
STATE= (155, 4, 16, 715, 187, 114, 37, -36, -134, 138, 77, -42, 148, 48, 227, 180, 518)
STATE= (156, 4, 16, 758, 187, 112, 37, -38, -172, 148, 108, -50, 149, 46, 226, 179, 520)
STATE= (157, 4, 16, 707, 187, 111, 37, -39, -166, 148, -20, -24, 150, 45, 225, 178, 523)
STATE= (158, 4, 16, 773, 188, 110, 38, -40, -170, 162, 75, -20, 152, 43, 225, 178, 526)
STATE= (159, 4, 16, 813, 189, 110, 39, -40, -160, 166, 108, -55, 153, 44, 225, 177, 528)
STATE= (160, 4, 16, 773, 191, 110, 41, -40, -160, 184, 29, -16, 155, 43, 227, 177, 531)
STATE= (161, 4, 16, 773, 191, 108, 41, -42, -188, 164, 23, -14, 155, 41, 227, 175, 534)
STATE= (162, 4, 16, 723, 192, 107, 42, -43, -182, 178, 85, -45, 156, 39, 228, 175, 536)
STATE= (163, 4, 16, 695, 192, 106, 42, -44, -186, 168, -8, -32, 156, 39, 228, 174, 539)
camera_bridge: rgb_crc=0xb7b1e836 (prev=0x9c10b348, CHANGED)
STATE= (164, 4, 64, 590, 194, 103, 44, -47, -200, 196, 123, -50, 155, 34, 233, 173, 541)
STATE= (165, 4, 16, 785, 194, 104, 44, -46, -174, 176, 54, -27, 157, 36, 232, 173, 544)
STATE= (166, 4, 16, 750, 195, 105, 45, -45, -170, 190, 25, -45, 158, 38, 232, 172, 547)
STATE= (167, 4, 16, 734, 194, 105, 44, -45, -180, 166, 171, -75, 158, 39, 231, 171, 549)
STATE= (168, 4, 16, 695, 196, 103, 46, -47, -200, 200, 36, -60, 159, 35, 233, 172, 552)
STATE= (169, 4, 16, 766, 196, 102, 46, -48, -200, 184, 59, -32, 160, 32, 233, 172, 555)
STATE= (170, 4, 16, 625, 197, 101, 47, -49, -200, 198, 55, -40, 160, 31, 234, 172, 557)
STATE= (171, 4, 16, 688, 198, 101, 48, -49, -196, 200, 59, -38, 161, 30, 236, 172, 560)
STATE= (172, 4, 16, 633, 198, 100, 48, -50, -200, 192, 122, -82, 161, 28, 236, 173, 563)
STATE= (173, 4, 16, 633, 198, 102, 48, -48, -172, 192, -10, -41, 161, 31, 236, 173, 565)
STATE= (174, 4, 16, 578, 202, 100, 52, -50, -200, 200, 29, -45, 162, 28, 243, 173, 568)
camera_bridge: rgb_crc=0x0c421a0f (prev=0xbb9a22f2, CHANGED)
STATE= (175, 4, 16, 613, 202, 101, 52, -49, -186, 200, -17, -35, 163, 30, 241, 173, 571)
STATE= (176, 4, 64, 773, 212, 92, 62, -58, -200, 200, 2849, -2507, 168, 20, 256, 164, 573)
STATE= (177, 4, 71, 633, 221, 82, 71, -68, -200, 200, -291, -55, 173, 8, 269, 157, 576)
STATE= (178, 4, 64, 645, 219, 79, 69, -71, -200, 200, -351, 198, 170, 5, 269, 154, 579)
STATE= (179, 4, 16, 695, 218, 82, 68, -68, -200, 200, -45, 45, 171, 10, 266, 154, 581)
STATE= (180, 4, 16, 715, 217, 83, 67, -67, -200, 200, 171, -71, 171, 13, 264, 153, 584)
STATE= (181, 4, 16, 676, 215, 82, 65, -68, -200, 200, 14, -17, 171, 14, 259, 151, 587)
STATE= (182, 4, 16, 707, 216, 83, 66, -67, -200, 200, -241, 172, 171, 15, 261, 152, 589)
STATE= (183, 4, 16, 785, 210, 81, 60, -69, -200, 180, -37, 103, 168, 11, 253, 152, 592)
STATE= (184, 4, 16, 797, 208, 85, 58, -65, -200, 200, -282, 151, 168, 14, 249, 156, 594)
STATE= (185, 4, 16, 773, 206, 87, 56, -63, -200, 200, -265, 267, 166, 16, 246, 159, 597)
STATE= (186, 4, 16, 766, 206, 90, 56, -60, -200, 200, -189, 141, 166, 19, 246, 162, 600)
camera_bridge: rgb_crc=0xf7ab7d32 (prev=0xa612cad3, CHANGED)
STATE= (187, 4, 16, 785, 202, 94, 52, -56, -184, 168, -269, 229, 164, 23, 241, 165, 602)
STATE= (188, 4, 16, 742, 200, 99, 50, -51, -154, 180, -185, 255, 163, 29, 238, 169, 605)
STATE= (189, 4, 16, 590, 198, 102, 48, -48, -162, 172, -235, 282, 162, 33, 235, 171, 608)
STATE= (190, 4, 16, 832, 196, 105, 46, -45, -150, 164, -330, 278, 160, 38, 233, 172, 610)
STATE= (191, 4, 16, 715, 194, 110, 44, -40, -110, 156, -363, 287, 158, 44, 230, 176, 613)
STATE= (192, 4, 16, 805, 192, 113, 42, -37, -118, 148, -158, 244, 156, 48, 228, 179, 616)
STATE= (193, 4, 16, 734, 190, 119, 40, -31, -64, 140, -218, 296, 154, 54, 227, 184, 618)
STATE= (194, 4, 16, 676, 188, 122, 38, -28, -82, 132, -367, 263, 150, 56, 226, 188, 621)
STATE= (195, 4, 16, 707, 186, 123, 36, -27, -98, 124, -460, 359, 148, 57, 224, 190, 624)
STATE= (196, 4, 64, 664, 183, 126, 33, -24, -66, 102, -75, 182, 143, 56, 224, 196, 626)
STATE= (197, 4, 16, 742, 179, 130, 29, -20, -40, 76, -303, 246, 141, 60, 217, 200, 628)
camera_bridge: rgb_crc=0xaef43caf (prev=0xffc827c2, CHANGED)
STATE= (198, 4, 16, 797, 177, 133, 27, -17, -38, 88, -216, 192, 139, 65, 215, 201, 631)
STATE= (199, 4, 16, 707, 176, 136, 26, -14, -26, 94, -425, 365, 137, 69, 216, 203, 634)
STATE= (200, 4, 16, 773, 172, 139, 22, -11, -14, 48, -377, 322, 134, 73, 211, 205, 637)
STATE= (201, 4, 16, 633, 170, 143, 20, -7, 12, 60, -334, 236, 133, 78, 208, 208, 639)
STATE= (202, 4, 16, 633, 167, 146, 17, -4, 14, 38, -309, 232, 130, 82, 204, 211, 642)
STATE= (203, 4, 16, 695, 164, 150, 14, 0, 40, 26, -258, 177, 128, 86, 201, 214, 645)
STATE= (204, 4, 16, 707, 162, 152, 12, 2, 28, 28, -197, 189, 125, 88, 199, 217, 647)
STATE= (205, 4, 16, 750, 159, 154, 9, 4, 36, 6, -282, 201, 123, 89, 196, 220, 650)
STATE= (206, 4, 16, 789, 156, 158, 6, 8, 72, -6, -361, 190, 120, 94, 192, 223, 653)
STATE= (207, 4, 16, 766, 152, 162, 2, 12, 88, -32, -417, 287, 117, 98, 188, 227, 656)
STATE= (208, 4, 16, 656, 149, 165, -1, 15, 90, -34, -200, 170, 113, 100, 185, 230, 659)
camera_bridge: rgb_crc=0x46598ed4 (prev=0xa1fa695b, CHANGED)
STATE= (209, 4, 16, 766, 149, 168, -1, 18, 102, -4, -207, 179, 112, 102, 187, 235, 661)
STATE= (210, 4, 16, 758, 145, 171, -5, 21, 114, -60, -276, 158, 108, 107, 183, 235, 664)
STATE= (211, 4, 16, 797, 142, 172, -8, 22, 98, -62, -284, 129, 105, 109, 180, 236, 667)
STATE= (212, 4, 16, 820, 139, 174, -11, 24, 116, -74, -165, 129, 103, 111, 176, 238, 669)
STATE= (213, 4, 16, 688, 137, 176, -13, 26, 124, -72, -338, 207, 100, 112, 174, 240, 672)
STATE= (214, 4, 16, 656, 134, 178, -16, 28, 132, -94, -436, 226, 97, 114, 171, 242, 675)
STATE= (215, 4, 16, 813, 131, 181, -19, 31, 154, -106, -203, 120, 94, 116, 168, 246, 678)
STATE= (216, 4, 16, 707, 129, 182, -21, 32, 138, -104, -316, 206, 92, 116, 167, 248, 681)
STATE= (217, 4, 16, 813, 125, 185, -25, 35, 170, -140, -296, 177, 88, 119, 163, 251, 683)
STATE= (218, 4, 16, 742, 122, 187, -28, 37, 168, -142, -297, 184, 86, 120, 159, 254, 686)
STATE= (219, 4, 16, 828, 112, 199, -38, 49, 200, -200, -3313, 2907, 75, 133, 150, 265, 689)
camera_bridge: rgb_crc=0x8a1c8e6e (prev=0x97b8d8bb, CHANGED)
STATE= (220, 4, 16, 789, 102, 210, -48, 60, 200, -200, -24, 88, 64, 142, 140, 279, 692)
STATE= (221, 4, 16, 789, 97, 217, -53, 67, 200, -200, 157, -192, 59, 148, 135, 287, 695)
STATE= (222, 4, 16, 734, 95, 220, -55, 70, 200, -200, 152, -56, 58, 150, 133, 290, 697)
STATE= (223, 4, 16, 805, 94, 221, -56, 71, 200, -200, -233, 23, 56, 152, 132, 291, 700)
STATE= (224, 4, 16, 773, 93, 221, -57, 71, 200, -200, -103, 96, 55, 151, 131, 292, 703)
STATE= (225, 4, 16, 813, 93, 220, -57, 70, 200, -200, -8, -110, 55, 149, 131, 292, 706)
STATE= (226, 4, 16, 758, 94, 219, -56, 69, 200, -200, -49, -174, 56, 149, 132, 289, 709)
STATE= (227, 4, 16, 676, 94, 215, -56, 65, 200, -200, -11, -217, 56, 146, 133, 285, 712)
STATE= (228, 4, 16, 656, 95, 212, -55, 62, 200, -200, 22, -215, 57, 145, 133, 280, 714)
STATE= (229, 4, 16, 758, 95, 209, -55, 59, 200, -200, 117, -161, 58, 142, 133, 276, 717)
STATE= (230, 4, 16, 758, 96, 206, -54, 56, 194, -200, 44, -114, 59, 141, 133, 272, 720)
camera_bridge: rgb_crc=0x49849f1b (prev=0x2e273474, CHANGED)
STATE= (231, 4, 16, 820, 96, 203, -54, 53, 182, -200, 37, -158, 59, 138, 133, 269, 722)
STATE= (232, 4, 16, 828, 97, 202, -53, 52, 198, -200, 110, -301, 60, 136, 135, 268, 725)
STATE= (233, 4, 16, 820, 98, 197, -52, 47, 138, -198, 28, -269, 60, 130, 136, 264, 728)
STATE= (234, 4, 16, 676, 100, 191, -50, 41, 104, -180, 171, -186, 62, 122, 139, 260, 731)
STATE= (235, 4, 16, 676, 100, 188, -50, 38, 122, -200, 87, -219, 63, 119, 138, 257, 734)
STATE= (236, 4, 16, 688, 102, 184, -48, 34, 96, -172, 192, -293, 65, 116, 140, 253, 737)
STATE= (237, 4, 16, 797, 102, 183, -48, 33, 122, -192, 199, -195, 65, 115, 140, 251, 740)
STATE= (238, 4, 16, 715, 103, 181, -47, 31, 104, -178, 77, -175, 66, 114, 140, 248, 742)
STATE= (239, 4, 16, 832, 103, 179, -47, 29, 96, -188, 153, -158, 67, 113, 140, 245, 745)
STATE= (240, 4, 16, 797, 105, 177, -45, 27, 88, -160, 151, -156, 68, 112, 142, 242, 748)
camera_bridge: rgb_crc=0x466e903e (prev=0x7c28e783, CHANGED)
STATE= (241, 4, 16, 789, 106, 173, -44, 23, 52, -166, 70, -184, 69, 110, 144, 237, 751)
STATE= (242, 4, 16, 840, 108, 171, -42, 21, 64, -148, 124, -157, 70, 106, 146, 236, 754)
STATE= (243, 4, 16, 840, 110, 167, -40, 17, 28, -140, 151, -119, 72, 102, 148, 233, 756)
STATE= (244, 4, 16, 789, 112, 165, -38, 15, 40, -132, 172, -186, 74, 100, 150, 231, 759)
STATE= (245, 4, 16, 758, 113, 164, -37, 14, 46, -138, 211, -185, 75, 99, 152, 230, 762)
STATE= (246, 4, 16, 723, 115, 160, -35, 10, 0, -120, 194, -178, 77, 93, 153, 228, 765)
STATE= (247, 4, 16, 633, 118, 157, -32, 7, -2, -98, 219, -138, 81, 87, 156, 227, 768)
STATE= (248, 4, 16, 676, 120, 155, -30, 5, 0, -100, 44, -92, 84, 84, 156, 226, 771)
STATE= (249, 4, 16, 688, 122, 153, -28, 3, -8, -92, 135, -113, 86, 82, 158, 224, 774)
STATE= (250, 4, 16, 707, 125, 152, -25, 2, -2, -70, 287, -121, 88, 81, 162, 223, 777)
STATE= (251, 4, 64, 602, 127, 148, -23, -2, -48, -72, 203, -156, 88, 76, 167, 220, 779)
camera_bridge: rgb_crc=0x1b8799ea (prev=0x1d082464, CHANGED)
STATE= (252, 4, 16, 723, 128, 148, -22, -2, -8, -78, 217, -145, 89, 79, 168, 217, 782)
STATE= (253, 4, 16, 797, 129, 147, -21, -3, -22, -74, 254, -129, 91, 80, 167, 215, 785)
STATE= (254, 4, 16, 688, 131, 146, -19, -4, -26, -56, 112, -88, 93, 80, 169, 212, 788)
STATE= (255, 4, 16, 813, 131, 145, -19, -5, -30, -76, 142, -166, 93, 82, 169, 209, 791)
STATE= (256, 4, 16, 805, 133, 142, -17, -8, -62, -48, 84, -112, 96, 79, 170, 206, 793)
STATE= (257, 4, 16, 688, 133, 141, -17, -9, -46, -68, 126, -89, 97, 77, 170, 205, 796)
STATE= (258, 4, 16, 656, 135, 139, -15, -11, -64, -40, 166, -129, 99, 76, 171, 203, 799)
STATE= (259, 4, 16, 758, 137, 138, -13, -12, -58, -32, 189, -114, 101, 74, 174, 203, 802)
STATE= (260, 4, 16, 664, 139, 138, -11, -12, -48, -24, 229, -109, 102, 74, 176, 202, 804)
STATE= (261, 4, 16, 758, 143, 137, -7, -13, -62, 12, 234, -143, 105, 73, 181, 201, 807)
STATE= (262, 4, 16, 723, 143, 136, -7, -14, -66, -28, 165, -120, 105, 72, 182, 201, 810)
camera_bridge: rgb_crc=0xe9b067ec (prev=0x3265467b, CHANGED)
STATE= (263, 4, 16, 785, 144, 134, -6, -16, -84, -14, 543, -1299, 106, 68, 182, 200, 813)
STATE= (264, 4, 16, 676, 145, 123, -5, -27, -200, -10, 247, -15, 107, 58, 183, 189, 815)
STATE= (265, 3, 64, 742, 158, 104, 8, -46, -200, 162, 215, 156, 103, 29, 213, 180, 818)
STATE= (266, 3, 64, 734, 159, 105, 9, -45, -170, 46, 13, 40, 103, 28, 215, 183, 821)
STATE= (267, 3, 64, 766, 160, 106, 10, -44, -166, 50, 53, -66, 104, 27, 217, 186, 823)
STATE= (268, 3, 64, 664, 159, 107, 9, -43, -162, 26, 72, -89, 102, 26, 217, 188, 826)
STATE= (269, 4, 16, 676, 151, 115, 1, -35, -60, -76, 223, 3, 114, 47, 189, 183, 829)
STATE= (270, 3, 64, 656, 160, 107, 10, -43, -200, 130, 24, 45, 97, 24, 224, 190, 832)
STATE= (271, 4, 16, 715, 159, 115, 9, -35, -60, 26, 223, 44, 118, 47, 200, 183, 834)
STATE= (272, 4, 16, 645, 161, 117, 11, -33, -112, 64, -6, 38, 119, 49, 204, 185, 837)
STATE= (273, 4, 16, 723, 160, 118, 10, -32, -118, 30, 94, 43, 119, 52, 202, 185, 839)
camera_bridge: rgb_crc=0x9a95628c (prev=0x1660ed1a, CHANGED)
STATE= (274, 3, 64, 656, 165, 109, 15, -41, -200, 110, 105, 51, 99, 25, 231, 194, 842)
STATE= (275, 4, 16, 707, 159, 120, 9, -30, -10, -24, 101, 29, 121, 54, 198, 186, 845)
STATE= (276, 4, 16, 785, 159, 120, 9, -30, -120, 36, 103, 36, 121, 54, 198, 187, 847)
STATE= (277, 4, 16, 797, 160, 121, 10, -29, -106, 50, 104, 62, 122, 54, 198, 189, 850)
STATE= (278, 4, 16, 734, 160, 121, 10, -29, -116, 40, 33, 62, 123, 53, 198, 189, 853)
STATE= (279, 4, 16, 664, 165, 120, 15, -30, -130, 110, 95, 43, 125, 52, 205, 189, 856)
STATE= (280, 4, 16, 734, 164, 122, 14, -28, -92, 46, 122, 55, 125, 54, 203, 190, 858)
STATE= (281, 4, 16, 773, 163, 123, 13, -27, -98, 42, 154, 41, 126, 56, 200, 190, 861)
STATE= (282, 4, 16, 785, 164, 124, 14, -26, -94, 66, 78, 44, 127, 57, 201, 191, 864)
STATE= (283, 4, 16, 742, 164, 125, 14, -25, -90, 56, 47, 73, 128, 58, 201, 192, 866)
STATE= (284, 4, 64, 633, 167, 123, 17, -27, -128, 98, 63, 57, 129, 55, 206, 192, 869)
camera_bridge: rgb_crc=0xf9164220 (prev=0x525712b1, CHANGED)
STATE= (285, 16, 64, 570, 151, 143, 1, -7, 172, -156, 65, 38, 29, 22, 274, 264, 872)
STATE= (286, 4, 16, 688, 169, 125, 19, -25, -200, 200, 133, 52, 130, 55, 208, 196, 874)
STATE= (287, 4, 16, 633, 169, 126, 19, -24, -86, 76, 48, 47, 131, 55, 208, 197, 877)
STATE= (288, 4, 16, 766, 169, 127, 19, -23, -82, 76, 110, 53, 132, 57, 206, 198, 880)
STATE= (289, 4, 0, 602, 168, 130, 18, -20, -50, 62, 46, 41, 132, 62, 205, 198, 882)
STATE= (290, 4, 16, 742, 169, 132, 19, -18, -52, 86, 50, 49, 133, 65, 206, 199, 885)
STATE= (291, 4, 16, 758, 171, 134, 21, -16, -44, 104, 26, 47, 134, 68, 209, 200, 888)
STATE= (292, 4, 16, 797, 171, 135, 21, -15, -50, 84, 31, 52, 134, 71, 208, 200, 890)
STATE= (293, 4, 16, 789, 171, 136, 21, -14, -46, 84, 71, 36, 135, 72, 208, 200, 893)
STATE= (294, 4, 16, 715, 171, 136, 21, -14, -56, 84, 12, 50, 135, 73, 207, 200, 896)
STATE= (295, 4, 16, 758, 175, 137, 25, -13, -42, 140, 93, 43, 137, 72, 214, 202, 898)
camera_bridge: rgb_crc=0xce6860ff (prev=0x2c5152f8, CHANGED)
STATE= (296, 4, 16, 750, 176, 136, 26, -14, -66, 114, 35, 40, 137, 70, 216, 203, 901)
STATE= (297, 4, 16, 766, 176, 136, 26, -14, -56, 104, 24, 49, 137, 70, 216, 203, 904)
STATE= (298, 4, 16, 766, 176, 137, 26, -13, -42, 104, 71, 56, 138, 71, 215, 204, 906)
STATE= (299, 4, 16, 773, 177, 138, 27, -12, -38, 118, -10, 53, 138, 72, 216, 204, 909)
STATE= (300, 4, 16, 734, 179, 138, 29, -12, -48, 136, 112, 34, 139, 71, 219, 205, 912)
STATE= (301, 4, 16, 723, 182, 137, 32, -13, -62, 158, 65, 35, 140, 70, 225, 205, 914)
STATE= (302, 4, 16, 734, 184, 138, 34, -12, -38, 156, 34, 49, 140, 71, 229, 205, 917)
STATE= (303, 4, 16, 742, 182, 139, 32, -11, -34, 108, 33, 44, 139, 73, 226, 206, 920)
STATE= (304, 4, 16, 688, 182, 141, 32, -9, -16, 128, 99, 41, 138, 76, 226, 206, 923)
STATE= (305, 4, 16, 590, 181, 142, 31, -8, -22, 114, -18, 64, 138, 77, 225, 208, 925)
STATE= (306, 4, 16, 645, 180, 142, 30, -8, -32, 110, 19, 51, 138, 76, 222, 208, 928)
STATE= (307, 4, 16, 664, 180, 141, 30, -9, -46, 120, 94, 34, 139, 74, 221, 208, 930)
camera_bridge: rgb_crc=0xcfaec902 (prev=0x8fe8e47b, CHANGED)
STATE= (308, 4, 64, 590, 182, 140, 32, -10, -50, 148, 119, 46, 139, 70, 225, 210, 933)
STATE= (309, 4, 16, 797, 187, 142, 37, -8, -12, 198, 361, 47, 147, 75, 227, 209, 936)
STATE= (310, 4, 16, 805, 190, 145, 40, -5, 10, 190, 46, 25, 152, 79, 228, 211, 938)
STATE= (311, 4, 16, 797, 192, 145, 42, -5, -20, 188, -154, 10, 155, 81, 229, 210, 941)
STATE= (312, 4, 16, 789, 193, 145, 43, -5, -20, 182, 6, 60, 156, 81, 230, 210, 944)
STATE= (313, 4, 16, 750, 194, 146, 44, -4, -6, 186, 23, 70, 157, 82, 231, 211, 947)
STATE= (314, 4, 16, 707, 195, 146, 45, -4, -16, 190, 75, 43, 157, 82, 233, 211, 949)
STATE= (315, 4, 16, 773, 193, 148, 43, -2, 12, 152, -76, 55, 156, 82, 231, 214, 952)
STATE= (316, 4, 16, 828, 192, 149, 42, -1, 6, 158, -203, 52, 155, 84, 230, 215, 955)
STATE= (317, 4, 16, 723, 190, 151, 40, 1, 24, 140, -144, 61, 153, 86, 228, 217, 957)
STATE= (318, 4, 16, 676, 191, 153, 41, 3, 32, 174, -54, 76, 152, 88, 230, 219, 960)
camera_bridge: rgb_crc=0x31a1c8e4 (prev=0xf5df67ae, CHANGED)
STATE= (319, 4, 16, 656, 189, 153, 39, 3, 12, 136, -109, 97, 150, 87, 228, 219, 963)
STATE= (320, 4, 16, 742, 186, 154, 36, 4, 26, 114, -165, 75, 149, 87, 224, 221, 965)
STATE= (321, 4, 16, 695, 184, 155, 34, 5, 30, 116, -200, 83, 148, 88, 220, 222, 968)
STATE= (322, 4, 16, 734, 180, 155, 30, 5, 20, 80, -136, 63, 145, 87, 216, 223, 971)
STATE= (323, 4, 16, 734, 177, 155, 27, 5, 20, 78, -173, 65, 142, 86, 213, 224, 974)
STATE= (324, 4, 16, 656, 178, 155, 28, 5, 20, 122, -97, 66, 141, 85, 216, 225, 976)
STATE= (325, 4, 16, 805, 176, 156, 26, 6, 34, 84, -163, 57, 139, 87, 213, 226, 979)
STATE= (326, 4, 16, 758, 173, 158, 23, 8, 52, 62, -173, 68, 136, 91, 210, 226, 982)
STATE= (327, 4, 16, 789, 170, 161, 20, 11, 74, 50, -164, 45, 134, 96, 206, 227, 985)
STATE= (328, 4, 16, 695, 169, 163, 19, 13, 72, 66, -127, 28, 133, 97, 205, 229, 987)
STATE= (329, 4, 16, 785, 167, 161, 17, 11, 24, 48, -248, 45, 132, 93, 203, 229, 990)
camera_bridge: rgb_crc=0x85f5f346 (prev=0xf912cdca, CHANGED)
STATE= (330, 3, 64, 602, 172, 156, 22, 6, -26, 138, -69, 57, 128, 83, 217, 229, 993)
STATE= (331, 3, 16, 828, 166, 160, 16, 10, 80, 4, -253, 62, 126, 90, 207, 230, 995)
STATE= (332, 3, 16, 805, 164, 162, 14, 12, 68, 36, -197, 20, 126, 94, 203, 231, 998)
STATE= (333, 3, 16, 766, 162, 164, 12, 14, 76, 28, -103, 34, 125, 96, 200, 232, 1001)
STATE= (334, 3, 16, 828, 157, 165, 7, 15, 70, -22, -256, 43, 122, 98, 193, 232, 1004)
STATE= (335, 3, 16, 789, 155, 166, 5, 16, 74, 0, -129, 44, 120, 101, 190, 231, 1006)
STATE= (336, 3, 16, 742, 156, 167, 6, 17, 78, 34, -144, 45, 119, 100, 193, 234, 1009)
STATE= (337, 3, 16, 656, 153, 166, 3, 16, 54, -18, -155, 22, 117, 100, 190, 233, 1012)
STATE= (338, 3, 16, 602, 152, 168, 2, 18, 92, -2, -145, 52, 115, 101, 190, 235, 1014)
STATE= (339, 3, 16, 750, 149, 169, -1, 19, 86, -34, -267, 36, 112, 102, 187, 236, 1017)
STATE= (340, 3, 16, 742, 147, 168, -3, 18, 62, -32, -310, 57, 109, 101, 186, 235, 1020)
camera_bridge: rgb_crc=0x30d71ddf (prev=0xff7b3b44, CHANGED)
STATE= (341, 3, 16, 789, 146, 167, -4, 17, 58, -26, -108, 40, 107, 99, 186, 236, 1023)
STATE= (342, 3, 16, 789, 143, 167, -7, 17, 68, -58, -158, 39, 105, 99, 182, 235, 1025)
STATE= (343, 3, 16, 797, 141, 168, -9, 18, 82, -56, -185, 20, 104, 102, 178, 235, 1028)
STATE= (344, 3, 16, 840, 138, 169, -12, 19, 86, -78, -222, 36, 102, 103, 174, 235, 1031)
HOVER_CENTERED iter=345 cxy=(137,169) err=(-13,19)
