$ /usr/bin/python3 emu/host/sentai_gazebo_uds_to_tcp_bridge.py --uds /tmp/sentai_emu_cam.sock --tcp-host 127.0.0.1 --tcp-port 30233 --max-fps 15.0 --out-width 640 --out-height 480 --out-format xrgb8888
[uds-tcp] pull server 127.0.0.1:30233
[uds-tcp] listening /tmp/sentai_emu_cam.sock
[uds-tcp] renode client connected
[uds-tcp] renode client disconnected
[uds-tcp] gz client connected
[uds-tcp] frames=30 seq=30 kept=28 dropped=2 bad=0 latest=30
[uds-tcp] frames=60 seq=60 kept=58 dropped=2 bad=0 latest=60
[uds-tcp] frames=90 seq=90 kept=88 dropped=2 bad=0 latest=90
[uds-tcp] frames=120 seq=120 kept=118 dropped=2 bad=0 latest=120
[uds-tcp] frames=150 seq=150 kept=148 dropped=2 bad=0 latest=150
[uds-tcp] renode client connected
[uds-tcp] frames=180 seq=180 kept=178 dropped=2 bad=0 latest=180
[uds-tcp] frames=210 seq=210 kept=208 dropped=2 bad=0 latest=210
[uds-tcp] frames=240 seq=240 kept=238 dropped=2 bad=0 latest=240
[uds-tcp] frames=270 seq=270 kept=268 dropped=2 bad=0 latest=270
[uds-tcp] frames=300 seq=300 kept=297 dropped=3 bad=0 latest=300
[uds-tcp] frames=330 seq=330 kept=326 dropped=4 bad=0 latest=330
[uds-tcp] frames=360 seq=360 kept=356 dropped=4 bad=0 latest=360
[uds-tcp] frames=390 seq=390 kept=386 dropped=4 bad=0 latest=390
[uds-tcp] frames=420 seq=420 kept=416 dropped=4 bad=0 latest=420
[uds-tcp] frames=450 seq=450 kept=445 dropped=5 bad=0 latest=450
[uds-tcp] frames=480 seq=480 kept=473 dropped=7 bad=0 latest=480
[uds-tcp] frames=510 seq=510 kept=500 dropped=10 bad=0 latest=510
[uds-tcp] frames=540 seq=540 kept=529 dropped=11 bad=0 latest=540
[uds-tcp] frames=570 seq=570 kept=558 dropped=12 bad=0 latest=570
[uds-tcp] frames=600 seq=600 kept=588 dropped=12 bad=0 latest=600
[uds-tcp] frames=630 seq=630 kept=616 dropped=14 bad=0 latest=630
[uds-tcp] frames=660 seq=660 kept=645 dropped=15 bad=0 latest=660
[uds-tcp] frames=690 seq=690 kept=673 dropped=17 bad=0 latest=690
[uds-tcp] frames=720 seq=720 kept=703 dropped=17 bad=0 latest=720
[uds-tcp] frames=750 seq=750 kept=729 dropped=21 bad=0 latest=749
[uds-tcp] frames=780 seq=780 kept=758 dropped=22 bad=0 latest=780
[uds-tcp] frames=810 seq=810 kept=785 dropped=25 bad=0 latest=810
[uds-tcp] frames=840 seq=840 kept=814 dropped=26 bad=0 latest=840
[uds-tcp] frames=870 seq=870 kept=842 dropped=28 bad=0 latest=870
[uds-tcp] frames=900 seq=900 kept=870 dropped=30 bad=0 latest=899
[uds-tcp] frames=930 seq=930 kept=898 dropped=32 bad=0 latest=930
[uds-tcp] frames=960 seq=960 kept=925 dropped=35 bad=0 latest=960
[uds-tcp] frames=990 seq=990 kept=953 dropped=37 bad=0 latest=990
[uds-tcp] frames=1020 seq=1020 kept=981 dropped=39 bad=0 latest=1020
[uds-tcp] frames=1050 seq=1050 kept=1009 dropped=41 bad=0 latest=1050
[uds-tcp] frames=1080 seq=1080 kept=1036 dropped=44 bad=0 latest=1080
[uds-tcp] frames=1110 seq=1110 kept=1065 dropped=45 bad=0 latest=1110
[uds-tcp] frames=1140 seq=1140 kept=1093 dropped=47 bad=0 latest=1140
[uds-tcp] frames=1170 seq=1170 kept=1123 dropped=47 bad=0 latest=1170
[uds-tcp] frames=1200 seq=1200 kept=1153 dropped=47 bad=0 latest=1200
[uds-tcp] frames=1230 seq=1230 kept=1182 dropped=48 bad=0 latest=1230
[uds-tcp] frames=1260 seq=1260 kept=1210 dropped=50 bad=0 latest=1260
[uds-tcp] frames=1290 seq=1290 kept=1237 dropped=53 bad=0 latest=1290
[uds-tcp] frames=1320 seq=1320 kept=1265 dropped=55 bad=0 latest=1320
[uds-tcp] frames=1350 seq=1350 kept=1293 dropped=57 bad=0 latest=1350
[uds-tcp] frames=1380 seq=1380 kept=1320 dropped=60 bad=0 latest=1380
[uds-tcp] frames=1410 seq=1410 kept=1349 dropped=61 bad=0 latest=1410
[uds-tcp] frames=1440 seq=1440 kept=1377 dropped=63 bad=0 latest=1440
[uds-tcp] renode client disconnected
