14:21:15.2688 [INFO] Loaded monitor commands from: /home/bogdan/work/renode_portable/scripts/monitor.py
Renode, version 1.16.1 (ac18b5ac-202606020225)


(monitor) i $CWD/emu/renode/sentai_emu_edgetpu_synth_enum_probe.resc

14:21:15.4328 [INFO] Including script(s): /home/bogdan/work/coralmicro/emu/renode/sentai_emu_edgetpu_synth_enum_probe.resc
14:21:15.4525 [INFO] System bus created.
14:21:16.5449 [INFO] sysbus: Loading block of 3072 bytes length at 0x0.
14:21:16.5599 [INFO] sysbus: Loading block of 54352 bytes length at 0xC00.
14:21:16.5600 [INFO] sysbus: Loading block of 484 bytes length at 0xE050.
14:21:16.5600 [INFO] sysbus: Loading block of 9296 bytes length at 0xE260.
14:21:16.5600 [INFO] sysbus: Loading block of 8192 bytes length at 0x20000000.
14:21:16.5601 [INFO] sysbus: Loading block of 16777216 bytes length at 0x80000000.
14:21:17.2043 [INFO] cpu: Setting initial values: PC = 0xCBD, SP = 0x20040000.
14:21:17.2076 [INFO] machine-0: Machine started.
14:21:17.3124 [WARNING] nvic: Unhandled write to offset 0xF50 (ICacheInvalidateAllToPoUaIgnored), value 0x0.
14:21:17.3595 [WARNING] nvic: Trying to set the priority for interrupt 16 to 0xFF, but it should be maskable with 0xF0
14:21:20.6597 [INFO] machine-0: Machine paused.
sentai_emu_edgetpu_synth_enum_probe PC:

0x6cd8

sentai_emu_edgetpu_synth_enum_probe boot_state:

0x00000600

sentai_emu_edgetpu_synth_enum_probe step:

0x00000010

sentai_emu_edgetpu_synth_enum_probe heartbeat:

0x00000129

sentai_emu_edgetpu_synth_enum_probe last_tick:

0x00000B90

(machine-0) 14:21:20.7648 [INFO] machine-0: Disposed.
