07:40:15.1586 [INFO] Loaded monitor commands from: /home/bogdan/work/renode_portable/scripts/monitor.py
Renode, version 1.16.1 (ac18b5ac-202606020225)


(monitor) i $CWD/emu/renode/sentai_emu_tpu_cat_repl.resc

07:40:15.3034 [INFO] Including script(s): /home/bogdan/work/coralmicro/emu/renode/sentai_emu_tpu_cat_repl.resc
07:40:15.3191 [INFO] System bus created.
07:40:16.1268 [INFO] Old file /home/bogdan/work/coralmicro/emu/output/sentai_emu_tpu_cat_repl.log moved to /home/bogdan/work/coralmicro/emu/output/sentai_emu_tpu_cat_repl.log.3
07:40:16.1447 [INFO] sysbus: Loading block of 3072 bytes length at 0x0.
07:40:16.1552 [INFO] sysbus: Loading block of 228032 bytes length at 0xC00.
07:40:16.1555 [INFO] sysbus: Loading block of 202432 bytes length at 0x386C0.
07:40:16.1556 [INFO] sysbus: Loading block of 16777216 bytes length at 0x80000000.
07:40:16.1758 [INFO] sysbus: Loading block of 54680 bytes length at 0x81000000.
07:40:16.6326 [INFO] cpu: Setting initial values: PC = 0xCBD, SP = 0x20040000.
07:40:16.6352 [INFO] machine-0: Machine started.
07:40:16.7145 [WARNING] nvic: Unhandled write to offset 0xF50 (ICacheInvalidateAllToPoUaIgnored), value 0x0.
07:40:16.7394 [WARNING] nvic: Trying to set the priority for interrupt 16 to 0xFF, but it should be maskable with 0xF0
Fatal error:
Python runtime error: 'System.Text' object has no attribute 'RegularExpressions'
   at Antmicro.Renode.Core.PythonEngine.<>c.<Execute>b__6_0(String error)
   at Antmicro.Renode.Core.PythonEngine.Execute(CompiledCode code, Action`1 errorCallback)
   at Antmicro.Renode.Core.PythonEngine.Execute(CompiledCode code)
   at Antmicro.Renode.Peripherals.Python.PeripheralPythonEngine.ExecuteCode()
   at Antmicro.Renode.Peripherals.Python.PythonPeripheral.Execute()
   at Antmicro.Renode.Peripherals.Python.PythonPeripheral.Init()
   at Antmicro.Renode.Peripherals.Python.PythonPeripheral.EnsureInit()
   at Antmicro.Renode.Peripherals.Python.PythonPeripheral.HandleWrite(Int64 offset, UInt64 value)
   at Antmicro.Renode.Peripherals.Python.PythonPeripheral.WriteDoubleWord(Int64 offset, UInt32 value)
   at Antmicro.Renode.Peripherals.Bus.SystemBus.WriteDoubleWord(UInt64 address, UInt32 value, IPeripheral context, Nullable`1 cpuState)
   at Antmicro.Renode.Peripherals.CPU.TranslationCPU.WriteDoubleWordToBus(UInt64 offset, UInt64 value, UInt64 cpuState)
   at WriteDoubleWordToBusWrapper(CortexMWrappers, UInt64, UInt64, UInt64)
--- End of stack trace from previous location ---
   at Antmicro.Renode.Utilities.Binding.ExceptionKeeper.ThrowExceptions()
   at TlibExecute(CortexMWrappers, Int32)
   at Antmicro.Renode.Peripherals.CPU.TranslationCPU.ExecuteInstructions(UInt64 numberOfInstructionsToExecute, UInt64& numberOfExecutedInstructions)
   at Antmicro.Renode.Peripherals.CPU.BaseCPU.CpuThreadBodyInner(Boolean singleStep, Boolean skipThisRound)
   at Antmicro.Renode.Peripherals.CPU.BaseCPU.CpuThreadBody()

Unhandled exception. Antmicro.Renode.Exceptions.RecoverableException: Python runtime error: 'System.Text' object has no attribute 'RegularExpressions'
   at Antmicro.Renode.Core.PythonEngine.<>c.<Execute>b__6_0(String error)
   at Antmicro.Renode.Core.PythonEngine.Execute(CompiledCode code, Action`1 errorCallback)
   at Antmicro.Renode.Core.PythonEngine.Execute(CompiledCode code)
   at Antmicro.Renode.Peripherals.Python.PeripheralPythonEngine.ExecuteCode()
   at Antmicro.Renode.Peripherals.Python.PythonPeripheral.Execute()
   at Antmicro.Renode.Peripherals.Python.PythonPeripheral.Init()
   at Antmicro.Renode.Peripherals.Python.PythonPeripheral.EnsureInit()
   at Antmicro.Renode.Peripherals.Python.PythonPeripheral.HandleWrite(Int64 offset, UInt64 value)
   at Antmicro.Renode.Peripherals.Python.PythonPeripheral.WriteDoubleWord(Int64 offset, UInt32 value)
   at Antmicro.Renode.Peripherals.Bus.SystemBus.WriteDoubleWord(UInt64 address, UInt32 value, IPeripheral context, Nullable`1 cpuState)
   at Antmicro.Renode.Peripherals.CPU.TranslationCPU.WriteDoubleWordToBus(UInt64 offset, UInt64 value, UInt64 cpuState)
   at WriteDoubleWordToBusWrapper(CortexMWrappers, UInt64, UInt64, UInt64)
--- End of stack trace from previous location ---
   at Antmicro.Renode.Utilities.Binding.ExceptionKeeper.ThrowExceptions()
   at TlibExecute(CortexMWrappers, Int32)
   at Antmicro.Renode.Peripherals.CPU.TranslationCPU.ExecuteInstructions(UInt64 numberOfInstructionsToExecute, UInt64& numberOfExecutedInstructions)
   at Antmicro.Renode.Peripherals.CPU.BaseCPU.CpuThreadBodyInner(Boolean singleStep, Boolean skipThisRound)
   at Antmicro.Renode.Peripherals.CPU.BaseCPU.CpuThreadBody()
