$ /usr/bin/python3 emu/host/sentai_gazebo_uds_to_tcp_bridge.py --uds /tmp/sentai_emu_cam.sock --tcp-host 127.0.0.1 --tcp-port 30233 --max-fps 10.0 --out-width 640 --out-height 480 --out-format rgb888
[uds-tcp] listening /tmp/sentai_emu_cam.sock
[uds-tcp] pull server 127.0.0.1:30233
[uds-tcp] renode client connected
[uds-tcp] renode client disconnected
[uds-tcp] gz client connected
[uds-tcp] frames=30 seq=30 kept=11 dropped=19 bad=0 latest=29
[uds-tcp] frames=60 seq=60 kept=22 dropped=38 bad=0 latest=59
[uds-tcp] frames=90 seq=90 kept=34 dropped=56 bad=0 latest=89
[uds-tcp] frames=120 seq=120 kept=45 dropped=75 bad=0 latest=119
[uds-tcp] renode client connected
[uds-tcp] frames=150 seq=150 kept=57 dropped=93 bad=0 latest=149
[uds-tcp] frames=180 seq=180 kept=67 dropped=113 bad=0 latest=178
[uds-tcp] frames=210 seq=210 kept=78 dropped=132 bad=0 latest=208
[uds-tcp] frames=240 seq=240 kept=89 dropped=151 bad=0 latest=239
[uds-tcp] frames=270 seq=270 kept=101 dropped=169 bad=0 latest=269
[uds-tcp] frames=300 seq=300 kept=112 dropped=188 bad=0 latest=299
[uds-tcp] frames=330 seq=330 kept=122 dropped=208 bad=0 latest=328
[uds-tcp] frames=360 seq=360 kept=132 dropped=228 bad=0 latest=358
[uds-tcp] frames=390 seq=390 kept=144 dropped=246 bad=0 latest=389
[uds-tcp] frames=420 seq=420 kept=156 dropped=264 bad=0 latest=420
[uds-tcp] frames=450 seq=450 kept=166 dropped=284 bad=0 latest=448
[uds-tcp] frames=480 seq=480 kept=177 dropped=303 bad=0 latest=480
[uds-tcp] frames=510 seq=510 kept=187 dropped=323 bad=0 latest=509
[uds-tcp] frames=540 seq=540 kept=198 dropped=342 bad=0 latest=540
[uds-tcp] frames=570 seq=570 kept=208 dropped=362 bad=0 latest=569
[uds-tcp] frames=600 seq=600 kept=219 dropped=381 bad=0 latest=598
[uds-tcp] frames=630 seq=630 kept=230 dropped=400 bad=0 latest=630
[uds-tcp] frames=660 seq=660 kept=240 dropped=420 bad=0 latest=658
[uds-tcp] frames=690 seq=690 kept=251 dropped=439 bad=0 latest=689
[uds-tcp] frames=720 seq=720 kept=261 dropped=459 bad=0 latest=718
[uds-tcp] frames=750 seq=750 kept=272 dropped=478 bad=0 latest=748
[uds-tcp] frames=780 seq=780 kept=283 dropped=497 bad=0 latest=778
[uds-tcp] frames=810 seq=810 kept=294 dropped=516 bad=0 latest=810
[uds-tcp] frames=840 seq=840 kept=304 dropped=536 bad=0 latest=838
[uds-tcp] frames=870 seq=870 kept=315 dropped=555 bad=0 latest=870
[uds-tcp] frames=900 seq=900 kept=325 dropped=575 bad=0 latest=900
[uds-tcp] frames=930 seq=930 kept=336 dropped=594 bad=0 latest=930
[uds-tcp] frames=960 seq=960 kept=346 dropped=614 bad=0 latest=958
[uds-tcp] frames=990 seq=990 kept=356 dropped=634 bad=0 latest=988
[uds-tcp] frames=1020 seq=1020 kept=368 dropped=652 bad=0 latest=1020
[uds-tcp] frames=1050 seq=1050 kept=378 dropped=672 bad=0 latest=1049
[uds-tcp] frames=1080 seq=1080 kept=388 dropped=692 bad=0 latest=1079
[uds-tcp] frames=1110 seq=1110 kept=399 dropped=711 bad=0 latest=1109
[uds-tcp] frames=1140 seq=1140 kept=409 dropped=731 bad=0 latest=1139
[uds-tcp] frames=1170 seq=1170 kept=419 dropped=751 bad=0 latest=1168
[uds-tcp] frames=1200 seq=1200 kept=429 dropped=771 bad=0 latest=1198
[uds-tcp] frames=1230 seq=1230 kept=440 dropped=790 bad=0 latest=1230
[uds-tcp] frames=1260 seq=1260 kept=451 dropped=809 bad=0 latest=1259
[uds-tcp] frames=1290 seq=1290 kept=462 dropped=828 bad=0 latest=1290
[uds-tcp] frames=1320 seq=1320 kept=472 dropped=848 bad=0 latest=1319
[uds-tcp] frames=1350 seq=1350 kept=483 dropped=867 bad=0 latest=1350
[uds-tcp] frames=1380 seq=1380 kept=493 dropped=887 bad=0 latest=1380
[uds-tcp] frames=1410 seq=1410 kept=503 dropped=907 bad=0 latest=1409
[uds-tcp] frames=1440 seq=1440 kept=513 dropped=927 bad=0 latest=1438
[uds-tcp] frames=1470 seq=1470 kept=525 dropped=945 bad=0 latest=1469
[uds-tcp] frames=1500 seq=1500 kept=535 dropped=965 bad=0 latest=1498
[uds-tcp] frames=1530 seq=1530 kept=546 dropped=984 bad=0 latest=1528
[uds-tcp] frames=1560 seq=1560 kept=557 dropped=1003 bad=0 latest=1560
[uds-tcp] frames=1590 seq=1590 kept=567 dropped=1023 bad=0 latest=1590
[uds-tcp] renode client disconnected
