[bridge] topic=/downward_cam/image in=/tmp/sentai_cam.sock out=/tmp/sentai_flow_out.sock
[bridge] connected to sentai_sim on /tmp/sentai_cam.sock
[bridge] listening flow-out on /tmp/sentai_flow_out.sock
[bridge] subscribed; Ctrl-C to stop
[bridge_recv] seq=30 stamp=3.568000000 data_crc=0xfae8429a size=921600
[bridge] seq=30  dx=   +0 dy=   +0 dz=   +0 conf=0 lat=0 us  (in=30 pub=0)
Exception sending a multicast message:Exception sending a multicast message:Network is unreachableNetwork is unreachable

[bridge_recv] seq=60 stamp=4.556000000 data_crc=0xbf284f55 size=921600
[bridge] seq=60  dx=   +0 dy=   +0 dz=   +0 conf=0 lat=0 us  (in=60 pub=0)
Exception sending a multicast message:Network is unreachable
Exception sending a multicast message:Network is unreachable
[bridge_recv] seq=90 stamp=5.548000000 data_crc=0xbb4168d8 size=921600
[bridge] seq=90  dx=   +0 dy=   +0 dz=   +0 conf=0 lat=0 us  (in=90 pub=0)
Exception sending a multicast message:Network is unreachable
Exception sending a multicast message:Network is unreachable
[bridge_recv] seq=120 stamp=6.536000000 data_crc=0x9c5a72da size=921600
[bridge] seq=120  dx=   +0 dy=   +0 dz=   +0 conf=0 lat=0 us  (in=120 pub=0)
Exception sending a multicast message:No such device
Exception sending a multicast message:No such device
[bridge_recv] seq=150 stamp=7.528000000 data_crc=0x9c5a72da size=921600
[bridge] seq=150  dx=   +0 dy=   +0 dz=   +0 conf=0 lat=0 us  (in=150 pub=0)
Exception sending a multicast message:No such device
Exception sending a multicast message:No such device
[bridge_recv] seq=180 stamp=8.516000000 data_crc=0x9c5a72da size=921600
[bridge] seq=180  dx=   +0 dy=   +0 dz=   +0 conf=0 lat=0 us  (in=180 pub=0)
Exception sending a multicast message:No such device
Exception sending a multicast message:No such device
[bridge_recv] seq=210 stamp=9.508000000 data_crc=0x9c5a72da size=921600
[bridge] seq=210  dx=   +0 dy=   +0 dz=   +0 conf=0 lat=0 us  (in=210 pub=0)
Exception sending a multicast message:No such device
Exception sending a multicast message:No such device
[bridge_recv] seq=240 stamp=10.496000000 data_crc=0x9c5a72da size=921600
[bridge] seq=240  dx=   +0 dy=   +0 dz=   +0 conf=0 lat=0 us  (in=240 pub=0)
Exception sending a multicast message:No such device
Exception sending a multicast message:No such device
[bridge_recv] seq=270 stamp=11.488000000 data_crc=0x9c5a72da size=921600
[bridge] seq=270  dx=   +0 dy=   +0 dz=   +0 conf=0 lat=0 us  (in=270 pub=0)
Exception sending a multicast message:No such device
Exception sending a multicast message:No such device
[bridge_recv] seq=300 stamp=12.476000000 data_crc=0x9c5a72da size=921600
[bridge] seq=300  dx=   +0 dy=   +0 dz=   +0 conf=0 lat=0 us  (in=300 pub=0)
Exception sending a multicast message:No such device
Exception sending a multicast message:No such device
[bridge_recv] seq=330 stamp=13.468000000 data_crc=0x9c5a72da size=921600
[bridge] seq=330  dx=   +0 dy=   +0 dz=   +0 conf=0 lat=0 us  (in=330 pub=0)
Exception sending a multicast message:No such device
Exception sending a multicast message:No such device
[bridge_recv] seq=360 stamp=14.456000000 data_crc=0x9c5a72da size=921600
[bridge] seq=360  dx=   +0 dy=   +0 dz=   +0 conf=0 lat=0 us  (in=360 pub=0)
Exception sending a multicast message:No such device
Exception sending a multicast message:No such device
[bridge_recv] seq=390 stamp=15.448000000 data_crc=0x9c5a72da size=921600
[bridge] seq=390  dx=   +0 dy=   +0 dz=   +0 conf=0 lat=0 us  (in=390 pub=0)
Exception sending a multicast message:No such device
Exception sending a multicast message:No such device
[bridge_recv] seq=420 stamp=16.436000000 data_crc=0x9c5a72da size=921600
[bridge] seq=420  dx=   +0 dy=   +0 dz=   +0 conf=0 lat=0 us  (in=420 pub=0)
Exception sending a multicast message:No such device
Exception sending a multicast message:No such device
[bridge_recv] seq=450 stamp=17.428000000 data_crc=0x9c5a72da size=921600
[bridge] seq=450  dx=   +0 dy=   +0 dz=   +0 conf=0 lat=0 us  (in=450 pub=0)
Exception sending a multicast message:No such device
Exception sending a multicast message:No such device
[bridge_recv] seq=480 stamp=18.416000000 data_crc=0xe58e15ad size=921600
[bridge] seq=480  dx=   +0 dy=   +0 dz=   +0 conf=0 lat=0 us  (in=480 pub=0)
Exception sending a multicast message:No such device
Exception sending a multicast message:No such device
[bridge_recv] seq=510 stamp=19.408000000 data_crc=0x4971d362 size=921600
[bridge] seq=510  dx=   +0 dy=   +0 dz=   +0 conf=0 lat=0 us  (in=510 pub=0)
Exception sending a multicast message:No such device
Exception sending a multicast message:No such device
[bridge_recv] seq=540 stamp=20.396000000 data_crc=0x93526d8a size=921600
[bridge] seq=540  dx=   +0 dy=   +0 dz=   +0 conf=0 lat=0 us  (in=540 pub=0)
Exception sending a multicast message:No such device
Exception sending a multicast message:No such device
[bridge_recv] seq=570 stamp=21.388000000 data_crc=0x2a0a1e50 size=921600
[bridge] seq=570  dx=   +0 dy=   +0 dz=   +0 conf=0 lat=0 us  (in=570 pub=0)
Exception sending a multicast message:No such device
Exception sending a multicast message:No such device
[bridge_recv] seq=600 stamp=22.376000000 data_crc=0x993d66e0 size=921600
[bridge] seq=600  dx=   +0 dy=   +0 dz=   +0 conf=0 lat=0 us  (in=600 pub=0)
Exception sending a multicast message:No such device
Exception sending a multicast message:No such device
[bridge_recv] seq=630 stamp=23.368000000 data_crc=0xb7d38db2 size=921600
[bridge] seq=630  dx=   +0 dy=   +0 dz=   +0 conf=0 lat=0 us  (in=630 pub=0)
Exception sending a multicast message:No such device
Exception sending a multicast message:No such device
[bridge_recv] seq=660 stamp=24.356000000 data_crc=0x4d4839f3 size=921600
[bridge] seq=660  dx=   +0 dy=   +0 dz=   +0 conf=0 lat=0 us  (in=660 pub=0)
Exception sending a multicast message:No such device
Exception sending a multicast message:No such device
[bridge_recv] seq=690 stamp=25.348000000 data_crc=0xa40c9d7c size=921600
[bridge] seq=690  dx=   +0 dy=   +0 dz=   +0 conf=0 lat=0 us  (in=690 pub=0)
Exception sending a multicast message:No such device
Exception sending a multicast message:No such device
[bridge_recv] seq=720 stamp=26.336000000 data_crc=0x6f46f229 size=921600
[bridge] seq=720  dx=   +0 dy=   +0 dz=   +0 conf=0 lat=0 us  (in=720 pub=0)
Exception sending a multicast message:No such deviceException sending a multicast message:
No such device
[bridge_recv] seq=750 stamp=27.328000000 data_crc=0x60e51a6c size=921600
[bridge] seq=750  dx=   +0 dy=   +0 dz=   +0 conf=0 lat=0 us  (in=750 pub=0)
Exception sending a multicast message:No such device
Exception sending a multicast message:No such device
[bridge_recv] seq=780 stamp=28.316000000 data_crc=0x119f4286 size=921600
[bridge] seq=780  dx=   +0 dy=   +0 dz=   +0 conf=0 lat=0 us  (in=780 pub=0)
Exception sending a multicast message:No such device
Exception sending a multicast message:No such device
[bridge_recv] seq=810 stamp=29.308000000 data_crc=0x99475169 size=921600
[bridge] seq=810  dx=   +0 dy=   +0 dz=   +0 conf=0 lat=0 us  (in=810 pub=0)
[bridge_recv] seq=840 stamp=30.296000000 data_crc=0x1a91bd8d size=921600
Exception sending a multicast message:No such device
Exception sending a multicast message:No such device
[bridge] seq=840  dx=   +0 dy=   +0 dz=   +0 conf=0 lat=0 us  (in=840 pub=0)
[bridge_recv] seq=870 stamp=31.288000000 data_crc=0x629de67d size=921600
Exception sending a multicast message:No such device
Exception sending a multicast message:No such device
[bridge] seq=870  dx=   +0 dy=   +0 dz=   +0 conf=0 lat=0 us  (in=870 pub=0)
[bridge_recv] seq=900 stamp=32.276000000 data_crc=0x0faae023 size=921600
[bridge] seq=900  dx=   +0 dy=   +0 dz=   +0 conf=0 lat=0 us  (in=900 pub=0)
Exception sending a multicast message:No such device
Exception sending a multicast message:No such device
[bridge_recv] seq=930 stamp=33.268000000 data_crc=0xf09ea913 size=921600
[bridge] seq=930  dx=   +0 dy=   +0 dz=   +0 conf=0 lat=0 us  (in=930 pub=0)
Exception sending a multicast message:No such device
Exception sending a multicast message:No such device
[bridge_recv] seq=960 stamp=34.256000000 data_crc=0x1b79b1ab size=921600
[bridge] seq=960  dx=   +0 dy=   +0 dz=   +0 conf=0 lat=0 us  (in=960 pub=0)
Exception sending a multicast message:No such device
Exception sending a multicast message:No such device
[bridge_recv] seq=990 stamp=35.248000000 data_crc=0x2f5048c9 size=921600
[bridge] seq=990  dx=   +0 dy=   +0 dz=   +0 conf=0 lat=0 us  (in=990 pub=0)
Exception sending a multicast message:No such device
Exception sending a multicast message:No such device
[bridge_recv] seq=1020 stamp=36.236000000 data_crc=0xe4f220c0 size=921600
[bridge] seq=1020  dx=   +0 dy=   +0 dz=   +0 conf=0 lat=0 us  (in=1020 pub=0)
Exception sending a multicast message:No such device
Exception sending a multicast message:No such device
[bridge_recv] seq=1050 stamp=37.228000000 data_crc=0xbf8253d2 size=921600
[bridge] seq=1050  dx=   +0 dy=   +0 dz=   +0 conf=0 lat=0 us  (in=1050 pub=0)
Exception sending a multicast message:No such device
Exception sending a multicast message:No such device
[bridge_recv] seq=1080 stamp=38.216000000 data_crc=0xcac6f6b9 size=921600
[bridge] seq=1080  dx=   +0 dy=   +0 dz=   +0 conf=0 lat=0 us  (in=1080 pub=0)
Exception sending a multicast message:Exception sending a multicast message:No such device
No such device
[bridge_recv] seq=1110 stamp=39.208000000 data_crc=0x04707e98 size=921600
[bridge] seq=1110  dx=   +0 dy=   +0 dz=   +0 conf=0 lat=0 us  (in=1110 pub=0)
Exception sending a multicast message:No such device
Exception sending a multicast message:No such device
[bridge_recv] seq=1140 stamp=40.196000000 data_crc=0x10d82efb size=921600
[bridge] seq=1140  dx=   +0 dy=   +0 dz=   +0 conf=0 lat=0 us  (in=1140 pub=0)
Exception sending a multicast message:No such deviceException sending a multicast message:No such device

[bridge_recv] seq=1170 stamp=41.188000000 data_crc=0x6ab9d42c size=921600
[bridge] seq=1170  dx=   +0 dy=   +0 dz=   +0 conf=0 lat=0 us  (in=1170 pub=0)
Exception sending a multicast message:No such device
Exception sending a multicast message:No such device
[bridge_recv] seq=1200 stamp=42.176000000 data_crc=0xd3b5f6af size=921600
[bridge] seq=1200  dx=   +0 dy=   +0 dz=   +0 conf=0 lat=0 us  (in=1200 pub=0)
Exception sending a multicast message:No such device
Exception sending a multicast message:No such device
[bridge_recv] seq=1230 stamp=43.168000000 data_crc=0xd6ff73df size=921600
[bridge] seq=1230  dx=   +0 dy=   +0 dz=   +0 conf=0 lat=0 us  (in=1230 pub=0)
Exception sending a multicast message:No such device
Exception sending a multicast message:No such device
[bridge_recv] seq=1260 stamp=44.156000000 data_crc=0xef02a75a size=921600
[bridge] seq=1260  dx=   +0 dy=   +0 dz=   +0 conf=0 lat=0 us  (in=1260 pub=0)
Exception sending a multicast message:No such device
Exception sending a multicast message:No such device
