10:12:19.9382 [INFO] Loaded monitor commands from: /home/bogdan/work/renode_portable/scripts/monitor.py
Renode, version 1.16.1 (ac18b5ac-202606020225)


(monitor) i $CWD/emu/renode/sentai_emu_repl.resc

10:12:20.0695 [INFO] Including script(s): /home/bogdan/work/coralmicro/emu/renode/sentai_emu_repl.resc
10:12:20.0863 [INFO] System bus created.
10:12:20.9598 [INFO] Old file /home/bogdan/work/coralmicro/emu/output/sentai_emu_repl.log moved to /home/bogdan/work/coralmicro/emu/output/sentai_emu_repl.log.2
10:12:20.9799 [INFO] sysbus: Loading block of 3072 bytes length at 0x0.
10:12:20.9918 [INFO] sysbus: Loading block of 187544 bytes length at 0xC00.
10:12:20.9920 [INFO] sysbus: Loading block of 70216 bytes length at 0x2E898.
10:12:20.9920 [INFO] sysbus: Loading block of 16777216 bytes length at 0x80000000.
10:12:21.5128 [INFO] cpu: Setting initial values: PC = 0xCBD, SP = 0x20040000.
10:12:21.5158 [INFO] machine-0: Machine started.
10:12:21.6023 [WARNING] nvic: Unhandled write to offset 0xF50 (ICacheInvalidateAllToPoUaIgnored), value 0x0.
10:12:21.6288 [WARNING] nvic: Trying to set the priority for interrupt 16 to 0xFF, but it should be maskable with 0xF0
10:13:07.3258 [INFO] machine-0: Machine paused.
10:13:07.3418 [INFO] machine-0: Machine resumed.
10:13:08.4521 [INFO] machine-0: Machine paused.
10:13:08.4533 [INFO] machine-0: Machine resumed.
10:13:09.6643 [INFO] machine-0: Machine paused.
10:13:09.6661 [INFO] machine-0: Machine resumed.
10:13:10.8095 [INFO] machine-0: Machine paused.
10:13:10.8107 [INFO] machine-0: Machine resumed.
10:13:31.8679 [INFO] machine-0: Machine paused.
sentai_emu_repl PC:

0x1cae

sentai_emu_repl boot_state:

0x00000500

sentai_emu_repl heartbeat:

0x00000001

sentai_emu_repl repl_lines:

0x00000001

sentai_emu_repl last_tick:

0x00000842

(machine-0) 10:13:31.9479 [INFO] machine-0: Disposed.
