Edge TPU Compiler version 16.0.384591198
Started a compilation timeout timer of 180 seconds.

Model compiled successfully in 299 ms.

Input model: runs/tf_native/iarna_p3p4_MSBlock_1ep/export_uint8_480x640/iarna_p3p4_MSBlock_1ep_uint8_480x640_int8.tflite
Input size: 129.53KiB
Output model: runs/tf_native/iarna_p3p4_MSBlock_1ep/export_uint8_480x640/iarna_p3p4_MSBlock_1ep_uint8_480x640_int8_edgetpu.tflite
Output size: 264.75KiB
On-chip memory used for caching model parameters: 209.50KiB
On-chip memory remaining for caching model parameters: 6.53MiB
Off-chip memory used for streaming uncached model parameters: 0.00B
Number of Edge TPU subgraphs: 1
Total number of operations: 126
Operation log: runs/tf_native/iarna_p3p4_MSBlock_1ep/export_uint8_480x640/iarna_p3p4_MSBlock_1ep_uint8_480x640_int8_edgetpu.log

Operator                       Count      Status

LOGISTIC                       33         Mapped to Edge TPU
RESIZE_NEAREST_NEIGHBOR        1          Mapped to Edge TPU
QUANTIZE                       3          Mapped to Edge TPU
MUL                            33         Mapped to Edge TPU
CONV_2D                        35         Mapped to Edge TPU
MAX_POOL_2D                    3          Mapped to Edge TPU
SPLIT                          5          Mapped to Edge TPU
CONCATENATION                  8          Mapped to Edge TPU
PAD                            5          Mapped to Edge TPU
Compilation child process completed within timeout period.
Compilation succeeded! 
