t=40ms baudrate 576000
t=44ms open
t=651ms guest system dst=1 src=3 payload=2101
t=750ms guest system dst=1 src=3 payload=2001
t=760ms guest->udp crtp_len=5
t=773ms udp->guest crtp_len=5
t=779ms guest->udp crtp_len=3
t=1272ms guest->udp crtp_len=16
t=1297ms udp->guest crtp_len=5
t=7446ms guest->udp crtp_len=3
t=7453ms guest->udp crtp_len=18
t=7457ms udp->guest crtp_len=5
t=7575ms guest->udp crtp_len=18
t=7647ms guest->udp crtp_len=18
t=7706ms guest->udp crtp_len=18
t=7783ms guest->udp crtp_len=18
t=8536ms guest->udp crtp_len=18
t=11135ms guest->udp crtp_len=18
t=13668ms guest->udp crtp_len=18
t=16549ms guest->udp crtp_len=18
t=19205ms guest->udp crtp_len=18
t=21570ms guest->udp crtp_len=18
t=23983ms guest->udp crtp_len=18
t=26267ms guest->udp crtp_len=16
t=26270ms udp->guest crtp_len=5
t=30208ms guest system dst=1 src=3 payload=2100
t=30502ms guest system dst=1 src=3 payload=2000
t=31073ms baudrate 115200
t=31074ms close
