$ /usr/bin/python3 emu/host/sentai_gazebo_uds_to_tcp_bridge.py --uds /tmp/sentai_emu_cam.sock --tcp-host 127.0.0.1 --tcp-port 30233 --max-fps 15.0 --out-width 640 --out-height 480
[uds-tcp] pull server 127.0.0.1:30233
[uds-tcp] listening /tmp/sentai_emu_cam.sock
[uds-tcp] renode client connected
[uds-tcp] renode client disconnected
[uds-tcp] gz client connected
[uds-tcp] frames=30 seq=30 kept=19 dropped=11 bad=0 latest=29
[uds-tcp] frames=60 seq=60 kept=36 dropped=24 bad=0 latest=59
[uds-tcp] frames=90 seq=90 kept=59 dropped=31 bad=0 latest=90
[uds-tcp] frames=120 seq=120 kept=82 dropped=38 bad=0 latest=120
[uds-tcp] renode client connected
[uds-tcp] frames=150 seq=150 kept=108 dropped=42 bad=0 latest=150
[uds-tcp] frames=180 seq=180 kept=130 dropped=50 bad=0 latest=180
[uds-tcp] frames=210 seq=210 kept=155 dropped=55 bad=0 latest=210
[uds-tcp] frames=240 seq=240 kept=179 dropped=61 bad=0 latest=240
[uds-tcp] frames=270 seq=270 kept=201 dropped=69 bad=0 latest=269
[uds-tcp] frames=300 seq=300 kept=225 dropped=75 bad=0 latest=300
[uds-tcp] frames=330 seq=330 kept=253 dropped=77 bad=0 latest=330
[uds-tcp] frames=360 seq=360 kept=281 dropped=79 bad=0 latest=359
[uds-tcp] frames=390 seq=390 kept=307 dropped=83 bad=0 latest=390
[uds-tcp] frames=420 seq=420 kept=333 dropped=87 bad=0 latest=420
[uds-tcp] frames=450 seq=450 kept=359 dropped=91 bad=0 latest=450
[uds-tcp] frames=480 seq=480 kept=383 dropped=97 bad=0 latest=480
[uds-tcp] frames=510 seq=510 kept=403 dropped=107 bad=0 latest=510
[uds-tcp] frames=540 seq=540 kept=421 dropped=119 bad=0 latest=540
[uds-tcp] frames=570 seq=570 kept=437 dropped=133 bad=0 latest=569
[uds-tcp] frames=600 seq=600 kept=457 dropped=143 bad=0 latest=600
[uds-tcp] frames=630 seq=630 kept=472 dropped=158 bad=0 latest=629
[uds-tcp] frames=660 seq=660 kept=492 dropped=168 bad=0 latest=659
[uds-tcp] frames=690 seq=690 kept=508 dropped=182 bad=0 latest=690
[uds-tcp] frames=720 seq=720 kept=527 dropped=193 bad=0 latest=720
[uds-tcp] frames=750 seq=750 kept=543 dropped=207 bad=0 latest=749
[uds-tcp] frames=780 seq=780 kept=562 dropped=218 bad=0 latest=780
[uds-tcp] frames=810 seq=810 kept=578 dropped=232 bad=0 latest=810
[uds-tcp] frames=840 seq=840 kept=600 dropped=240 bad=0 latest=840
[uds-tcp] frames=870 seq=870 kept=617 dropped=253 bad=0 latest=870
[uds-tcp] frames=900 seq=900 kept=634 dropped=266 bad=0 latest=900
[uds-tcp] frames=930 seq=930 kept=650 dropped=280 bad=0 latest=930
[uds-tcp] frames=960 seq=960 kept=669 dropped=291 bad=0 latest=960
[uds-tcp] frames=990 seq=990 kept=686 dropped=304 bad=0 latest=989
[uds-tcp] frames=1020 seq=1020 kept=703 dropped=317 bad=0 latest=1020
[uds-tcp] frames=1050 seq=1050 kept=721 dropped=329 bad=0 latest=1049
[uds-tcp] frames=1080 seq=1080 kept=739 dropped=341 bad=0 latest=1080
[uds-tcp] frames=1110 seq=1110 kept=759 dropped=351 bad=0 latest=1110
[uds-tcp] frames=1140 seq=1140 kept=774 dropped=366 bad=0 latest=1139
[uds-tcp] frames=1170 seq=1170 kept=793 dropped=377 bad=0 latest=1170
[uds-tcp] frames=1200 seq=1200 kept=809 dropped=391 bad=0 latest=1199
[uds-tcp] frames=1230 seq=1230 kept=829 dropped=401 bad=0 latest=1230
[uds-tcp] frames=1260 seq=1260 kept=845 dropped=415 bad=0 latest=1260
[uds-tcp] renode client disconnected
