
SentAI EMU REPL B8.3
S233_PREP_INIT
S233_GZ_CAM_START 0
MicroPython embed ready
S233_BEGIN
0
0
0
True
0
S233_SETUP 0 1 1 30 0 0 0
0
0
0
0
0
0
S233_FLOW_BASELINE 39 10 35
0
0
0
0
0
0
0
S233_CRAZY_SETUP 0 2 0 0 0
0
0
0
0
0
S233_SAMPLE 40 24 0 0 80 7
0
S233_SAMPLE 41 27 0 0 75 7
0
S233_SAMPLE 42 30 0 0 94 7
0
S233_SAMPLE 43 34 0 0 130 7
0
S233_SAMPLE 44 37 0 0 255 0
0
S233_SAMPLE 45 40 0 0 255 0
0
S233_SAMPLE 46 43 39 -368 255 0
S233_CRAZY_DONE 0 0
0
0
0
0
S233_SUMMARY 18087 46 254 46 254 7 4 7 43
0
0
0
0
0
0
0
0
0
0
0
True
True
S233_DONE
