[sim] sentai_sim build #108 (2026-05-12 20:28:02)
[sim] FreeRTOS POSIX port: tick=1000 Hz, heap=4194304 bytes
[sim] MicroPython heap: 262144 bytes

MicroPython on SentAI SIM (FreeRTOS POSIX port + MicroPython embed)
Type expressions, end with Enter.  Ctrl-D or 'exit' to quit.
Try: sentai.version(), sentai.fs.write(...), help()

>>> >>> aruco_shim: SIM ready, bound to /tmp/sentai_aruco_pose_recv.sock, awaiting /tmp/sentai_aruco_pose.sock
'anchor'
>>> camera_bridge: listening on /tmp/sentai_cam.sock (waiting for Gazebo bridge)
=ANCHOR_READY
>>> ANCHOR 1 False 0 0.0 0.0 0.0 0
>>> ANCHOR 2 False 0 0.0 0.0 0.0 0
>>> ANCHOR 3 False 0 0.0 0.0 0.0 0
>>> ANCHOR 4 False 0 0.0 0.0 0.0 0
>>> ANCHOR 5 False 0 0.0 0.0 0.0 0
>>> ANCHOR 6 False 0 0.0 0.0 0.0 0
>>> ANCHOR 7 False 0 0.0 0.0 0.0 0
>>> ANCHOR 8 False 0 0.0 0.0 0.0 0
>>> ANCHOR 9 False 0 0.0 0.0 0.0 0
>>> ANCHOR 10 False 0 0.0 0.0 0.0 0
>>> ANCHOR 11 False 0 0.0 0.0 0.0 0
>>> ANCHOR 12 False 0 0.0 0.0 0.0 0
>>> ANCHOR 13 False 0 0.0 0.0 0.0 0
>>> ANCHOR 14 False 0 0.0 0.0 0.0 0
>>> ANCHOR 15 False 0 0.0 0.0 0.0 0
>>> ANCHOR 16 False 0 0.0 0.0 0.0 0
>>> ANCHOR 17 False 0 0.0 0.0 0.0 0
>>> ANCHOR 18 False 0 0.0 0.0 0.0 0
>>> ANCHOR 19 False 0 0.0 0.0 0.0 0
>>> ANCHOR 20 False 0 0.0 0.0 0.0 0
>>> ANCHOR 21 False 0 0.0 0.0 0.0 0
>>> ANCHOR 22 False 0 0.0 0.0 0.0 0
>>> ANCHOR 23 False 0 0.0 0.0 0.0 0
>>> ANCHOR 24 False 0 0.0 0.0 0.0 0
>>> ANCHOR 25 False 0 0.0 0.0 0.0 0
>>> ANCHOR 26 False 0 0.0 0.0 0.0 0
>>> ANCHOR 27 False 0 0.0 0.0 0.0 0
>>> ANCHOR 28 False 0 0.0 0.0 0.0 0
>>> ANCHOR 29 False 0 0.0 0.0 0.0 0
>>> ANCHOR 30 False 0 0.0 0.0 0.0 0
>>> ANCHOR 31 False 0 0.0 0.0 0.0 0
>>> ANCHOR 32 False 0 0.0 0.0 0.0 0
>>> ANCHOR 33 False 0 0.0 0.0 0.0 0
>>> ANCHOR 34 False 0 0.0 0.0 0.0 0
>>> ANCHOR 35 False 0 0.0 0.0 0.0 0
>>> ANCHOR 36 False 0 0.0 0.0 0.0 0
>>> ANCHOR 37 False 0 0.0 0.0 0.0 0
>>> ANCHOR 38 False 0 0.0 0.0 0.0 0
>>> ANCHOR 39 False 0 0.0 0.0 0.0 0
>>> ANCHOR 40 False 0 0.0 0.0 0.0 0
>>> =DONE
>>> 
[sim] EOF on stdin, exiting
[sim] REPL task done, terminating process
