-- Toolchain prefix: /home/bogdan/work/coralmicro/third_party/toolchain-linux/gcc-arm-none-eabi-9-2020-q2-update/lib/gcc/arm-none-eabi
CMake Warning (dev) at cmake/toolchain-arm-none-eabi-gcc.cmake:216 (add_custom_command):
  The following keywords are not supported when using
  add_custom_command(TARGET): DEPENDS.

  Policy CMP0175 is not set: add_custom_command() rejects invalid arguments.
  Run "cmake --help-policy CMP0175" for policy details.  Use the cmake_policy
  command to set the policy and suppress this warning.
Call Stack (most recent call first):
  apps/elf_loader/CMakeLists.txt:15 (add_executable_m7)
This warning is for project developers.  Use -Wno-dev to suppress it.

CMake Warning (dev) at cmake/toolchain-arm-none-eabi-gcc.cmake:220 (add_custom_command):
  The following keywords are not supported when using
  add_custom_command(TARGET): DEPENDS.

  Policy CMP0175 is not set: add_custom_command() rejects invalid arguments.
  Run "cmake --help-policy CMP0175" for policy details.  Use the cmake_policy
  command to set the policy and suppress this warning.
Call Stack (most recent call first):
  apps/elf_loader/CMakeLists.txt:15 (add_executable_m7)
This warning is for project developers.  Use -Wno-dev to suppress it.

CMake Warning (dev) at cmake/toolchain-arm-none-eabi-gcc.cmake:224 (add_custom_command):
  The following keywords are not supported when using
  add_custom_command(TARGET): DEPENDS.

  Policy CMP0175 is not set: add_custom_command() rejects invalid arguments.
  Run "cmake --help-policy CMP0175" for policy details.  Use the cmake_policy
  command to set the policy and suppress this warning.
Call Stack (most recent call first):
  apps/elf_loader/CMakeLists.txt:15 (add_executable_m7)
This warning is for project developers.  Use -Wno-dev to suppress it.

CMake Warning (dev) at cmake/toolchain-arm-none-eabi-gcc.cmake:216 (add_custom_command):
  The following keywords are not supported when using
  add_custom_command(TARGET): DEPENDS.

  Policy CMP0175 is not set: add_custom_command() rejects invalid arguments.
  Run "cmake --help-policy CMP0175" for policy details.  Use the cmake_policy
  command to set the policy and suppress this warning.
Call Stack (most recent call first):
  examples/sentai_runtime/CMakeLists.txt:183 (add_executable_m7)
This warning is for project developers.  Use -Wno-dev to suppress it.

CMake Warning (dev) at cmake/toolchain-arm-none-eabi-gcc.cmake:220 (add_custom_command):
  The following keywords are not supported when using
  add_custom_command(TARGET): DEPENDS.

  Policy CMP0175 is not set: add_custom_command() rejects invalid arguments.
  Run "cmake --help-policy CMP0175" for policy details.  Use the cmake_policy
  command to set the policy and suppress this warning.
Call Stack (most recent call first):
  examples/sentai_runtime/CMakeLists.txt:183 (add_executable_m7)
This warning is for project developers.  Use -Wno-dev to suppress it.

CMake Warning (dev) at cmake/toolchain-arm-none-eabi-gcc.cmake:224 (add_custom_command):
  The following keywords are not supported when using
  add_custom_command(TARGET): DEPENDS.

  Policy CMP0175 is not set: add_custom_command() rejects invalid arguments.
  Run "cmake --help-policy CMP0175" for policy details.  Use the cmake_policy
  command to set the policy and suppress this warning.
Call Stack (most recent call first):
  examples/sentai_runtime/CMakeLists.txt:183 (add_executable_m7)
This warning is for project developers.  Use -Wno-dev to suppress it.

CMake Warning (dev) at cmake/toolchain-arm-none-eabi-gcc.cmake:254 (add_custom_command):
  The following keywords are not supported when using
  add_custom_command(TARGET): DEPENDS.

  Policy CMP0175 is not set: add_custom_command() rejects invalid arguments.
  Run "cmake --help-policy CMP0175" for policy details.  Use the cmake_policy
  command to set the policy and suppress this warning.
Call Stack (most recent call first):
  examples/sentai_runtime/CMakeLists.txt:285 (add_executable_m4)
This warning is for project developers.  Use -Wno-dev to suppress it.

CMake Warning (dev) at cmake/toolchain-arm-none-eabi-gcc.cmake:216 (add_custom_command):
  The following keywords are not supported when using
  add_custom_command(TARGET): DEPENDS.

  Policy CMP0175 is not set: add_custom_command() rejects invalid arguments.
  Run "cmake --help-policy CMP0175" for policy details.  Use the cmake_policy
  command to set the policy and suppress this warning.
Call Stack (most recent call first):
  libs/nxp/flashloader/CMakeLists.txt:17 (add_executable_m7)
This warning is for project developers.  Use -Wno-dev to suppress it.

CMake Warning (dev) at cmake/toolchain-arm-none-eabi-gcc.cmake:220 (add_custom_command):
  The following keywords are not supported when using
  add_custom_command(TARGET): DEPENDS.

  Policy CMP0175 is not set: add_custom_command() rejects invalid arguments.
  Run "cmake --help-policy CMP0175" for policy details.  Use the cmake_policy
  command to set the policy and suppress this warning.
Call Stack (most recent call first):
  libs/nxp/flashloader/CMakeLists.txt:17 (add_executable_m7)
This warning is for project developers.  Use -Wno-dev to suppress it.

CMake Warning (dev) at cmake/toolchain-arm-none-eabi-gcc.cmake:224 (add_custom_command):
  The following keywords are not supported when using
  add_custom_command(TARGET): DEPENDS.

  Policy CMP0175 is not set: add_custom_command() rejects invalid arguments.
  Run "cmake --help-policy CMP0175" for policy details.  Use the cmake_policy
  command to set the policy and suppress this warning.
Call Stack (most recent call first):
  libs/nxp/flashloader/CMakeLists.txt:17 (add_executable_m7)
This warning is for project developers.  Use -Wno-dev to suppress it.

-- sentai: EdgeTPU firmware = single_ep (default)
CMake Warning (dev) at cmake/toolchain-arm-none-eabi-gcc.cmake:216 (add_custom_command):
  The following keywords are not supported when using
  add_custom_command(TARGET): DEPENDS.

  Policy CMP0175 is not set: add_custom_command() rejects invalid arguments.
  Run "cmake --help-policy CMP0175" for policy details.  Use the cmake_policy
  command to set the policy and suppress this warning.
Call Stack (most recent call first):
  emu/CMakeLists.txt:73 (add_executable_m7)
This warning is for project developers.  Use -Wno-dev to suppress it.

CMake Warning (dev) at cmake/toolchain-arm-none-eabi-gcc.cmake:220 (add_custom_command):
  The following keywords are not supported when using
  add_custom_command(TARGET): DEPENDS.

  Policy CMP0175 is not set: add_custom_command() rejects invalid arguments.
  Run "cmake --help-policy CMP0175" for policy details.  Use the cmake_policy
  command to set the policy and suppress this warning.
Call Stack (most recent call first):
  emu/CMakeLists.txt:73 (add_executable_m7)
This warning is for project developers.  Use -Wno-dev to suppress it.

CMake Warning (dev) at cmake/toolchain-arm-none-eabi-gcc.cmake:224 (add_custom_command):
  The following keywords are not supported when using
  add_custom_command(TARGET): DEPENDS.

  Policy CMP0175 is not set: add_custom_command() rejects invalid arguments.
  Run "cmake --help-policy CMP0175" for policy details.  Use the cmake_policy
  command to set the policy and suppress this warning.
Call Stack (most recent call first):
  emu/CMakeLists.txt:73 (add_executable_m7)
This warning is for project developers.  Use -Wno-dev to suppress it.

CMake Warning (dev) at cmake/toolchain-arm-none-eabi-gcc.cmake:216 (add_custom_command):
  The following keywords are not supported when using
  add_custom_command(TARGET): DEPENDS.

  Policy CMP0175 is not set: add_custom_command() rejects invalid arguments.
  Run "cmake --help-policy CMP0175" for policy details.  Use the cmake_policy
  command to set the policy and suppress this warning.
Call Stack (most recent call first):
  emu/CMakeLists.txt:83 (add_executable_m7)
This warning is for project developers.  Use -Wno-dev to suppress it.

CMake Warning (dev) at cmake/toolchain-arm-none-eabi-gcc.cmake:220 (add_custom_command):
  The following keywords are not supported when using
  add_custom_command(TARGET): DEPENDS.

  Policy CMP0175 is not set: add_custom_command() rejects invalid arguments.
  Run "cmake --help-policy CMP0175" for policy details.  Use the cmake_policy
  command to set the policy and suppress this warning.
Call Stack (most recent call first):
  emu/CMakeLists.txt:83 (add_executable_m7)
This warning is for project developers.  Use -Wno-dev to suppress it.

CMake Warning (dev) at cmake/toolchain-arm-none-eabi-gcc.cmake:224 (add_custom_command):
  The following keywords are not supported when using
  add_custom_command(TARGET): DEPENDS.

  Policy CMP0175 is not set: add_custom_command() rejects invalid arguments.
  Run "cmake --help-policy CMP0175" for policy details.  Use the cmake_policy
  command to set the policy and suppress this warning.
Call Stack (most recent call first):
  emu/CMakeLists.txt:83 (add_executable_m7)
This warning is for project developers.  Use -Wno-dev to suppress it.

CMake Warning (dev) at cmake/toolchain-arm-none-eabi-gcc.cmake:216 (add_custom_command):
  The following keywords are not supported when using
  add_custom_command(TARGET): DEPENDS.

  Policy CMP0175 is not set: add_custom_command() rejects invalid arguments.
  Run "cmake --help-policy CMP0175" for policy details.  Use the cmake_policy
  command to set the policy and suppress this warning.
Call Stack (most recent call first):
  emu/CMakeLists.txt:89 (add_executable_m7)
This warning is for project developers.  Use -Wno-dev to suppress it.

CMake Warning (dev) at cmake/toolchain-arm-none-eabi-gcc.cmake:220 (add_custom_command):
  The following keywords are not supported when using
  add_custom_command(TARGET): DEPENDS.

  Policy CMP0175 is not set: add_custom_command() rejects invalid arguments.
  Run "cmake --help-policy CMP0175" for policy details.  Use the cmake_policy
  command to set the policy and suppress this warning.
Call Stack (most recent call first):
  emu/CMakeLists.txt:89 (add_executable_m7)
This warning is for project developers.  Use -Wno-dev to suppress it.

CMake Warning (dev) at cmake/toolchain-arm-none-eabi-gcc.cmake:224 (add_custom_command):
  The following keywords are not supported when using
  add_custom_command(TARGET): DEPENDS.

  Policy CMP0175 is not set: add_custom_command() rejects invalid arguments.
  Run "cmake --help-policy CMP0175" for policy details.  Use the cmake_policy
  command to set the policy and suppress this warning.
Call Stack (most recent call first):
  emu/CMakeLists.txt:89 (add_executable_m7)
This warning is for project developers.  Use -Wno-dev to suppress it.

CMake Warning (dev) at cmake/toolchain-arm-none-eabi-gcc.cmake:216 (add_custom_command):
  The following keywords are not supported when using
  add_custom_command(TARGET): DEPENDS.

  Policy CMP0175 is not set: add_custom_command() rejects invalid arguments.
  Run "cmake --help-policy CMP0175" for policy details.  Use the cmake_policy
  command to set the policy and suppress this warning.
Call Stack (most recent call first):
  emu/CMakeLists.txt:132 (add_executable_m7)
This warning is for project developers.  Use -Wno-dev to suppress it.

CMake Warning (dev) at cmake/toolchain-arm-none-eabi-gcc.cmake:220 (add_custom_command):
  The following keywords are not supported when using
  add_custom_command(TARGET): DEPENDS.

  Policy CMP0175 is not set: add_custom_command() rejects invalid arguments.
  Run "cmake --help-policy CMP0175" for policy details.  Use the cmake_policy
  command to set the policy and suppress this warning.
Call Stack (most recent call first):
  emu/CMakeLists.txt:132 (add_executable_m7)
This warning is for project developers.  Use -Wno-dev to suppress it.

CMake Warning (dev) at cmake/toolchain-arm-none-eabi-gcc.cmake:224 (add_custom_command):
  The following keywords are not supported when using
  add_custom_command(TARGET): DEPENDS.

  Policy CMP0175 is not set: add_custom_command() rejects invalid arguments.
  Run "cmake --help-policy CMP0175" for policy details.  Use the cmake_policy
  command to set the policy and suppress this warning.
Call Stack (most recent call first):
  emu/CMakeLists.txt:132 (add_executable_m7)
This warning is for project developers.  Use -Wno-dev to suppress it.

CMake Warning (dev) at cmake/toolchain-arm-none-eabi-gcc.cmake:216 (add_custom_command):
  The following keywords are not supported when using
  add_custom_command(TARGET): DEPENDS.

  Policy CMP0175 is not set: add_custom_command() rejects invalid arguments.
  Run "cmake --help-policy CMP0175" for policy details.  Use the cmake_policy
  command to set the policy and suppress this warning.
Call Stack (most recent call first):
  emu/CMakeLists.txt:163 (add_executable_m7)
This warning is for project developers.  Use -Wno-dev to suppress it.

CMake Warning (dev) at cmake/toolchain-arm-none-eabi-gcc.cmake:220 (add_custom_command):
  The following keywords are not supported when using
  add_custom_command(TARGET): DEPENDS.

  Policy CMP0175 is not set: add_custom_command() rejects invalid arguments.
  Run "cmake --help-policy CMP0175" for policy details.  Use the cmake_policy
  command to set the policy and suppress this warning.
Call Stack (most recent call first):
  emu/CMakeLists.txt:163 (add_executable_m7)
This warning is for project developers.  Use -Wno-dev to suppress it.

CMake Warning (dev) at cmake/toolchain-arm-none-eabi-gcc.cmake:224 (add_custom_command):
  The following keywords are not supported when using
  add_custom_command(TARGET): DEPENDS.

  Policy CMP0175 is not set: add_custom_command() rejects invalid arguments.
  Run "cmake --help-policy CMP0175" for policy details.  Use the cmake_policy
  command to set the policy and suppress this warning.
Call Stack (most recent call first):
  emu/CMakeLists.txt:163 (add_executable_m7)
This warning is for project developers.  Use -Wno-dev to suppress it.

CMake Warning (dev) at cmake/toolchain-arm-none-eabi-gcc.cmake:216 (add_custom_command):
  The following keywords are not supported when using
  add_custom_command(TARGET): DEPENDS.

  Policy CMP0175 is not set: add_custom_command() rejects invalid arguments.
  Run "cmake --help-policy CMP0175" for policy details.  Use the cmake_policy
  command to set the policy and suppress this warning.
Call Stack (most recent call first):
  emu/CMakeLists.txt:203 (add_executable_m7)
This warning is for project developers.  Use -Wno-dev to suppress it.

CMake Warning (dev) at cmake/toolchain-arm-none-eabi-gcc.cmake:220 (add_custom_command):
  The following keywords are not supported when using
  add_custom_command(TARGET): DEPENDS.

  Policy CMP0175 is not set: add_custom_command() rejects invalid arguments.
  Run "cmake --help-policy CMP0175" for policy details.  Use the cmake_policy
  command to set the policy and suppress this warning.
Call Stack (most recent call first):
  emu/CMakeLists.txt:203 (add_executable_m7)
This warning is for project developers.  Use -Wno-dev to suppress it.

CMake Warning (dev) at cmake/toolchain-arm-none-eabi-gcc.cmake:224 (add_custom_command):
  The following keywords are not supported when using
  add_custom_command(TARGET): DEPENDS.

  Policy CMP0175 is not set: add_custom_command() rejects invalid arguments.
  Run "cmake --help-policy CMP0175" for policy details.  Use the cmake_policy
  command to set the policy and suppress this warning.
Call Stack (most recent call first):
  emu/CMakeLists.txt:203 (add_executable_m7)
This warning is for project developers.  Use -Wno-dev to suppress it.

CMake Warning (dev) at cmake/toolchain-arm-none-eabi-gcc.cmake:216 (add_custom_command):
  The following keywords are not supported when using
  add_custom_command(TARGET): DEPENDS.

  Policy CMP0175 is not set: add_custom_command() rejects invalid arguments.
  Run "cmake --help-policy CMP0175" for policy details.  Use the cmake_policy
  command to set the policy and suppress this warning.
Call Stack (most recent call first):
  emu/CMakeLists.txt:234 (add_executable_m7)
This warning is for project developers.  Use -Wno-dev to suppress it.

CMake Warning (dev) at cmake/toolchain-arm-none-eabi-gcc.cmake:220 (add_custom_command):
  The following keywords are not supported when using
  add_custom_command(TARGET): DEPENDS.

  Policy CMP0175 is not set: add_custom_command() rejects invalid arguments.
  Run "cmake --help-policy CMP0175" for policy details.  Use the cmake_policy
  command to set the policy and suppress this warning.
Call Stack (most recent call first):
  emu/CMakeLists.txt:234 (add_executable_m7)
This warning is for project developers.  Use -Wno-dev to suppress it.

CMake Warning (dev) at cmake/toolchain-arm-none-eabi-gcc.cmake:224 (add_custom_command):
  The following keywords are not supported when using
  add_custom_command(TARGET): DEPENDS.

  Policy CMP0175 is not set: add_custom_command() rejects invalid arguments.
  Run "cmake --help-policy CMP0175" for policy details.  Use the cmake_policy
  command to set the policy and suppress this warning.
Call Stack (most recent call first):
  emu/CMakeLists.txt:234 (add_executable_m7)
This warning is for project developers.  Use -Wno-dev to suppress it.

CMake Warning (dev) at cmake/toolchain-arm-none-eabi-gcc.cmake:216 (add_custom_command):
  The following keywords are not supported when using
  add_custom_command(TARGET): DEPENDS.

  Policy CMP0175 is not set: add_custom_command() rejects invalid arguments.
  Run "cmake --help-policy CMP0175" for policy details.  Use the cmake_policy
  command to set the policy and suppress this warning.
Call Stack (most recent call first):
  emu/CMakeLists.txt:265 (add_executable_m7)
This warning is for project developers.  Use -Wno-dev to suppress it.

CMake Warning (dev) at cmake/toolchain-arm-none-eabi-gcc.cmake:220 (add_custom_command):
  The following keywords are not supported when using
  add_custom_command(TARGET): DEPENDS.

  Policy CMP0175 is not set: add_custom_command() rejects invalid arguments.
  Run "cmake --help-policy CMP0175" for policy details.  Use the cmake_policy
  command to set the policy and suppress this warning.
Call Stack (most recent call first):
  emu/CMakeLists.txt:265 (add_executable_m7)
This warning is for project developers.  Use -Wno-dev to suppress it.

CMake Warning (dev) at cmake/toolchain-arm-none-eabi-gcc.cmake:224 (add_custom_command):
  The following keywords are not supported when using
  add_custom_command(TARGET): DEPENDS.

  Policy CMP0175 is not set: add_custom_command() rejects invalid arguments.
  Run "cmake --help-policy CMP0175" for policy details.  Use the cmake_policy
  command to set the policy and suppress this warning.
Call Stack (most recent call first):
  emu/CMakeLists.txt:265 (add_executable_m7)
This warning is for project developers.  Use -Wno-dev to suppress it.

CMake Warning (dev) at cmake/toolchain-arm-none-eabi-gcc.cmake:216 (add_custom_command):
  The following keywords are not supported when using
  add_custom_command(TARGET): DEPENDS.

  Policy CMP0175 is not set: add_custom_command() rejects invalid arguments.
  Run "cmake --help-policy CMP0175" for policy details.  Use the cmake_policy
  command to set the policy and suppress this warning.
Call Stack (most recent call first):
  emu/CMakeLists.txt:297 (add_executable_m7)
This warning is for project developers.  Use -Wno-dev to suppress it.

CMake Warning (dev) at cmake/toolchain-arm-none-eabi-gcc.cmake:220 (add_custom_command):
  The following keywords are not supported when using
  add_custom_command(TARGET): DEPENDS.

  Policy CMP0175 is not set: add_custom_command() rejects invalid arguments.
  Run "cmake --help-policy CMP0175" for policy details.  Use the cmake_policy
  command to set the policy and suppress this warning.
Call Stack (most recent call first):
  emu/CMakeLists.txt:297 (add_executable_m7)
This warning is for project developers.  Use -Wno-dev to suppress it.

CMake Warning (dev) at cmake/toolchain-arm-none-eabi-gcc.cmake:224 (add_custom_command):
  The following keywords are not supported when using
  add_custom_command(TARGET): DEPENDS.

  Policy CMP0175 is not set: add_custom_command() rejects invalid arguments.
  Run "cmake --help-policy CMP0175" for policy details.  Use the cmake_policy
  command to set the policy and suppress this warning.
Call Stack (most recent call first):
  emu/CMakeLists.txt:297 (add_executable_m7)
This warning is for project developers.  Use -Wno-dev to suppress it.

CMake Warning (dev) at cmake/toolchain-arm-none-eabi-gcc.cmake:216 (add_custom_command):
  The following keywords are not supported when using
  add_custom_command(TARGET): DEPENDS.

  Policy CMP0175 is not set: add_custom_command() rejects invalid arguments.
  Run "cmake --help-policy CMP0175" for policy details.  Use the cmake_policy
  command to set the policy and suppress this warning.
Call Stack (most recent call first):
  emu/CMakeLists.txt:332 (add_executable_m7)
This warning is for project developers.  Use -Wno-dev to suppress it.

CMake Warning (dev) at cmake/toolchain-arm-none-eabi-gcc.cmake:220 (add_custom_command):
  The following keywords are not supported when using
  add_custom_command(TARGET): DEPENDS.

  Policy CMP0175 is not set: add_custom_command() rejects invalid arguments.
  Run "cmake --help-policy CMP0175" for policy details.  Use the cmake_policy
  command to set the policy and suppress this warning.
Call Stack (most recent call first):
  emu/CMakeLists.txt:332 (add_executable_m7)
This warning is for project developers.  Use -Wno-dev to suppress it.

CMake Warning (dev) at cmake/toolchain-arm-none-eabi-gcc.cmake:224 (add_custom_command):
  The following keywords are not supported when using
  add_custom_command(TARGET): DEPENDS.

  Policy CMP0175 is not set: add_custom_command() rejects invalid arguments.
  Run "cmake --help-policy CMP0175" for policy details.  Use the cmake_policy
  command to set the policy and suppress this warning.
Call Stack (most recent call first):
  emu/CMakeLists.txt:332 (add_executable_m7)
This warning is for project developers.  Use -Wno-dev to suppress it.

CMake Warning (dev) at cmake/toolchain-arm-none-eabi-gcc.cmake:216 (add_custom_command):
  The following keywords are not supported when using
  add_custom_command(TARGET): DEPENDS.

  Policy CMP0175 is not set: add_custom_command() rejects invalid arguments.
  Run "cmake --help-policy CMP0175" for policy details.  Use the cmake_policy
  command to set the policy and suppress this warning.
Call Stack (most recent call first):
  emu/CMakeLists.txt:396 (add_executable_m7)
This warning is for project developers.  Use -Wno-dev to suppress it.

CMake Warning (dev) at cmake/toolchain-arm-none-eabi-gcc.cmake:220 (add_custom_command):
  The following keywords are not supported when using
  add_custom_command(TARGET): DEPENDS.

  Policy CMP0175 is not set: add_custom_command() rejects invalid arguments.
  Run "cmake --help-policy CMP0175" for policy details.  Use the cmake_policy
  command to set the policy and suppress this warning.
Call Stack (most recent call first):
  emu/CMakeLists.txt:396 (add_executable_m7)
This warning is for project developers.  Use -Wno-dev to suppress it.

CMake Warning (dev) at cmake/toolchain-arm-none-eabi-gcc.cmake:224 (add_custom_command):
  The following keywords are not supported when using
  add_custom_command(TARGET): DEPENDS.

  Policy CMP0175 is not set: add_custom_command() rejects invalid arguments.
  Run "cmake --help-policy CMP0175" for policy details.  Use the cmake_policy
  command to set the policy and suppress this warning.
Call Stack (most recent call first):
  emu/CMakeLists.txt:396 (add_executable_m7)
This warning is for project developers.  Use -Wno-dev to suppress it.

CMake Warning (dev) at cmake/toolchain-arm-none-eabi-gcc.cmake:216 (add_custom_command):
  The following keywords are not supported when using
  add_custom_command(TARGET): DEPENDS.

  Policy CMP0175 is not set: add_custom_command() rejects invalid arguments.
  Run "cmake --help-policy CMP0175" for policy details.  Use the cmake_policy
  command to set the policy and suppress this warning.
Call Stack (most recent call first):
  emu/CMakeLists.txt:430 (add_executable_m7)
This warning is for project developers.  Use -Wno-dev to suppress it.

CMake Warning (dev) at cmake/toolchain-arm-none-eabi-gcc.cmake:220 (add_custom_command):
  The following keywords are not supported when using
  add_custom_command(TARGET): DEPENDS.

  Policy CMP0175 is not set: add_custom_command() rejects invalid arguments.
  Run "cmake --help-policy CMP0175" for policy details.  Use the cmake_policy
  command to set the policy and suppress this warning.
Call Stack (most recent call first):
  emu/CMakeLists.txt:430 (add_executable_m7)
This warning is for project developers.  Use -Wno-dev to suppress it.

CMake Warning (dev) at cmake/toolchain-arm-none-eabi-gcc.cmake:224 (add_custom_command):
  The following keywords are not supported when using
  add_custom_command(TARGET): DEPENDS.

  Policy CMP0175 is not set: add_custom_command() rejects invalid arguments.
  Run "cmake --help-policy CMP0175" for policy details.  Use the cmake_policy
  command to set the policy and suppress this warning.
Call Stack (most recent call first):
  emu/CMakeLists.txt:430 (add_executable_m7)
This warning is for project developers.  Use -Wno-dev to suppress it.

CMake Warning (dev) at cmake/toolchain-arm-none-eabi-gcc.cmake:216 (add_custom_command):
  The following keywords are not supported when using
  add_custom_command(TARGET): DEPENDS.

  Policy CMP0175 is not set: add_custom_command() rejects invalid arguments.
  Run "cmake --help-policy CMP0175" for policy details.  Use the cmake_policy
  command to set the policy and suppress this warning.
Call Stack (most recent call first):
  emu/CMakeLists.txt:465 (add_executable_m7)
This warning is for project developers.  Use -Wno-dev to suppress it.

CMake Warning (dev) at cmake/toolchain-arm-none-eabi-gcc.cmake:220 (add_custom_command):
  The following keywords are not supported when using
  add_custom_command(TARGET): DEPENDS.

  Policy CMP0175 is not set: add_custom_command() rejects invalid arguments.
  Run "cmake --help-policy CMP0175" for policy details.  Use the cmake_policy
  command to set the policy and suppress this warning.
Call Stack (most recent call first):
  emu/CMakeLists.txt:465 (add_executable_m7)
This warning is for project developers.  Use -Wno-dev to suppress it.

CMake Warning (dev) at cmake/toolchain-arm-none-eabi-gcc.cmake:224 (add_custom_command):
  The following keywords are not supported when using
  add_custom_command(TARGET): DEPENDS.

  Policy CMP0175 is not set: add_custom_command() rejects invalid arguments.
  Run "cmake --help-policy CMP0175" for policy details.  Use the cmake_policy
  command to set the policy and suppress this warning.
Call Stack (most recent call first):
  emu/CMakeLists.txt:465 (add_executable_m7)
This warning is for project developers.  Use -Wno-dev to suppress it.

CMake Warning (dev) at cmake/toolchain-arm-none-eabi-gcc.cmake:216 (add_custom_command):
  The following keywords are not supported when using
  add_custom_command(TARGET): DEPENDS.

  Policy CMP0175 is not set: add_custom_command() rejects invalid arguments.
  Run "cmake --help-policy CMP0175" for policy details.  Use the cmake_policy
  command to set the policy and suppress this warning.
Call Stack (most recent call first):
  emu/CMakeLists.txt:503 (add_executable_m7)
This warning is for project developers.  Use -Wno-dev to suppress it.

CMake Warning (dev) at cmake/toolchain-arm-none-eabi-gcc.cmake:220 (add_custom_command):
  The following keywords are not supported when using
  add_custom_command(TARGET): DEPENDS.

  Policy CMP0175 is not set: add_custom_command() rejects invalid arguments.
  Run "cmake --help-policy CMP0175" for policy details.  Use the cmake_policy
  command to set the policy and suppress this warning.
Call Stack (most recent call first):
  emu/CMakeLists.txt:503 (add_executable_m7)
This warning is for project developers.  Use -Wno-dev to suppress it.

CMake Warning (dev) at cmake/toolchain-arm-none-eabi-gcc.cmake:224 (add_custom_command):
  The following keywords are not supported when using
  add_custom_command(TARGET): DEPENDS.

  Policy CMP0175 is not set: add_custom_command() rejects invalid arguments.
  Run "cmake --help-policy CMP0175" for policy details.  Use the cmake_policy
  command to set the policy and suppress this warning.
Call Stack (most recent call first):
  emu/CMakeLists.txt:503 (add_executable_m7)
This warning is for project developers.  Use -Wno-dev to suppress it.

CMake Warning (dev) at cmake/toolchain-arm-none-eabi-gcc.cmake:216 (add_custom_command):
  The following keywords are not supported when using
  add_custom_command(TARGET): DEPENDS.

  Policy CMP0175 is not set: add_custom_command() rejects invalid arguments.
  Run "cmake --help-policy CMP0175" for policy details.  Use the cmake_policy
  command to set the policy and suppress this warning.
Call Stack (most recent call first):
  emu/CMakeLists.txt:544 (add_executable_m7)
This warning is for project developers.  Use -Wno-dev to suppress it.

CMake Warning (dev) at cmake/toolchain-arm-none-eabi-gcc.cmake:220 (add_custom_command):
  The following keywords are not supported when using
  add_custom_command(TARGET): DEPENDS.

  Policy CMP0175 is not set: add_custom_command() rejects invalid arguments.
  Run "cmake --help-policy CMP0175" for policy details.  Use the cmake_policy
  command to set the policy and suppress this warning.
Call Stack (most recent call first):
  emu/CMakeLists.txt:544 (add_executable_m7)
This warning is for project developers.  Use -Wno-dev to suppress it.

CMake Warning (dev) at cmake/toolchain-arm-none-eabi-gcc.cmake:224 (add_custom_command):
  The following keywords are not supported when using
  add_custom_command(TARGET): DEPENDS.

  Policy CMP0175 is not set: add_custom_command() rejects invalid arguments.
  Run "cmake --help-policy CMP0175" for policy details.  Use the cmake_policy
  command to set the policy and suppress this warning.
Call Stack (most recent call first):
  emu/CMakeLists.txt:544 (add_executable_m7)
This warning is for project developers.  Use -Wno-dev to suppress it.

CMake Warning (dev) at cmake/toolchain-arm-none-eabi-gcc.cmake:216 (add_custom_command):
  The following keywords are not supported when using
  add_custom_command(TARGET): DEPENDS.

  Policy CMP0175 is not set: add_custom_command() rejects invalid arguments.
  Run "cmake --help-policy CMP0175" for policy details.  Use the cmake_policy
  command to set the policy and suppress this warning.
Call Stack (most recent call first):
  emu/CMakeLists.txt:587 (add_executable_m7)
This warning is for project developers.  Use -Wno-dev to suppress it.

CMake Warning (dev) at cmake/toolchain-arm-none-eabi-gcc.cmake:220 (add_custom_command):
  The following keywords are not supported when using
  add_custom_command(TARGET): DEPENDS.

  Policy CMP0175 is not set: add_custom_command() rejects invalid arguments.
  Run "cmake --help-policy CMP0175" for policy details.  Use the cmake_policy
  command to set the policy and suppress this warning.
Call Stack (most recent call first):
  emu/CMakeLists.txt:587 (add_executable_m7)
This warning is for project developers.  Use -Wno-dev to suppress it.

CMake Warning (dev) at cmake/toolchain-arm-none-eabi-gcc.cmake:224 (add_custom_command):
  The following keywords are not supported when using
  add_custom_command(TARGET): DEPENDS.

  Policy CMP0175 is not set: add_custom_command() rejects invalid arguments.
  Run "cmake --help-policy CMP0175" for policy details.  Use the cmake_policy
  command to set the policy and suppress this warning.
Call Stack (most recent call first):
  emu/CMakeLists.txt:587 (add_executable_m7)
This warning is for project developers.  Use -Wno-dev to suppress it.

CMake Warning (dev) at cmake/toolchain-arm-none-eabi-gcc.cmake:216 (add_custom_command):
  The following keywords are not supported when using
  add_custom_command(TARGET): DEPENDS.

  Policy CMP0175 is not set: add_custom_command() rejects invalid arguments.
  Run "cmake --help-policy CMP0175" for policy details.  Use the cmake_policy
  command to set the policy and suppress this warning.
Call Stack (most recent call first):
  emu/CMakeLists.txt:630 (add_executable_m7)
This warning is for project developers.  Use -Wno-dev to suppress it.

CMake Warning (dev) at cmake/toolchain-arm-none-eabi-gcc.cmake:220 (add_custom_command):
  The following keywords are not supported when using
  add_custom_command(TARGET): DEPENDS.

  Policy CMP0175 is not set: add_custom_command() rejects invalid arguments.
  Run "cmake --help-policy CMP0175" for policy details.  Use the cmake_policy
  command to set the policy and suppress this warning.
Call Stack (most recent call first):
  emu/CMakeLists.txt:630 (add_executable_m7)
This warning is for project developers.  Use -Wno-dev to suppress it.

CMake Warning (dev) at cmake/toolchain-arm-none-eabi-gcc.cmake:224 (add_custom_command):
  The following keywords are not supported when using
  add_custom_command(TARGET): DEPENDS.

  Policy CMP0175 is not set: add_custom_command() rejects invalid arguments.
  Run "cmake --help-policy CMP0175" for policy details.  Use the cmake_policy
  command to set the policy and suppress this warning.
Call Stack (most recent call first):
  emu/CMakeLists.txt:630 (add_executable_m7)
This warning is for project developers.  Use -Wno-dev to suppress it.

CMake Warning (dev) at cmake/toolchain-arm-none-eabi-gcc.cmake:216 (add_custom_command):
  The following keywords are not supported when using
  add_custom_command(TARGET): DEPENDS.

  Policy CMP0175 is not set: add_custom_command() rejects invalid arguments.
  Run "cmake --help-policy CMP0175" for policy details.  Use the cmake_policy
  command to set the policy and suppress this warning.
Call Stack (most recent call first):
  emu/CMakeLists.txt:674 (add_executable_m7)
This warning is for project developers.  Use -Wno-dev to suppress it.

CMake Warning (dev) at cmake/toolchain-arm-none-eabi-gcc.cmake:220 (add_custom_command):
  The following keywords are not supported when using
  add_custom_command(TARGET): DEPENDS.

  Policy CMP0175 is not set: add_custom_command() rejects invalid arguments.
  Run "cmake --help-policy CMP0175" for policy details.  Use the cmake_policy
  command to set the policy and suppress this warning.
Call Stack (most recent call first):
  emu/CMakeLists.txt:674 (add_executable_m7)
This warning is for project developers.  Use -Wno-dev to suppress it.

CMake Warning (dev) at cmake/toolchain-arm-none-eabi-gcc.cmake:224 (add_custom_command):
  The following keywords are not supported when using
  add_custom_command(TARGET): DEPENDS.

  Policy CMP0175 is not set: add_custom_command() rejects invalid arguments.
  Run "cmake --help-policy CMP0175" for policy details.  Use the cmake_policy
  command to set the policy and suppress this warning.
Call Stack (most recent call first):
  emu/CMakeLists.txt:674 (add_executable_m7)
This warning is for project developers.  Use -Wno-dev to suppress it.

CMake Warning (dev) at cmake/toolchain-arm-none-eabi-gcc.cmake:216 (add_custom_command):
  The following keywords are not supported when using
  add_custom_command(TARGET): DEPENDS.

  Policy CMP0175 is not set: add_custom_command() rejects invalid arguments.
  Run "cmake --help-policy CMP0175" for policy details.  Use the cmake_policy
  command to set the policy and suppress this warning.
Call Stack (most recent call first):
  emu/CMakeLists.txt:722 (add_executable_m7)
This warning is for project developers.  Use -Wno-dev to suppress it.

CMake Warning (dev) at cmake/toolchain-arm-none-eabi-gcc.cmake:220 (add_custom_command):
  The following keywords are not supported when using
  add_custom_command(TARGET): DEPENDS.

  Policy CMP0175 is not set: add_custom_command() rejects invalid arguments.
  Run "cmake --help-policy CMP0175" for policy details.  Use the cmake_policy
  command to set the policy and suppress this warning.
Call Stack (most recent call first):
  emu/CMakeLists.txt:722 (add_executable_m7)
This warning is for project developers.  Use -Wno-dev to suppress it.

CMake Warning (dev) at cmake/toolchain-arm-none-eabi-gcc.cmake:224 (add_custom_command):
  The following keywords are not supported when using
  add_custom_command(TARGET): DEPENDS.

  Policy CMP0175 is not set: add_custom_command() rejects invalid arguments.
  Run "cmake --help-policy CMP0175" for policy details.  Use the cmake_policy
  command to set the policy and suppress this warning.
Call Stack (most recent call first):
  emu/CMakeLists.txt:722 (add_executable_m7)
This warning is for project developers.  Use -Wno-dev to suppress it.

CMake Warning (dev) at cmake/toolchain-arm-none-eabi-gcc.cmake:216 (add_custom_command):
  The following keywords are not supported when using
  add_custom_command(TARGET): DEPENDS.

  Policy CMP0175 is not set: add_custom_command() rejects invalid arguments.
  Run "cmake --help-policy CMP0175" for policy details.  Use the cmake_policy
  command to set the policy and suppress this warning.
Call Stack (most recent call first):
  emu/CMakeLists.txt:790 (add_executable_m7)
This warning is for project developers.  Use -Wno-dev to suppress it.

CMake Warning (dev) at cmake/toolchain-arm-none-eabi-gcc.cmake:220 (add_custom_command):
  The following keywords are not supported when using
  add_custom_command(TARGET): DEPENDS.

  Policy CMP0175 is not set: add_custom_command() rejects invalid arguments.
  Run "cmake --help-policy CMP0175" for policy details.  Use the cmake_policy
  command to set the policy and suppress this warning.
Call Stack (most recent call first):
  emu/CMakeLists.txt:790 (add_executable_m7)
This warning is for project developers.  Use -Wno-dev to suppress it.

CMake Warning (dev) at cmake/toolchain-arm-none-eabi-gcc.cmake:224 (add_custom_command):
  The following keywords are not supported when using
  add_custom_command(TARGET): DEPENDS.

  Policy CMP0175 is not set: add_custom_command() rejects invalid arguments.
  Run "cmake --help-policy CMP0175" for policy details.  Use the cmake_policy
  command to set the policy and suppress this warning.
Call Stack (most recent call first):
  emu/CMakeLists.txt:790 (add_executable_m7)
This warning is for project developers.  Use -Wno-dev to suppress it.

CMake Warning (dev) at cmake/toolchain-arm-none-eabi-gcc.cmake:216 (add_custom_command):
  The following keywords are not supported when using
  add_custom_command(TARGET): DEPENDS.

  Policy CMP0175 is not set: add_custom_command() rejects invalid arguments.
  Run "cmake --help-policy CMP0175" for policy details.  Use the cmake_policy
  command to set the policy and suppress this warning.
Call Stack (most recent call first):
  emu/CMakeLists.txt:828 (add_executable_m7)
This warning is for project developers.  Use -Wno-dev to suppress it.

CMake Warning (dev) at cmake/toolchain-arm-none-eabi-gcc.cmake:220 (add_custom_command):
  The following keywords are not supported when using
  add_custom_command(TARGET): DEPENDS.

  Policy CMP0175 is not set: add_custom_command() rejects invalid arguments.
  Run "cmake --help-policy CMP0175" for policy details.  Use the cmake_policy
  command to set the policy and suppress this warning.
Call Stack (most recent call first):
  emu/CMakeLists.txt:828 (add_executable_m7)
This warning is for project developers.  Use -Wno-dev to suppress it.

CMake Warning (dev) at cmake/toolchain-arm-none-eabi-gcc.cmake:224 (add_custom_command):
  The following keywords are not supported when using
  add_custom_command(TARGET): DEPENDS.

  Policy CMP0175 is not set: add_custom_command() rejects invalid arguments.
  Run "cmake --help-policy CMP0175" for policy details.  Use the cmake_policy
  command to set the policy and suppress this warning.
Call Stack (most recent call first):
  emu/CMakeLists.txt:828 (add_executable_m7)
This warning is for project developers.  Use -Wno-dev to suppress it.

CMake Warning (dev) at cmake/toolchain-arm-none-eabi-gcc.cmake:216 (add_custom_command):
  The following keywords are not supported when using
  add_custom_command(TARGET): DEPENDS.

  Policy CMP0175 is not set: add_custom_command() rejects invalid arguments.
  Run "cmake --help-policy CMP0175" for policy details.  Use the cmake_policy
  command to set the policy and suppress this warning.
Call Stack (most recent call first):
  emu/CMakeLists.txt:845 (add_executable_m7)
This warning is for project developers.  Use -Wno-dev to suppress it.

CMake Warning (dev) at cmake/toolchain-arm-none-eabi-gcc.cmake:220 (add_custom_command):
  The following keywords are not supported when using
  add_custom_command(TARGET): DEPENDS.

  Policy CMP0175 is not set: add_custom_command() rejects invalid arguments.
  Run "cmake --help-policy CMP0175" for policy details.  Use the cmake_policy
  command to set the policy and suppress this warning.
Call Stack (most recent call first):
  emu/CMakeLists.txt:845 (add_executable_m7)
This warning is for project developers.  Use -Wno-dev to suppress it.

CMake Warning (dev) at cmake/toolchain-arm-none-eabi-gcc.cmake:224 (add_custom_command):
  The following keywords are not supported when using
  add_custom_command(TARGET): DEPENDS.

  Policy CMP0175 is not set: add_custom_command() rejects invalid arguments.
  Run "cmake --help-policy CMP0175" for policy details.  Use the cmake_policy
  command to set the policy and suppress this warning.
Call Stack (most recent call first):
  emu/CMakeLists.txt:845 (add_executable_m7)
This warning is for project developers.  Use -Wno-dev to suppress it.

CMake Warning (dev) at cmake/toolchain-arm-none-eabi-gcc.cmake:216 (add_custom_command):
  The following keywords are not supported when using
  add_custom_command(TARGET): DEPENDS.

  Policy CMP0175 is not set: add_custom_command() rejects invalid arguments.
  Run "cmake --help-policy CMP0175" for policy details.  Use the cmake_policy
  command to set the policy and suppress this warning.
Call Stack (most recent call first):
  emu/CMakeLists.txt:878 (add_executable_m7)
This warning is for project developers.  Use -Wno-dev to suppress it.

CMake Warning (dev) at cmake/toolchain-arm-none-eabi-gcc.cmake:220 (add_custom_command):
  The following keywords are not supported when using
  add_custom_command(TARGET): DEPENDS.

  Policy CMP0175 is not set: add_custom_command() rejects invalid arguments.
  Run "cmake --help-policy CMP0175" for policy details.  Use the cmake_policy
  command to set the policy and suppress this warning.
Call Stack (most recent call first):
  emu/CMakeLists.txt:878 (add_executable_m7)
This warning is for project developers.  Use -Wno-dev to suppress it.

CMake Warning (dev) at cmake/toolchain-arm-none-eabi-gcc.cmake:224 (add_custom_command):
  The following keywords are not supported when using
  add_custom_command(TARGET): DEPENDS.

  Policy CMP0175 is not set: add_custom_command() rejects invalid arguments.
  Run "cmake --help-policy CMP0175" for policy details.  Use the cmake_policy
  command to set the policy and suppress this warning.
Call Stack (most recent call first):
  emu/CMakeLists.txt:878 (add_executable_m7)
This warning is for project developers.  Use -Wno-dev to suppress it.

CMake Warning (dev) at cmake/toolchain-arm-none-eabi-gcc.cmake:216 (add_custom_command):
  The following keywords are not supported when using
  add_custom_command(TARGET): DEPENDS.

  Policy CMP0175 is not set: add_custom_command() rejects invalid arguments.
  Run "cmake --help-policy CMP0175" for policy details.  Use the cmake_policy
  command to set the policy and suppress this warning.
Call Stack (most recent call first):
  emu/CMakeLists.txt:901 (add_executable_m7)
This warning is for project developers.  Use -Wno-dev to suppress it.

CMake Warning (dev) at cmake/toolchain-arm-none-eabi-gcc.cmake:220 (add_custom_command):
  The following keywords are not supported when using
  add_custom_command(TARGET): DEPENDS.

  Policy CMP0175 is not set: add_custom_command() rejects invalid arguments.
  Run "cmake --help-policy CMP0175" for policy details.  Use the cmake_policy
  command to set the policy and suppress this warning.
Call Stack (most recent call first):
  emu/CMakeLists.txt:901 (add_executable_m7)
This warning is for project developers.  Use -Wno-dev to suppress it.

CMake Warning (dev) at cmake/toolchain-arm-none-eabi-gcc.cmake:224 (add_custom_command):
  The following keywords are not supported when using
  add_custom_command(TARGET): DEPENDS.

  Policy CMP0175 is not set: add_custom_command() rejects invalid arguments.
  Run "cmake --help-policy CMP0175" for policy details.  Use the cmake_policy
  command to set the policy and suppress this warning.
Call Stack (most recent call first):
  emu/CMakeLists.txt:901 (add_executable_m7)
This warning is for project developers.  Use -Wno-dev to suppress it.

CMake Warning (dev) at cmake/toolchain-arm-none-eabi-gcc.cmake:216 (add_custom_command):
  The following keywords are not supported when using
  add_custom_command(TARGET): DEPENDS.

  Policy CMP0175 is not set: add_custom_command() rejects invalid arguments.
  Run "cmake --help-policy CMP0175" for policy details.  Use the cmake_policy
  command to set the policy and suppress this warning.
Call Stack (most recent call first):
  emu/CMakeLists.txt:925 (add_executable_m7)
This warning is for project developers.  Use -Wno-dev to suppress it.

CMake Warning (dev) at cmake/toolchain-arm-none-eabi-gcc.cmake:220 (add_custom_command):
  The following keywords are not supported when using
  add_custom_command(TARGET): DEPENDS.

  Policy CMP0175 is not set: add_custom_command() rejects invalid arguments.
  Run "cmake --help-policy CMP0175" for policy details.  Use the cmake_policy
  command to set the policy and suppress this warning.
Call Stack (most recent call first):
  emu/CMakeLists.txt:925 (add_executable_m7)
This warning is for project developers.  Use -Wno-dev to suppress it.

CMake Warning (dev) at cmake/toolchain-arm-none-eabi-gcc.cmake:224 (add_custom_command):
  The following keywords are not supported when using
  add_custom_command(TARGET): DEPENDS.

  Policy CMP0175 is not set: add_custom_command() rejects invalid arguments.
  Run "cmake --help-policy CMP0175" for policy details.  Use the cmake_policy
  command to set the policy and suppress this warning.
Call Stack (most recent call first):
  emu/CMakeLists.txt:925 (add_executable_m7)
This warning is for project developers.  Use -Wno-dev to suppress it.

CMake Warning (dev) at cmake/toolchain-arm-none-eabi-gcc.cmake:216 (add_custom_command):
  The following keywords are not supported when using
  add_custom_command(TARGET): DEPENDS.

  Policy CMP0175 is not set: add_custom_command() rejects invalid arguments.
  Run "cmake --help-policy CMP0175" for policy details.  Use the cmake_policy
  command to set the policy and suppress this warning.
Call Stack (most recent call first):
  emu/CMakeLists.txt:961 (add_executable_m7)
This warning is for project developers.  Use -Wno-dev to suppress it.

CMake Warning (dev) at cmake/toolchain-arm-none-eabi-gcc.cmake:220 (add_custom_command):
  The following keywords are not supported when using
  add_custom_command(TARGET): DEPENDS.

  Policy CMP0175 is not set: add_custom_command() rejects invalid arguments.
  Run "cmake --help-policy CMP0175" for policy details.  Use the cmake_policy
  command to set the policy and suppress this warning.
Call Stack (most recent call first):
  emu/CMakeLists.txt:961 (add_executable_m7)
This warning is for project developers.  Use -Wno-dev to suppress it.

CMake Warning (dev) at cmake/toolchain-arm-none-eabi-gcc.cmake:224 (add_custom_command):
  The following keywords are not supported when using
  add_custom_command(TARGET): DEPENDS.

  Policy CMP0175 is not set: add_custom_command() rejects invalid arguments.
  Run "cmake --help-policy CMP0175" for policy details.  Use the cmake_policy
  command to set the policy and suppress this warning.
Call Stack (most recent call first):
  emu/CMakeLists.txt:961 (add_executable_m7)
This warning is for project developers.  Use -Wno-dev to suppress it.

CMake Warning (dev) at cmake/toolchain-arm-none-eabi-gcc.cmake:216 (add_custom_command):
  The following keywords are not supported when using
  add_custom_command(TARGET): DEPENDS.

  Policy CMP0175 is not set: add_custom_command() rejects invalid arguments.
  Run "cmake --help-policy CMP0175" for policy details.  Use the cmake_policy
  command to set the policy and suppress this warning.
Call Stack (most recent call first):
  emu/CMakeLists.txt:987 (add_executable_m7)
This warning is for project developers.  Use -Wno-dev to suppress it.

CMake Warning (dev) at cmake/toolchain-arm-none-eabi-gcc.cmake:220 (add_custom_command):
  The following keywords are not supported when using
  add_custom_command(TARGET): DEPENDS.

  Policy CMP0175 is not set: add_custom_command() rejects invalid arguments.
  Run "cmake --help-policy CMP0175" for policy details.  Use the cmake_policy
  command to set the policy and suppress this warning.
Call Stack (most recent call first):
  emu/CMakeLists.txt:987 (add_executable_m7)
This warning is for project developers.  Use -Wno-dev to suppress it.

CMake Warning (dev) at cmake/toolchain-arm-none-eabi-gcc.cmake:224 (add_custom_command):
  The following keywords are not supported when using
  add_custom_command(TARGET): DEPENDS.

  Policy CMP0175 is not set: add_custom_command() rejects invalid arguments.
  Run "cmake --help-policy CMP0175" for policy details.  Use the cmake_policy
  command to set the policy and suppress this warning.
Call Stack (most recent call first):
  emu/CMakeLists.txt:987 (add_executable_m7)
This warning is for project developers.  Use -Wno-dev to suppress it.

CMake Warning (dev) at cmake/toolchain-arm-none-eabi-gcc.cmake:216 (add_custom_command):
  The following keywords are not supported when using
  add_custom_command(TARGET): DEPENDS.

  Policy CMP0175 is not set: add_custom_command() rejects invalid arguments.
  Run "cmake --help-policy CMP0175" for policy details.  Use the cmake_policy
  command to set the policy and suppress this warning.
Call Stack (most recent call first):
  emu/CMakeLists.txt:1013 (add_executable_m7)
This warning is for project developers.  Use -Wno-dev to suppress it.

CMake Warning (dev) at cmake/toolchain-arm-none-eabi-gcc.cmake:220 (add_custom_command):
  The following keywords are not supported when using
  add_custom_command(TARGET): DEPENDS.

  Policy CMP0175 is not set: add_custom_command() rejects invalid arguments.
  Run "cmake --help-policy CMP0175" for policy details.  Use the cmake_policy
  command to set the policy and suppress this warning.
Call Stack (most recent call first):
  emu/CMakeLists.txt:1013 (add_executable_m7)
This warning is for project developers.  Use -Wno-dev to suppress it.

CMake Warning (dev) at cmake/toolchain-arm-none-eabi-gcc.cmake:224 (add_custom_command):
  The following keywords are not supported when using
  add_custom_command(TARGET): DEPENDS.

  Policy CMP0175 is not set: add_custom_command() rejects invalid arguments.
  Run "cmake --help-policy CMP0175" for policy details.  Use the cmake_policy
  command to set the policy and suppress this warning.
Call Stack (most recent call first):
  emu/CMakeLists.txt:1013 (add_executable_m7)
This warning is for project developers.  Use -Wno-dev to suppress it.

CMake Warning (dev) at cmake/toolchain-arm-none-eabi-gcc.cmake:216 (add_custom_command):
  The following keywords are not supported when using
  add_custom_command(TARGET): DEPENDS.

  Policy CMP0175 is not set: add_custom_command() rejects invalid arguments.
  Run "cmake --help-policy CMP0175" for policy details.  Use the cmake_policy
  command to set the policy and suppress this warning.
Call Stack (most recent call first):
  emu/CMakeLists.txt:1039 (add_executable_m7)
This warning is for project developers.  Use -Wno-dev to suppress it.

CMake Warning (dev) at cmake/toolchain-arm-none-eabi-gcc.cmake:220 (add_custom_command):
  The following keywords are not supported when using
  add_custom_command(TARGET): DEPENDS.

  Policy CMP0175 is not set: add_custom_command() rejects invalid arguments.
  Run "cmake --help-policy CMP0175" for policy details.  Use the cmake_policy
  command to set the policy and suppress this warning.
Call Stack (most recent call first):
  emu/CMakeLists.txt:1039 (add_executable_m7)
This warning is for project developers.  Use -Wno-dev to suppress it.

CMake Warning (dev) at cmake/toolchain-arm-none-eabi-gcc.cmake:224 (add_custom_command):
  The following keywords are not supported when using
  add_custom_command(TARGET): DEPENDS.

  Policy CMP0175 is not set: add_custom_command() rejects invalid arguments.
  Run "cmake --help-policy CMP0175" for policy details.  Use the cmake_policy
  command to set the policy and suppress this warning.
Call Stack (most recent call first):
  emu/CMakeLists.txt:1039 (add_executable_m7)
This warning is for project developers.  Use -Wno-dev to suppress it.

CMake Warning (dev) at cmake/toolchain-arm-none-eabi-gcc.cmake:216 (add_custom_command):
  The following keywords are not supported when using
  add_custom_command(TARGET): DEPENDS.

  Policy CMP0175 is not set: add_custom_command() rejects invalid arguments.
  Run "cmake --help-policy CMP0175" for policy details.  Use the cmake_policy
  command to set the policy and suppress this warning.
Call Stack (most recent call first):
  emu/CMakeLists.txt:1065 (add_executable_m7)
This warning is for project developers.  Use -Wno-dev to suppress it.

CMake Warning (dev) at cmake/toolchain-arm-none-eabi-gcc.cmake:220 (add_custom_command):
  The following keywords are not supported when using
  add_custom_command(TARGET): DEPENDS.

  Policy CMP0175 is not set: add_custom_command() rejects invalid arguments.
  Run "cmake --help-policy CMP0175" for policy details.  Use the cmake_policy
  command to set the policy and suppress this warning.
Call Stack (most recent call first):
  emu/CMakeLists.txt:1065 (add_executable_m7)
This warning is for project developers.  Use -Wno-dev to suppress it.

CMake Warning (dev) at cmake/toolchain-arm-none-eabi-gcc.cmake:224 (add_custom_command):
  The following keywords are not supported when using
  add_custom_command(TARGET): DEPENDS.

  Policy CMP0175 is not set: add_custom_command() rejects invalid arguments.
  Run "cmake --help-policy CMP0175" for policy details.  Use the cmake_policy
  command to set the policy and suppress this warning.
Call Stack (most recent call first):
  emu/CMakeLists.txt:1065 (add_executable_m7)
This warning is for project developers.  Use -Wno-dev to suppress it.

CMake Warning (dev) at cmake/toolchain-arm-none-eabi-gcc.cmake:216 (add_custom_command):
  The following keywords are not supported when using
  add_custom_command(TARGET): DEPENDS.

  Policy CMP0175 is not set: add_custom_command() rejects invalid arguments.
  Run "cmake --help-policy CMP0175" for policy details.  Use the cmake_policy
  command to set the policy and suppress this warning.
Call Stack (most recent call first):
  emu/CMakeLists.txt:1091 (add_executable_m7)
This warning is for project developers.  Use -Wno-dev to suppress it.

CMake Warning (dev) at cmake/toolchain-arm-none-eabi-gcc.cmake:220 (add_custom_command):
  The following keywords are not supported when using
  add_custom_command(TARGET): DEPENDS.

  Policy CMP0175 is not set: add_custom_command() rejects invalid arguments.
  Run "cmake --help-policy CMP0175" for policy details.  Use the cmake_policy
  command to set the policy and suppress this warning.
Call Stack (most recent call first):
  emu/CMakeLists.txt:1091 (add_executable_m7)
This warning is for project developers.  Use -Wno-dev to suppress it.

CMake Warning (dev) at cmake/toolchain-arm-none-eabi-gcc.cmake:224 (add_custom_command):
  The following keywords are not supported when using
  add_custom_command(TARGET): DEPENDS.

  Policy CMP0175 is not set: add_custom_command() rejects invalid arguments.
  Run "cmake --help-policy CMP0175" for policy details.  Use the cmake_policy
  command to set the policy and suppress this warning.
Call Stack (most recent call first):
  emu/CMakeLists.txt:1091 (add_executable_m7)
This warning is for project developers.  Use -Wno-dev to suppress it.

CMake Warning (dev) at cmake/toolchain-arm-none-eabi-gcc.cmake:216 (add_custom_command):
  The following keywords are not supported when using
  add_custom_command(TARGET): DEPENDS.

  Policy CMP0175 is not set: add_custom_command() rejects invalid arguments.
  Run "cmake --help-policy CMP0175" for policy details.  Use the cmake_policy
  command to set the policy and suppress this warning.
Call Stack (most recent call first):
  emu/CMakeLists.txt:1133 (add_executable_m7)
This warning is for project developers.  Use -Wno-dev to suppress it.

CMake Warning (dev) at cmake/toolchain-arm-none-eabi-gcc.cmake:220 (add_custom_command):
  The following keywords are not supported when using
  add_custom_command(TARGET): DEPENDS.

  Policy CMP0175 is not set: add_custom_command() rejects invalid arguments.
  Run "cmake --help-policy CMP0175" for policy details.  Use the cmake_policy
  command to set the policy and suppress this warning.
Call Stack (most recent call first):
  emu/CMakeLists.txt:1133 (add_executable_m7)
This warning is for project developers.  Use -Wno-dev to suppress it.

CMake Warning (dev) at cmake/toolchain-arm-none-eabi-gcc.cmake:224 (add_custom_command):
  The following keywords are not supported when using
  add_custom_command(TARGET): DEPENDS.

  Policy CMP0175 is not set: add_custom_command() rejects invalid arguments.
  Run "cmake --help-policy CMP0175" for policy details.  Use the cmake_policy
  command to set the policy and suppress this warning.
Call Stack (most recent call first):
  emu/CMakeLists.txt:1133 (add_executable_m7)
This warning is for project developers.  Use -Wno-dev to suppress it.

CMake Warning (dev) at cmake/toolchain-arm-none-eabi-gcc.cmake:216 (add_custom_command):
  The following keywords are not supported when using
  add_custom_command(TARGET): DEPENDS.

  Policy CMP0175 is not set: add_custom_command() rejects invalid arguments.
  Run "cmake --help-policy CMP0175" for policy details.  Use the cmake_policy
  command to set the policy and suppress this warning.
Call Stack (most recent call first):
  emu/CMakeLists.txt:1169 (add_executable_m7)
This warning is for project developers.  Use -Wno-dev to suppress it.

CMake Warning (dev) at cmake/toolchain-arm-none-eabi-gcc.cmake:220 (add_custom_command):
  The following keywords are not supported when using
  add_custom_command(TARGET): DEPENDS.

  Policy CMP0175 is not set: add_custom_command() rejects invalid arguments.
  Run "cmake --help-policy CMP0175" for policy details.  Use the cmake_policy
  command to set the policy and suppress this warning.
Call Stack (most recent call first):
  emu/CMakeLists.txt:1169 (add_executable_m7)
This warning is for project developers.  Use -Wno-dev to suppress it.

CMake Warning (dev) at cmake/toolchain-arm-none-eabi-gcc.cmake:224 (add_custom_command):
  The following keywords are not supported when using
  add_custom_command(TARGET): DEPENDS.

  Policy CMP0175 is not set: add_custom_command() rejects invalid arguments.
  Run "cmake --help-policy CMP0175" for policy details.  Use the cmake_policy
  command to set the policy and suppress this warning.
Call Stack (most recent call first):
  emu/CMakeLists.txt:1169 (add_executable_m7)
This warning is for project developers.  Use -Wno-dev to suppress it.

CMake Warning (dev) at cmake/toolchain-arm-none-eabi-gcc.cmake:216 (add_custom_command):
  The following keywords are not supported when using
  add_custom_command(TARGET): DEPENDS.

  Policy CMP0175 is not set: add_custom_command() rejects invalid arguments.
  Run "cmake --help-policy CMP0175" for policy details.  Use the cmake_policy
  command to set the policy and suppress this warning.
Call Stack (most recent call first):
  emu/CMakeLists.txt:1216 (add_executable_m7)
This warning is for project developers.  Use -Wno-dev to suppress it.

CMake Warning (dev) at cmake/toolchain-arm-none-eabi-gcc.cmake:220 (add_custom_command):
  The following keywords are not supported when using
  add_custom_command(TARGET): DEPENDS.

  Policy CMP0175 is not set: add_custom_command() rejects invalid arguments.
  Run "cmake --help-policy CMP0175" for policy details.  Use the cmake_policy
  command to set the policy and suppress this warning.
Call Stack (most recent call first):
  emu/CMakeLists.txt:1216 (add_executable_m7)
This warning is for project developers.  Use -Wno-dev to suppress it.

CMake Warning (dev) at cmake/toolchain-arm-none-eabi-gcc.cmake:224 (add_custom_command):
  The following keywords are not supported when using
  add_custom_command(TARGET): DEPENDS.

  Policy CMP0175 is not set: add_custom_command() rejects invalid arguments.
  Run "cmake --help-policy CMP0175" for policy details.  Use the cmake_policy
  command to set the policy and suppress this warning.
Call Stack (most recent call first):
  emu/CMakeLists.txt:1216 (add_executable_m7)
This warning is for project developers.  Use -Wno-dev to suppress it.

CMake Warning (dev) at cmake/toolchain-arm-none-eabi-gcc.cmake:216 (add_custom_command):
  The following keywords are not supported when using
  add_custom_command(TARGET): DEPENDS.

  Policy CMP0175 is not set: add_custom_command() rejects invalid arguments.
  Run "cmake --help-policy CMP0175" for policy details.  Use the cmake_policy
  command to set the policy and suppress this warning.
Call Stack (most recent call first):
  emu/CMakeLists.txt:1251 (add_executable_m7)
This warning is for project developers.  Use -Wno-dev to suppress it.

CMake Warning (dev) at cmake/toolchain-arm-none-eabi-gcc.cmake:220 (add_custom_command):
  The following keywords are not supported when using
  add_custom_command(TARGET): DEPENDS.

  Policy CMP0175 is not set: add_custom_command() rejects invalid arguments.
  Run "cmake --help-policy CMP0175" for policy details.  Use the cmake_policy
  command to set the policy and suppress this warning.
Call Stack (most recent call first):
  emu/CMakeLists.txt:1251 (add_executable_m7)
This warning is for project developers.  Use -Wno-dev to suppress it.

CMake Warning (dev) at cmake/toolchain-arm-none-eabi-gcc.cmake:224 (add_custom_command):
  The following keywords are not supported when using
  add_custom_command(TARGET): DEPENDS.

  Policy CMP0175 is not set: add_custom_command() rejects invalid arguments.
  Run "cmake --help-policy CMP0175" for policy details.  Use the cmake_policy
  command to set the policy and suppress this warning.
Call Stack (most recent call first):
  emu/CMakeLists.txt:1251 (add_executable_m7)
This warning is for project developers.  Use -Wno-dev to suppress it.

CMake Warning (dev) at cmake/toolchain-arm-none-eabi-gcc.cmake:216 (add_custom_command):
  The following keywords are not supported when using
  add_custom_command(TARGET): DEPENDS.

  Policy CMP0175 is not set: add_custom_command() rejects invalid arguments.
  Run "cmake --help-policy CMP0175" for policy details.  Use the cmake_policy
  command to set the policy and suppress this warning.
Call Stack (most recent call first):
  emu/CMakeLists.txt:1282 (add_executable_m7)
This warning is for project developers.  Use -Wno-dev to suppress it.

CMake Warning (dev) at cmake/toolchain-arm-none-eabi-gcc.cmake:220 (add_custom_command):
  The following keywords are not supported when using
  add_custom_command(TARGET): DEPENDS.

  Policy CMP0175 is not set: add_custom_command() rejects invalid arguments.
  Run "cmake --help-policy CMP0175" for policy details.  Use the cmake_policy
  command to set the policy and suppress this warning.
Call Stack (most recent call first):
  emu/CMakeLists.txt:1282 (add_executable_m7)
This warning is for project developers.  Use -Wno-dev to suppress it.

CMake Warning (dev) at cmake/toolchain-arm-none-eabi-gcc.cmake:224 (add_custom_command):
  The following keywords are not supported when using
  add_custom_command(TARGET): DEPENDS.

  Policy CMP0175 is not set: add_custom_command() rejects invalid arguments.
  Run "cmake --help-policy CMP0175" for policy details.  Use the cmake_policy
  command to set the policy and suppress this warning.
Call Stack (most recent call first):
  emu/CMakeLists.txt:1282 (add_executable_m7)
This warning is for project developers.  Use -Wno-dev to suppress it.

CMake Warning (dev) at cmake/toolchain-arm-none-eabi-gcc.cmake:216 (add_custom_command):
  The following keywords are not supported when using
  add_custom_command(TARGET): DEPENDS.

  Policy CMP0175 is not set: add_custom_command() rejects invalid arguments.
  Run "cmake --help-policy CMP0175" for policy details.  Use the cmake_policy
  command to set the policy and suppress this warning.
Call Stack (most recent call first):
  emu/CMakeLists.txt:1345 (add_executable_m7)
This warning is for project developers.  Use -Wno-dev to suppress it.

CMake Warning (dev) at cmake/toolchain-arm-none-eabi-gcc.cmake:220 (add_custom_command):
  The following keywords are not supported when using
  add_custom_command(TARGET): DEPENDS.

  Policy CMP0175 is not set: add_custom_command() rejects invalid arguments.
  Run "cmake --help-policy CMP0175" for policy details.  Use the cmake_policy
  command to set the policy and suppress this warning.
Call Stack (most recent call first):
  emu/CMakeLists.txt:1345 (add_executable_m7)
This warning is for project developers.  Use -Wno-dev to suppress it.

CMake Warning (dev) at cmake/toolchain-arm-none-eabi-gcc.cmake:224 (add_custom_command):
  The following keywords are not supported when using
  add_custom_command(TARGET): DEPENDS.

  Policy CMP0175 is not set: add_custom_command() rejects invalid arguments.
  Run "cmake --help-policy CMP0175" for policy details.  Use the cmake_policy
  command to set the policy and suppress this warning.
Call Stack (most recent call first):
  emu/CMakeLists.txt:1345 (add_executable_m7)
This warning is for project developers.  Use -Wno-dev to suppress it.

CMake Warning (dev) at cmake/toolchain-arm-none-eabi-gcc.cmake:216 (add_custom_command):
  The following keywords are not supported when using
  add_custom_command(TARGET): DEPENDS.

  Policy CMP0175 is not set: add_custom_command() rejects invalid arguments.
  Run "cmake --help-policy CMP0175" for policy details.  Use the cmake_policy
  command to set the policy and suppress this warning.
Call Stack (most recent call first):
  emu/CMakeLists.txt:1407 (add_executable_m7)
This warning is for project developers.  Use -Wno-dev to suppress it.

CMake Warning (dev) at cmake/toolchain-arm-none-eabi-gcc.cmake:220 (add_custom_command):
  The following keywords are not supported when using
  add_custom_command(TARGET): DEPENDS.

  Policy CMP0175 is not set: add_custom_command() rejects invalid arguments.
  Run "cmake --help-policy CMP0175" for policy details.  Use the cmake_policy
  command to set the policy and suppress this warning.
Call Stack (most recent call first):
  emu/CMakeLists.txt:1407 (add_executable_m7)
This warning is for project developers.  Use -Wno-dev to suppress it.

CMake Warning (dev) at cmake/toolchain-arm-none-eabi-gcc.cmake:224 (add_custom_command):
  The following keywords are not supported when using
  add_custom_command(TARGET): DEPENDS.

  Policy CMP0175 is not set: add_custom_command() rejects invalid arguments.
  Run "cmake --help-policy CMP0175" for policy details.  Use the cmake_policy
  command to set the policy and suppress this warning.
Call Stack (most recent call first):
  emu/CMakeLists.txt:1407 (add_executable_m7)
This warning is for project developers.  Use -Wno-dev to suppress it.

CMake Warning (dev) at cmake/toolchain-arm-none-eabi-gcc.cmake:216 (add_custom_command):
  The following keywords are not supported when using
  add_custom_command(TARGET): DEPENDS.

  Policy CMP0175 is not set: add_custom_command() rejects invalid arguments.
  Run "cmake --help-policy CMP0175" for policy details.  Use the cmake_policy
  command to set the policy and suppress this warning.
Call Stack (most recent call first):
  emu/CMakeLists.txt:1500 (add_executable_m7)
This warning is for project developers.  Use -Wno-dev to suppress it.

CMake Warning (dev) at cmake/toolchain-arm-none-eabi-gcc.cmake:220 (add_custom_command):
  The following keywords are not supported when using
  add_custom_command(TARGET): DEPENDS.

  Policy CMP0175 is not set: add_custom_command() rejects invalid arguments.
  Run "cmake --help-policy CMP0175" for policy details.  Use the cmake_policy
  command to set the policy and suppress this warning.
Call Stack (most recent call first):
  emu/CMakeLists.txt:1500 (add_executable_m7)
This warning is for project developers.  Use -Wno-dev to suppress it.

CMake Warning (dev) at cmake/toolchain-arm-none-eabi-gcc.cmake:224 (add_custom_command):
  The following keywords are not supported when using
  add_custom_command(TARGET): DEPENDS.

  Policy CMP0175 is not set: add_custom_command() rejects invalid arguments.
  Run "cmake --help-policy CMP0175" for policy details.  Use the cmake_policy
  command to set the policy and suppress this warning.
Call Stack (most recent call first):
  emu/CMakeLists.txt:1500 (add_executable_m7)
This warning is for project developers.  Use -Wno-dev to suppress it.

CMake Warning (dev) at cmake/toolchain-arm-none-eabi-gcc.cmake:216 (add_custom_command):
  The following keywords are not supported when using
  add_custom_command(TARGET): DEPENDS.

  Policy CMP0175 is not set: add_custom_command() rejects invalid arguments.
  Run "cmake --help-policy CMP0175" for policy details.  Use the cmake_policy
  command to set the policy and suppress this warning.
Call Stack (most recent call first):
  emu/CMakeLists.txt:1538 (add_executable_m7)
This warning is for project developers.  Use -Wno-dev to suppress it.

CMake Warning (dev) at cmake/toolchain-arm-none-eabi-gcc.cmake:220 (add_custom_command):
  The following keywords are not supported when using
  add_custom_command(TARGET): DEPENDS.

  Policy CMP0175 is not set: add_custom_command() rejects invalid arguments.
  Run "cmake --help-policy CMP0175" for policy details.  Use the cmake_policy
  command to set the policy and suppress this warning.
Call Stack (most recent call first):
  emu/CMakeLists.txt:1538 (add_executable_m7)
This warning is for project developers.  Use -Wno-dev to suppress it.

CMake Warning (dev) at cmake/toolchain-arm-none-eabi-gcc.cmake:224 (add_custom_command):
  The following keywords are not supported when using
  add_custom_command(TARGET): DEPENDS.

  Policy CMP0175 is not set: add_custom_command() rejects invalid arguments.
  Run "cmake --help-policy CMP0175" for policy details.  Use the cmake_policy
  command to set the policy and suppress this warning.
Call Stack (most recent call first):
  emu/CMakeLists.txt:1538 (add_executable_m7)
This warning is for project developers.  Use -Wno-dev to suppress it.

CMake Warning (dev) at cmake/toolchain-arm-none-eabi-gcc.cmake:216 (add_custom_command):
  The following keywords are not supported when using
  add_custom_command(TARGET): DEPENDS.

  Policy CMP0175 is not set: add_custom_command() rejects invalid arguments.
  Run "cmake --help-policy CMP0175" for policy details.  Use the cmake_policy
  command to set the policy and suppress this warning.
Call Stack (most recent call first):
  emu/CMakeLists.txt:1609 (add_executable_m7)
This warning is for project developers.  Use -Wno-dev to suppress it.

CMake Warning (dev) at cmake/toolchain-arm-none-eabi-gcc.cmake:220 (add_custom_command):
  The following keywords are not supported when using
  add_custom_command(TARGET): DEPENDS.

  Policy CMP0175 is not set: add_custom_command() rejects invalid arguments.
  Run "cmake --help-policy CMP0175" for policy details.  Use the cmake_policy
  command to set the policy and suppress this warning.
Call Stack (most recent call first):
  emu/CMakeLists.txt:1609 (add_executable_m7)
This warning is for project developers.  Use -Wno-dev to suppress it.

CMake Warning (dev) at cmake/toolchain-arm-none-eabi-gcc.cmake:224 (add_custom_command):
  The following keywords are not supported when using
  add_custom_command(TARGET): DEPENDS.

  Policy CMP0175 is not set: add_custom_command() rejects invalid arguments.
  Run "cmake --help-policy CMP0175" for policy details.  Use the cmake_policy
  command to set the policy and suppress this warning.
Call Stack (most recent call first):
  emu/CMakeLists.txt:1609 (add_executable_m7)
This warning is for project developers.  Use -Wno-dev to suppress it.

-- Configuring done (0.0s)
-- Generating done (0.7s)
-- Build files have been written to: /home/bogdan/work/coralmicro/build_emu
