21:12:19.8169 [INFO] Loaded monitor commands from: /home/bogdan/work/renode_portable/scripts/monitor.py
Renode, version 1.16.1 (ac18b5ac-202606020225)


(monitor) i $CWD/emu/renode/sentai_emu_fs_stage_assets.resc

21:12:19.9407 [INFO] Including script(s): /home/bogdan/work/coralmicro/emu/renode/sentai_emu_fs_stage_assets.resc
21:12:19.9568 [INFO] System bus created.
21:12:20.7759 [INFO] Old file /home/bogdan/work/coralmicro/emu/output/sentai_emu_fs_stage_assets.log moved to /home/bogdan/work/coralmicro/emu/output/sentai_emu_fs_stage_assets.log.11
21:12:20.7919 [INFO] sysbus: Loading block of 3072 bytes length at 0x0.
21:12:20.8030 [INFO] sysbus: Loading block of 59524 bytes length at 0xC00.
21:12:20.8031 [INFO] sysbus: Loading block of 604 bytes length at 0xF484.
21:12:20.8031 [INFO] sysbus: Loading block of 87328 bytes length at 0xF6E8.
21:12:20.8032 [INFO] sysbus: Loading block of 16777216 bytes length at 0x80000000.
21:12:20.8254 [INFO] sysbus: Loading block of 54680 bytes length at 0x81000000.
21:12:21.2717 [INFO] cpu: Setting initial values: PC = 0xCBD, SP = 0x20040000.
21:12:21.2743 [INFO] machine-0: Machine started.
21:12:21.3525 [WARNING] nvic: Unhandled write to offset 0xF50 (ICacheInvalidateAllToPoUaIgnored), value 0x0.
21:12:21.3806 [WARNING] nvic: Trying to set the priority for interrupt 16 to 0xFF, but it should be maskable with 0xF0
21:12:28.7547 [INFO] machine-0: Machine paused.
sentai_emu_fs_stage_assets PC:

0x3916

sentai_emu_fs_stage_assets boot_state:

0x00000700

sentai_emu_fs_stage_assets heartbeat:

0x000000C6

sentai_emu_fs_stage_assets last_tick:

0x0000135E

sentai_emu_fs_stage_assets stage_files:

0x00000003

sentai_emu_fs_stage_assets stage_bytes:

0x00000000

sentai_emu_fs_stage_assets stage_errors:

0x00000000

sentai_emu_fs_stage_assets stage_checksum:

0x00000000

sentai_emu_fs_stage_assets fx_reads:

0x00000180

sentai_emu_fs_stage_assets fx_writes:

0x00000000

sentai_emu_fs_stage_assets fx_erases:

0x00000000

sentai_emu_fs_stage_assets fx_errors:

0x00000000

(machine-0) 21:12:28.8283 [INFO] machine-0: Disposed.
