[sim] sentai_sim build #1170 (2026-06-02 08:38:18)
[sim] FreeRTOS POSIX port: tick=1000 Hz, heap=4194304 bytes
[sim] MicroPython heap: 2097152 bytes
[sim] FS root: /home/bogdan/work/coralmicro/examples/sentai_runtime/experiments/s209_virtual_camera_tpu_e2e/iter377_pipeline_3s_replay_tpu_only_stdout_file/fs_root
[sim] sentai.fr auto-start: dir=/home/bogdan/work/coralmicro/examples/sentai_runtime/experiments/s209_virtual_camera_tpu_e2e/iter377_pipeline_3s_replay_tpu_only_stdout_file/fs_root/fr init=0 events=0 scalars=0 debug=0 task=0

MicroPython on SentAI SIM (FreeRTOS POSIX port + MicroPython embed)
Type expressions, end with Enter.  Ctrl-D or 'exit' to quit.
Try: sentai.version(), sentai.fs.write(...), help()

>>> >>> MODEL_SIZE 7077792
[EdgeTPU mgr] creating context
[EdgeTPU mgr] initializing driver
[TPU init] read omc0_00
[TPU init] check chip id
[TPU init] write test reg
[TPU init] read test reg
[TPU init] disable inactive mode
[TPU init] disable clock gating
[TPU init] enter reset
[TPU init] exit reset
[TPU init] check scalar run control
[TPU init] write idle register
[TPU init] write tile config
[TPU init] write deep sleep
[TPU init] enable clock gating
[TPU init] configure usb csr
[TPU init] enable tempsense clock
[TPU init] enable tempsense input ports
[TPU init] enable tempsense flow
[TPU init] move to run
[TPU init] done
[EdgeTPU mgr] driver initialized
[EdgeTPU pkg] inference_exe type=2  parameter_caching_exe=present  token=0x05701716d04676e6
TPU_LOAD 0
TPU_READY True
FLOW_START SKIP
CAM_SELECT 0
PIPE_DIRECT_TENSOR_PREV 1
PIPE_TARGET_FPS 0
PIPE_PREP_FPS 0
PIPE_START 0
CAM_REPLAY 1 FRAME /images/shift/frame_000.bmp FPS 10 COUNT 16
