t=88ms server start argv=/home/bogdan/work/coralmicro/build-sim/sim/tpu_posix_send_server --server-cmd /tmp/sentai_emu_tpu_send_server.cmd --perf low --chunk-size 163840 --bulkin-chunk-size 256
t=114ms server [tpu-posix] libusb_init
t=114ms server [tpu-posix] dfu/app probe
t=114ms server [tpu-posix] open app device
t=114ms server [tpu-posix] opened Coral USB interface=0 out=01,02,03 in=81,82 irq=83
t=114ms server [TPU init] read omc0_00
t=114ms server [TPU init] check chip id
t=115ms server [TPU init] write test reg
t=115ms server [TPU init] read test reg
t=115ms server [TPU init] disable inactive mode
t=115ms server [TPU init] disable clock gating
t=118ms server [TPU init] enter reset
t=124ms server [TPU init] exit reset
t=129ms server [TPU init] check scalar run control
t=132ms server [TPU init] write idle register
t=133ms server [TPU init] write tile config
t=136ms server [TPU init] write deep sleep
t=137ms server [TPU init] enable clock gating
t=139ms server [TPU init] configure usb csr
t=143ms server [TPU init] enable tempsense clock
t=147ms server [TPU init] enable tempsense input ports
t=151ms server [TPU init] enable tempsense flow
t=153ms server [TPU init] move to run
t=176ms server [TPU init] done
t=177ms server SEND_SERVER_READY perf=low chunk_size=163840 bulkin_chunk_size=256 bulkin_queue_depth=0
t=180ms server command ins /tmp/sentai_emu_tpu_send_payloads/payload_1_ins.bin
t=187ms server SEND_STATS cmd=ins ok=1 ms=5 params_calls=0 params_bytes=0 input_calls=0 input_bytes=0 ins_calls=1 ins_bytes=10448 usb_out_calls=2 usb_out_req=10456 usb_out_done=10456 usb_out_us=1390 usb_in_calls=0 usb_in_req=0 usb_in_done=0 usb_in_us=0 usb_event_calls=0 usb_event_req=0 usb_event_done=0 usb_event_us=0 usb_intr_calls=0 usb_intr_req=0 usb_intr_done=0 usb_intr_us=0 usb_timeouts=0 usb_failed=0
t=187ms server SEND_SERVER_DONE cmd=ins rc=0 bytes=10448 ms=5
t=192ms bridge cmd=ins seq=1 data_len=10448 out_len=0 ok=True ms=119
t=199ms server command params /tmp/sentai_emu_tpu_send_payloads/payload_2_params.bin
t=393ms server SEND_STATS cmd=params ok=1 ms=193 params_calls=1 params_bytes=6703232 input_calls=0 input_bytes=0 ins_calls=0 ins_bytes=0 usb_out_calls=42 usb_out_req=6703240 usb_out_done=6703240 usb_out_us=89291 usb_in_calls=0 usb_in_req=0 usb_in_done=0 usb_in_us=0 usb_event_calls=0 usb_event_req=0 usb_event_done=0 usb_event_us=0 usb_intr_calls=0 usb_intr_req=0 usb_intr_done=0 usb_intr_us=0 usb_timeouts=0 usb_failed=0
t=394ms server SEND_SERVER_DONE cmd=params rc=0 bytes=6703232 ms=193
t=397ms bridge cmd=params seq=2 data_len=6703232 out_len=0 ok=True ms=204
t=398ms server command event
t=399ms server SEND_STATS cmd=event ok=1 ms=0 params_calls=0 params_bytes=0 input_calls=0 input_bytes=0 ins_calls=0 ins_bytes=0 usb_out_calls=0 usb_out_req=0 usb_out_done=0 usb_out_us=0 usb_in_calls=0 usb_in_req=0 usb_in_done=0 usb_in_us=0 usb_event_calls=1 usb_event_req=16 usb_event_done=16 usb_event_us=121 usb_intr_calls=0 usb_intr_req=0 usb_intr_done=0 usb_intr_us=0 usb_timeouts=0 usb_failed=0
t=400ms server SEND_SERVER_DONE cmd=event rc=0 bytes=0 ms=0
t=404ms bridge cmd=event seq=3 data_len=0 out_len=0 ok=True ms=6
t=406ms server command ins /tmp/sentai_emu_tpu_send_payloads/payload_4_ins.bin
t=417ms server SEND_STATS cmd=ins ok=1 ms=10 params_calls=0 params_bytes=0 input_calls=0 input_bytes=0 ins_calls=1 ins_bytes=254304 usb_out_calls=3 usb_out_req=254312 usb_out_done=254312 usb_out_us=3434 usb_in_calls=0 usb_in_req=0 usb_in_done=0 usb_in_us=0 usb_event_calls=0 usb_event_req=0 usb_event_done=0 usb_event_us=0 usb_intr_calls=0 usb_intr_req=0 usb_intr_done=0 usb_intr_us=0 usb_timeouts=0 usb_failed=0
t=417ms server SEND_SERVER_DONE cmd=ins rc=0 bytes=254304 ms=10
t=422ms bridge cmd=ins seq=4 data_len=254304 out_len=0 ok=True ms=16
t=423ms server command inputs /tmp/sentai_emu_tpu_send_payloads/payload_5_inputs.bin
t=436ms server SEND_STATS cmd=inputs ok=1 ms=11 params_calls=0 params_bytes=0 input_calls=1 input_bytes=270000 ins_calls=0 ins_bytes=0 usb_out_calls=3 usb_out_req=270008 usb_out_done=270008 usb_out_us=4237 usb_in_calls=0 usb_in_req=0 usb_in_done=0 usb_in_us=0 usb_event_calls=0 usb_event_req=0 usb_event_done=0 usb_event_us=0 usb_intr_calls=0 usb_intr_req=0 usb_intr_done=0 usb_intr_us=0 usb_timeouts=0 usb_failed=0
t=437ms server SEND_SERVER_DONE cmd=inputs rc=0 bytes=270000 ms=11
t=439ms bridge cmd=inputs seq=5 data_len=270000 out_len=0 ok=True ms=16
t=445ms server command output 7672 /tmp/sentai_emu_tpu_send_payloads/output_6.bin
t=462ms server SEND_STATS cmd=output ok=1 ms=15 params_calls=0 params_bytes=0 input_calls=0 input_bytes=0 ins_calls=0 ins_bytes=0 usb_out_calls=0 usb_out_req=0 usb_out_done=0 usb_out_us=0 usb_in_calls=30 usb_in_req=7672 usb_in_done=7672 usb_in_us=15080 usb_event_calls=0 usb_event_req=0 usb_event_done=0 usb_event_us=0 usb_intr_calls=0 usb_intr_req=0 usb_intr_done=0 usb_intr_us=0 usb_timeouts=0 usb_failed=0
t=462ms server SEND_SERVER_DONE cmd=output rc=0 bytes=7672 ms=15
t=469ms bridge cmd=output seq=6 data_len=0 out_len=7672 ok=True ms=25
t=469ms server command output 176368 /tmp/sentai_emu_tpu_send_payloads/output_7.bin
t=497ms server SEND_STATS cmd=output ok=1 ms=26 params_calls=0 params_bytes=0 input_calls=0 input_bytes=0 ins_calls=0 ins_bytes=0 usb_out_calls=0 usb_out_req=0 usb_out_done=0 usb_out_us=0 usb_in_calls=692 usb_in_req=176944 usb_in_done=176368 usb_in_us=22958 usb_event_calls=0 usb_event_req=0 usb_event_done=0 usb_event_us=0 usb_intr_calls=0 usb_intr_req=0 usb_intr_done=0 usb_intr_us=0 usb_timeouts=0 usb_failed=0
t=497ms server SEND_SERVER_DONE cmd=output rc=0 bytes=176368 ms=26
t=498ms bridge cmd=output seq=7 data_len=0 out_len=176368 ok=True ms=29
t=499ms server command event
t=500ms server SEND_STATS cmd=event ok=1 ms=0 params_calls=0 params_bytes=0 input_calls=0 input_bytes=0 ins_calls=0 ins_bytes=0 usb_out_calls=0 usb_out_req=0 usb_out_done=0 usb_out_us=0 usb_in_calls=0 usb_in_req=0 usb_in_done=0 usb_in_us=0 usb_event_calls=1 usb_event_req=16 usb_event_done=16 usb_event_us=44 usb_intr_calls=0 usb_intr_req=0 usb_intr_done=0 usb_intr_us=0 usb_timeouts=0 usb_failed=0
t=500ms server SEND_SERVER_DONE cmd=event rc=0 bytes=0 ms=0
t=505ms bridge cmd=event seq=8 data_len=0 out_len=0 ok=True ms=6
t=520ms server command ins /tmp/sentai_emu_tpu_send_payloads/payload_9_ins.bin
t=531ms server SEND_STATS cmd=ins ok=1 ms=9 params_calls=0 params_bytes=0 input_calls=0 input_bytes=0 ins_calls=1 ins_bytes=254304 usb_out_calls=3 usb_out_req=254312 usb_out_done=254312 usb_out_us=3267 usb_in_calls=0 usb_in_req=0 usb_in_done=0 usb_in_us=0 usb_event_calls=0 usb_event_req=0 usb_event_done=0 usb_event_us=0 usb_intr_calls=0 usb_intr_req=0 usb_intr_done=0 usb_intr_us=0 usb_timeouts=0 usb_failed=0
t=531ms server SEND_SERVER_DONE cmd=ins rc=0 bytes=254304 ms=9
t=536ms bridge cmd=ins seq=9 data_len=254304 out_len=0 ok=True ms=17
t=536ms server command inputs /tmp/sentai_emu_tpu_send_payloads/payload_10_inputs.bin
t=547ms server SEND_STATS cmd=inputs ok=1 ms=9 params_calls=0 params_bytes=0 input_calls=1 input_bytes=270000 ins_calls=0 ins_bytes=0 usb_out_calls=3 usb_out_req=270008 usb_out_done=270008 usb_out_us=3272 usb_in_calls=0 usb_in_req=0 usb_in_done=0 usb_in_us=0 usb_event_calls=0 usb_event_req=0 usb_event_done=0 usb_event_us=0 usb_intr_calls=0 usb_intr_req=0 usb_intr_done=0 usb_intr_us=0 usb_timeouts=0 usb_failed=0
t=547ms server SEND_SERVER_DONE cmd=inputs rc=0 bytes=270000 ms=9
t=552ms bridge cmd=inputs seq=10 data_len=270000 out_len=0 ok=True ms=16
t=553ms server command output 7672 /tmp/sentai_emu_tpu_send_payloads/output_11.bin
t=571ms server SEND_STATS cmd=output ok=1 ms=17 params_calls=0 params_bytes=0 input_calls=0 input_bytes=0 ins_calls=0 ins_bytes=0 usb_out_calls=0 usb_out_req=0 usb_out_done=0 usb_out_us=0 usb_in_calls=30 usb_in_req=7672 usb_in_done=7672 usb_in_us=17061 usb_event_calls=0 usb_event_req=0 usb_event_done=0 usb_event_us=0 usb_intr_calls=0 usb_intr_req=0 usb_intr_done=0 usb_intr_us=0 usb_timeouts=0 usb_failed=0
t=571ms server SEND_SERVER_DONE cmd=output rc=0 bytes=7672 ms=17
t=578ms bridge cmd=output seq=11 data_len=0 out_len=7672 ok=True ms=25
t=578ms server command output 176368 /tmp/sentai_emu_tpu_send_payloads/output_12.bin
t=604ms server SEND_STATS cmd=output ok=1 ms=24 params_calls=0 params_bytes=0 input_calls=0 input_bytes=0 ins_calls=0 ins_bytes=0 usb_out_calls=0 usb_out_req=0 usb_out_done=0 usb_out_us=0 usb_in_calls=692 usb_in_req=176944 usb_in_done=176368 usb_in_us=21217 usb_event_calls=0 usb_event_req=0 usb_event_done=0 usb_event_us=0 usb_intr_calls=0 usb_intr_req=0 usb_intr_done=0 usb_intr_us=0 usb_timeouts=0 usb_failed=0
t=604ms server SEND_SERVER_DONE cmd=output rc=0 bytes=176368 ms=24
t=604ms bridge cmd=output seq=12 data_len=0 out_len=176368 ok=True ms=26
t=605ms server command event
t=605ms server SEND_STATS cmd=event ok=1 ms=0 params_calls=0 params_bytes=0 input_calls=0 input_bytes=0 ins_calls=0 ins_bytes=0 usb_out_calls=0 usb_out_req=0 usb_out_done=0 usb_out_us=0 usb_in_calls=0 usb_in_req=0 usb_in_done=0 usb_in_us=0 usb_event_calls=1 usb_event_req=16 usb_event_done=16 usb_event_us=52 usb_intr_calls=0 usb_intr_req=0 usb_intr_done=0 usb_intr_us=0 usb_timeouts=0 usb_failed=0
t=605ms server SEND_SERVER_DONE cmd=event rc=0 bytes=0 ms=0
t=610ms bridge cmd=event seq=13 data_len=0 out_len=0 ok=True ms=6
