[sentai_fr] worker START
[sim] sentai.fr auto-start: dir=/home/bogdan/work/coralmicro/examples/sentai_runtime/experiments/s209_virtual_camera_tpu_e2e/iter339_pipeline_5s_replay/fs_root/fr init=0 events=0 scalars=0 debug=0 task=0

MicroPython on SentAI SIM (FreeRTOS POSIX port + MicroPython embed)
Type expressions, end with Enter.  Ctrl-D or 'exit' to quit.
Try: sentai.version(), sentai.fs.write(...), help()

>>> >>> [tpu-posix] load slot=0 path=/models/tf2_ssd_mobilenet_v2_coco17_ptq_edgetpu.tflite
[tpu-posix] opening Coral USB via POSIX/libusb backend
MODEL_SIZE 7077792
[tpu-posix] libusb_init
[tpu-posix] dfu/app probe
[tpu-posix] open app device
[tpu-posix] opened Coral USB interface=0 out=01,02,03 in=81,82 irq=83
[tpu-posix] opening EdgeTpuManager context
[EdgeTPU mgr] creating context
[EdgeTPU mgr] initializing driver
[TPU init] read omc0_00
[TPU init] check chip id
[TPU init] write test reg
[TPU init] read test reg
[TPU init] disable inactive mode
[TPU init] disable clock gating
[TPU init] enter reset
[TPU init] exit reset
[TPU init] check scalar run control
[TPU init] write idle register
[TPU init] write tile config
[TPU init] write deep sleep
[TPU init] enable clock gating
[TPU init] configure usb csr
[TPU init] enable tempsense clock
[TPU init] enable tempsense input ports
[TPU init] enable tempsense flow
[TPU init] move to run
[tpu-posix] EdgeTPU ready via direct libusb backend
[tpu-posix] reading model from SentAI FS
[tpu-posix] model size=7077792
[tpu-posix] reading model bytes into static storage
[TPU init] done
[EdgeTPU mgr] driver initialized
[tpu-posix] model read got=7077792
[tpu-posix] model loaded from FS: /models/tf2_ssd_mobilenet_v2_coco17_ptq_edgetpu.tflite (7077792 bytes)
[EdgeTPU pkg] inference_exe type=2  parameter_caching_exe=present  token=0x05701716d04676e6
[tpu-posix] TPU Input[0]: uint8[1,300,300,3] 270000 B scale=0.00784314 zp=127
[tpu-posix] TPU Out[0]: float32[1,20] 80 B scale=0.00000000 zp=0
[tpu-posix] TPU Out[1]: float32[1,20,4] 320 B scale=0.00000000 zp=0
[tpu-posix] TPU Out[2]: float32[1] 4 B scale=0.00000000 zp=0
[tpu-posix] TPU Out[3]: float32[1,20] 80 B scale=0.00000000 zp=0
[tpu-posix] arena used: 2722 / 8192 KB
[tpu-posix] publish slot0 begin
[tpu-posix] publish slot0 done
TPU_LOAD 0
TPU_READY True
FLOW_START 0
CAM_SELECT 0
PIPE_DIRECT_TENSOR_PREV 1
PIPE_TARGET_FPS 0
PIPE_PREP_FPS 0
[det_prep] start
[det_prep] grab idx=0 raw=0x5f2fe136c800
[det_prep] fire_mask=0x00000010
[det_prep] pxp begin 300x300
[det_prep] pxp rc=0 ms=1
[det_prep] flow publish begin
[det_prep] flow publish done
[det_prep] frame signaled seq=1
[det_infer] start
[det_infer] frame ready direct=1
[det_infer] invoke_ms=3166
[det_infer] nms det_count=20
[det_infer] queued frame=1 dets=20
