t=120ms server start argv=/home/bogdan/work/coralmicro/build-sim/sim/tpu_posix_send_server --server-cmd /tmp/sentai_emu_tpu_send_server.cmd --perf low --chunk-size 131072 --bulkin-chunk-size 1024 --outfeed-chunk-length 0x80
t=161ms server [tpu-posix] libusb_init
t=162ms server [tpu-posix] dfu/app probe
t=162ms server [tpu-posix] open app device
t=162ms server [tpu-posix] opened Coral USB interface=0 out=01,02,03 in=81,82 irq=83
t=162ms server [TPU init] read omc0_00
t=162ms server [TPU init] check chip id
t=162ms server [TPU init] write test reg
t=162ms server [TPU init] read test reg
t=162ms server [TPU init] disable inactive mode
t=163ms server [TPU init] disable clock gating
t=163ms server [TPU init] enter reset
t=164ms server [TPU init] exit reset
t=169ms server [TPU init] check scalar run control
t=170ms server [TPU init] write idle register
t=171ms server [TPU init] write tile config
t=175ms server [TPU init] write deep sleep
t=176ms server [TPU init] enable clock gating
t=179ms server [TPU init] configure usb csr
t=183ms server [TPU init] enable tempsense clock
t=185ms server [TPU init] enable tempsense input ports
t=188ms server [TPU init] enable tempsense flow
t=191ms server [TPU init] move to run
t=215ms server [TPU init] done
t=215ms server SEND_SERVER_READY perf=low chunk_size=131072 bulkin_chunk_size=1024 outfeed_chunk_length=0x80 bulkin_queue_depth=0
t=221ms server command ins /tmp/sentai_emu_tpu_send_payloads/payload_1_ins.bin
t=229ms server SEND_STATS cmd=ins ok=1 ms=5 params_calls=0 params_bytes=0 input_calls=0 input_bytes=0 ins_calls=1 ins_bytes=10448 usb_out_calls=2 usb_out_req=10456 usb_out_done=10456 usb_out_us=1271 usb_in_calls=0 usb_in_req=0 usb_in_done=0 usb_in_us=0 usb_event_calls=0 usb_event_req=0 usb_event_done=0 usb_event_us=0 usb_intr_calls=0 usb_intr_req=0 usb_intr_done=0 usb_intr_us=0 usb_timeouts=0 usb_failed=0
t=229ms server SEND_SERVER_DONE cmd=ins rc=0 bytes=10448 ms=5
t=236ms bridge cmd=ins seq=1 data_len=10448 out_len=0 ok=True ms=130
t=249ms server command params /tmp/sentai_emu_tpu_send_payloads/payload_2_params.bin
t=470ms server SEND_STATS cmd=params ok=1 ms=219 params_calls=1 params_bytes=6703232 input_calls=0 input_bytes=0 ins_calls=0 ins_bytes=0 usb_out_calls=53 usb_out_req=6703240 usb_out_done=6703240 usb_out_us=90013 usb_in_calls=0 usb_in_req=0 usb_in_done=0 usb_in_us=0 usb_event_calls=0 usb_event_req=0 usb_event_done=0 usb_event_us=0 usb_intr_calls=0 usb_intr_req=0 usb_intr_done=0 usb_intr_us=0 usb_timeouts=0 usb_failed=0
t=470ms server SEND_SERVER_DONE cmd=params rc=0 bytes=6703232 ms=219
t=475ms bridge cmd=params seq=2 data_len=6703232 out_len=0 ok=True ms=238
t=476ms server command event
t=477ms server SEND_STATS cmd=event ok=1 ms=0 params_calls=0 params_bytes=0 input_calls=0 input_bytes=0 ins_calls=0 ins_bytes=0 usb_out_calls=0 usb_out_req=0 usb_out_done=0 usb_out_us=0 usb_in_calls=0 usb_in_req=0 usb_in_done=0 usb_in_us=0 usb_event_calls=1 usb_event_req=16 usb_event_done=16 usb_event_us=87 usb_intr_calls=0 usb_intr_req=0 usb_intr_done=0 usb_intr_us=0 usb_timeouts=0 usb_failed=0
t=477ms server SEND_SERVER_DONE cmd=event rc=0 bytes=0 ms=0
t=500ms bridge cmd=event seq=3 data_len=0 out_len=0 ok=True ms=24
t=502ms server command ins /tmp/sentai_emu_tpu_send_payloads/payload_4_ins.bin
t=515ms server SEND_STATS cmd=ins ok=1 ms=11 params_calls=0 params_bytes=0 input_calls=0 input_bytes=0 ins_calls=1 ins_bytes=254304 usb_out_calls=3 usb_out_req=254312 usb_out_done=254312 usb_out_us=4230 usb_in_calls=0 usb_in_req=0 usb_in_done=0 usb_in_us=0 usb_event_calls=0 usb_event_req=0 usb_event_done=0 usb_event_us=0 usb_intr_calls=0 usb_intr_req=0 usb_intr_done=0 usb_intr_us=0 usb_timeouts=0 usb_failed=0
t=515ms server SEND_SERVER_DONE cmd=ins rc=0 bytes=254304 ms=11
t=518ms bridge cmd=ins seq=4 data_len=254304 out_len=0 ok=True ms=16
t=520ms server command inputs /tmp/sentai_emu_tpu_send_payloads/payload_5_inputs.bin
t=537ms server SEND_STATS cmd=inputs ok=1 ms=15 params_calls=0 params_bytes=0 input_calls=1 input_bytes=270000 ins_calls=0 ins_bytes=0 usb_out_calls=4 usb_out_req=270008 usb_out_done=270008 usb_out_us=6460 usb_in_calls=0 usb_in_req=0 usb_in_done=0 usb_in_us=0 usb_event_calls=0 usb_event_req=0 usb_event_done=0 usb_event_us=0 usb_intr_calls=0 usb_intr_req=0 usb_intr_done=0 usb_intr_us=0 usb_timeouts=0 usb_failed=0
t=538ms server SEND_SERVER_DONE cmd=inputs rc=0 bytes=270000 ms=15
t=541ms bridge cmd=inputs seq=5 data_len=270000 out_len=0 ok=True ms=22
t=542ms server command output 7672 /tmp/sentai_emu_tpu_send_payloads/output_6.bin
t=561ms server SEND_STATS cmd=output ok=1 ms=16 params_calls=0 params_bytes=0 input_calls=0 input_bytes=0 ins_calls=0 ins_bytes=0 usb_out_calls=0 usb_out_req=0 usb_out_done=0 usb_out_us=0 usb_in_calls=8 usb_in_req=7672 usb_in_done=7672 usb_in_us=15764 usb_event_calls=0 usb_event_req=0 usb_event_done=0 usb_event_us=0 usb_intr_calls=0 usb_intr_req=0 usb_intr_done=0 usb_intr_us=0 usb_timeouts=0 usb_failed=0
t=561ms server SEND_SERVER_DONE cmd=output rc=0 bytes=7672 ms=16
t=569ms bridge cmd=output seq=6 data_len=0 out_len=7672 ok=True ms=27
t=576ms server command output 176368 /tmp/sentai_emu_tpu_send_payloads/output_7.bin
t=585ms server SEND_STATS cmd=output ok=1 ms=8 params_calls=0 params_bytes=0 input_calls=0 input_bytes=0 ins_calls=0 ins_bytes=0 usb_out_calls=0 usb_out_req=0 usb_out_done=0 usb_out_us=0 usb_in_calls=174 usb_in_req=177712 usb_in_done=176368 usb_in_us=6666 usb_event_calls=0 usb_event_req=0 usb_event_done=0 usb_event_us=0 usb_intr_calls=0 usb_intr_req=0 usb_intr_done=0 usb_intr_us=0 usb_timeouts=0 usb_failed=0
t=585ms server SEND_SERVER_DONE cmd=output rc=0 bytes=176368 ms=8
t=588ms bridge cmd=output seq=7 data_len=0 out_len=176368 ok=True ms=14
t=590ms server command event
t=591ms server SEND_STATS cmd=event ok=1 ms=0 params_calls=0 params_bytes=0 input_calls=0 input_bytes=0 ins_calls=0 ins_bytes=0 usb_out_calls=0 usb_out_req=0 usb_out_done=0 usb_out_us=0 usb_in_calls=0 usb_in_req=0 usb_in_done=0 usb_in_us=0 usb_event_calls=1 usb_event_req=16 usb_event_done=16 usb_event_us=81 usb_intr_calls=0 usb_intr_req=0 usb_intr_done=0 usb_intr_us=0 usb_timeouts=0 usb_failed=0
t=591ms server SEND_SERVER_DONE cmd=event rc=0 bytes=0 ms=0
t=596ms bridge cmd=event seq=8 data_len=0 out_len=0 ok=True ms=7
t=620ms server command ins /tmp/sentai_emu_tpu_send_payloads/payload_9_ins.bin
t=632ms server SEND_STATS cmd=ins ok=1 ms=11 params_calls=0 params_bytes=0 input_calls=0 input_bytes=0 ins_calls=1 ins_bytes=254304 usb_out_calls=3 usb_out_req=254312 usb_out_done=254312 usb_out_us=4183 usb_in_calls=0 usb_in_req=0 usb_in_done=0 usb_in_us=0 usb_event_calls=0 usb_event_req=0 usb_event_done=0 usb_event_us=0 usb_intr_calls=0 usb_intr_req=0 usb_intr_done=0 usb_intr_us=0 usb_timeouts=0 usb_failed=0
t=632ms server SEND_SERVER_DONE cmd=ins rc=0 bytes=254304 ms=11
t=636ms bridge cmd=ins seq=9 data_len=254304 out_len=0 ok=True ms=18
t=637ms server command inputs /tmp/sentai_emu_tpu_send_payloads/payload_10_inputs.bin
t=653ms server SEND_STATS cmd=inputs ok=1 ms=15 params_calls=0 params_bytes=0 input_calls=1 input_bytes=270000 ins_calls=0 ins_bytes=0 usb_out_calls=4 usb_out_req=270008 usb_out_done=270008 usb_out_us=6682 usb_in_calls=0 usb_in_req=0 usb_in_done=0 usb_in_us=0 usb_event_calls=0 usb_event_req=0 usb_event_done=0 usb_event_us=0 usb_intr_calls=0 usb_intr_req=0 usb_intr_done=0 usb_intr_us=0 usb_timeouts=0 usb_failed=0
t=654ms server SEND_SERVER_DONE cmd=inputs rc=0 bytes=270000 ms=15
t=658ms bridge cmd=inputs seq=10 data_len=270000 out_len=0 ok=True ms=21
t=659ms server command output 7672 /tmp/sentai_emu_tpu_send_payloads/output_11.bin
t=678ms server SEND_STATS cmd=output ok=1 ms=17 params_calls=0 params_bytes=0 input_calls=0 input_bytes=0 ins_calls=0 ins_bytes=0 usb_out_calls=0 usb_out_req=0 usb_out_done=0 usb_out_us=0 usb_in_calls=8 usb_in_req=7672 usb_in_done=7672 usb_in_us=17254 usb_event_calls=0 usb_event_req=0 usb_event_done=0 usb_event_us=0 usb_intr_calls=0 usb_intr_req=0 usb_intr_done=0 usb_intr_us=0 usb_timeouts=0 usb_failed=0
t=678ms server SEND_SERVER_DONE cmd=output rc=0 bytes=7672 ms=17
t=681ms bridge cmd=output seq=11 data_len=0 out_len=7672 ok=True ms=22
t=682ms server command output 176368 /tmp/sentai_emu_tpu_send_payloads/output_12.bin
t=692ms server SEND_STATS cmd=output ok=1 ms=9 params_calls=0 params_bytes=0 input_calls=0 input_bytes=0 ins_calls=0 ins_bytes=0 usb_out_calls=0 usb_out_req=0 usb_out_done=0 usb_out_us=0 usb_in_calls=174 usb_in_req=177712 usb_in_done=176368 usb_in_us=7957 usb_event_calls=0 usb_event_req=0 usb_event_done=0 usb_event_us=0 usb_intr_calls=0 usb_intr_req=0 usb_intr_done=0 usb_intr_us=0 usb_timeouts=0 usb_failed=0
t=692ms server SEND_SERVER_DONE cmd=output rc=0 bytes=176368 ms=9
t=693ms bridge cmd=output seq=12 data_len=0 out_len=176368 ok=True ms=11
t=693ms server command event
t=694ms server SEND_STATS cmd=event ok=1 ms=0 params_calls=0 params_bytes=0 input_calls=0 input_bytes=0 ins_calls=0 ins_bytes=0 usb_out_calls=0 usb_out_req=0 usb_out_done=0 usb_out_us=0 usb_in_calls=0 usb_in_req=0 usb_in_done=0 usb_in_us=0 usb_event_calls=1 usb_event_req=16 usb_event_done=16 usb_event_us=66 usb_intr_calls=0 usb_intr_req=0 usb_intr_done=0 usb_intr_us=0 usb_timeouts=0 usb_failed=0
t=694ms server SEND_SERVER_DONE cmd=event rc=0 bytes=0 ms=0
t=699ms bridge cmd=event seq=13 data_len=0 out_len=0 ok=True ms=6
t=715ms server command ins /tmp/sentai_emu_tpu_send_payloads/payload_14_ins.bin
t=726ms server SEND_STATS cmd=ins ok=1 ms=9 params_calls=0 params_bytes=0 input_calls=0 input_bytes=0 ins_calls=1 ins_bytes=254304 usb_out_calls=3 usb_out_req=254312 usb_out_done=254312 usb_out_us=3172 usb_in_calls=0 usb_in_req=0 usb_in_done=0 usb_in_us=0 usb_event_calls=0 usb_event_req=0 usb_event_done=0 usb_event_us=0 usb_intr_calls=0 usb_intr_req=0 usb_intr_done=0 usb_intr_us=0 usb_timeouts=0 usb_failed=0
t=726ms server SEND_SERVER_DONE cmd=ins rc=0 bytes=254304 ms=9
t=731ms bridge cmd=ins seq=14 data_len=254304 out_len=0 ok=True ms=16
t=732ms server command inputs /tmp/sentai_emu_tpu_send_payloads/payload_15_inputs.bin
t=746ms server SEND_STATS cmd=inputs ok=1 ms=12 params_calls=0 params_bytes=0 input_calls=1 input_bytes=270000 ins_calls=0 ins_bytes=0 usb_out_calls=4 usb_out_req=270008 usb_out_done=270008 usb_out_us=4268 usb_in_calls=0 usb_in_req=0 usb_in_done=0 usb_in_us=0 usb_event_calls=0 usb_event_req=0 usb_event_done=0 usb_event_us=0 usb_intr_calls=0 usb_intr_req=0 usb_intr_done=0 usb_intr_us=0 usb_timeouts=0 usb_failed=0
t=746ms server SEND_SERVER_DONE cmd=inputs rc=0 bytes=270000 ms=12
t=748ms bridge cmd=inputs seq=15 data_len=270000 out_len=0 ok=True ms=16
t=749ms server command output 7672 /tmp/sentai_emu_tpu_send_payloads/output_16.bin
t=770ms server SEND_STATS cmd=output ok=1 ms=20 params_calls=0 params_bytes=0 input_calls=0 input_bytes=0 ins_calls=0 ins_bytes=0 usb_out_calls=0 usb_out_req=0 usb_out_done=0 usb_out_us=0 usb_in_calls=8 usb_in_req=7672 usb_in_done=7672 usb_in_us=19802 usb_event_calls=0 usb_event_req=0 usb_event_done=0 usb_event_us=0 usb_intr_calls=0 usb_intr_req=0 usb_intr_done=0 usb_intr_us=0 usb_timeouts=0 usb_failed=0
t=770ms server SEND_SERVER_DONE cmd=output rc=0 bytes=7672 ms=20
t=775ms bridge cmd=output seq=16 data_len=0 out_len=7672 ok=True ms=26
t=775ms server command output 176368 /tmp/sentai_emu_tpu_send_payloads/output_17.bin
t=783ms server SEND_STATS cmd=output ok=1 ms=7 params_calls=0 params_bytes=0 input_calls=0 input_bytes=0 ins_calls=0 ins_bytes=0 usb_out_calls=0 usb_out_req=0 usb_out_done=0 usb_out_us=0 usb_in_calls=174 usb_in_req=177712 usb_in_done=176368 usb_in_us=5754 usb_event_calls=0 usb_event_req=0 usb_event_done=0 usb_event_us=0 usb_intr_calls=0 usb_intr_req=0 usb_intr_done=0 usb_intr_us=0 usb_timeouts=0 usb_failed=0
t=783ms server SEND_SERVER_DONE cmd=output rc=0 bytes=176368 ms=7
t=787ms bridge cmd=output seq=17 data_len=0 out_len=176368 ok=True ms=12
t=787ms server command event
t=789ms server SEND_STATS cmd=event ok=1 ms=0 params_calls=0 params_bytes=0 input_calls=0 input_bytes=0 ins_calls=0 ins_bytes=0 usb_out_calls=0 usb_out_req=0 usb_out_done=0 usb_out_us=0 usb_in_calls=0 usb_in_req=0 usb_in_done=0 usb_in_us=0 usb_event_calls=1 usb_event_req=16 usb_event_done=16 usb_event_us=60 usb_intr_calls=0 usb_intr_req=0 usb_intr_done=0 usb_intr_us=0 usb_timeouts=0 usb_failed=0
t=789ms server SEND_SERVER_DONE cmd=event rc=0 bytes=0 ms=0
t=794ms bridge cmd=event seq=18 data_len=0 out_len=0 ok=True ms=7
t=809ms server command ins /tmp/sentai_emu_tpu_send_payloads/payload_19_ins.bin
t=819ms server SEND_STATS cmd=ins ok=1 ms=9 params_calls=0 params_bytes=0 input_calls=0 input_bytes=0 ins_calls=1 ins_bytes=254304 usb_out_calls=3 usb_out_req=254312 usb_out_done=254312 usb_out_us=3014 usb_in_calls=0 usb_in_req=0 usb_in_done=0 usb_in_us=0 usb_event_calls=0 usb_event_req=0 usb_event_done=0 usb_event_us=0 usb_intr_calls=0 usb_intr_req=0 usb_intr_done=0 usb_intr_us=0 usb_timeouts=0 usb_failed=0
t=819ms server SEND_SERVER_DONE cmd=ins rc=0 bytes=254304 ms=9
t=825ms bridge cmd=ins seq=19 data_len=254304 out_len=0 ok=True ms=16
t=826ms server command inputs /tmp/sentai_emu_tpu_send_payloads/payload_20_inputs.bin
t=839ms server SEND_STATS cmd=inputs ok=1 ms=12 params_calls=0 params_bytes=0 input_calls=1 input_bytes=270000 ins_calls=0 ins_bytes=0 usb_out_calls=4 usb_out_req=270008 usb_out_done=270008 usb_out_us=4222 usb_in_calls=0 usb_in_req=0 usb_in_done=0 usb_in_us=0 usb_event_calls=0 usb_event_req=0 usb_event_done=0 usb_event_us=0 usb_intr_calls=0 usb_intr_req=0 usb_intr_done=0 usb_intr_us=0 usb_timeouts=0 usb_failed=0
t=840ms server SEND_SERVER_DONE cmd=inputs rc=0 bytes=270000 ms=12
t=842ms bridge cmd=inputs seq=20 data_len=270000 out_len=0 ok=True ms=17
t=843ms server command output 7672 /tmp/sentai_emu_tpu_send_payloads/output_21.bin
t=863ms server SEND_STATS cmd=output ok=1 ms=19 params_calls=0 params_bytes=0 input_calls=0 input_bytes=0 ins_calls=0 ins_bytes=0 usb_out_calls=0 usb_out_req=0 usb_out_done=0 usb_out_us=0 usb_in_calls=8 usb_in_req=7672 usb_in_done=7672 usb_in_us=19427 usb_event_calls=0 usb_event_req=0 usb_event_done=0 usb_event_us=0 usb_intr_calls=0 usb_intr_req=0 usb_intr_done=0 usb_intr_us=0 usb_timeouts=0 usb_failed=0
t=864ms server SEND_SERVER_DONE cmd=output rc=0 bytes=7672 ms=19
t=869ms bridge cmd=output seq=21 data_len=0 out_len=7672 ok=True ms=26
t=870ms server command output 176368 /tmp/sentai_emu_tpu_send_payloads/output_22.bin
t=878ms server SEND_STATS cmd=output ok=1 ms=6 params_calls=0 params_bytes=0 input_calls=0 input_bytes=0 ins_calls=0 ins_bytes=0 usb_out_calls=0 usb_out_req=0 usb_out_done=0 usb_out_us=0 usb_in_calls=174 usb_in_req=177712 usb_in_done=176368 usb_in_us=5425 usb_event_calls=0 usb_event_req=0 usb_event_done=0 usb_event_us=0 usb_intr_calls=0 usb_intr_req=0 usb_intr_done=0 usb_intr_us=0 usb_timeouts=0 usb_failed=0
t=878ms server SEND_SERVER_DONE cmd=output rc=0 bytes=176368 ms=6
t=881ms bridge cmd=output seq=22 data_len=0 out_len=176368 ok=True ms=11
t=881ms server command event
t=882ms server SEND_STATS cmd=event ok=1 ms=0 params_calls=0 params_bytes=0 input_calls=0 input_bytes=0 ins_calls=0 ins_bytes=0 usb_out_calls=0 usb_out_req=0 usb_out_done=0 usb_out_us=0 usb_in_calls=0 usb_in_req=0 usb_in_done=0 usb_in_us=0 usb_event_calls=1 usb_event_req=16 usb_event_done=16 usb_event_us=47 usb_intr_calls=0 usb_intr_req=0 usb_intr_done=0 usb_intr_us=0 usb_timeouts=0 usb_failed=0
t=882ms server SEND_SERVER_DONE cmd=event rc=0 bytes=0 ms=0
t=887ms bridge cmd=event seq=23 data_len=0 out_len=0 ok=True ms=6
t=911ms server command ins /tmp/sentai_emu_tpu_send_payloads/payload_24_ins.bin
t=924ms server SEND_STATS cmd=ins ok=1 ms=9 params_calls=0 params_bytes=0 input_calls=0 input_bytes=0 ins_calls=1 ins_bytes=254304 usb_out_calls=3 usb_out_req=254312 usb_out_done=254312 usb_out_us=3083 usb_in_calls=0 usb_in_req=0 usb_in_done=0 usb_in_us=0 usb_event_calls=0 usb_event_req=0 usb_event_done=0 usb_event_us=0 usb_intr_calls=0 usb_intr_req=0 usb_intr_done=0 usb_intr_us=0 usb_timeouts=0 usb_failed=0
t=925ms server SEND_SERVER_DONE cmd=ins rc=0 bytes=254304 ms=9
t=927ms bridge cmd=ins seq=24 data_len=254304 out_len=0 ok=True ms=17
t=928ms server command inputs /tmp/sentai_emu_tpu_send_payloads/payload_25_inputs.bin
t=942ms server SEND_STATS cmd=inputs ok=1 ms=13 params_calls=0 params_bytes=0 input_calls=1 input_bytes=270000 ins_calls=0 ins_bytes=0 usb_out_calls=4 usb_out_req=270008 usb_out_done=270008 usb_out_us=4327 usb_in_calls=0 usb_in_req=0 usb_in_done=0 usb_in_us=0 usb_event_calls=0 usb_event_req=0 usb_event_done=0 usb_event_us=0 usb_intr_calls=0 usb_intr_req=0 usb_intr_done=0 usb_intr_us=0 usb_timeouts=0 usb_failed=0
t=942ms server SEND_SERVER_DONE cmd=inputs rc=0 bytes=270000 ms=13
t=944ms bridge cmd=inputs seq=25 data_len=270000 out_len=0 ok=True ms=16
t=945ms server command output 7672 /tmp/sentai_emu_tpu_send_payloads/output_26.bin
t=965ms server SEND_STATS cmd=output ok=1 ms=18 params_calls=0 params_bytes=0 input_calls=0 input_bytes=0 ins_calls=0 ins_bytes=0 usb_out_calls=0 usb_out_req=0 usb_out_done=0 usb_out_us=0 usb_in_calls=8 usb_in_req=7672 usb_in_done=7672 usb_in_us=18515 usb_event_calls=0 usb_event_req=0 usb_event_done=0 usb_event_us=0 usb_intr_calls=0 usb_intr_req=0 usb_intr_done=0 usb_intr_us=0 usb_timeouts=0 usb_failed=0
t=965ms server SEND_SERVER_DONE cmd=output rc=0 bytes=7672 ms=18
t=966ms bridge cmd=output seq=26 data_len=0 out_len=7672 ok=True ms=21
t=967ms server command output 176368 /tmp/sentai_emu_tpu_send_payloads/output_27.bin
t=978ms server SEND_STATS cmd=output ok=1 ms=9 params_calls=0 params_bytes=0 input_calls=0 input_bytes=0 ins_calls=0 ins_bytes=0 usb_out_calls=0 usb_out_req=0 usb_out_done=0 usb_out_us=0 usb_in_calls=174 usb_in_req=177712 usb_in_done=176368 usb_in_us=7675 usb_event_calls=0 usb_event_req=0 usb_event_done=0 usb_event_us=0 usb_intr_calls=0 usb_intr_req=0 usb_intr_done=0 usb_intr_us=0 usb_timeouts=0 usb_failed=0
t=979ms server SEND_SERVER_DONE cmd=output rc=0 bytes=176368 ms=9
t=984ms bridge cmd=output seq=27 data_len=0 out_len=176368 ok=True ms=16
t=984ms server command event
t=985ms server SEND_STATS cmd=event ok=1 ms=0 params_calls=0 params_bytes=0 input_calls=0 input_bytes=0 ins_calls=0 ins_bytes=0 usb_out_calls=0 usb_out_req=0 usb_out_done=0 usb_out_us=0 usb_in_calls=0 usb_in_req=0 usb_in_done=0 usb_in_us=0 usb_event_calls=1 usb_event_req=16 usb_event_done=16 usb_event_us=70 usb_intr_calls=0 usb_intr_req=0 usb_intr_done=0 usb_intr_us=0 usb_timeouts=0 usb_failed=0
t=985ms server SEND_SERVER_DONE cmd=event rc=0 bytes=0 ms=0
t=990ms bridge cmd=event seq=28 data_len=0 out_len=0 ok=True ms=6
t=1018ms server command ins /tmp/sentai_emu_tpu_send_payloads/payload_29_ins.bin
t=1029ms server SEND_STATS cmd=ins ok=1 ms=9 params_calls=0 params_bytes=0 input_calls=0 input_bytes=0 ins_calls=1 ins_bytes=254304 usb_out_calls=3 usb_out_req=254312 usb_out_done=254312 usb_out_us=3136 usb_in_calls=0 usb_in_req=0 usb_in_done=0 usb_in_us=0 usb_event_calls=0 usb_event_req=0 usb_event_done=0 usb_event_us=0 usb_intr_calls=0 usb_intr_req=0 usb_intr_done=0 usb_intr_us=0 usb_timeouts=0 usb_failed=0
t=1029ms server SEND_SERVER_DONE cmd=ins rc=0 bytes=254304 ms=9
t=1034ms bridge cmd=ins seq=29 data_len=254304 out_len=0 ok=True ms=17
t=1036ms server command inputs /tmp/sentai_emu_tpu_send_payloads/payload_30_inputs.bin
t=1049ms server SEND_STATS cmd=inputs ok=1 ms=12 params_calls=0 params_bytes=0 input_calls=1 input_bytes=270000 ins_calls=0 ins_bytes=0 usb_out_calls=4 usb_out_req=270008 usb_out_done=270008 usb_out_us=4293 usb_in_calls=0 usb_in_req=0 usb_in_done=0 usb_in_us=0 usb_event_calls=0 usb_event_req=0 usb_event_done=0 usb_event_us=0 usb_intr_calls=0 usb_intr_req=0 usb_intr_done=0 usb_intr_us=0 usb_timeouts=0 usb_failed=0
t=1049ms server SEND_SERVER_DONE cmd=inputs rc=0 bytes=270000 ms=12
t=1052ms bridge cmd=inputs seq=30 data_len=270000 out_len=0 ok=True ms=17
t=1052ms server command output 7672 /tmp/sentai_emu_tpu_send_payloads/output_31.bin
t=1072ms server SEND_STATS cmd=output ok=1 ms=18 params_calls=0 params_bytes=0 input_calls=0 input_bytes=0 ins_calls=0 ins_bytes=0 usb_out_calls=0 usb_out_req=0 usb_out_done=0 usb_out_us=0 usb_in_calls=8 usb_in_req=7672 usb_in_done=7672 usb_in_us=18544 usb_event_calls=0 usb_event_req=0 usb_event_done=0 usb_event_us=0 usb_intr_calls=0 usb_intr_req=0 usb_intr_done=0 usb_intr_us=0 usb_timeouts=0 usb_failed=0
t=1072ms server SEND_SERVER_DONE cmd=output rc=0 bytes=7672 ms=18
t=1074ms bridge cmd=output seq=31 data_len=0 out_len=7672 ok=True ms=22
t=1075ms server command output 176368 /tmp/sentai_emu_tpu_send_payloads/output_32.bin
t=1083ms server SEND_STATS cmd=output ok=1 ms=7 params_calls=0 params_bytes=0 input_calls=0 input_bytes=0 ins_calls=0 ins_bytes=0 usb_out_calls=0 usb_out_req=0 usb_out_done=0 usb_out_us=0 usb_in_calls=174 usb_in_req=177712 usb_in_done=176368 usb_in_us=5750 usb_event_calls=0 usb_event_req=0 usb_event_done=0 usb_event_us=0 usb_intr_calls=0 usb_intr_req=0 usb_intr_done=0 usb_intr_us=0 usb_timeouts=0 usb_failed=0
t=1083ms server SEND_SERVER_DONE cmd=output rc=0 bytes=176368 ms=7
t=1086ms bridge cmd=output seq=32 data_len=0 out_len=176368 ok=True ms=11
t=1086ms server command event
t=1087ms server SEND_STATS cmd=event ok=1 ms=0 params_calls=0 params_bytes=0 input_calls=0 input_bytes=0 ins_calls=0 ins_bytes=0 usb_out_calls=0 usb_out_req=0 usb_out_done=0 usb_out_us=0 usb_in_calls=0 usb_in_req=0 usb_in_done=0 usb_in_us=0 usb_event_calls=1 usb_event_req=16 usb_event_done=16 usb_event_us=55 usb_intr_calls=0 usb_intr_req=0 usb_intr_done=0 usb_intr_us=0 usb_timeouts=0 usb_failed=0
t=1087ms server SEND_SERVER_DONE cmd=event rc=0 bytes=0 ms=0
t=1092ms bridge cmd=event seq=33 data_len=0 out_len=0 ok=True ms=6
t=1111ms server command ins /tmp/sentai_emu_tpu_send_payloads/payload_34_ins.bin
t=1122ms server SEND_STATS cmd=ins ok=1 ms=9 params_calls=0 params_bytes=0 input_calls=0 input_bytes=0 ins_calls=1 ins_bytes=254304 usb_out_calls=3 usb_out_req=254312 usb_out_done=254312 usb_out_us=3112 usb_in_calls=0 usb_in_req=0 usb_in_done=0 usb_in_us=0 usb_event_calls=0 usb_event_req=0 usb_event_done=0 usb_event_us=0 usb_intr_calls=0 usb_intr_req=0 usb_intr_done=0 usb_intr_us=0 usb_timeouts=0 usb_failed=0
t=1122ms server SEND_SERVER_DONE cmd=ins rc=0 bytes=254304 ms=9
t=1122ms bridge cmd=ins seq=34 data_len=254304 out_len=0 ok=True ms=12
t=1124ms server command inputs /tmp/sentai_emu_tpu_send_payloads/payload_35_inputs.bin
t=1138ms server SEND_STATS cmd=inputs ok=1 ms=12 params_calls=0 params_bytes=0 input_calls=1 input_bytes=270000 ins_calls=0 ins_bytes=0 usb_out_calls=4 usb_out_req=270008 usb_out_done=270008 usb_out_us=4210 usb_in_calls=0 usb_in_req=0 usb_in_done=0 usb_in_us=0 usb_event_calls=0 usb_event_req=0 usb_event_done=0 usb_event_us=0 usb_intr_calls=0 usb_intr_req=0 usb_intr_done=0 usb_intr_us=0 usb_timeouts=0 usb_failed=0
t=1138ms server SEND_SERVER_DONE cmd=inputs rc=0 bytes=270000 ms=12
t=1140ms bridge cmd=inputs seq=35 data_len=270000 out_len=0 ok=True ms=17
t=1141ms server command output 7672 /tmp/sentai_emu_tpu_send_payloads/output_36.bin
t=1161ms server SEND_STATS cmd=output ok=1 ms=19 params_calls=0 params_bytes=0 input_calls=0 input_bytes=0 ins_calls=0 ins_bytes=0 usb_out_calls=0 usb_out_req=0 usb_out_done=0 usb_out_us=0 usb_in_calls=8 usb_in_req=7672 usb_in_done=7672 usb_in_us=19570 usb_event_calls=0 usb_event_req=0 usb_event_done=0 usb_event_us=0 usb_intr_calls=0 usb_intr_req=0 usb_intr_done=0 usb_intr_us=0 usb_timeouts=0 usb_failed=0
t=1161ms server SEND_SERVER_DONE cmd=output rc=0 bytes=7672 ms=19
t=1167ms bridge cmd=output seq=36 data_len=0 out_len=7672 ok=True ms=26
t=1168ms server command output 176368 /tmp/sentai_emu_tpu_send_payloads/output_37.bin
t=1177ms server SEND_STATS cmd=output ok=1 ms=7 params_calls=0 params_bytes=0 input_calls=0 input_bytes=0 ins_calls=0 ins_bytes=0 usb_out_calls=0 usb_out_req=0 usb_out_done=0 usb_out_us=0 usb_in_calls=174 usb_in_req=177712 usb_in_done=176368 usb_in_us=6224 usb_event_calls=0 usb_event_req=0 usb_event_done=0 usb_event_us=0 usb_intr_calls=0 usb_intr_req=0 usb_intr_done=0 usb_intr_us=0 usb_timeouts=0 usb_failed=0
t=1177ms server SEND_SERVER_DONE cmd=output rc=0 bytes=176368 ms=7
t=1179ms bridge cmd=output seq=37 data_len=0 out_len=176368 ok=True ms=11
t=1180ms server command event
t=1181ms server SEND_STATS cmd=event ok=1 ms=0 params_calls=0 params_bytes=0 input_calls=0 input_bytes=0 ins_calls=0 ins_bytes=0 usb_out_calls=0 usb_out_req=0 usb_out_done=0 usb_out_us=0 usb_in_calls=0 usb_in_req=0 usb_in_done=0 usb_in_us=0 usb_event_calls=1 usb_event_req=16 usb_event_done=16 usb_event_us=66 usb_intr_calls=0 usb_intr_req=0 usb_intr_done=0 usb_intr_us=0 usb_timeouts=0 usb_failed=0
t=1181ms server SEND_SERVER_DONE cmd=event rc=0 bytes=0 ms=0
t=1185ms bridge cmd=event seq=38 data_len=0 out_len=0 ok=True ms=5
t=1210ms server command ins /tmp/sentai_emu_tpu_send_payloads/payload_39_ins.bin
t=1220ms server SEND_STATS cmd=ins ok=1 ms=9 params_calls=0 params_bytes=0 input_calls=0 input_bytes=0 ins_calls=1 ins_bytes=254304 usb_out_calls=3 usb_out_req=254312 usb_out_done=254312 usb_out_us=3121 usb_in_calls=0 usb_in_req=0 usb_in_done=0 usb_in_us=0 usb_event_calls=0 usb_event_req=0 usb_event_done=0 usb_event_us=0 usb_intr_calls=0 usb_intr_req=0 usb_intr_done=0 usb_intr_us=0 usb_timeouts=0 usb_failed=0
t=1221ms server SEND_SERVER_DONE cmd=ins rc=0 bytes=254304 ms=9
t=1226ms bridge cmd=ins seq=39 data_len=254304 out_len=0 ok=True ms=17
t=1227ms server command inputs /tmp/sentai_emu_tpu_send_payloads/payload_40_inputs.bin
t=1241ms server SEND_STATS cmd=inputs ok=1 ms=12 params_calls=0 params_bytes=0 input_calls=1 input_bytes=270000 ins_calls=0 ins_bytes=0 usb_out_calls=4 usb_out_req=270008 usb_out_done=270008 usb_out_us=4262 usb_in_calls=0 usb_in_req=0 usb_in_done=0 usb_in_us=0 usb_event_calls=0 usb_event_req=0 usb_event_done=0 usb_event_us=0 usb_intr_calls=0 usb_intr_req=0 usb_intr_done=0 usb_intr_us=0 usb_timeouts=0 usb_failed=0
t=1241ms server SEND_SERVER_DONE cmd=inputs rc=0 bytes=270000 ms=12
t=1243ms bridge cmd=inputs seq=40 data_len=270000 out_len=0 ok=True ms=17
t=1244ms server command output 7672 /tmp/sentai_emu_tpu_send_payloads/output_41.bin
t=1264ms server SEND_STATS cmd=output ok=1 ms=19 params_calls=0 params_bytes=0 input_calls=0 input_bytes=0 ins_calls=0 ins_bytes=0 usb_out_calls=0 usb_out_req=0 usb_out_done=0 usb_out_us=0 usb_in_calls=8 usb_in_req=7672 usb_in_done=7672 usb_in_us=19670 usb_event_calls=0 usb_event_req=0 usb_event_done=0 usb_event_us=0 usb_intr_calls=0 usb_intr_req=0 usb_intr_done=0 usb_intr_us=0 usb_timeouts=0 usb_failed=0
t=1265ms server SEND_SERVER_DONE cmd=output rc=0 bytes=7672 ms=19
t=1270ms bridge cmd=output seq=41 data_len=0 out_len=7672 ok=True ms=26
t=1271ms server command output 176368 /tmp/sentai_emu_tpu_send_payloads/output_42.bin
t=1279ms server SEND_STATS cmd=output ok=1 ms=7 params_calls=0 params_bytes=0 input_calls=0 input_bytes=0 ins_calls=0 ins_bytes=0 usb_out_calls=0 usb_out_req=0 usb_out_done=0 usb_out_us=0 usb_in_calls=174 usb_in_req=177712 usb_in_done=176368 usb_in_us=5540 usb_event_calls=0 usb_event_req=0 usb_event_done=0 usb_event_us=0 usb_intr_calls=0 usb_intr_req=0 usb_intr_done=0 usb_intr_us=0 usb_timeouts=0 usb_failed=0
t=1279ms server SEND_SERVER_DONE cmd=output rc=0 bytes=176368 ms=7
t=1282ms bridge cmd=output seq=42 data_len=0 out_len=176368 ok=True ms=11
t=1283ms server command event
t=1289ms server SEND_STATS cmd=event ok=1 ms=0 params_calls=0 params_bytes=0 input_calls=0 input_bytes=0 ins_calls=0 ins_bytes=0 usb_out_calls=0 usb_out_req=0 usb_out_done=0 usb_out_us=0 usb_in_calls=0 usb_in_req=0 usb_in_done=0 usb_in_us=0 usb_event_calls=1 usb_event_req=16 usb_event_done=16 usb_event_us=71 usb_intr_calls=0 usb_intr_req=0 usb_intr_done=0 usb_intr_us=0 usb_timeouts=0 usb_failed=0
t=1289ms server SEND_SERVER_DONE cmd=event rc=0 bytes=0 ms=0
t=1294ms bridge cmd=event seq=43 data_len=0 out_len=0 ok=True ms=11
t=1316ms server command ins /tmp/sentai_emu_tpu_send_payloads/payload_44_ins.bin
t=1326ms server SEND_STATS cmd=ins ok=1 ms=9 params_calls=0 params_bytes=0 input_calls=0 input_bytes=0 ins_calls=1 ins_bytes=254304 usb_out_calls=3 usb_out_req=254312 usb_out_done=254312 usb_out_us=3151 usb_in_calls=0 usb_in_req=0 usb_in_done=0 usb_in_us=0 usb_event_calls=0 usb_event_req=0 usb_event_done=0 usb_event_us=0 usb_intr_calls=0 usb_intr_req=0 usb_intr_done=0 usb_intr_us=0 usb_timeouts=0 usb_failed=0
t=1327ms server SEND_SERVER_DONE cmd=ins rc=0 bytes=254304 ms=9
t=1332ms bridge cmd=ins seq=44 data_len=254304 out_len=0 ok=True ms=17
t=1334ms server command inputs /tmp/sentai_emu_tpu_send_payloads/payload_45_inputs.bin
t=1347ms server SEND_STATS cmd=inputs ok=1 ms=12 params_calls=0 params_bytes=0 input_calls=1 input_bytes=270000 ins_calls=0 ins_bytes=0 usb_out_calls=4 usb_out_req=270008 usb_out_done=270008 usb_out_us=4263 usb_in_calls=0 usb_in_req=0 usb_in_done=0 usb_in_us=0 usb_event_calls=0 usb_event_req=0 usb_event_done=0 usb_event_us=0 usb_intr_calls=0 usb_intr_req=0 usb_intr_done=0 usb_intr_us=0 usb_timeouts=0 usb_failed=0
t=1347ms server SEND_SERVER_DONE cmd=inputs rc=0 bytes=270000 ms=12
t=1349ms bridge cmd=inputs seq=45 data_len=270000 out_len=0 ok=True ms=16
t=1350ms server command output 7672 /tmp/sentai_emu_tpu_send_payloads/output_46.bin
t=1370ms server SEND_STATS cmd=output ok=1 ms=19 params_calls=0 params_bytes=0 input_calls=0 input_bytes=0 ins_calls=0 ins_bytes=0 usb_out_calls=0 usb_out_req=0 usb_out_done=0 usb_out_us=0 usb_in_calls=8 usb_in_req=7672 usb_in_done=7672 usb_in_us=19596 usb_event_calls=0 usb_event_req=0 usb_event_done=0 usb_event_us=0 usb_intr_calls=0 usb_intr_req=0 usb_intr_done=0 usb_intr_us=0 usb_timeouts=0 usb_failed=0
t=1370ms server SEND_SERVER_DONE cmd=output rc=0 bytes=7672 ms=19
t=1371ms bridge cmd=output seq=46 data_len=0 out_len=7672 ok=True ms=21
t=1372ms server command output 176368 /tmp/sentai_emu_tpu_send_payloads/output_47.bin
t=1381ms server SEND_STATS cmd=output ok=1 ms=8 params_calls=0 params_bytes=0 input_calls=0 input_bytes=0 ins_calls=0 ins_bytes=0 usb_out_calls=0 usb_out_req=0 usb_out_done=0 usb_out_us=0 usb_in_calls=174 usb_in_req=177712 usb_in_done=176368 usb_in_us=6893 usb_event_calls=0 usb_event_req=0 usb_event_done=0 usb_event_us=0 usb_intr_calls=0 usb_intr_req=0 usb_intr_done=0 usb_intr_us=0 usb_timeouts=0 usb_failed=0
t=1381ms server SEND_SERVER_DONE cmd=output rc=0 bytes=176368 ms=8
t=1383ms bridge cmd=output seq=47 data_len=0 out_len=176368 ok=True ms=11
t=1384ms server command event
t=1384ms server SEND_STATS cmd=event ok=1 ms=0 params_calls=0 params_bytes=0 input_calls=0 input_bytes=0 ins_calls=0 ins_bytes=0 usb_out_calls=0 usb_out_req=0 usb_out_done=0 usb_out_us=0 usb_in_calls=0 usb_in_req=0 usb_in_done=0 usb_in_us=0 usb_event_calls=1 usb_event_req=16 usb_event_done=16 usb_event_us=57 usb_intr_calls=0 usb_intr_req=0 usb_intr_done=0 usb_intr_us=0 usb_timeouts=0 usb_failed=0
t=1384ms server SEND_SERVER_DONE cmd=event rc=0 bytes=0 ms=0
t=1389ms bridge cmd=event seq=48 data_len=0 out_len=0 ok=True ms=5
t=1407ms server command ins /tmp/sentai_emu_tpu_send_payloads/payload_49_ins.bin
t=1418ms server SEND_STATS cmd=ins ok=1 ms=9 params_calls=0 params_bytes=0 input_calls=0 input_bytes=0 ins_calls=1 ins_bytes=254304 usb_out_calls=3 usb_out_req=254312 usb_out_done=254312 usb_out_us=3051 usb_in_calls=0 usb_in_req=0 usb_in_done=0 usb_in_us=0 usb_event_calls=0 usb_event_req=0 usb_event_done=0 usb_event_us=0 usb_intr_calls=0 usb_intr_req=0 usb_intr_done=0 usb_intr_us=0 usb_timeouts=0 usb_failed=0
t=1418ms server SEND_SERVER_DONE cmd=ins rc=0 bytes=254304 ms=9
t=1423ms bridge cmd=ins seq=49 data_len=254304 out_len=0 ok=True ms=17
t=1425ms server command inputs /tmp/sentai_emu_tpu_send_payloads/payload_50_inputs.bin
t=1439ms server SEND_STATS cmd=inputs ok=1 ms=12 params_calls=0 params_bytes=0 input_calls=1 input_bytes=270000 ins_calls=0 ins_bytes=0 usb_out_calls=4 usb_out_req=270008 usb_out_done=270008 usb_out_us=4294 usb_in_calls=0 usb_in_req=0 usb_in_done=0 usb_in_us=0 usb_event_calls=0 usb_event_req=0 usb_event_done=0 usb_event_us=0 usb_intr_calls=0 usb_intr_req=0 usb_intr_done=0 usb_intr_us=0 usb_timeouts=0 usb_failed=0
t=1439ms server SEND_SERVER_DONE cmd=inputs rc=0 bytes=270000 ms=12
t=1441ms bridge cmd=inputs seq=50 data_len=270000 out_len=0 ok=True ms=17
t=1442ms server command output 7672 /tmp/sentai_emu_tpu_send_payloads/output_51.bin
t=1462ms server SEND_STATS cmd=output ok=1 ms=18 params_calls=0 params_bytes=0 input_calls=0 input_bytes=0 ins_calls=0 ins_bytes=0 usb_out_calls=0 usb_out_req=0 usb_out_done=0 usb_out_us=0 usb_in_calls=8 usb_in_req=7672 usb_in_done=7672 usb_in_us=18530 usb_event_calls=0 usb_event_req=0 usb_event_done=0 usb_event_us=0 usb_intr_calls=0 usb_intr_req=0 usb_intr_done=0 usb_intr_us=0 usb_timeouts=0 usb_failed=0
t=1462ms server SEND_SERVER_DONE cmd=output rc=0 bytes=7672 ms=18
t=1463ms bridge cmd=output seq=51 data_len=0 out_len=7672 ok=True ms=22
t=1463ms server command output 176368 /tmp/sentai_emu_tpu_send_payloads/output_52.bin
t=1472ms server SEND_STATS cmd=output ok=1 ms=7 params_calls=0 params_bytes=0 input_calls=0 input_bytes=0 ins_calls=0 ins_bytes=0 usb_out_calls=0 usb_out_req=0 usb_out_done=0 usb_out_us=0 usb_in_calls=174 usb_in_req=177712 usb_in_done=176368 usb_in_us=6020 usb_event_calls=0 usb_event_req=0 usb_event_done=0 usb_event_us=0 usb_intr_calls=0 usb_intr_req=0 usb_intr_done=0 usb_intr_us=0 usb_timeouts=0 usb_failed=0
t=1472ms server SEND_SERVER_DONE cmd=output rc=0 bytes=176368 ms=7
t=1474ms bridge cmd=output seq=52 data_len=0 out_len=176368 ok=True ms=11
t=1475ms server command event
t=1476ms server SEND_STATS cmd=event ok=1 ms=0 params_calls=0 params_bytes=0 input_calls=0 input_bytes=0 ins_calls=0 ins_bytes=0 usb_out_calls=0 usb_out_req=0 usb_out_done=0 usb_out_us=0 usb_in_calls=0 usb_in_req=0 usb_in_done=0 usb_in_us=0 usb_event_calls=1 usb_event_req=16 usb_event_done=16 usb_event_us=60 usb_intr_calls=0 usb_intr_req=0 usb_intr_done=0 usb_intr_us=0 usb_timeouts=0 usb_failed=0
t=1476ms server SEND_SERVER_DONE cmd=event rc=0 bytes=0 ms=0
t=1480ms bridge cmd=event seq=53 data_len=0 out_len=0 ok=True ms=5
