13:02:21.8015 [INFO] Loaded monitor commands from: /home/bogdan/work/renode_portable/scripts/monitor.py
Renode, version 1.16.1 (ac18b5ac-202606020225)


(monitor) i $CWD/emu/renode/sentai_emu_tpu_fps_repl.resc

13:02:21.9805 [INFO] Including script(s): /home/bogdan/work/coralmicro/emu/renode/sentai_emu_tpu_fps_repl.resc
13:02:22.0060 [INFO] System bus created.
13:02:23.3839 [INFO] Old file /home/bogdan/work/coralmicro/emu/output/sentai_emu_tpu_fps_repl.log moved to /home/bogdan/work/coralmicro/emu/output/sentai_emu_tpu_fps_repl.log.4
13:02:23.4293 [INFO] sysbus: Loading block of 3072 bytes length at 0x0.
13:02:23.4533 [INFO] sysbus: Loading block of 228288 bytes length at 0xC00.
13:02:23.4540 [INFO] sysbus: Loading block of 202432 bytes length at 0x387C0.
13:02:23.4545 [INFO] sysbus: Loading block of 16777216 bytes length at 0x80000000.
13:02:23.4880 [INFO] sysbus: Loading block of 54680 bytes length at 0x81000000.
13:02:24.3669 [INFO] cpu: Setting initial values: PC = 0xCBD, SP = 0x20040000.
13:02:24.3714 [INFO] machine-0: Machine started.
13:02:24.5111 [WARNING] nvic: Unhandled write to offset 0xF50 (ICacheInvalidateAllToPoUaIgnored), value 0x0.
13:02:24.5534 [WARNING] nvic: Trying to set the priority for interrupt 16 to 0xFF, but it should be maskable with 0xF0
13:02:28.4322 [INFO] machine-0: Machine paused.
sentai_emu_tpu_fps_repl PC:

0x22102

sentai_emu_tpu_fps_repl boot_state:

0x00000400

sentai_emu_tpu_fps_repl heartbeat:

0x00000000

sentai_emu_tpu_fps_repl repl_lines:

0x00000000

sentai_emu_tpu_fps_repl last_tick:

0x00000000

(machine-0) 13:02:28.5559 [INFO] machine-0: Disposed.
