17:13:38.5890 [INFO] Loaded monitor commands from: /home/bogdan/work/renode_portable/scripts/monitor.py
[0mRenode, version 1.16.1 (ac18b5ac-202606020225)

[91m(monitor) [0mi $CWD/emu/renode/sentai_emu_namespace_inventory_ui.resc
17:13:38.7135 [INFO] Including script(s): /home/bogdan/work/coralmicro/emu/renode/sentai_emu_namespace_inventory_ui.resc
17:13:38.7300 [INFO] System bus created.
17:13:39.7859 [INFO] sysbus: Loading block of 3072 bytes length at 0x0.
17:13:39.7980 [INFO] sysbus: Loading block of 254972 bytes length at 0xC00.
17:13:39.7983 [INFO] sysbus: Loading block of 636 bytes length at 0x3EFFC.
17:13:39.7983 [INFO] sysbus: Loading block of 204160 bytes length at 0x3F280.
17:13:39.7986 [INFO] sysbus: Loading block of 16777216 bytes length at 0x80000000.
17:13:39.8209 [INFO] sysbus: Loading block of 54716 bytes length at 0x81000000.
17:13:40.2577 [INFO] cpu: Setting initial values: PC = 0xCBD, SP = 0x20040000.
17:13:40.2605 [INFO] machine-0: Machine started.
17:13:40.3376 [WARNING] nvic: Unhandled write to offset 0xF50 (ICacheInvalidateAllToPoUaIgnored), value 0x0.
17:13:40.3630 [WARNING] nvic: Trying to set the priority for interrupt 16 to 0xFF, but it should be maskable with 0xF0
17:13:46.2043 [INFO] machine-0: Machine paused.
sentai_emu_namespace_inventory PC:
0x15d78
sentai_emu_namespace_inventory boot_state:
0x00000500
sentai_emu_namespace_inventory heartbeat:
0x0000001C
sentai_emu_namespace_inventory repl_lines:
0x00000001
sentai_emu_namespace_inventory last_tick:
0x00000B50
[33m(machine-0) [0m17:13:46.2721 [INFO] machine-0: Disposed.
$ /home/bogdan/work/renode_portable/renode --console emu/renode/sentai_emu_namespace_inventory_ui.resc

[elapsed_s] 9.238
