12:40:26.8905 [INFO] Loaded monitor commands from: /home/bogdan/work/renode_portable/scripts/monitor.py
Renode, version 1.16.1 (ac18b5ac-202606020225)


(monitor) i $CWD/emu/renode/sentai_emu_pipeline.resc

12:40:27.0095 [INFO] Including script(s): /home/bogdan/work/coralmicro/emu/renode/sentai_emu_pipeline.resc
12:40:27.0263 [INFO] System bus created.
12:40:27.8216 [INFO] Old file /home/bogdan/work/coralmicro/emu/output/sentai_emu_pipeline.log moved to /home/bogdan/work/coralmicro/emu/output/sentai_emu_pipeline.log.3
12:40:27.8384 [INFO] sysbus: Loading block of 3072 bytes length at 0x0.
12:40:27.8487 [INFO] sysbus: Loading block of 25372 bytes length at 0xC00.
12:40:27.8488 [INFO] sysbus: Loading block of 480 bytes length at 0x6F1C.
12:40:27.8488 [INFO] sysbus: Loading block of 64 bytes length at 0x70FC.
12:40:27.8488 [INFO] sysbus: Loading block of 36520 bytes length at 0x7100.
12:40:27.8488 [INFO] sysbus: Loading block of 16777216 bytes length at 0x80000000.
12:40:28.3029 [INFO] cpu: Setting initial values: PC = 0xCBD, SP = 0x20040000.
12:40:28.3055 [INFO] machine-0: Machine started.
12:40:28.3861 [WARNING] nvic: Unhandled write to offset 0xF50 (ICacheInvalidateAllToPoUaIgnored), value 0x0.
12:40:28.4075 [WARNING] nvic: Trying to set the priority for interrupt 16 to 0xFF, but it should be maskable with 0xF0
12:40:34.5166 [INFO] machine-0: Machine paused.
12:40:34.5733 [INFO] machine-0: Machine resumed.
12:40:35.1210 [INFO] machine-0: Machine paused.
12:40:35.1259 [INFO] machine-0: Machine resumed.
12:40:35.6378 [INFO] machine-0: Machine paused.
12:40:35.6398 [INFO] machine-0: Machine resumed.
12:40:36.1577 [INFO] machine-0: Machine paused.
12:40:36.1594 [INFO] machine-0: Machine resumed.
12:40:36.6627 [INFO] machine-0: Machine paused.
12:40:36.6645 [INFO] machine-0: Machine resumed.
12:40:37.5101 [INFO] machine-0: Machine paused.
sentai_emu_pipeline PC:

0x27f0

sentai_emu_pipeline boot_state:

0x00000900

sentai_emu_pipeline heartbeat:

0x00000005

sentai_emu_pipeline irq_count:

0x00000005

sentai_emu_pipeline stage1_processed:

0x00000005

sentai_emu_pipeline stage2_consumed:

0x00000005

sentai_emu_pipeline pipeline_errors:

0x00000000

sentai_emu_pipeline last_sum:

0x00000140

sentai_emu_pipeline last_tick:

0x00001046

(machine-0) 12:40:37.5790 [INFO] machine-0: Disposed.
