18:30:17.5196 [INFO] Loaded monitor commands from: /home/bogdan/work/renode_portable/scripts/monitor.py
[0mRenode, version 1.16.1 (d66b0c2a-202602160923)

[31;1m(monitor) [0mi $CWD/emu/renode/sentai_emu_hw_stub_namespace_smoke_ui.resc
18:30:17.6607 [INFO] Including script(s): /home/bogdan/work/coralmicro/emu/renode/sentai_emu_hw_stub_namespace_smoke_ui.resc
18:30:17.6729 [INFO] System bus created.
18:30:18.9689 [INFO] sysbus: Loading block of 3072 bytes length at 0x0.
18:30:18.9780 [INFO] sysbus: Loading block of 215336 bytes length at 0xC00.
18:30:18.9781 [INFO] sysbus: Loading block of 171840 bytes length at 0x35528.
18:30:18.9783 [INFO] sysbus: Loading block of 14680064 bytes length at 0x80000000.
18:30:18.9886 [INFO] sysbus: Loading block of 124184 bytes length at 0x80E00000.
18:30:19.5381 [INFO] cpu: Setting initial values: PC = 0xCBD, SP = 0x20040000.
18:30:19.5392 [INFO] machine-0: Machine started.
18:30:19.5947 [WARNING] nvic: Unhandled write to offset 0xF50 (ICacheInvalidateAllToPoUaIgnored), value 0x0.
18:30:19.6125 [WARNING] nvic: Trying to set the priority for interrupt 16 to 0xFF, but it should be maskable with 0xF0
18:30:28.8257 [INFO] machine-0: Machine paused.
sentai_emu_hw_stub_namespace_smoke PC:
0x15ea8
sentai_emu_hw_stub_namespace_smoke boot_state:
0x00000500
sentai_emu_hw_stub_namespace_smoke heartbeat:
0x0000001B
sentai_emu_hw_stub_namespace_smoke repl_lines:
0x00000001
sentai_emu_hw_stub_namespace_smoke last_tick:
0x00000B63
[33;1m(machine-0) [0m18:30:28.9058 [INFO] machine-0: Disposed.
$ /home/bogdan/work/renode_portable/renode --console emu/renode/sentai_emu_hw_stub_namespace_smoke_ui.resc

[elapsed_s] 13.335
