t=4ms pull peripheral ready 127.0.0.1:30233
t=41ms connected to host pull service
t=69ms pulled seq=160 pulls=1 empty=0
t=72ms write begin seq=160 bytes=230400
t=78ms write done seq=160
t=453ms write begin seq=168 bytes=230400
t=453ms write done seq=168
t=869ms write begin seq=176 bytes=230400
t=870ms write done seq=176
t=1222ms write begin seq=184 bytes=230400
t=1222ms write done seq=184
t=1681ms pulled seq=194 pulls=5 empty=0
t=1682ms write begin seq=194 bytes=230400
t=1682ms write done seq=194
t=2054ms write begin seq=200 bytes=230400
t=2054ms write done seq=200
t=2398ms write begin seq=208 bytes=230400
t=2399ms write done seq=208
t=2915ms write begin seq=218 bytes=230400
t=2916ms write done seq=218
t=3564ms write begin seq=232 bytes=230400
t=3564ms write done seq=232
t=3955ms pulled seq=238 pulls=10 empty=0
t=3955ms write begin seq=238 bytes=230400
t=3955ms write done seq=238
t=4252ms write begin seq=244 bytes=230400
t=4252ms write done seq=244
t=4536ms write begin seq=250 bytes=230400
t=4536ms write done seq=250
t=4855ms write begin seq=258 bytes=230400
t=4855ms write done seq=258
t=5307ms write begin seq=266 bytes=230400
t=5307ms write done seq=266
t=5583ms pulled seq=272 pulls=15 empty=0
t=5583ms write begin seq=272 bytes=230400
t=5584ms write done seq=272
t=5879ms write begin seq=278 bytes=230400
t=5880ms write done seq=278
t=6178ms write begin seq=284 bytes=230400
t=6178ms write done seq=284
t=6504ms write begin seq=292 bytes=230400
t=6504ms write done seq=292
t=6965ms write begin seq=302 bytes=230400
t=6966ms write done seq=302
t=7280ms pulled seq=307 pulls=20 empty=0
t=7280ms write begin seq=307 bytes=230400
t=7280ms write done seq=307
t=7570ms write begin seq=313 bytes=230400
t=7570ms write done seq=313
t=7876ms write begin seq=319 bytes=230400
t=7877ms write done seq=319
t=8215ms write begin seq=327 bytes=230400
t=8215ms write done seq=327
t=8682ms write begin seq=337 bytes=230400
t=8682ms write done seq=337
t=8952ms pulled seq=343 pulls=25 empty=0
t=8952ms write begin seq=343 bytes=230400
t=8952ms write done seq=343
t=9229ms write begin seq=349 bytes=230400
t=9229ms write done seq=349
t=9508ms write begin seq=355 bytes=230400
t=9508ms write done seq=355
t=9850ms write begin seq=361 bytes=230400
t=9851ms write done seq=361
t=10316ms write begin seq=371 bytes=230400
t=10316ms write done seq=371
t=10511ms pulled seq=375 pulls=30 empty=0
t=10512ms write begin seq=375 bytes=230400
t=10512ms write done seq=375
t=11082ms write begin seq=387 bytes=230400
t=11082ms write done seq=387
t=11179ms write begin seq=389 bytes=230400
t=11179ms write done seq=389
t=11257ms write begin seq=391 bytes=230400
t=11257ms write done seq=391
t=11335ms write begin seq=393 bytes=230400
t=11335ms write done seq=393
t=11418ms pulled seq=395 pulls=35 empty=0
t=11418ms write begin seq=395 bytes=230400
t=11418ms write done seq=395
t=11517ms write begin seq=397 bytes=230400
t=11517ms write done seq=397
t=11615ms write begin seq=399 bytes=230400
t=11616ms write done seq=399
t=11712ms write begin seq=401 bytes=230400
t=11712ms write done seq=401
t=11808ms write begin seq=403 bytes=230400
t=11809ms write done seq=403
t=11906ms pulled seq=405 pulls=40 empty=9
t=11907ms write begin seq=405 bytes=230400
t=11907ms write done seq=405
t=12001ms write begin seq=407 bytes=230400
t=12001ms write done seq=407
t=12095ms write begin seq=409 bytes=230400
t=12096ms write done seq=409
t=12197ms write begin seq=411 bytes=230400
t=12197ms write done seq=411
t=12288ms write begin seq=413 bytes=230400
t=12289ms write done seq=413
t=12384ms pulled seq=415 pulls=45 empty=24
t=12384ms write begin seq=415 bytes=230400
t=12385ms write done seq=415
t=12473ms write begin seq=417 bytes=230400
t=12473ms write done seq=417
t=12558ms write begin seq=419 bytes=230400
t=12558ms write done seq=419
t=12662ms write begin seq=421 bytes=230400
t=12662ms write done seq=421
t=12753ms write begin seq=423 bytes=230400
t=12753ms write done seq=423
t=12837ms pulled seq=425 pulls=50 empty=36
t=12837ms write begin seq=425 bytes=230400
t=12837ms write done seq=425
t=12933ms write begin seq=427 bytes=230400
t=12933ms write done seq=427
t=13033ms write begin seq=429 bytes=230400
t=13033ms write done seq=429
t=13129ms write begin seq=431 bytes=230400
t=13130ms write done seq=431
t=13218ms write begin seq=433 bytes=230400
t=13219ms write done seq=433
t=13312ms pulled seq=435 pulls=55 empty=51
t=13312ms write begin seq=435 bytes=230400
t=13312ms write done seq=435
t=13410ms write begin seq=437 bytes=230400
t=13410ms write done seq=437
t=13504ms write begin seq=439 bytes=230400
t=13504ms write done seq=439
t=13600ms write begin seq=441 bytes=230400
t=13600ms write done seq=441
t=13691ms write begin seq=443 bytes=230400
t=13691ms write done seq=443
t=13786ms pulled seq=445 pulls=60 empty=69
t=13786ms write begin seq=445 bytes=230400
t=13786ms write done seq=445
t=13891ms write begin seq=447 bytes=230400
t=13891ms write done seq=447
t=13985ms write begin seq=449 bytes=230400
t=13986ms write done seq=449
t=14088ms write begin seq=451 bytes=230400
t=14088ms write done seq=451
t=14189ms write begin seq=453 bytes=230400
t=14190ms write done seq=453
t=14286ms pulled seq=455 pulls=65 empty=90
t=14286ms write begin seq=455 bytes=230400
t=14286ms write done seq=455
t=14382ms write begin seq=457 bytes=230400
t=14382ms write done seq=457
t=14484ms write begin seq=459 bytes=230400
t=14484ms write done seq=459
t=14585ms write begin seq=461 bytes=230400
t=14586ms write done seq=461
t=14681ms write begin seq=463 bytes=230400
t=14681ms write done seq=463
t=14776ms pulled seq=465 pulls=70 empty=110
t=14776ms write begin seq=465 bytes=230400
t=14776ms write done seq=465
t=14872ms write begin seq=467 bytes=230400
t=14872ms write done seq=467
t=14961ms write begin seq=469 bytes=230400
t=14962ms write done seq=469
t=15056ms write begin seq=471 bytes=230400
t=15056ms write done seq=471
t=15159ms write begin seq=473 bytes=230400
t=15159ms write done seq=473
t=15256ms pulled seq=475 pulls=75 empty=125
t=15256ms write begin seq=475 bytes=230400
t=15256ms write done seq=475
t=15353ms write begin seq=477 bytes=230400
t=15353ms write done seq=477
t=15455ms write begin seq=479 bytes=230400
t=15455ms write done seq=479
t=15545ms write begin seq=481 bytes=230400
t=15545ms write done seq=481
t=15636ms write begin seq=483 bytes=230400
t=15636ms write done seq=483
t=15752ms pulled seq=485 pulls=80 empty=141
t=15752ms write begin seq=485 bytes=230400
t=15752ms write done seq=485
t=15838ms write begin seq=487 bytes=230400
t=15838ms write done seq=487
t=15933ms write begin seq=489 bytes=230400
t=15933ms write done seq=489
t=16043ms write begin seq=491 bytes=230400
t=16043ms write done seq=491
t=16132ms write begin seq=493 bytes=230400
t=16132ms write done seq=493
t=16224ms pulled seq=495 pulls=85 empty=156
t=16224ms write begin seq=495 bytes=230400
t=16224ms write done seq=495
t=16315ms write begin seq=497 bytes=230400
t=16315ms write done seq=497
t=16426ms write begin seq=499 bytes=230400
t=16426ms write done seq=499
t=16514ms write begin seq=501 bytes=230400
t=16514ms write done seq=501
t=16609ms write begin seq=503 bytes=230400
t=16609ms write done seq=503
t=16698ms pulled seq=505 pulls=90 empty=172
t=16698ms write begin seq=505 bytes=230400
t=16698ms write done seq=505
t=16791ms write begin seq=507 bytes=230400
t=16792ms write done seq=507
t=16877ms write begin seq=509 bytes=230400
t=16877ms write done seq=509
t=16974ms write begin seq=511 bytes=230400
t=16974ms write done seq=511
t=17064ms write begin seq=513 bytes=230400
t=17064ms write done seq=513
t=17156ms pulled seq=515 pulls=95 empty=183
t=17156ms write begin seq=515 bytes=230400
t=17156ms write done seq=515
t=17254ms write begin seq=517 bytes=230400
t=17254ms write done seq=517
t=17348ms write begin seq=519 bytes=230400
t=17348ms write done seq=519
t=17436ms write begin seq=521 bytes=230400
t=17436ms write done seq=521
t=17532ms write begin seq=523 bytes=230400
t=17532ms write done seq=523
t=17625ms pulled seq=525 pulls=100 empty=198
t=17626ms write begin seq=525 bytes=230400
t=17626ms write done seq=525
t=17717ms write begin seq=527 bytes=230400
t=17717ms write done seq=527
t=17807ms write begin seq=529 bytes=230400
t=17807ms write done seq=529
t=17895ms write begin seq=531 bytes=230400
t=17895ms write done seq=531
t=17987ms write begin seq=533 bytes=230400
t=17988ms write done seq=533
t=18077ms pulled seq=535 pulls=105 empty=207
t=18077ms write begin seq=535 bytes=230400
t=18077ms write done seq=535
t=18167ms write begin seq=537 bytes=230400
t=18167ms write done seq=537
t=18254ms write begin seq=539 bytes=230400
t=18254ms write done seq=539
t=18350ms write begin seq=541 bytes=230400
t=18350ms write done seq=541
t=18446ms write begin seq=543 bytes=230400
t=18446ms write done seq=543
t=18540ms pulled seq=545 pulls=110 empty=222
t=18540ms write begin seq=545 bytes=230400
t=18540ms write done seq=545
t=18638ms write begin seq=547 bytes=230400
t=18638ms write done seq=547
t=18733ms write begin seq=549 bytes=230400
t=18734ms write done seq=549
t=18828ms write begin seq=551 bytes=230400
t=18828ms write done seq=551
t=18921ms write begin seq=553 bytes=230400
t=18921ms write done seq=553
t=19017ms pulled seq=555 pulls=115 empty=239
t=19017ms write begin seq=555 bytes=230400
t=19017ms write done seq=555
t=19112ms write begin seq=557 bytes=230400
t=19112ms write done seq=557
t=19208ms write begin seq=559 bytes=230400
t=19208ms write done seq=559
t=19305ms write begin seq=561 bytes=230400
t=19306ms write done seq=561
t=19396ms write begin seq=563 bytes=230400
t=19396ms write done seq=563
t=19497ms pulled seq=565 pulls=120 empty=254
t=19497ms write begin seq=565 bytes=230400
t=19497ms write done seq=565
t=19591ms write begin seq=567 bytes=230400
t=19592ms write done seq=567
t=19684ms write begin seq=569 bytes=230400
t=19684ms write done seq=569
t=19777ms write begin seq=571 bytes=230400
t=19777ms write done seq=571
t=19871ms write begin seq=573 bytes=230400
t=19872ms write done seq=573
t=19972ms pulled seq=575 pulls=125 empty=265
t=19972ms write begin seq=575 bytes=230400
t=19972ms write done seq=575
t=20073ms write begin seq=577 bytes=230400
t=20073ms write done seq=577
t=20172ms write begin seq=579 bytes=230400
t=20173ms write done seq=579
t=20259ms write begin seq=581 bytes=230400
t=20259ms write done seq=581
t=20362ms write begin seq=583 bytes=230400
t=20362ms write done seq=583
t=20455ms pulled seq=585 pulls=130 empty=286
t=20455ms write begin seq=585 bytes=230400
t=20455ms write done seq=585
t=20552ms write begin seq=587 bytes=230400
t=20552ms write done seq=587
t=20653ms write begin seq=589 bytes=230400
t=20653ms write done seq=589
t=20748ms write begin seq=591 bytes=230400
t=20748ms write done seq=591
t=20838ms write begin seq=593 bytes=230400
t=20838ms write done seq=593
t=20931ms pulled seq=595 pulls=135 empty=303
t=20931ms write begin seq=595 bytes=230400
t=20931ms write done seq=595
t=21030ms write begin seq=597 bytes=230400
t=21030ms write done seq=597
t=21117ms write begin seq=599 bytes=230400
t=21117ms write done seq=599
t=21209ms write begin seq=601 bytes=230400
t=21209ms write done seq=601
t=21308ms write begin seq=603 bytes=230400
t=21308ms write done seq=603
t=21401ms pulled seq=605 pulls=140 empty=322
t=21401ms write begin seq=605 bytes=230400
t=21401ms write done seq=605
t=21502ms write begin seq=607 bytes=230400
t=21502ms write done seq=607
t=21589ms write begin seq=609 bytes=230400
t=21589ms write done seq=609
t=21692ms write begin seq=611 bytes=230400
t=21692ms write done seq=611
t=21785ms write begin seq=613 bytes=230400
t=21785ms write done seq=613
t=21880ms pulled seq=615 pulls=145 empty=337
t=21880ms write begin seq=615 bytes=230400
t=21880ms write done seq=615
t=21965ms write begin seq=617 bytes=230400
t=21965ms write done seq=617
t=22061ms write begin seq=619 bytes=230400
t=22061ms write done seq=619
t=22160ms write begin seq=621 bytes=230400
t=22160ms write done seq=621
t=22260ms write begin seq=623 bytes=230400
t=22260ms write done seq=623
t=22346ms pulled seq=625 pulls=150 empty=354
t=22346ms write begin seq=625 bytes=230400
t=22346ms write done seq=625
t=22437ms write begin seq=627 bytes=230400
t=22438ms write done seq=627
t=22531ms write begin seq=629 bytes=230400
t=22531ms write done seq=629
t=22625ms write begin seq=631 bytes=230400
t=22625ms write done seq=631
t=22729ms write begin seq=633 bytes=230400
t=22729ms write done seq=633
t=22819ms pulled seq=635 pulls=155 empty=371
t=22819ms write begin seq=635 bytes=230400
t=22819ms write done seq=635
t=22915ms write begin seq=637 bytes=230400
t=22916ms write done seq=637
t=23005ms write begin seq=639 bytes=230400
t=23005ms write done seq=639
t=23098ms write begin seq=641 bytes=230400
t=23099ms write done seq=641
t=23190ms write begin seq=643 bytes=230400
t=23191ms write done seq=643
t=23286ms pulled seq=645 pulls=160 empty=383
t=23286ms write begin seq=645 bytes=230400
t=23286ms write done seq=645
t=23378ms write begin seq=647 bytes=230400
t=23378ms write done seq=647
t=23477ms write begin seq=649 bytes=230400
t=23477ms write done seq=649
t=23579ms write begin seq=651 bytes=230400
t=23579ms write done seq=651
t=23678ms write begin seq=653 bytes=230400
t=23678ms write done seq=653
t=23778ms pulled seq=655 pulls=165 empty=397
t=23778ms write begin seq=655 bytes=230400
t=23778ms write done seq=655
t=23865ms write begin seq=657 bytes=230400
t=23865ms write done seq=657
t=23951ms write begin seq=659 bytes=230400
t=23952ms write done seq=659
t=24053ms write begin seq=661 bytes=230400
t=24053ms write done seq=661
t=24149ms write begin seq=663 bytes=230400
t=24149ms write done seq=663
t=24238ms pulled seq=665 pulls=170 empty=405
t=24238ms write begin seq=665 bytes=230400
t=24239ms write done seq=665
t=24328ms write begin seq=667 bytes=230400
t=24329ms write done seq=667
t=24426ms write begin seq=669 bytes=230400
t=24426ms write done seq=669
t=24512ms write begin seq=671 bytes=230400
t=24512ms write done seq=671
t=24612ms write begin seq=673 bytes=230400
t=24612ms write done seq=673
t=24716ms pulled seq=675 pulls=175 empty=424
t=24716ms write begin seq=675 bytes=230400
t=24716ms write done seq=675
t=24802ms write begin seq=677 bytes=230400
t=24802ms write done seq=677
t=24898ms write begin seq=679 bytes=230400
t=24898ms write done seq=679
t=24995ms write begin seq=681 bytes=230400
t=24995ms write done seq=681
t=25081ms write begin seq=683 bytes=230400
t=25081ms write done seq=683
t=25182ms pulled seq=685 pulls=180 empty=440
t=25183ms write begin seq=685 bytes=230400
t=25183ms write done seq=685
t=25278ms write begin seq=687 bytes=230400
t=25278ms write done seq=687
t=25373ms write begin seq=689 bytes=230400
t=25374ms write done seq=689
t=25476ms write begin seq=691 bytes=230400
t=25476ms write done seq=691
t=25575ms write begin seq=693 bytes=230400
t=25575ms write done seq=693
t=25670ms pulled seq=695 pulls=185 empty=461
t=25670ms write begin seq=695 bytes=230400
t=25670ms write done seq=695
t=25758ms write begin seq=697 bytes=230400
t=25758ms write done seq=697
t=25858ms write begin seq=699 bytes=230400
t=25858ms write done seq=699
t=25953ms write begin seq=701 bytes=230400
t=25953ms write done seq=701
t=26053ms write begin seq=703 bytes=230400
t=26054ms write done seq=703
t=26146ms pulled seq=705 pulls=190 empty=478
t=26146ms write begin seq=705 bytes=230400
t=26146ms write done seq=705
t=26243ms write begin seq=707 bytes=230400
t=26243ms write done seq=707
t=26344ms write begin seq=709 bytes=230400
t=26344ms write done seq=709
t=26437ms write begin seq=711 bytes=230400
t=26437ms write done seq=711
t=26527ms write begin seq=713 bytes=230400
t=26527ms write done seq=713
t=26626ms pulled seq=715 pulls=195 empty=495
t=26626ms write begin seq=715 bytes=230400
t=26626ms write done seq=715
t=26731ms write begin seq=717 bytes=230400
t=26732ms write done seq=717
t=26814ms write begin seq=719 bytes=230400
t=26814ms write done seq=719
t=26925ms write begin seq=721 bytes=230400
t=26925ms write done seq=721
t=27017ms write begin seq=723 bytes=230400
t=27017ms write done seq=723
t=27105ms pulled seq=725 pulls=200 empty=515
t=27105ms write begin seq=725 bytes=230400
t=27105ms write done seq=725
t=27216ms write begin seq=727 bytes=230400
t=27216ms write done seq=727
t=27312ms write begin seq=729 bytes=230400
t=27312ms write done seq=729
t=27407ms write begin seq=731 bytes=230400
t=27407ms write done seq=731
t=27503ms write begin seq=733 bytes=230400
t=27503ms write done seq=733
t=27611ms pulled seq=735 pulls=205 empty=532
t=27611ms write begin seq=735 bytes=230400
t=27611ms write done seq=735
t=27706ms write begin seq=737 bytes=230400
t=27706ms write done seq=737
t=27803ms write begin seq=739 bytes=230400
t=27803ms write done seq=739
t=27907ms write begin seq=741 bytes=230400
t=27907ms write done seq=741
t=28006ms write begin seq=743 bytes=230400
t=28006ms write done seq=743
t=28101ms pulled seq=745 pulls=210 empty=549
t=28102ms write begin seq=745 bytes=230400
t=28102ms write done seq=745
t=28191ms write begin seq=747 bytes=230400
t=28191ms write done seq=747
t=28279ms write begin seq=749 bytes=230400
t=28279ms write done seq=749
t=28381ms write begin seq=751 bytes=230400
t=28381ms write done seq=751
t=28472ms write begin seq=753 bytes=230400
t=28472ms write done seq=753
t=28566ms pulled seq=755 pulls=215 empty=567
t=28566ms write begin seq=755 bytes=230400
t=28566ms write done seq=755
t=28660ms write begin seq=757 bytes=230400
t=28660ms write done seq=757
t=28758ms write begin seq=759 bytes=230400
t=28759ms write done seq=759
t=28846ms write begin seq=761 bytes=230400
t=28846ms write done seq=761
t=28953ms write begin seq=763 bytes=230400
t=28953ms write done seq=763
t=29045ms pulled seq=765 pulls=220 empty=584
t=29045ms write begin seq=765 bytes=230400
t=29045ms write done seq=765
t=29138ms write begin seq=767 bytes=230400
t=29139ms write done seq=767
t=29235ms write begin seq=769 bytes=230400
t=29236ms write done seq=769
t=29325ms write begin seq=771 bytes=230400
t=29326ms write done seq=771
t=29416ms write begin seq=773 bytes=230400
t=29416ms write done seq=773
t=29514ms pulled seq=775 pulls=225 empty=598
t=29514ms write begin seq=775 bytes=230400
t=29514ms write done seq=775
t=29610ms write begin seq=777 bytes=230400
t=29610ms write done seq=777
t=29703ms write begin seq=779 bytes=230400
t=29704ms write done seq=779
t=29802ms write begin seq=781 bytes=230400
t=29802ms write done seq=781
t=29900ms write begin seq=783 bytes=230400
t=29900ms write done seq=783
t=29993ms pulled seq=785 pulls=230 empty=620
t=29994ms write begin seq=785 bytes=230400
t=29994ms write done seq=785
t=30089ms write begin seq=787 bytes=230400
t=30089ms write done seq=787
t=30189ms write begin seq=789 bytes=230400
t=30189ms write done seq=789
t=30286ms write begin seq=791 bytes=230400
t=30286ms write done seq=791
t=30386ms write begin seq=793 bytes=230400
t=30386ms write done seq=793
t=30473ms pulled seq=795 pulls=235 empty=639
t=30473ms write begin seq=795 bytes=230400
t=30473ms write done seq=795
t=30567ms write begin seq=797 bytes=230400
t=30567ms write done seq=797
t=30661ms write begin seq=799 bytes=230400
t=30661ms write done seq=799
t=30760ms write begin seq=801 bytes=230400
t=30760ms write done seq=801
t=30845ms write begin seq=803 bytes=230400
t=30845ms write done seq=803
t=30940ms pulled seq=805 pulls=240 empty=653
t=30940ms write begin seq=805 bytes=230400
t=30940ms write done seq=805
t=31031ms write begin seq=807 bytes=230400
t=31031ms write done seq=807
t=31125ms write begin seq=809 bytes=230400
t=31125ms write done seq=809
t=31229ms write begin seq=811 bytes=230400
t=31229ms write done seq=811
t=31326ms write begin seq=813 bytes=230400
t=31326ms write done seq=813
t=31429ms pulled seq=815 pulls=245 empty=670
t=31430ms write begin seq=815 bytes=230400
t=31430ms write done seq=815
t=31520ms write begin seq=817 bytes=230400
t=31520ms write done seq=817
t=31621ms write begin seq=819 bytes=230400
t=31621ms write done seq=819
t=31715ms write begin seq=821 bytes=230400
t=31715ms write done seq=821
t=31811ms write begin seq=823 bytes=230400
t=31811ms write done seq=823
t=31897ms pulled seq=825 pulls=250 empty=679
t=31897ms write begin seq=825 bytes=230400
t=31897ms write done seq=825
t=31990ms write begin seq=827 bytes=230400
t=31990ms write done seq=827
t=32081ms write begin seq=829 bytes=230400
t=32082ms write done seq=829
t=32178ms write begin seq=831 bytes=230400
t=32178ms write done seq=831
t=32276ms write begin seq=833 bytes=230400
t=32276ms write done seq=833
t=32364ms pulled seq=835 pulls=255 empty=691
t=32364ms write begin seq=835 bytes=230400
t=32364ms write done seq=835
t=32460ms write begin seq=837 bytes=230400
t=32460ms write done seq=837
t=32551ms write begin seq=839 bytes=230400
t=32551ms write done seq=839
t=32651ms write begin seq=841 bytes=230400
t=32651ms write done seq=841
t=32747ms write begin seq=843 bytes=230400
t=32748ms write done seq=843
t=32830ms pulled seq=845 pulls=260 empty=704
t=32830ms write begin seq=845 bytes=230400
t=32830ms write done seq=845
t=32923ms write begin seq=847 bytes=230400
t=32923ms write done seq=847
t=33016ms write begin seq=849 bytes=230400
t=33016ms write done seq=849
t=33110ms write begin seq=851 bytes=230400
t=33111ms write done seq=851
t=33196ms write begin seq=853 bytes=230400
t=33196ms write done seq=853
t=33292ms pulled seq=855 pulls=265 empty=716
t=33292ms write begin seq=855 bytes=230400
t=33292ms write done seq=855
t=33384ms write begin seq=857 bytes=230400
t=33385ms write done seq=857
t=33467ms write begin seq=859 bytes=230400
t=33467ms write done seq=859
t=33575ms write begin seq=861 bytes=230400
t=33575ms write done seq=861
t=33660ms write begin seq=863 bytes=230400
t=33661ms write done seq=863
t=33761ms pulled seq=865 pulls=270 empty=730
t=33761ms write begin seq=865 bytes=230400
t=33761ms write done seq=865
t=33848ms write begin seq=867 bytes=230400
t=33848ms write done seq=867
t=33943ms write begin seq=869 bytes=230400
t=33943ms write done seq=869
t=34040ms write begin seq=871 bytes=230400
t=34041ms write done seq=871
t=34134ms write begin seq=873 bytes=230400
t=34134ms write done seq=873
t=34233ms pulled seq=875 pulls=275 empty=748
t=34233ms write begin seq=875 bytes=230400
t=34233ms write done seq=875
t=34328ms write begin seq=877 bytes=230400
t=34328ms write done seq=877
t=34422ms write begin seq=879 bytes=230400
t=34423ms write done seq=879
t=34509ms write begin seq=881 bytes=230400
t=34509ms write done seq=881
t=34606ms write begin seq=883 bytes=230400
t=34606ms write done seq=883
t=34707ms pulled seq=885 pulls=280 empty=763
t=34707ms write begin seq=885 bytes=230400
t=34707ms write done seq=885
t=34796ms write begin seq=887 bytes=230400
t=34796ms write done seq=887
t=34890ms write begin seq=889 bytes=230400
t=34891ms write done seq=889
t=34989ms write begin seq=891 bytes=230400
t=34989ms write done seq=891
t=35080ms write begin seq=893 bytes=230400
t=35080ms write done seq=893
t=35183ms pulled seq=895 pulls=285 empty=780
t=35183ms write begin seq=895 bytes=230400
t=35184ms write done seq=895
t=35279ms write begin seq=897 bytes=230400
t=35279ms write done seq=897
t=35376ms write begin seq=899 bytes=230400
t=35376ms write done seq=899
t=35471ms write begin seq=901 bytes=230400
t=35471ms write done seq=901
t=35576ms write begin seq=903 bytes=230400
t=35576ms write done seq=903
t=35675ms pulled seq=905 pulls=290 empty=799
t=35675ms write begin seq=905 bytes=230400
t=35675ms write done seq=905
t=35778ms write begin seq=907 bytes=230400
t=35778ms write done seq=907
t=35875ms write begin seq=909 bytes=230400
t=35876ms write done seq=909
t=35968ms write begin seq=911 bytes=230400
t=35968ms write done seq=911
t=36063ms write begin seq=913 bytes=230400
t=36063ms write done seq=913
t=36156ms pulled seq=915 pulls=295 empty=812
t=36156ms write begin seq=915 bytes=230400
t=36156ms write done seq=915
t=36250ms write begin seq=917 bytes=230400
t=36250ms write done seq=917
t=36349ms write begin seq=919 bytes=230400
t=36349ms write done seq=919
t=36440ms write begin seq=921 bytes=230400
t=36440ms write done seq=921
t=36534ms write begin seq=923 bytes=230400
t=36535ms write done seq=923
t=36631ms pulled seq=925 pulls=300 empty=826
t=36632ms write begin seq=925 bytes=230400
t=36632ms write done seq=925
t=36725ms write begin seq=927 bytes=230400
t=36725ms write done seq=927
t=36849ms write begin seq=929 bytes=230400
t=36849ms write done seq=929
t=36933ms write begin seq=931 bytes=230400
t=36933ms write done seq=931
t=37026ms write begin seq=933 bytes=230400
t=37026ms write done seq=933
t=37121ms pulled seq=935 pulls=305 empty=843
t=37121ms write begin seq=935 bytes=230400
t=37121ms write done seq=935
t=37222ms write begin seq=937 bytes=230400
t=37223ms write done seq=937
t=37316ms write begin seq=939 bytes=230400
t=37317ms write done seq=939
t=37410ms write begin seq=941 bytes=230400
t=37410ms write done seq=941
t=37502ms write begin seq=943 bytes=230400
t=37503ms write done seq=943
t=37602ms pulled seq=945 pulls=310 empty=862
t=37602ms write begin seq=945 bytes=230400
t=37602ms write done seq=945
t=37700ms write begin seq=947 bytes=230400
t=37700ms write done seq=947
t=37791ms write begin seq=949 bytes=230400
t=37791ms write done seq=949
t=37884ms write begin seq=951 bytes=230400
t=37884ms write done seq=951
t=37978ms write begin seq=953 bytes=230400
t=37979ms write done seq=953
t=38076ms pulled seq=955 pulls=315 empty=880
t=38076ms write begin seq=955 bytes=230400
t=38076ms write done seq=955
t=38166ms write begin seq=957 bytes=230400
t=38166ms write done seq=957
t=38265ms write begin seq=959 bytes=230400
t=38265ms write done seq=959
t=38362ms write begin seq=961 bytes=230400
t=38362ms write done seq=961
t=38450ms write begin seq=963 bytes=230400
t=38450ms write done seq=963
t=38540ms pulled seq=965 pulls=320 empty=894
t=38540ms write begin seq=965 bytes=230400
t=38540ms write done seq=965
t=38637ms write begin seq=967 bytes=230400
t=38637ms write done seq=967
t=38725ms write begin seq=969 bytes=230400
t=38725ms write done seq=969
t=38820ms write begin seq=971 bytes=230400
t=38820ms write done seq=971
t=38919ms write begin seq=973 bytes=230400
t=38919ms write done seq=973
t=39018ms pulled seq=975 pulls=325 empty=912
t=39018ms write begin seq=975 bytes=230400
t=39018ms write done seq=975
t=39117ms write begin seq=977 bytes=230400
t=39117ms write done seq=977
t=39224ms write begin seq=979 bytes=230400
t=39224ms write done seq=979
t=39323ms write begin seq=981 bytes=230400
t=39323ms write done seq=981
t=39420ms write begin seq=983 bytes=230400
t=39420ms write done seq=983
t=39519ms pulled seq=985 pulls=330 empty=932
t=39520ms write begin seq=985 bytes=230400
t=39520ms write done seq=985
t=39616ms write begin seq=987 bytes=230400
t=39616ms write done seq=987
t=39719ms write begin seq=989 bytes=230400
t=39719ms write done seq=989
t=39813ms write begin seq=991 bytes=230400
t=39813ms write done seq=991
t=39915ms write begin seq=993 bytes=230400
t=39915ms write done seq=993
t=40013ms pulled seq=995 pulls=335 empty=948
t=40013ms write begin seq=995 bytes=230400
t=40013ms write done seq=995
t=40096ms write begin seq=997 bytes=230400
t=40096ms write done seq=997
t=40197ms write begin seq=999 bytes=230400
t=40197ms write done seq=999
t=40298ms write begin seq=1001 bytes=230400
t=40298ms write done seq=1001
t=40386ms write begin seq=1003 bytes=230400
t=40387ms write done seq=1003
t=40484ms pulled seq=1005 pulls=340 empty=965
t=40484ms write begin seq=1005 bytes=230400
t=40484ms write done seq=1005
t=40579ms write begin seq=1007 bytes=230400
t=40580ms write done seq=1007
t=40670ms write begin seq=1009 bytes=230400
t=40670ms write done seq=1009
t=40766ms write begin seq=1011 bytes=230400
t=40766ms write done seq=1011
t=40855ms write begin seq=1013 bytes=230400
t=40855ms write done seq=1013
t=40944ms pulled seq=1015 pulls=345 empty=976
t=40944ms write begin seq=1015 bytes=230400
t=40945ms write done seq=1015
t=41045ms write begin seq=1017 bytes=230400
t=41045ms write done seq=1017
t=41132ms write begin seq=1019 bytes=230400
t=41134ms write done seq=1019
t=41232ms write begin seq=1021 bytes=230400
t=41232ms write done seq=1021
t=41324ms write begin seq=1023 bytes=230400
t=41325ms write done seq=1023
t=41425ms pulled seq=1025 pulls=350 empty=993
t=41425ms write begin seq=1025 bytes=230400
t=41425ms write done seq=1025
t=41517ms write begin seq=1027 bytes=230400
t=41517ms write done seq=1027
t=41614ms write begin seq=1029 bytes=230400
t=41614ms write done seq=1029
