
SentAI EMU REPL B8.3
S233_PREP_INIT
S233_GZ_CAM_START 0
MicroPython embed ready
S233_BEGIN
0
0
0
True
0
S233_SETUP 0 1 1 30 0 0 0
0
0
0
0
0
0
S233_SAMPLE 1 1 0 0 0 0
S233_SAMPLE 2 4 0 0 255 0
S233_SAMPLE 3 7 0 0 255 0
S233_SAMPLE 4 9 0 0 255 0
S233_SAMPLE 5 12 0 0 255 0
S233_SAMPLE 6 14 0 0 255 0
S233_SAMPLE 7 17 0 0 255 0
S233_SAMPLE 8 19 0 0 255 0
S233_SAMPLE 9 22 0 0 255 0
S233_SAMPLE 10 24 0 0 255 0
S233_SAMPLE 11 27 0 0 255 0
0
0
0
0
S233_SUMMARY 7603 29 381 28 368 11 0 0 27
0
0
0
0
0
0
0
0
0
0
0
True
True
S233_DONE
