
SentAI EMU REPL B8.3
S233_PREP_INIT
S233_GZ_CAM_START 0
MicroPython embed ready
S233_BEGIN
0
-4
-4
False
-3
S233_SETUP 0 1 1 30 0 0 0
-3
-3
-3
-3
-3
-3
S233_FLOW_BASELINE 70 70 69
-3
-3
0
0
0
0
0
S233_CRAZY_SETUP 0 2 0 0 0
-3
-3
-3
-3
0
S233_SAMPLE 71 193 353 -605 225 0
0
S233_SAMPLE 72 216 0 0 24 0
0
S233_SAMPLE 73 236 36 -9 255 0
0
S233_SAMPLE 74 256 0 0 255 0
0
S233_SAMPLE 75 276 0 0 255 0
0
S233_SAMPLE 76 296 0 0 255 0
0
S233_SAMPLE 77 316 0 0 255 0
0
S233_SAMPLE 78 336 0 0 255 0
0
S233_SAMPLE 79 357 0 0 255 0
0
S233_SAMPLE 80 377 0 0 255 0
0
S233_SAMPLE 81 397 0 0 255 0
0
S233_SAMPLE 82 417 0 0 255 0
S233_CRAZY_DONE 0 0
0
0
0
0
S233_SUMMARY 17103 456 2666 433 2531 12 0 0 417
-3
-3
-3
-3
-3
-3
-3
-3
-3
-3
0
False
False
S233_DONE
