07:10:26.3036 [INFO] Loaded monitor commands from: /home/bogdan/work/renode_portable/scripts/monitor.py
Renode, version 1.16.1 (ac18b5ac-202606020225)


(monitor) i $CWD/emu/renode/sentai_emu_fs_asset_check.resc

07:10:26.4204 [INFO] Including script(s): /home/bogdan/work/coralmicro/emu/renode/sentai_emu_fs_asset_check.resc
07:10:26.4360 [INFO] System bus created.
07:10:27.2419 [INFO] Old file /home/bogdan/work/coralmicro/emu/output/sentai_emu_fs_asset_check.log moved to /home/bogdan/work/coralmicro/emu/output/sentai_emu_fs_asset_check.log.1
07:10:27.2615 [INFO] sysbus: Loading block of 3072 bytes length at 0x0.
07:10:27.2722 [INFO] sysbus: Loading block of 225936 bytes length at 0xC00.
07:10:27.2724 [INFO] sysbus: Loading block of 169640 bytes length at 0x37E90.
07:10:27.2727 [INFO] sysbus: Loading block of 16777216 bytes length at 0x80000000.
07:10:27.2968 [INFO] sysbus: Loading block of 54680 bytes length at 0x81000000.
07:10:27.7374 [INFO] cpu: Setting initial values: PC = 0xCBD, SP = 0x20040000.
07:10:27.7401 [INFO] machine-0: Machine started.
07:10:27.8199 [WARNING] nvic: Unhandled write to offset 0xF50 (ICacheInvalidateAllToPoUaIgnored), value 0x0.
07:10:27.8446 [WARNING] nvic: Trying to set the priority for interrupt 16 to 0xFF, but it should be maskable with 0xF0
07:12:12.7761 [INFO] machine-0: Machine paused.
sentai_emu_fs_asset_check PC:

0x1ce6

sentai_emu_fs_asset_check boot_state:

0x00000500

sentai_emu_fs_asset_check heartbeat:

0x00000001

sentai_emu_fs_asset_check repl_lines:

0x00000001

sentai_emu_fs_asset_check last_tick:

0x00000024

(machine-0) 07:12:12.8500 [INFO] machine-0: Disposed.
