[  1%] Incrementing build version...
[  2%] Built target shine
[  2%] Built target libs_FreeRTOS-m4
[  2%] Built target libs_littlefs-m4
[  4%] Built target libh3_arm
[  4%] Built target nanopb
[  4%] Built target sentai_browser_html
-- Build #1552 at 2026-06-26 17:36:52
[  5%] Built target libs_FreeRTOS
[ 10%] Built target libs_levelx
[ 11%] Built target libs_littlefs
[ 11%] Built target libs_kissfft-m7
[ 14%] Built target libs_aifes_m7
[ 17%] Built target libs_libjpeg
[ 20%] Built target libs_CMSIS-m7
[ 21%] Built target increment_build_version
[ 24%] Built target libs_CMSIS-m4
[ 26%] Built target meshtastic_pb
[ 43%] Built target libs_filex
[ 49%] Built target libs_nxp_rt1176-sdk_freertos
[ 56%] Built target libs_nxp_rt1176-sdk_freertos-m4
[ 56%] Built target libs_usb_host_task_freertos
[ 56%] Built target libs_usb_host_edgetpu_freertos
[ 56%] Building C object examples/sentai_runtime/CMakeFiles/libmicropython.dir/micropython_task.c.obj
[ 56%] Built target libs_t5838_freertos
[ 56%] Built target libs_nxp_rt1176-sdk-mcmgr_m7
[ 57%] Building C object examples/sentai_runtime/CMakeFiles/libmicropython.dir/modsentai.c.obj
[ 60%] Built target libs_nxp_rt1176-sdk_lwip
[ 62%] Built target libs_pmic_freertos
[ 62%] Built target libs_pmic_freertos-m4
[ 62%] Built target libs_nxp_rt1176-sdk_lwip_httpd
[ 62%] Built target libs_audio_freertos
[ 66%] Built target libs_nxp_rt1176-sdk-mbedtls
[ 66%] Built target libs_base-m7_http_server
[ 68%] Built target libs_base-m4_freertos
[ 68%] Built target libs_usb_device_task_freertos
In file included from /home/bogdan/work/coralmicro/examples/sentai_runtime/modsentai.c:334:
/home/bogdan/work/coralmicro/examples/sentai_runtime/bindings/modsentai_crazy.c: In function 'mod_sentai_crazy_hl_stop':
/home/bogdan/work/coralmicro/examples/sentai_runtime/bindings/modsentai_crazy.c:100:27: warning: implicit declaration of function 'sentai_crazy_hl_stop'; did you mean 'sentai_crazy_fly_stop'? [-Wimplicit-function-declaration]
  100 |     return mp_obj_new_int(sentai_crazy_hl_stop(group));
      |                           ^~~~~~~~~~~~~~~~~~~~
      |                           sentai_crazy_fly_stop
/home/bogdan/work/coralmicro/examples/sentai_runtime/bindings/modsentai_crazy.c: In function 'mod_sentai_crazy_attitude_release_no_disarm':
/home/bogdan/work/coralmicro/examples/sentai_runtime/bindings/modsentai_crazy.c:199:27: warning: implicit declaration of function 'sentai_crazy_attitude_release_no_disarm'; did you mean 'mod_sentai_crazy_attitude_release_no_disarm'? [-Wimplicit-function-declaration]
  199 |     return mp_obj_new_int(sentai_crazy_attitude_release_no_disarm());
      |                           ^~~~~~~~~~~~~~~~~~~~~~~~~~~~~~~~~~~~~~~
      |                           mod_sentai_crazy_attitude_release_no_disarm
[ 68%] Built target libs_camera_freertos-m4
[ 68%] Building CXX object libs/tpu/CMakeFiles/libs_tpu_freertos.dir/edgetpu_driver.cc.obj
[ 68%] Built target sentai_m4_aruco_bench
/home/bogdan/work/coralmicro/libs/tpu/edgetpu_driver.cc:43:25: warning: 'g_sentai_tpu_multi_ep_routing' initialized and declared 'extern'
   43 | extern "C" volatile int g_sentai_tpu_multi_ep_routing = 0;
      |                         ^~~~~~~~~~~~~~~~~~~~~~~~~~~~~
/home/bogdan/work/coralmicro/libs/tpu/edgetpu_driver.cc:683:30: warning: 'g_sentai_tpu_send_params_calls' initialized and declared 'extern'
  683 | extern "C" volatile uint32_t g_sentai_tpu_send_params_calls   = 0;
      |                              ^~~~~~~~~~~~~~~~~~~~~~~~~~~~~~
/home/bogdan/work/coralmicro/libs/tpu/edgetpu_driver.cc:684:30: warning: 'g_sentai_tpu_send_params_bytes' initialized and declared 'extern'
  684 | extern "C" volatile uint32_t g_sentai_tpu_send_params_bytes   = 0;
      |                              ^~~~~~~~~~~~~~~~~~~~~~~~~~~~~~
/home/bogdan/work/coralmicro/libs/tpu/edgetpu_driver.cc:685:30: warning: 'g_sentai_tpu_send_ins_calls' initialized and declared 'extern'
  685 | extern "C" volatile uint32_t g_sentai_tpu_send_ins_calls      = 0;
      |                              ^~~~~~~~~~~~~~~~~~~~~~~~~~~
/home/bogdan/work/coralmicro/libs/tpu/edgetpu_driver.cc:686:30: warning: 'g_sentai_tpu_send_ins_bytes' initialized and declared 'extern'
  686 | extern "C" volatile uint32_t g_sentai_tpu_send_ins_bytes      = 0;
      |                              ^~~~~~~~~~~~~~~~~~~~~~~~~~~
/home/bogdan/work/coralmicro/libs/tpu/edgetpu_driver.cc:687:30: warning: 'g_sentai_tpu_send_inputs_calls' initialized and declared 'extern'
  687 | extern "C" volatile uint32_t g_sentai_tpu_send_inputs_calls   = 0;
      |                              ^~~~~~~~~~~~~~~~~~~~~~~~~~~~~~
/home/bogdan/work/coralmicro/libs/tpu/edgetpu_driver.cc:688:30: warning: 'g_sentai_tpu_send_inputs_bytes' initialized and declared 'extern'
  688 | extern "C" volatile uint32_t g_sentai_tpu_send_inputs_bytes   = 0;
      |                              ^~~~~~~~~~~~~~~~~~~~~~~~~~~~~~
/home/bogdan/work/coralmicro/libs/tpu/edgetpu_driver.cc:739:25: warning: 'g_sentai_tpu_zero_copy_input' initialized and declared 'extern'
  739 | extern "C" volatile int g_sentai_tpu_zero_copy_input = 1;
      |                         ^~~~~~~~~~~~~~~~~~~~~~~~~~~~
/home/bogdan/work/coralmicro/libs/tpu/edgetpu_driver.cc:760:30: warning: 'g_sentai_tpu_chunk_size' initialized and declared 'extern'
  760 | extern "C" volatile uint32_t g_sentai_tpu_chunk_size = 36 * 1024;
      |                              ^~~~~~~~~~~~~~~~~~~~~~~
/home/bogdan/work/coralmicro/libs/tpu/edgetpu_driver.cc:779:25: warning: 'g_sentai_tpu_async_input_enabled' initialized and declared 'extern'
  779 | extern "C" volatile int g_sentai_tpu_async_input_enabled = 0;
      |                         ^~~~~~~~~~~~~~~~~~~~~~~~~~~~~~~~
/home/bogdan/work/coralmicro/libs/tpu/edgetpu_driver.cc:989:39: warning: 'g_sentai_tpu_input_done_sema' initialized and declared 'extern'
  989 | extern "C" volatile SemaphoreHandle_t g_sentai_tpu_input_done_sema = nullptr;
      |                                       ^~~~~~~~~~~~~~~~~~~~~~~~~~~~
/home/bogdan/work/coralmicro/libs/tpu/edgetpu_driver.cc:990:39: warning: 'g_sentai_tpu_input_done_count' initialized and declared 'extern'
  990 | extern "C" volatile uint32_t          g_sentai_tpu_input_done_count = 0;
      |                                       ^~~~~~~~~~~~~~~~~~~~~~~~~~~~~
/home/bogdan/work/coralmicro/libs/tpu/edgetpu_driver.cc:1102:30: warning: 'g_sentai_tpu_lambda_entered' initialized and declared 'extern'
 1102 | extern "C" volatile uint32_t g_sentai_tpu_lambda_entered = 0;
      |                              ^~~~~~~~~~~~~~~~~~~~~~~~~~~
/home/bogdan/work/coralmicro/libs/tpu/edgetpu_driver.cc:1103:30: warning: 'g_sentai_tpu_lambda_gave' initialized and declared 'extern'
 1103 | extern "C" volatile uint32_t g_sentai_tpu_lambda_gave = 0;
      |                              ^~~~~~~~~~~~~~~~~~~~~~~~
/home/bogdan/work/coralmicro/libs/tpu/edgetpu_driver.cc:1104:30: warning: 'g_sentai_tpu_lambda_null_sema' initialized and declared 'extern'
 1104 | extern "C" volatile uint32_t g_sentai_tpu_lambda_null_sema = 0;
      |                              ^~~~~~~~~~~~~~~~~~~~~~~~~~~~~
/home/bogdan/work/coralmicro/libs/tpu/edgetpu_driver.cc:1105:30: warning: 'g_sentai_tpu_take_failed' initialized and declared 'extern'
 1105 | extern "C" volatile uint32_t g_sentai_tpu_take_failed = 0;
      |                              ^~~~~~~~~~~~~~~~~~~~~~~~
/home/bogdan/work/coralmicro/libs/tpu/edgetpu_driver.cc:1106:30: warning: 'g_sentai_tpu_take_succeeded' initialized and declared 'extern'
 1106 | extern "C" volatile uint32_t g_sentai_tpu_take_succeeded = 0;
      |                              ^~~~~~~~~~~~~~~~~~~~~~~~~~~
/home/bogdan/work/coralmicro/libs/tpu/edgetpu_driver.cc:1123:30: warning: 'g_sentai_tpu_urb_timeout_ms' initialized and declared 'extern'
 1123 | extern "C" volatile uint32_t g_sentai_tpu_urb_timeout_ms = 200;
      |                              ^~~~~~~~~~~~~~~~~~~~~~~~~~~
/home/bogdan/work/coralmicro/libs/tpu/edgetpu_driver.cc:1133:30: warning: 'g_sentai_tpu_urb_cancelled' initialized and declared 'extern'
 1133 | extern "C" volatile uint32_t g_sentai_tpu_urb_cancelled = 0;
      |                              ^~~~~~~~~~~~~~~~~~~~~~~~~~
/home/bogdan/work/coralmicro/libs/tpu/edgetpu_driver.cc:1134:30: warning: 'g_sentai_tpu_urb_cancel_no_cb' initialized and declared 'extern'
 1134 | extern "C" volatile uint32_t g_sentai_tpu_urb_cancel_no_cb = 0;
      |                              ^~~~~~~~~~~~~~~~~~~~~~~~~~~~~
/home/bogdan/work/coralmicro/libs/tpu/edgetpu_driver.cc:1136:25: warning: 'g_sentai_tpu_sim_break_on_short_bulkin' initialized and declared 'extern'
 1136 | extern "C" volatile int g_sentai_tpu_sim_break_on_short_bulkin = 0;
      |                         ^~~~~~~~~~~~~~~~~~~~~~~~~~~~~~~~~~~~~~
/home/bogdan/work/coralmicro/libs/tpu/edgetpu_driver.cc:1137:30: warning: 'g_sentai_tpu_sim_bulkin_chunk_size' initialized and declared 'extern'
 1137 | extern "C" volatile uint32_t g_sentai_tpu_sim_bulkin_chunk_size = 256;
      |                              ^~~~~~~~~~~~~~~~~~~~~~~~~~~~~~~~~~
/home/bogdan/work/coralmicro/libs/tpu/edgetpu_driver.cc:1138:30: warning: 'g_sentai_tpu_sim_outfeed_chunk_length' initialized and declared 'extern'
 1138 | extern "C" volatile uint32_t g_sentai_tpu_sim_outfeed_chunk_length = 0x20;
      |                              ^~~~~~~~~~~~~~~~~~~~~~~~~~~~~~~~~~~~~
/home/bogdan/work/coralmicro/libs/tpu/edgetpu_driver.cc:1139:25: warning: 'g_sentai_tpu_sim_sleep_after_bulkin' initialized and declared 'extern'
 1139 | extern "C" volatile int g_sentai_tpu_sim_sleep_after_bulkin = 0;
      |                         ^~~~~~~~~~~~~~~~~~~~~~~~~~~~~~~~~~~
/home/bogdan/work/coralmicro/libs/tpu/edgetpu_driver.cc:1140:30: warning: 'g_sentai_tpu_sim_bulkin_queue_depth' initialized and declared 'extern'
 1140 | extern "C" volatile uint32_t g_sentai_tpu_sim_bulkin_queue_depth = 0;
      |                              ^~~~~~~~~~~~~~~~~~~~~~~~~~~~~~~~~~~
/home/bogdan/work/coralmicro/libs/tpu/edgetpu_driver.cc:1989:30: warning: 'g_sentai_tpu_fault_csr' initialized and declared 'extern'
 1989 | extern "C" volatile uint32_t g_sentai_tpu_fault_csr[16] = {0};
      |                              ^~~~~~~~~~~~~~~~~~~~~~
/home/bogdan/work/coralmicro/libs/tpu/edgetpu_driver.cc:108:9: warning: 'coralmicro::{anonymous}::BulkTransferBuffer' defined but not used [-Wunused-variable]
  108 | uint8_t BulkTransferBuffer[kMaxBulkBufferSize]
      |         ^~~~~~~~~~~~~~~~~~
[ 68%] Linking CXX static library liblibs_tpu_freertos.a
[ 69%] Built target libs_tpu_freertos
[ 69%] Built target libs_tpu_task_freertos
[ 69%] Built target libs_tpu_dfu_task_freertos
[ 82%] Built target libs_tensorflow-m7
[ 84%] Built target libs_base-m7_freertos
[ 84%] Built target libs_msc_ums_freertos
[ 85%] Built target libs_cdc_ncm_freertos
[ 85%] Built target libs_cdc_eem_freertos
[ 85%] Built target libs_cdc_acm_freertos
[ 85%] Built target libs_camera_freertos
[ 86%] Built target libs_aifes_task_m7
[ 86%] Built target libs_jpeg_m7
[ 86%] Built target libs_lis2du12_freertos
[ 86%] Linking C static library liblibmicropython.a
[ 95%] Built target libmicropython
[ 95%] Building CXX object examples/sentai_runtime/CMakeFiles/sentai_runtime.dir/sentai_runtime.cc.obj
/tmp/cclN3JPs.s: Assembler messages:
/tmp/cclN3JPs.s:18449: Warning: ignoring changed section type for .sdram_bss
/tmp/cclN3JPs.s:18449: Warning: ignoring changed section attributes for .sdram_bss
[ 95%] Linking CXX executable sentai_runtime
[100%] Built target sentai_runtime
