$ /usr/bin/python3 emu/host/sentai_gazebo_uds_to_tcp_bridge.py --uds /tmp/sentai_emu_cam.sock --tcp-host 127.0.0.1 --tcp-port 30233 --max-fps 15.0 --out-width 640 --out-height 480 --out-format rgb888
[uds-tcp] pull server 127.0.0.1:30233
[uds-tcp] listening /tmp/sentai_emu_cam.sock
[uds-tcp] renode client connected
[uds-tcp] renode client disconnected
[uds-tcp] gz client connected
[uds-tcp] frames=30 seq=30 kept=14 dropped=16 bad=0 latest=29
[uds-tcp] frames=60 seq=60 kept=29 dropped=31 bad=0 latest=59
[uds-tcp] frames=90 seq=90 kept=44 dropped=46 bad=0 latest=89
[uds-tcp] renode client connected
[uds-tcp] frames=120 seq=120 kept=59 dropped=61 bad=0 latest=119
[uds-tcp] frames=150 seq=150 kept=75 dropped=75 bad=0 latest=150
[uds-tcp] frames=180 seq=180 kept=90 dropped=90 bad=0 latest=180
[uds-tcp] frames=210 seq=210 kept=105 dropped=105 bad=0 latest=210
[uds-tcp] frames=240 seq=240 kept=120 dropped=120 bad=0 latest=240
[uds-tcp] frames=270 seq=270 kept=135 dropped=135 bad=0 latest=270
[uds-tcp] frames=300 seq=300 kept=150 dropped=150 bad=0 latest=300
[uds-tcp] frames=330 seq=330 kept=165 dropped=165 bad=0 latest=330
[uds-tcp] frames=360 seq=360 kept=180 dropped=180 bad=0 latest=360
[uds-tcp] frames=390 seq=390 kept=195 dropped=195 bad=0 latest=390
[uds-tcp] frames=420 seq=420 kept=210 dropped=210 bad=0 latest=420
[uds-tcp] frames=450 seq=450 kept=225 dropped=225 bad=0 latest=450
[uds-tcp] frames=480 seq=480 kept=240 dropped=240 bad=0 latest=480
[uds-tcp] frames=510 seq=510 kept=255 dropped=255 bad=0 latest=509
[uds-tcp] frames=540 seq=540 kept=270 dropped=270 bad=0 latest=539
[uds-tcp] frames=570 seq=570 kept=285 dropped=285 bad=0 latest=569
[uds-tcp] frames=600 seq=600 kept=300 dropped=300 bad=0 latest=599
[uds-tcp] frames=630 seq=630 kept=315 dropped=315 bad=0 latest=629
[uds-tcp] frames=660 seq=660 kept=330 dropped=330 bad=0 latest=659
[uds-tcp] frames=690 seq=690 kept=345 dropped=345 bad=0 latest=689
[uds-tcp] frames=720 seq=720 kept=360 dropped=360 bad=0 latest=719
[uds-tcp] frames=750 seq=750 kept=375 dropped=375 bad=0 latest=749
[uds-tcp] frames=780 seq=780 kept=390 dropped=390 bad=0 latest=779
[uds-tcp] frames=810 seq=810 kept=405 dropped=405 bad=0 latest=809
[uds-tcp] frames=840 seq=840 kept=420 dropped=420 bad=0 latest=839
[uds-tcp] frames=870 seq=870 kept=435 dropped=435 bad=0 latest=869
[uds-tcp] frames=900 seq=900 kept=450 dropped=450 bad=0 latest=899
[uds-tcp] frames=930 seq=930 kept=465 dropped=465 bad=0 latest=929
[uds-tcp] frames=960 seq=960 kept=480 dropped=480 bad=0 latest=959
[uds-tcp] frames=990 seq=990 kept=495 dropped=495 bad=0 latest=989
[uds-tcp] frames=1020 seq=1020 kept=510 dropped=510 bad=0 latest=1019
[uds-tcp] frames=1050 seq=1050 kept=525 dropped=525 bad=0 latest=1049
[uds-tcp] frames=1080 seq=1080 kept=540 dropped=540 bad=0 latest=1079
[uds-tcp] frames=1110 seq=1110 kept=555 dropped=555 bad=0 latest=1109
[uds-tcp] frames=1140 seq=1140 kept=570 dropped=570 bad=0 latest=1139
[uds-tcp] frames=1170 seq=1170 kept=585 dropped=585 bad=0 latest=1169
[uds-tcp] frames=1200 seq=1200 kept=600 dropped=600 bad=0 latest=1199
[uds-tcp] frames=1230 seq=1230 kept=615 dropped=615 bad=0 latest=1229
[uds-tcp] frames=1260 seq=1260 kept=630 dropped=630 bad=0 latest=1259
[uds-tcp] frames=1290 seq=1290 kept=645 dropped=645 bad=0 latest=1289
[uds-tcp] frames=1320 seq=1320 kept=660 dropped=660 bad=0 latest=1319
[uds-tcp] frames=1350 seq=1350 kept=676 dropped=674 bad=0 latest=1350
[uds-tcp] frames=1380 seq=1380 kept=691 dropped=689 bad=0 latest=1380
[uds-tcp] frames=1410 seq=1410 kept=706 dropped=704 bad=0 latest=1410
[uds-tcp] frames=1440 seq=1440 kept=721 dropped=719 bad=0 latest=1440
[uds-tcp] frames=1470 seq=1470 kept=736 dropped=734 bad=0 latest=1470
[uds-tcp] frames=1500 seq=1500 kept=751 dropped=749 bad=0 latest=1500
[uds-tcp] frames=1530 seq=1530 kept=766 dropped=764 bad=0 latest=1530
[uds-tcp] frames=1560 seq=1560 kept=781 dropped=779 bad=0 latest=1560
[uds-tcp] frames=1590 seq=1590 kept=796 dropped=794 bad=0 latest=1590
[uds-tcp] frames=1620 seq=1620 kept=811 dropped=809 bad=0 latest=1620
[uds-tcp] frames=1650 seq=1650 kept=826 dropped=824 bad=0 latest=1650
[uds-tcp] frames=1680 seq=1680 kept=841 dropped=839 bad=0 latest=1680
[uds-tcp] frames=1710 seq=1710 kept=856 dropped=854 bad=0 latest=1710
[uds-tcp] frames=1740 seq=1740 kept=871 dropped=869 bad=0 latest=1740
[uds-tcp] frames=1770 seq=1770 kept=886 dropped=884 bad=0 latest=1770
[uds-tcp] frames=1800 seq=1800 kept=901 dropped=899 bad=0 latest=1800
[uds-tcp] frames=1830 seq=1830 kept=916 dropped=914 bad=0 latest=1830
[uds-tcp] frames=1860 seq=1860 kept=931 dropped=929 bad=0 latest=1860
[uds-tcp] frames=1890 seq=1890 kept=946 dropped=944 bad=0 latest=1890
[uds-tcp] frames=1920 seq=1920 kept=961 dropped=959 bad=0 latest=1920
[uds-tcp] frames=1950 seq=1950 kept=976 dropped=974 bad=0 latest=1950
[uds-tcp] frames=1980 seq=1980 kept=991 dropped=989 bad=0 latest=1980
[uds-tcp] frames=2010 seq=2010 kept=1006 dropped=1004 bad=0 latest=2010
[uds-tcp] frames=2040 seq=2040 kept=1021 dropped=1019 bad=0 latest=2039
[uds-tcp] frames=2070 seq=2070 kept=1036 dropped=1034 bad=0 latest=2069
[uds-tcp] frames=2100 seq=2100 kept=1051 dropped=1049 bad=0 latest=2099
[uds-tcp] frames=2130 seq=2130 kept=1066 dropped=1064 bad=0 latest=2129
[uds-tcp] frames=2160 seq=2160 kept=1081 dropped=1079 bad=0 latest=2159
[uds-tcp] frames=2190 seq=2190 kept=1096 dropped=1094 bad=0 latest=2189
[uds-tcp] frames=2220 seq=2220 kept=1111 dropped=1109 bad=0 latest=2219
[uds-tcp] frames=2250 seq=2250 kept=1126 dropped=1124 bad=0 latest=2249
[uds-tcp] frames=2280 seq=2280 kept=1141 dropped=1139 bad=0 latest=2279
[uds-tcp] frames=2310 seq=2310 kept=1156 dropped=1154 bad=0 latest=2309
[uds-tcp] frames=2340 seq=2340 kept=1171 dropped=1169 bad=0 latest=2339
[uds-tcp] frames=2370 seq=2370 kept=1186 dropped=1184 bad=0 latest=2369
[uds-tcp] frames=2400 seq=2400 kept=1201 dropped=1199 bad=0 latest=2399
[uds-tcp] frames=2430 seq=2430 kept=1216 dropped=1214 bad=0 latest=2429
[uds-tcp] frames=2460 seq=2460 kept=1231 dropped=1229 bad=0 latest=2459
[uds-tcp] frames=2490 seq=2490 kept=1246 dropped=1244 bad=0 latest=2489
[uds-tcp] frames=2520 seq=2520 kept=1261 dropped=1259 bad=0 latest=2519
[uds-tcp] frames=2550 seq=2550 kept=1276 dropped=1274 bad=0 latest=2549
[uds-tcp] frames=2580 seq=2580 kept=1291 dropped=1289 bad=0 latest=2579
[uds-tcp] frames=2610 seq=2610 kept=1306 dropped=1304 bad=0 latest=2609
[uds-tcp] frames=2640 seq=2640 kept=1321 dropped=1319 bad=0 latest=2639
[uds-tcp] frames=2670 seq=2670 kept=1336 dropped=1334 bad=0 latest=2669
[uds-tcp] frames=2700 seq=2700 kept=1351 dropped=1349 bad=0 latest=2699
[uds-tcp] frames=2730 seq=2730 kept=1366 dropped=1364 bad=0 latest=2729
[uds-tcp] frames=2760 seq=2760 kept=1381 dropped=1379 bad=0 latest=2759
[uds-tcp] frames=2790 seq=2790 kept=1396 dropped=1394 bad=0 latest=2789
[uds-tcp] frames=2820 seq=2820 kept=1411 dropped=1409 bad=0 latest=2819
[uds-tcp] frames=2850 seq=2850 kept=1426 dropped=1424 bad=0 latest=2849
[uds-tcp] frames=2880 seq=2880 kept=1441 dropped=1439 bad=0 latest=2879
[uds-tcp] frames=2910 seq=2910 kept=1456 dropped=1454 bad=0 latest=2909
[uds-tcp] frames=2940 seq=2940 kept=1471 dropped=1469 bad=0 latest=2939
[uds-tcp] frames=2970 seq=2970 kept=1486 dropped=1484 bad=0 latest=2969
[uds-tcp] frames=3000 seq=3000 kept=1501 dropped=1499 bad=0 latest=2999
[uds-tcp] frames=3030 seq=3030 kept=1516 dropped=1514 bad=0 latest=3029
[uds-tcp] frames=3060 seq=3060 kept=1531 dropped=1529 bad=0 latest=3059
[uds-tcp] frames=3090 seq=3090 kept=1546 dropped=1544 bad=0 latest=3089
[uds-tcp] frames=3120 seq=3120 kept=1561 dropped=1559 bad=0 latest=3119
[uds-tcp] frames=3150 seq=3150 kept=1576 dropped=1574 bad=0 latest=3149
[uds-tcp] frames=3180 seq=3180 kept=1591 dropped=1589 bad=0 latest=3179
[uds-tcp] frames=3210 seq=3210 kept=1606 dropped=1604 bad=0 latest=3209
[uds-tcp] frames=3240 seq=3240 kept=1621 dropped=1619 bad=0 latest=3239
[uds-tcp] frames=3270 seq=3270 kept=1636 dropped=1634 bad=0 latest=3269
[uds-tcp] frames=3300 seq=3300 kept=1651 dropped=1649 bad=0 latest=3299
[uds-tcp] frames=3330 seq=3330 kept=1666 dropped=1664 bad=0 latest=3329
[uds-tcp] frames=3360 seq=3360 kept=1681 dropped=1679 bad=0 latest=3359
[uds-tcp] frames=3390 seq=3390 kept=1696 dropped=1694 bad=0 latest=3389
[uds-tcp] frames=3420 seq=3420 kept=1711 dropped=1709 bad=0 latest=3419
[uds-tcp] frames=3450 seq=3450 kept=1726 dropped=1724 bad=0 latest=3449
[uds-tcp] frames=3480 seq=3480 kept=1741 dropped=1739 bad=0 latest=3479
[uds-tcp] frames=3510 seq=3510 kept=1756 dropped=1754 bad=0 latest=3509
[uds-tcp] frames=3540 seq=3540 kept=1771 dropped=1769 bad=0 latest=3539
[uds-tcp] frames=3570 seq=3570 kept=1786 dropped=1784 bad=0 latest=3569
[uds-tcp] frames=3600 seq=3600 kept=1801 dropped=1799 bad=0 latest=3599
[uds-tcp] frames=3630 seq=3630 kept=1816 dropped=1814 bad=0 latest=3629
[uds-tcp] frames=3660 seq=3660 kept=1831 dropped=1829 bad=0 latest=3659
[uds-tcp] frames=3690 seq=3690 kept=1846 dropped=1844 bad=0 latest=3689
[uds-tcp] frames=3720 seq=3720 kept=1861 dropped=1859 bad=0 latest=3719
[uds-tcp] frames=3750 seq=3750 kept=1876 dropped=1874 bad=0 latest=3749
[uds-tcp] frames=3780 seq=3780 kept=1891 dropped=1889 bad=0 latest=3779
[uds-tcp] frames=3810 seq=3810 kept=1906 dropped=1904 bad=0 latest=3809
[uds-tcp] frames=3840 seq=3840 kept=1921 dropped=1919 bad=0 latest=3839
[uds-tcp] frames=3870 seq=3870 kept=1936 dropped=1934 bad=0 latest=3869
[uds-tcp] frames=3900 seq=3900 kept=1951 dropped=1949 bad=0 latest=3899
