$ /usr/bin/python3 emu/host/sentai_gazebo_uds_to_tcp_bridge.py --uds /tmp/sentai_emu_cam.sock --tcp-host 127.0.0.1 --tcp-port 30233 --max-fps 15.0 --out-width 640 --out-height 480 --out-format xrgb8888
[uds-tcp] listening /tmp/sentai_emu_cam.sock
[uds-tcp] pull server 127.0.0.1:30233
[uds-tcp] renode client connected
[uds-tcp] renode client disconnected
[uds-tcp] gz client connected
[uds-tcp] frames=30 seq=30 kept=16 dropped=14 bad=0 latest=30
[uds-tcp] frames=60 seq=60 kept=43 dropped=17 bad=0 latest=60
[uds-tcp] frames=90 seq=90 kept=63 dropped=27 bad=0 latest=90
[uds-tcp] frames=120 seq=120 kept=87 dropped=33 bad=0 latest=120
[uds-tcp] frames=150 seq=150 kept=109 dropped=41 bad=0 latest=150
[uds-tcp] renode client connected
[uds-tcp] frames=180 seq=180 kept=132 dropped=48 bad=0 latest=180
[uds-tcp] frames=210 seq=210 kept=155 dropped=55 bad=0 latest=210
[uds-tcp] frames=240 seq=240 kept=181 dropped=59 bad=0 latest=240
[uds-tcp] frames=270 seq=270 kept=204 dropped=66 bad=0 latest=270
[uds-tcp] frames=300 seq=300 kept=226 dropped=74 bad=0 latest=300
[uds-tcp] frames=330 seq=330 kept=249 dropped=81 bad=0 latest=330
[uds-tcp] frames=360 seq=360 kept=274 dropped=86 bad=0 latest=360
[uds-tcp] frames=390 seq=390 kept=301 dropped=89 bad=0 latest=390
[uds-tcp] frames=420 seq=420 kept=323 dropped=97 bad=0 latest=419
[uds-tcp] frames=450 seq=450 kept=347 dropped=103 bad=0 latest=450
[uds-tcp] frames=480 seq=480 kept=363 dropped=117 bad=0 latest=480
[uds-tcp] frames=510 seq=510 kept=381 dropped=129 bad=0 latest=509
[uds-tcp] frames=540 seq=540 kept=396 dropped=144 bad=0 latest=539
[uds-tcp] frames=570 seq=570 kept=416 dropped=154 bad=0 latest=570
[uds-tcp] frames=600 seq=600 kept=431 dropped=169 bad=0 latest=599
[uds-tcp] frames=630 seq=630 kept=449 dropped=181 bad=0 latest=629
[uds-tcp] frames=660 seq=660 kept=468 dropped=192 bad=0 latest=660
[uds-tcp] frames=690 seq=690 kept=487 dropped=203 bad=0 latest=690
[uds-tcp] frames=720 seq=720 kept=504 dropped=216 bad=0 latest=719
[uds-tcp] frames=750 seq=750 kept=522 dropped=228 bad=0 latest=750
[uds-tcp] frames=780 seq=780 kept=541 dropped=239 bad=0 latest=779
[uds-tcp] frames=810 seq=810 kept=557 dropped=253 bad=0 latest=809
[uds-tcp] frames=840 seq=840 kept=579 dropped=261 bad=0 latest=840
[uds-tcp] frames=870 seq=870 kept=595 dropped=275 bad=0 latest=870
[uds-tcp] frames=900 seq=900 kept=613 dropped=287 bad=0 latest=900
[uds-tcp] frames=930 seq=930 kept=628 dropped=302 bad=0 latest=929
[uds-tcp] frames=960 seq=960 kept=648 dropped=312 bad=0 latest=960
[uds-tcp] frames=990 seq=990 kept=664 dropped=326 bad=0 latest=990
[uds-tcp] frames=1020 seq=1020 kept=683 dropped=337 bad=0 latest=1020
[uds-tcp] frames=1050 seq=1050 kept=700 dropped=350 bad=0 latest=1050
[uds-tcp] frames=1080 seq=1080 kept=719 dropped=361 bad=0 latest=1079
[uds-tcp] frames=1110 seq=1110 kept=737 dropped=373 bad=0 latest=1110
[uds-tcp] frames=1140 seq=1140 kept=755 dropped=385 bad=0 latest=1140
[uds-tcp] frames=1170 seq=1170 kept=772 dropped=398 bad=0 latest=1169
[uds-tcp] frames=1200 seq=1200 kept=791 dropped=409 bad=0 latest=1199
[uds-tcp] frames=1230 seq=1230 kept=811 dropped=419 bad=0 latest=1230
[uds-tcp] frames=1260 seq=1260 kept=828 dropped=432 bad=0 latest=1260
[uds-tcp] frames=1290 seq=1290 kept=849 dropped=441 bad=0 latest=1290
[uds-tcp] frames=1320 seq=1320 kept=866 dropped=454 bad=0 latest=1320
[uds-tcp] frames=1350 seq=1350 kept=887 dropped=463 bad=0 latest=1350
[uds-tcp] frames=1380 seq=1380 kept=903 dropped=477 bad=0 latest=1379
[uds-tcp] frames=1410 seq=1410 kept=922 dropped=488 bad=0 latest=1410
[uds-tcp] frames=1440 seq=1440 kept=939 dropped=501 bad=0 latest=1440
[uds-tcp] renode client disconnected
