[sim] FS root: /home/bogdan/work/coralmicro/examples/sentai_runtime/experiments/s209_virtual_camera_tpu_e2e/iter261_virtual_camera_flow_tpu_shift/fs_root
[sim] sentai_sim build #1086 (2026-06-01 16:15:50)
[sim] FreeRTOS POSIX port: tick=1000 Hz, heap=4194304 bytes
[sim] MicroPython heap: 2097152 bytes
[sim] sentai.fr auto-start: dir=/home/bogdan/work/coralmicro/examples/sentai_runtime/experiments/s209_virtual_camera_tpu_e2e/iter261_virtual_camera_flow_tpu_shift/fs_root/fr init=0 events=0 scalars=0 debug=0 task=0

MicroPython on SentAI SIM (FreeRTOS POSIX port + MicroPython embed)
Type expressions, end with Enter.  Ctrl-D or 'exit' to quit.
Try: sentai.version(), sentai.fs.write(...), help()

>>> [sentai_fr] worker START
camera_bridge: listening on /tmp/sentai_cam.sock (waiting for Gazebo bridge)
>>> MODEL_SIZE 7077792
IMG0_SIZE 921654
IMGN_SIZE 921654
[tpu-posix] call begin kind=load slot=0
[tpu-posix] load slot=0 path=/models/tf2_ssd_mobilenet_v2_coco17_ptq_edgetpu.tflite
[tpu-posix] opening Coral USB via POSIX/libusb backend
[tpu-posix] libusb_init...
[tpu-posix] dfu/app probe...
[tpu-posix] open app device...
[tpu-posix] opened Coral USB interface=0 out=01,02,03 in=81,82 irq=83
[tpu-posix] opening EdgeTpuManager context
[EdgeTPU mgr] creating context
[EdgeTPU mgr] initializing driver
[TPU init] read omc0_00
[TPU init] check chip id
[TPU init] write test reg
[TPU init] read test reg
[TPU init] disable inactive mode
[TPU init] disable clock gating
[TPU init] enter reset
[TPU init] exit reset
[TPU init] check scalar run control
[TPU init] write idle register
[TPU init] write tile config
[TPU init] write deep sleep
[TPU init] enable clock gating
[TPU init] configure usb csr
[TPU init] enable tempsense clock
[TPU init] enable tempsense input ports
[TPU init] enable tempsense flow
[TPU init] move to run
[TPU init] done
[EdgeTPU mgr] driver initialized
[tpu-posix] EdgeTPU ready via direct libusb backend
[tpu-posix] reading model from SentAI FS
[tpu-posix] model size=7077792
[tpu-posix] reading model bytes into static storage
[tpu-posix] model read got=7077792
[tpu-posix] model loaded from FS: /models/tf2_ssd_mobilenet_v2_coco17_ptq_edgetpu.tflite (7077792 bytes)
[EdgeTPU pkg] inference_exe type=2  parameter_caching_exe=present  token=0x05701716d04676e6
TPU Input[0]: uint8[1,300,300,3] 270000 B scale=0.00784314 zp=127
TPU Out[0]: float32[1,20] 80 B scale=0.00000000 zp=0
TPU Out[1]: float32[1,20,4] 320 B scale=0.00000000 zp=0
TPU Out[2]: float32[1] 4 B scale=0.00000000 zp=0
TPU Out[3]: float32[1,20] 80 B scale=0.00000000 zp=0
[tpu-posix] arena used: 2722 / 8192 KB
[tpu-posix] publish slot0 begin
[tpu-posix] publish slot0 done
[tpu-posix] worker result kind=load slot=0 rc=0
[tpu-posix] worker done_seq=1
[tpu-posix] worker sem given
[tpu-posix] call done kind=load slot=0 rc=0
TPU_LOAD 0
TPU_READY True
FLOW_START 0
PIPE_DIRECT_TENSOR_PREV 1
PIPE_TARGET_FPS 0
PIPE_PREP_FPS 0
FRAME 0 SELECT_PRIME_BEGIN
[camera] select(-1, /images/cat_shift_00.bmp) rc=0
FRAME 0 SELECT_PRIME_RC 0
E:0480:100
PIPE_START 0
FRAME 0 SELECT_BEGIN
[camera] select(-1, /images/cat_shift_00.bmp) rc=0
FRAME 0 SELECT_RC 0
FRAME 0 PIPE_GET_BEGIN
E:0E31:2
[det_prep] start
[det_infer] start
[det_prep] grab idx=0 raw=0x5b4a6f58e240
[det_prep] fire_mask=0x00000010
[det_prep] pxp begin 300x300
[det_prep] pxp rc=0 ms=2
[det_prep] flow publish begin
[det_prep] flow publish done
[det_prep] frame signaled seq=2
[det_infer] frame ready direct=0
[tpu-posix] call begin kind=invoke slot=0
[tpu-posix] worker result kind=invoke slot=0 rc=1839
[tpu-posix] worker done_seq=2
[tpu-posix] worker sem given
[det_prep] grab idx=-2 raw=(nil)
[det_prep] grab idx=-2 raw=(nil)
[tpu-posix] call done kind=invoke slot=0 rc=1839
[det_infer] invoke_ms=1839
[det_infer] nms det_count=20
[det_infer] queued frame=2 dets=20
FRAME 0 PIPE_DONE True
FRAME 0 FLOW (True, 1, 0, 0, 0, 1, -1)
FRAME_RECORD (0, 0, (True, 1, 0, 0, 0, 1, -1), 0, 1839, ((25, 95, 145, 204, 758, 71), (33, 108, 113, 191, 500, 16), (8, 72, 153, 239, 313, 71), (52, 96, 135, 145, 293, 62), (65, 99, 111, 178, 293, 16), (30, 109, 81, 190, 285, 61), (69, 103, 101, 131, 234, 74), (43, 104, 126, 156, 215, 62), (87, 94, 140, 166, 203, 69), (28, 96, 75, 161, 195, 61), (25, 119, 66, 197, 172, 61), (8, 44, 275, 271, 172, 71), (36, 95, 50, 135, 168, 83), (66, 110, 81, 131, 160, 74), (107, 116, 138, 150, 156, 50), (12, 90, 199, 214, 156, 71), (31, 94, 94, 142, 148, 61), (73, 113, 100, 155, 145, 16), (38, 153, 136, 196, 145, 61), (100, 31, 299, 300, 145, 0)))
FRAME 1 SELECT_BEGIN
[camera] select(-1, /images/cat_shift_01.bmp) rc=0
FRAME 1 SELECT_RC 0
FRAME 1 PIPE_GET_BEGIN
[det_prep] grab idx=0 raw=0x5b4a6f58e240
[det_prep] fire_mask=0x00000010
[det_prep] pxp begin 300x300
[det_prep] pxp rc=0 ms=1
[det_prep] flow publish begin
[det_prep] flow publish done
[det_prep] frame signaled seq=3
[det_infer] frame ready direct=0
[tpu-posix] call begin kind=invoke slot=0
[tpu-posix] worker result kind=invoke slot=0 rc=964
[tpu-posix] worker done_seq=3
[tpu-posix] worker sem given
[tpu-posix] call done kind=invoke slot=0 rc=964
[det_infer] invoke_ms=964
[det_infer] nms det_count=20
[det_infer] queued frame=3 dets=20
[det_prep] grab idx=-2 raw=(nil)
FRAME 1 PIPE_DONE True
FRAME 1 FLOW (True, 1, -145, 8, 252, 2, -1)
FRAME_RECORD (1, 0, (True, 1, -145, 8, 252, 2, -1), 0, 964, ((27, 94, 145, 203, 758, 71), (33, 108, 113, 191, 523, 0), (30, 106, 82, 189, 293, 61), (19, 84, 176, 222, 293, 71), (75, 105, 101, 127, 266, 74), (66, 102, 111, 180, 258, 16), (88, 93, 141, 164, 250, 69), (46, 96, 137, 143, 242, 62), (13, 71, 240, 244, 227, 71), (69, 111, 82, 130, 195, 74), (29, 97, 77, 163, 168, 61), (40, 107, 124, 158, 168, 62), (94, 32, 299, 297, 160, 0), (37, 95, 50, 136, 156, 83), (107, 116, 139, 152, 156, 50), (26, 118, 67, 198, 145, 61), (38, 154, 138, 195, 145, 0), (33, 94, 98, 143, 133, 61), (75, 113, 102, 156, 133, 16), (48, 94, 62, 122, 121, 83)))
FRAME 2 SELECT_BEGIN
[camera] select(-1, /images/cat_shift_02.bmp) rc=0
FRAME 2 SELECT_RC 0
FRAME 2 PIPE_GET_BEGIN
[det_prep] grab idx=0 raw=0x5b4a6f58e240
[det_prep] fire_mask=0x00000010
[det_prep] pxp begin 300x300
[det_prep] pxp rc=0 ms=10
[det_prep] flow publish begin
[det_prep] flow publish done
[det_prep] frame signaled seq=4
[det_infer] frame ready direct=0
[tpu-posix] call begin kind=invoke slot=0
[tpu-posix] worker result kind=invoke slot=0 rc=965
[tpu-posix] worker done_seq=4
[tpu-posix] worker sem given
