23:23:19.6853 [INFO] Loaded monitor commands from: /home/bogdan/work/renode_portable/scripts/monitor.py
Renode, version 1.16.1 (ac18b5ac-202606020225)


(monitor) i $CWD/emu/renode/sentai_emu_fx_storage.resc

23:23:19.8051 [INFO] Including script(s): /home/bogdan/work/coralmicro/emu/renode/sentai_emu_fx_storage.resc
23:23:19.8207 [INFO] System bus created.
23:23:20.6199 [INFO] sysbus: Loading block of 3072 bytes length at 0x0.
23:23:20.6303 [INFO] sysbus: Loading block of 59108 bytes length at 0xC00.
23:23:20.6303 [INFO] sysbus: Loading block of 604 bytes length at 0xF2E4.
23:23:20.6303 [INFO] sysbus: Loading block of 16024 bytes length at 0xF548.
23:23:20.6304 [INFO] sysbus: Loading block of 16777216 bytes length at 0x80000000.
23:23:20.6517 [INFO] sysbus: Loading block of 54680 bytes length at 0x81000000.
23:23:21.0734 [INFO] cpu: Setting initial values: PC = 0xCBD, SP = 0x20040000.
23:23:21.0759 [INFO] machine-0: Machine started.
23:23:21.1521 [WARNING] nvic: Unhandled write to offset 0xF50 (ICacheInvalidateAllToPoUaIgnored), value 0x0.
23:23:21.1787 [WARNING] nvic: Trying to set the priority for interrupt 16 to 0xFF, but it should be maskable with 0xF0
23:23:30.0328 [INFO] machine-0: Machine paused.
sentai_emu_fx_storage PC:

0x3768

sentai_emu_fx_storage boot_state:

0x00000600

sentai_emu_fx_storage heartbeat:

0x000000EE

sentai_emu_fx_storage last_tick:

0x0000173C

sentai_emu_fx_storage fs_size:

0x00000029

sentai_emu_fx_storage fs_read_ok:

0x00000001

sentai_emu_fx_storage fx_reads:

0x000000CC

sentai_emu_fx_storage fx_writes:

0x00000096

sentai_emu_fx_storage fx_erases:

0x000001C0

sentai_emu_fx_storage fx_errors:

0x00000000

(machine-0) 23:23:30.1072 [INFO] machine-0: Disposed.
