$ /usr/bin/python3 emu/host/sentai_gazebo_uds_to_tcp_bridge.py --uds /tmp/sentai_emu_cam.sock --tcp-host 127.0.0.1 --tcp-port 30233 --max-fps 15.0 --out-width 320 --out-height 240
[uds-tcp] pull server 127.0.0.1:30233
[uds-tcp] listening /tmp/sentai_emu_cam.sock
[uds-tcp] renode client connected
[uds-tcp] renode client disconnected
[uds-tcp] gz client connected
[uds-tcp] renode client connected
[uds-tcp] frames=30 seq=30 kept=15 dropped=15 bad=0 latest=30
[uds-tcp] frames=60 seq=60 kept=30 dropped=30 bad=0 latest=60
[uds-tcp] frames=90 seq=90 kept=45 dropped=45 bad=0 latest=90
[uds-tcp] frames=120 seq=120 kept=60 dropped=60 bad=0 latest=120
[uds-tcp] frames=150 seq=150 kept=75 dropped=75 bad=0 latest=150
[uds-tcp] frames=180 seq=180 kept=90 dropped=90 bad=0 latest=180
[uds-tcp] frames=210 seq=210 kept=105 dropped=105 bad=0 latest=209
[uds-tcp] frames=240 seq=240 kept=120 dropped=120 bad=0 latest=239
[uds-tcp] frames=270 seq=270 kept=135 dropped=135 bad=0 latest=269
[uds-tcp] frames=300 seq=300 kept=150 dropped=150 bad=0 latest=299
[uds-tcp] frames=330 seq=330 kept=165 dropped=165 bad=0 latest=329
[uds-tcp] frames=360 seq=360 kept=180 dropped=180 bad=0 latest=359
[uds-tcp] frames=390 seq=390 kept=195 dropped=195 bad=0 latest=389
[uds-tcp] frames=420 seq=420 kept=210 dropped=210 bad=0 latest=419
[uds-tcp] frames=450 seq=450 kept=225 dropped=225 bad=0 latest=449
[uds-tcp] frames=480 seq=480 kept=240 dropped=240 bad=0 latest=479
[uds-tcp] frames=510 seq=510 kept=255 dropped=255 bad=0 latest=509
[uds-tcp] frames=540 seq=540 kept=270 dropped=270 bad=0 latest=539
[uds-tcp] frames=570 seq=570 kept=285 dropped=285 bad=0 latest=569
[uds-tcp] frames=600 seq=600 kept=300 dropped=300 bad=0 latest=599
[uds-tcp] frames=630 seq=630 kept=316 dropped=314 bad=0 latest=630
[uds-tcp] frames=660 seq=660 kept=331 dropped=329 bad=0 latest=659
[uds-tcp] frames=690 seq=690 kept=346 dropped=344 bad=0 latest=689
[uds-tcp] frames=720 seq=720 kept=361 dropped=359 bad=0 latest=719
[uds-tcp] frames=750 seq=750 kept=376 dropped=374 bad=0 latest=749
[uds-tcp] frames=780 seq=780 kept=391 dropped=389 bad=0 latest=779
[uds-tcp] frames=810 seq=810 kept=406 dropped=404 bad=0 latest=809
[uds-tcp] frames=840 seq=840 kept=421 dropped=419 bad=0 latest=839
[uds-tcp] frames=870 seq=870 kept=436 dropped=434 bad=0 latest=869
[uds-tcp] frames=900 seq=900 kept=451 dropped=449 bad=0 latest=899
[uds-tcp] frames=930 seq=930 kept=466 dropped=464 bad=0 latest=929
[uds-tcp] frames=960 seq=960 kept=481 dropped=479 bad=0 latest=959
