08:06:24.0222 [INFO] Loaded monitor commands from: /home/bogdan/work/renode_portable/scripts/monitor.py
Renode, version 1.16.1 (ac18b5ac-202606020225)


(monitor) i $CWD/emu/renode/sentai_emu_tpu_cat_repl.resc

08:06:24.1416 [INFO] Including script(s): /home/bogdan/work/coralmicro/emu/renode/sentai_emu_tpu_cat_repl.resc
08:06:24.1572 [INFO] System bus created.
08:06:24.9604 [INFO] Old file /home/bogdan/work/coralmicro/emu/output/sentai_emu_tpu_cat_repl.log moved to /home/bogdan/work/coralmicro/emu/output/sentai_emu_tpu_cat_repl.log.8
08:06:24.9787 [INFO] sysbus: Loading block of 3072 bytes length at 0x0.
08:06:24.9892 [INFO] sysbus: Loading block of 228032 bytes length at 0xC00.
08:06:24.9894 [INFO] sysbus: Loading block of 202432 bytes length at 0x386C0.
08:06:24.9899 [INFO] sysbus: Loading block of 16777216 bytes length at 0x80000000.
08:06:25.0129 [INFO] sysbus: Loading block of 54680 bytes length at 0x81000000.
08:06:25.4523 [INFO] cpu: Setting initial values: PC = 0xCBD, SP = 0x20040000.
08:06:25.4550 [INFO] machine-0: Machine started.
08:06:25.5320 [WARNING] nvic: Unhandled write to offset 0xF50 (ICacheInvalidateAllToPoUaIgnored), value 0x0.
08:06:25.5567 [WARNING] nvic: Trying to set the priority for interrupt 16 to 0xFF, but it should be maskable with 0xF0
08:07:37.4412 [INFO] machine-0: Machine paused.
sentai_emu_tpu_cat_repl PC:

0x1cf2

sentai_emu_tpu_cat_repl boot_state:

0x00000500

sentai_emu_tpu_cat_repl heartbeat:

0x00000001

sentai_emu_tpu_cat_repl repl_lines:

0x00000001

sentai_emu_tpu_cat_repl last_tick:

0x0000079A

(machine-0) 08:07:37.5089 [INFO] machine-0: Disposed.
