20:43:31.8848 [INFO] Loaded monitor commands from: /home/bogdan/work/renode_portable/scripts/monitor.py
Renode, version 1.16.1 (ac18b5ac-202606020225)


(monitor) i $CWD/emu/renode/sentai_emu_tpu_fps_mem_session_repl.resc

20:43:32.0481 [INFO] Including script(s): /home/bogdan/work/coralmicro/emu/renode/sentai_emu_tpu_fps_mem_session_repl.resc
20:43:32.0692 [INFO] System bus created.
20:43:33.2103 [INFO] Old file /home/bogdan/work/coralmicro/emu/output/sentai_emu_tpu_fps_mem_session_repl.log moved to /home/bogdan/work/coralmicro/emu/output/sentai_emu_tpu_fps_mem_session_repl.log.3
20:43:33.2365 [INFO] sysbus: Loading block of 3072 bytes length at 0x0.
20:43:33.2514 [INFO] sysbus: Loading block of 231472 bytes length at 0xC00.
20:43:33.2517 [INFO] sysbus: Loading block of 202736 bytes length at 0x39430.
20:43:33.2521 [INFO] sysbus: Loading block of 16777216 bytes length at 0x80000000.
20:43:33.2798 [INFO] sysbus: Loading block of 54680 bytes length at 0x81000000.
20:43:33.9408 [INFO] cpu: Setting initial values: PC = 0xCBD, SP = 0x20040000.
20:43:33.9446 [INFO] machine-0: Machine started.
20:43:34.0547 [WARNING] nvic: Unhandled write to offset 0xF50 (ICacheInvalidateAllToPoUaIgnored), value 0x0.
20:43:34.0927 [WARNING] nvic: Trying to set the priority for interrupt 16 to 0xFF, but it should be maskable with 0xF0
20:45:03.6503 [INFO] machine-0: Machine paused.
sentai_emu_tpu_fps_mem_session_repl PC:

0x1cf0

sentai_emu_tpu_fps_mem_session_repl boot_state:

0x00000500

sentai_emu_tpu_fps_mem_session_repl heartbeat:

0x00000001

sentai_emu_tpu_fps_mem_session_repl repl_lines:

0x00000001

sentai_emu_tpu_fps_mem_session_repl last_tick:

0x0000082F

(machine-0) 20:45:03.7333 [INFO] machine-0: Disposed.
