-- Toolchain prefix: /home/bogdan/work/coralmicro/third_party/toolchain-linux/gcc-arm-none-eabi-9-2020-q2-update/lib/gcc/arm-none-eabi
CMake Warning (dev) at cmake/toolchain-arm-none-eabi-gcc.cmake:216 (add_custom_command):
  The following keywords are not supported when using
  add_custom_command(TARGET): DEPENDS.

  Policy CMP0175 is not set: add_custom_command() rejects invalid arguments.
  Run "cmake --help-policy CMP0175" for policy details.  Use the cmake_policy
  command to set the policy and suppress this warning.
Call Stack (most recent call first):
  apps/elf_loader/CMakeLists.txt:15 (add_executable_m7)
This warning is for project developers.  Use -Wno-dev to suppress it.

CMake Warning (dev) at cmake/toolchain-arm-none-eabi-gcc.cmake:220 (add_custom_command):
  The following keywords are not supported when using
  add_custom_command(TARGET): DEPENDS.

  Policy CMP0175 is not set: add_custom_command() rejects invalid arguments.
  Run "cmake --help-policy CMP0175" for policy details.  Use the cmake_policy
  command to set the policy and suppress this warning.
Call Stack (most recent call first):
  apps/elf_loader/CMakeLists.txt:15 (add_executable_m7)
This warning is for project developers.  Use -Wno-dev to suppress it.

CMake Warning (dev) at cmake/toolchain-arm-none-eabi-gcc.cmake:224 (add_custom_command):
  The following keywords are not supported when using
  add_custom_command(TARGET): DEPENDS.

  Policy CMP0175 is not set: add_custom_command() rejects invalid arguments.
  Run "cmake --help-policy CMP0175" for policy details.  Use the cmake_policy
  command to set the policy and suppress this warning.
Call Stack (most recent call first):
  apps/elf_loader/CMakeLists.txt:15 (add_executable_m7)
This warning is for project developers.  Use -Wno-dev to suppress it.

CMake Warning (dev) at cmake/toolchain-arm-none-eabi-gcc.cmake:216 (add_custom_command):
  The following keywords are not supported when using
  add_custom_command(TARGET): DEPENDS.

  Policy CMP0175 is not set: add_custom_command() rejects invalid arguments.
  Run "cmake --help-policy CMP0175" for policy details.  Use the cmake_policy
  command to set the policy and suppress this warning.
Call Stack (most recent call first):
  examples/sentai_runtime/CMakeLists.txt:183 (add_executable_m7)
This warning is for project developers.  Use -Wno-dev to suppress it.

CMake Warning (dev) at cmake/toolchain-arm-none-eabi-gcc.cmake:220 (add_custom_command):
  The following keywords are not supported when using
  add_custom_command(TARGET): DEPENDS.

  Policy CMP0175 is not set: add_custom_command() rejects invalid arguments.
  Run "cmake --help-policy CMP0175" for policy details.  Use the cmake_policy
  command to set the policy and suppress this warning.
Call Stack (most recent call first):
  examples/sentai_runtime/CMakeLists.txt:183 (add_executable_m7)
This warning is for project developers.  Use -Wno-dev to suppress it.

CMake Warning (dev) at cmake/toolchain-arm-none-eabi-gcc.cmake:224 (add_custom_command):
  The following keywords are not supported when using
  add_custom_command(TARGET): DEPENDS.

  Policy CMP0175 is not set: add_custom_command() rejects invalid arguments.
  Run "cmake --help-policy CMP0175" for policy details.  Use the cmake_policy
  command to set the policy and suppress this warning.
Call Stack (most recent call first):
  examples/sentai_runtime/CMakeLists.txt:183 (add_executable_m7)
This warning is for project developers.  Use -Wno-dev to suppress it.

CMake Warning (dev) at cmake/toolchain-arm-none-eabi-gcc.cmake:254 (add_custom_command):
  The following keywords are not supported when using
  add_custom_command(TARGET): DEPENDS.

  Policy CMP0175 is not set: add_custom_command() rejects invalid arguments.
  Run "cmake --help-policy CMP0175" for policy details.  Use the cmake_policy
  command to set the policy and suppress this warning.
Call Stack (most recent call first):
  examples/sentai_runtime/CMakeLists.txt:285 (add_executable_m4)
This warning is for project developers.  Use -Wno-dev to suppress it.

CMake Warning (dev) at cmake/toolchain-arm-none-eabi-gcc.cmake:216 (add_custom_command):
  The following keywords are not supported when using
  add_custom_command(TARGET): DEPENDS.

  Policy CMP0175 is not set: add_custom_command() rejects invalid arguments.
  Run "cmake --help-policy CMP0175" for policy details.  Use the cmake_policy
  command to set the policy and suppress this warning.
Call Stack (most recent call first):
  libs/nxp/flashloader/CMakeLists.txt:17 (add_executable_m7)
This warning is for project developers.  Use -Wno-dev to suppress it.

CMake Warning (dev) at cmake/toolchain-arm-none-eabi-gcc.cmake:220 (add_custom_command):
  The following keywords are not supported when using
  add_custom_command(TARGET): DEPENDS.

  Policy CMP0175 is not set: add_custom_command() rejects invalid arguments.
  Run "cmake --help-policy CMP0175" for policy details.  Use the cmake_policy
  command to set the policy and suppress this warning.
Call Stack (most recent call first):
  libs/nxp/flashloader/CMakeLists.txt:17 (add_executable_m7)
This warning is for project developers.  Use -Wno-dev to suppress it.

CMake Warning (dev) at cmake/toolchain-arm-none-eabi-gcc.cmake:224 (add_custom_command):
  The following keywords are not supported when using
  add_custom_command(TARGET): DEPENDS.

  Policy CMP0175 is not set: add_custom_command() rejects invalid arguments.
  Run "cmake --help-policy CMP0175" for policy details.  Use the cmake_policy
  command to set the policy and suppress this warning.
Call Stack (most recent call first):
  libs/nxp/flashloader/CMakeLists.txt:17 (add_executable_m7)
This warning is for project developers.  Use -Wno-dev to suppress it.

-- sentai: EdgeTPU firmware = single_ep (default)
CMake Warning (dev) at cmake/toolchain-arm-none-eabi-gcc.cmake:216 (add_custom_command):
  The following keywords are not supported when using
  add_custom_command(TARGET): DEPENDS.

  Policy CMP0175 is not set: add_custom_command() rejects invalid arguments.
  Run "cmake --help-policy CMP0175" for policy details.  Use the cmake_policy
  command to set the policy and suppress this warning.
Call Stack (most recent call first):
  emu/CMakeLists.txt:70 (add_executable_m7)
This warning is for project developers.  Use -Wno-dev to suppress it.

CMake Warning (dev) at cmake/toolchain-arm-none-eabi-gcc.cmake:220 (add_custom_command):
  The following keywords are not supported when using
  add_custom_command(TARGET): DEPENDS.

  Policy CMP0175 is not set: add_custom_command() rejects invalid arguments.
  Run "cmake --help-policy CMP0175" for policy details.  Use the cmake_policy
  command to set the policy and suppress this warning.
Call Stack (most recent call first):
  emu/CMakeLists.txt:70 (add_executable_m7)
This warning is for project developers.  Use -Wno-dev to suppress it.

CMake Warning (dev) at cmake/toolchain-arm-none-eabi-gcc.cmake:224 (add_custom_command):
  The following keywords are not supported when using
  add_custom_command(TARGET): DEPENDS.

  Policy CMP0175 is not set: add_custom_command() rejects invalid arguments.
  Run "cmake --help-policy CMP0175" for policy details.  Use the cmake_policy
  command to set the policy and suppress this warning.
Call Stack (most recent call first):
  emu/CMakeLists.txt:70 (add_executable_m7)
This warning is for project developers.  Use -Wno-dev to suppress it.

CMake Warning (dev) at cmake/toolchain-arm-none-eabi-gcc.cmake:216 (add_custom_command):
  The following keywords are not supported when using
  add_custom_command(TARGET): DEPENDS.

  Policy CMP0175 is not set: add_custom_command() rejects invalid arguments.
  Run "cmake --help-policy CMP0175" for policy details.  Use the cmake_policy
  command to set the policy and suppress this warning.
Call Stack (most recent call first):
  emu/CMakeLists.txt:80 (add_executable_m7)
This warning is for project developers.  Use -Wno-dev to suppress it.

CMake Warning (dev) at cmake/toolchain-arm-none-eabi-gcc.cmake:220 (add_custom_command):
  The following keywords are not supported when using
  add_custom_command(TARGET): DEPENDS.

  Policy CMP0175 is not set: add_custom_command() rejects invalid arguments.
  Run "cmake --help-policy CMP0175" for policy details.  Use the cmake_policy
  command to set the policy and suppress this warning.
Call Stack (most recent call first):
  emu/CMakeLists.txt:80 (add_executable_m7)
This warning is for project developers.  Use -Wno-dev to suppress it.

CMake Warning (dev) at cmake/toolchain-arm-none-eabi-gcc.cmake:224 (add_custom_command):
  The following keywords are not supported when using
  add_custom_command(TARGET): DEPENDS.

  Policy CMP0175 is not set: add_custom_command() rejects invalid arguments.
  Run "cmake --help-policy CMP0175" for policy details.  Use the cmake_policy
  command to set the policy and suppress this warning.
Call Stack (most recent call first):
  emu/CMakeLists.txt:80 (add_executable_m7)
This warning is for project developers.  Use -Wno-dev to suppress it.

CMake Warning (dev) at cmake/toolchain-arm-none-eabi-gcc.cmake:216 (add_custom_command):
  The following keywords are not supported when using
  add_custom_command(TARGET): DEPENDS.

  Policy CMP0175 is not set: add_custom_command() rejects invalid arguments.
  Run "cmake --help-policy CMP0175" for policy details.  Use the cmake_policy
  command to set the policy and suppress this warning.
Call Stack (most recent call first):
  emu/CMakeLists.txt:86 (add_executable_m7)
This warning is for project developers.  Use -Wno-dev to suppress it.

CMake Warning (dev) at cmake/toolchain-arm-none-eabi-gcc.cmake:220 (add_custom_command):
  The following keywords are not supported when using
  add_custom_command(TARGET): DEPENDS.

  Policy CMP0175 is not set: add_custom_command() rejects invalid arguments.
  Run "cmake --help-policy CMP0175" for policy details.  Use the cmake_policy
  command to set the policy and suppress this warning.
Call Stack (most recent call first):
  emu/CMakeLists.txt:86 (add_executable_m7)
This warning is for project developers.  Use -Wno-dev to suppress it.

CMake Warning (dev) at cmake/toolchain-arm-none-eabi-gcc.cmake:224 (add_custom_command):
  The following keywords are not supported when using
  add_custom_command(TARGET): DEPENDS.

  Policy CMP0175 is not set: add_custom_command() rejects invalid arguments.
  Run "cmake --help-policy CMP0175" for policy details.  Use the cmake_policy
  command to set the policy and suppress this warning.
Call Stack (most recent call first):
  emu/CMakeLists.txt:86 (add_executable_m7)
This warning is for project developers.  Use -Wno-dev to suppress it.

CMake Warning (dev) at cmake/toolchain-arm-none-eabi-gcc.cmake:216 (add_custom_command):
  The following keywords are not supported when using
  add_custom_command(TARGET): DEPENDS.

  Policy CMP0175 is not set: add_custom_command() rejects invalid arguments.
  Run "cmake --help-policy CMP0175" for policy details.  Use the cmake_policy
  command to set the policy and suppress this warning.
Call Stack (most recent call first):
  emu/CMakeLists.txt:129 (add_executable_m7)
This warning is for project developers.  Use -Wno-dev to suppress it.

CMake Warning (dev) at cmake/toolchain-arm-none-eabi-gcc.cmake:220 (add_custom_command):
  The following keywords are not supported when using
  add_custom_command(TARGET): DEPENDS.

  Policy CMP0175 is not set: add_custom_command() rejects invalid arguments.
  Run "cmake --help-policy CMP0175" for policy details.  Use the cmake_policy
  command to set the policy and suppress this warning.
Call Stack (most recent call first):
  emu/CMakeLists.txt:129 (add_executable_m7)
This warning is for project developers.  Use -Wno-dev to suppress it.

CMake Warning (dev) at cmake/toolchain-arm-none-eabi-gcc.cmake:224 (add_custom_command):
  The following keywords are not supported when using
  add_custom_command(TARGET): DEPENDS.

  Policy CMP0175 is not set: add_custom_command() rejects invalid arguments.
  Run "cmake --help-policy CMP0175" for policy details.  Use the cmake_policy
  command to set the policy and suppress this warning.
Call Stack (most recent call first):
  emu/CMakeLists.txt:129 (add_executable_m7)
This warning is for project developers.  Use -Wno-dev to suppress it.

CMake Warning (dev) at cmake/toolchain-arm-none-eabi-gcc.cmake:216 (add_custom_command):
  The following keywords are not supported when using
  add_custom_command(TARGET): DEPENDS.

  Policy CMP0175 is not set: add_custom_command() rejects invalid arguments.
  Run "cmake --help-policy CMP0175" for policy details.  Use the cmake_policy
  command to set the policy and suppress this warning.
Call Stack (most recent call first):
  emu/CMakeLists.txt:160 (add_executable_m7)
This warning is for project developers.  Use -Wno-dev to suppress it.

CMake Warning (dev) at cmake/toolchain-arm-none-eabi-gcc.cmake:220 (add_custom_command):
  The following keywords are not supported when using
  add_custom_command(TARGET): DEPENDS.

  Policy CMP0175 is not set: add_custom_command() rejects invalid arguments.
  Run "cmake --help-policy CMP0175" for policy details.  Use the cmake_policy
  command to set the policy and suppress this warning.
Call Stack (most recent call first):
  emu/CMakeLists.txt:160 (add_executable_m7)
This warning is for project developers.  Use -Wno-dev to suppress it.

CMake Warning (dev) at cmake/toolchain-arm-none-eabi-gcc.cmake:224 (add_custom_command):
  The following keywords are not supported when using
  add_custom_command(TARGET): DEPENDS.

  Policy CMP0175 is not set: add_custom_command() rejects invalid arguments.
  Run "cmake --help-policy CMP0175" for policy details.  Use the cmake_policy
  command to set the policy and suppress this warning.
Call Stack (most recent call first):
  emu/CMakeLists.txt:160 (add_executable_m7)
This warning is for project developers.  Use -Wno-dev to suppress it.

CMake Warning (dev) at cmake/toolchain-arm-none-eabi-gcc.cmake:216 (add_custom_command):
  The following keywords are not supported when using
  add_custom_command(TARGET): DEPENDS.

  Policy CMP0175 is not set: add_custom_command() rejects invalid arguments.
  Run "cmake --help-policy CMP0175" for policy details.  Use the cmake_policy
  command to set the policy and suppress this warning.
Call Stack (most recent call first):
  emu/CMakeLists.txt:200 (add_executable_m7)
This warning is for project developers.  Use -Wno-dev to suppress it.

CMake Warning (dev) at cmake/toolchain-arm-none-eabi-gcc.cmake:220 (add_custom_command):
  The following keywords are not supported when using
  add_custom_command(TARGET): DEPENDS.

  Policy CMP0175 is not set: add_custom_command() rejects invalid arguments.
  Run "cmake --help-policy CMP0175" for policy details.  Use the cmake_policy
  command to set the policy and suppress this warning.
Call Stack (most recent call first):
  emu/CMakeLists.txt:200 (add_executable_m7)
This warning is for project developers.  Use -Wno-dev to suppress it.

CMake Warning (dev) at cmake/toolchain-arm-none-eabi-gcc.cmake:224 (add_custom_command):
  The following keywords are not supported when using
  add_custom_command(TARGET): DEPENDS.

  Policy CMP0175 is not set: add_custom_command() rejects invalid arguments.
  Run "cmake --help-policy CMP0175" for policy details.  Use the cmake_policy
  command to set the policy and suppress this warning.
Call Stack (most recent call first):
  emu/CMakeLists.txt:200 (add_executable_m7)
This warning is for project developers.  Use -Wno-dev to suppress it.

CMake Warning (dev) at cmake/toolchain-arm-none-eabi-gcc.cmake:216 (add_custom_command):
  The following keywords are not supported when using
  add_custom_command(TARGET): DEPENDS.

  Policy CMP0175 is not set: add_custom_command() rejects invalid arguments.
  Run "cmake --help-policy CMP0175" for policy details.  Use the cmake_policy
  command to set the policy and suppress this warning.
Call Stack (most recent call first):
  emu/CMakeLists.txt:231 (add_executable_m7)
This warning is for project developers.  Use -Wno-dev to suppress it.

CMake Warning (dev) at cmake/toolchain-arm-none-eabi-gcc.cmake:220 (add_custom_command):
  The following keywords are not supported when using
  add_custom_command(TARGET): DEPENDS.

  Policy CMP0175 is not set: add_custom_command() rejects invalid arguments.
  Run "cmake --help-policy CMP0175" for policy details.  Use the cmake_policy
  command to set the policy and suppress this warning.
Call Stack (most recent call first):
  emu/CMakeLists.txt:231 (add_executable_m7)
This warning is for project developers.  Use -Wno-dev to suppress it.

CMake Warning (dev) at cmake/toolchain-arm-none-eabi-gcc.cmake:224 (add_custom_command):
  The following keywords are not supported when using
  add_custom_command(TARGET): DEPENDS.

  Policy CMP0175 is not set: add_custom_command() rejects invalid arguments.
  Run "cmake --help-policy CMP0175" for policy details.  Use the cmake_policy
  command to set the policy and suppress this warning.
Call Stack (most recent call first):
  emu/CMakeLists.txt:231 (add_executable_m7)
This warning is for project developers.  Use -Wno-dev to suppress it.

CMake Warning (dev) at cmake/toolchain-arm-none-eabi-gcc.cmake:216 (add_custom_command):
  The following keywords are not supported when using
  add_custom_command(TARGET): DEPENDS.

  Policy CMP0175 is not set: add_custom_command() rejects invalid arguments.
  Run "cmake --help-policy CMP0175" for policy details.  Use the cmake_policy
  command to set the policy and suppress this warning.
Call Stack (most recent call first):
  emu/CMakeLists.txt:262 (add_executable_m7)
This warning is for project developers.  Use -Wno-dev to suppress it.

CMake Warning (dev) at cmake/toolchain-arm-none-eabi-gcc.cmake:220 (add_custom_command):
  The following keywords are not supported when using
  add_custom_command(TARGET): DEPENDS.

  Policy CMP0175 is not set: add_custom_command() rejects invalid arguments.
  Run "cmake --help-policy CMP0175" for policy details.  Use the cmake_policy
  command to set the policy and suppress this warning.
Call Stack (most recent call first):
  emu/CMakeLists.txt:262 (add_executable_m7)
This warning is for project developers.  Use -Wno-dev to suppress it.

CMake Warning (dev) at cmake/toolchain-arm-none-eabi-gcc.cmake:224 (add_custom_command):
  The following keywords are not supported when using
  add_custom_command(TARGET): DEPENDS.

  Policy CMP0175 is not set: add_custom_command() rejects invalid arguments.
  Run "cmake --help-policy CMP0175" for policy details.  Use the cmake_policy
  command to set the policy and suppress this warning.
Call Stack (most recent call first):
  emu/CMakeLists.txt:262 (add_executable_m7)
This warning is for project developers.  Use -Wno-dev to suppress it.

CMake Warning (dev) at cmake/toolchain-arm-none-eabi-gcc.cmake:216 (add_custom_command):
  The following keywords are not supported when using
  add_custom_command(TARGET): DEPENDS.

  Policy CMP0175 is not set: add_custom_command() rejects invalid arguments.
  Run "cmake --help-policy CMP0175" for policy details.  Use the cmake_policy
  command to set the policy and suppress this warning.
Call Stack (most recent call first):
  emu/CMakeLists.txt:294 (add_executable_m7)
This warning is for project developers.  Use -Wno-dev to suppress it.

CMake Warning (dev) at cmake/toolchain-arm-none-eabi-gcc.cmake:220 (add_custom_command):
  The following keywords are not supported when using
  add_custom_command(TARGET): DEPENDS.

  Policy CMP0175 is not set: add_custom_command() rejects invalid arguments.
  Run "cmake --help-policy CMP0175" for policy details.  Use the cmake_policy
  command to set the policy and suppress this warning.
Call Stack (most recent call first):
  emu/CMakeLists.txt:294 (add_executable_m7)
This warning is for project developers.  Use -Wno-dev to suppress it.

CMake Warning (dev) at cmake/toolchain-arm-none-eabi-gcc.cmake:224 (add_custom_command):
  The following keywords are not supported when using
  add_custom_command(TARGET): DEPENDS.

  Policy CMP0175 is not set: add_custom_command() rejects invalid arguments.
  Run "cmake --help-policy CMP0175" for policy details.  Use the cmake_policy
  command to set the policy and suppress this warning.
Call Stack (most recent call first):
  emu/CMakeLists.txt:294 (add_executable_m7)
This warning is for project developers.  Use -Wno-dev to suppress it.

CMake Warning (dev) at cmake/toolchain-arm-none-eabi-gcc.cmake:216 (add_custom_command):
  The following keywords are not supported when using
  add_custom_command(TARGET): DEPENDS.

  Policy CMP0175 is not set: add_custom_command() rejects invalid arguments.
  Run "cmake --help-policy CMP0175" for policy details.  Use the cmake_policy
  command to set the policy and suppress this warning.
Call Stack (most recent call first):
  emu/CMakeLists.txt:329 (add_executable_m7)
This warning is for project developers.  Use -Wno-dev to suppress it.

CMake Warning (dev) at cmake/toolchain-arm-none-eabi-gcc.cmake:220 (add_custom_command):
  The following keywords are not supported when using
  add_custom_command(TARGET): DEPENDS.

  Policy CMP0175 is not set: add_custom_command() rejects invalid arguments.
  Run "cmake --help-policy CMP0175" for policy details.  Use the cmake_policy
  command to set the policy and suppress this warning.
Call Stack (most recent call first):
  emu/CMakeLists.txt:329 (add_executable_m7)
This warning is for project developers.  Use -Wno-dev to suppress it.

CMake Warning (dev) at cmake/toolchain-arm-none-eabi-gcc.cmake:224 (add_custom_command):
  The following keywords are not supported when using
  add_custom_command(TARGET): DEPENDS.

  Policy CMP0175 is not set: add_custom_command() rejects invalid arguments.
  Run "cmake --help-policy CMP0175" for policy details.  Use the cmake_policy
  command to set the policy and suppress this warning.
Call Stack (most recent call first):
  emu/CMakeLists.txt:329 (add_executable_m7)
This warning is for project developers.  Use -Wno-dev to suppress it.

CMake Warning (dev) at cmake/toolchain-arm-none-eabi-gcc.cmake:216 (add_custom_command):
  The following keywords are not supported when using
  add_custom_command(TARGET): DEPENDS.

  Policy CMP0175 is not set: add_custom_command() rejects invalid arguments.
  Run "cmake --help-policy CMP0175" for policy details.  Use the cmake_policy
  command to set the policy and suppress this warning.
Call Stack (most recent call first):
  emu/CMakeLists.txt:393 (add_executable_m7)
This warning is for project developers.  Use -Wno-dev to suppress it.

CMake Warning (dev) at cmake/toolchain-arm-none-eabi-gcc.cmake:220 (add_custom_command):
  The following keywords are not supported when using
  add_custom_command(TARGET): DEPENDS.

  Policy CMP0175 is not set: add_custom_command() rejects invalid arguments.
  Run "cmake --help-policy CMP0175" for policy details.  Use the cmake_policy
  command to set the policy and suppress this warning.
Call Stack (most recent call first):
  emu/CMakeLists.txt:393 (add_executable_m7)
This warning is for project developers.  Use -Wno-dev to suppress it.

CMake Warning (dev) at cmake/toolchain-arm-none-eabi-gcc.cmake:224 (add_custom_command):
  The following keywords are not supported when using
  add_custom_command(TARGET): DEPENDS.

  Policy CMP0175 is not set: add_custom_command() rejects invalid arguments.
  Run "cmake --help-policy CMP0175" for policy details.  Use the cmake_policy
  command to set the policy and suppress this warning.
Call Stack (most recent call first):
  emu/CMakeLists.txt:393 (add_executable_m7)
This warning is for project developers.  Use -Wno-dev to suppress it.

CMake Warning (dev) at cmake/toolchain-arm-none-eabi-gcc.cmake:216 (add_custom_command):
  The following keywords are not supported when using
  add_custom_command(TARGET): DEPENDS.

  Policy CMP0175 is not set: add_custom_command() rejects invalid arguments.
  Run "cmake --help-policy CMP0175" for policy details.  Use the cmake_policy
  command to set the policy and suppress this warning.
Call Stack (most recent call first):
  emu/CMakeLists.txt:427 (add_executable_m7)
This warning is for project developers.  Use -Wno-dev to suppress it.

CMake Warning (dev) at cmake/toolchain-arm-none-eabi-gcc.cmake:220 (add_custom_command):
  The following keywords are not supported when using
  add_custom_command(TARGET): DEPENDS.

  Policy CMP0175 is not set: add_custom_command() rejects invalid arguments.
  Run "cmake --help-policy CMP0175" for policy details.  Use the cmake_policy
  command to set the policy and suppress this warning.
Call Stack (most recent call first):
  emu/CMakeLists.txt:427 (add_executable_m7)
This warning is for project developers.  Use -Wno-dev to suppress it.

CMake Warning (dev) at cmake/toolchain-arm-none-eabi-gcc.cmake:224 (add_custom_command):
  The following keywords are not supported when using
  add_custom_command(TARGET): DEPENDS.

  Policy CMP0175 is not set: add_custom_command() rejects invalid arguments.
  Run "cmake --help-policy CMP0175" for policy details.  Use the cmake_policy
  command to set the policy and suppress this warning.
Call Stack (most recent call first):
  emu/CMakeLists.txt:427 (add_executable_m7)
This warning is for project developers.  Use -Wno-dev to suppress it.

CMake Warning (dev) at cmake/toolchain-arm-none-eabi-gcc.cmake:216 (add_custom_command):
  The following keywords are not supported when using
  add_custom_command(TARGET): DEPENDS.

  Policy CMP0175 is not set: add_custom_command() rejects invalid arguments.
  Run "cmake --help-policy CMP0175" for policy details.  Use the cmake_policy
  command to set the policy and suppress this warning.
Call Stack (most recent call first):
  emu/CMakeLists.txt:462 (add_executable_m7)
This warning is for project developers.  Use -Wno-dev to suppress it.

CMake Warning (dev) at cmake/toolchain-arm-none-eabi-gcc.cmake:220 (add_custom_command):
  The following keywords are not supported when using
  add_custom_command(TARGET): DEPENDS.

  Policy CMP0175 is not set: add_custom_command() rejects invalid arguments.
  Run "cmake --help-policy CMP0175" for policy details.  Use the cmake_policy
  command to set the policy and suppress this warning.
Call Stack (most recent call first):
  emu/CMakeLists.txt:462 (add_executable_m7)
This warning is for project developers.  Use -Wno-dev to suppress it.

CMake Warning (dev) at cmake/toolchain-arm-none-eabi-gcc.cmake:224 (add_custom_command):
  The following keywords are not supported when using
  add_custom_command(TARGET): DEPENDS.

  Policy CMP0175 is not set: add_custom_command() rejects invalid arguments.
  Run "cmake --help-policy CMP0175" for policy details.  Use the cmake_policy
  command to set the policy and suppress this warning.
Call Stack (most recent call first):
  emu/CMakeLists.txt:462 (add_executable_m7)
This warning is for project developers.  Use -Wno-dev to suppress it.

CMake Warning (dev) at cmake/toolchain-arm-none-eabi-gcc.cmake:216 (add_custom_command):
  The following keywords are not supported when using
  add_custom_command(TARGET): DEPENDS.

  Policy CMP0175 is not set: add_custom_command() rejects invalid arguments.
  Run "cmake --help-policy CMP0175" for policy details.  Use the cmake_policy
  command to set the policy and suppress this warning.
Call Stack (most recent call first):
  emu/CMakeLists.txt:500 (add_executable_m7)
This warning is for project developers.  Use -Wno-dev to suppress it.

CMake Warning (dev) at cmake/toolchain-arm-none-eabi-gcc.cmake:220 (add_custom_command):
  The following keywords are not supported when using
  add_custom_command(TARGET): DEPENDS.

  Policy CMP0175 is not set: add_custom_command() rejects invalid arguments.
  Run "cmake --help-policy CMP0175" for policy details.  Use the cmake_policy
  command to set the policy and suppress this warning.
Call Stack (most recent call first):
  emu/CMakeLists.txt:500 (add_executable_m7)
This warning is for project developers.  Use -Wno-dev to suppress it.

CMake Warning (dev) at cmake/toolchain-arm-none-eabi-gcc.cmake:224 (add_custom_command):
  The following keywords are not supported when using
  add_custom_command(TARGET): DEPENDS.

  Policy CMP0175 is not set: add_custom_command() rejects invalid arguments.
  Run "cmake --help-policy CMP0175" for policy details.  Use the cmake_policy
  command to set the policy and suppress this warning.
Call Stack (most recent call first):
  emu/CMakeLists.txt:500 (add_executable_m7)
This warning is for project developers.  Use -Wno-dev to suppress it.

CMake Warning (dev) at cmake/toolchain-arm-none-eabi-gcc.cmake:216 (add_custom_command):
  The following keywords are not supported when using
  add_custom_command(TARGET): DEPENDS.

  Policy CMP0175 is not set: add_custom_command() rejects invalid arguments.
  Run "cmake --help-policy CMP0175" for policy details.  Use the cmake_policy
  command to set the policy and suppress this warning.
Call Stack (most recent call first):
  emu/CMakeLists.txt:541 (add_executable_m7)
This warning is for project developers.  Use -Wno-dev to suppress it.

CMake Warning (dev) at cmake/toolchain-arm-none-eabi-gcc.cmake:220 (add_custom_command):
  The following keywords are not supported when using
  add_custom_command(TARGET): DEPENDS.

  Policy CMP0175 is not set: add_custom_command() rejects invalid arguments.
  Run "cmake --help-policy CMP0175" for policy details.  Use the cmake_policy
  command to set the policy and suppress this warning.
Call Stack (most recent call first):
  emu/CMakeLists.txt:541 (add_executable_m7)
This warning is for project developers.  Use -Wno-dev to suppress it.

CMake Warning (dev) at cmake/toolchain-arm-none-eabi-gcc.cmake:224 (add_custom_command):
  The following keywords are not supported when using
  add_custom_command(TARGET): DEPENDS.

  Policy CMP0175 is not set: add_custom_command() rejects invalid arguments.
  Run "cmake --help-policy CMP0175" for policy details.  Use the cmake_policy
  command to set the policy and suppress this warning.
Call Stack (most recent call first):
  emu/CMakeLists.txt:541 (add_executable_m7)
This warning is for project developers.  Use -Wno-dev to suppress it.

CMake Warning (dev) at cmake/toolchain-arm-none-eabi-gcc.cmake:216 (add_custom_command):
  The following keywords are not supported when using
  add_custom_command(TARGET): DEPENDS.

  Policy CMP0175 is not set: add_custom_command() rejects invalid arguments.
  Run "cmake --help-policy CMP0175" for policy details.  Use the cmake_policy
  command to set the policy and suppress this warning.
Call Stack (most recent call first):
  emu/CMakeLists.txt:584 (add_executable_m7)
This warning is for project developers.  Use -Wno-dev to suppress it.

CMake Warning (dev) at cmake/toolchain-arm-none-eabi-gcc.cmake:220 (add_custom_command):
  The following keywords are not supported when using
  add_custom_command(TARGET): DEPENDS.

  Policy CMP0175 is not set: add_custom_command() rejects invalid arguments.
  Run "cmake --help-policy CMP0175" for policy details.  Use the cmake_policy
  command to set the policy and suppress this warning.
Call Stack (most recent call first):
  emu/CMakeLists.txt:584 (add_executable_m7)
This warning is for project developers.  Use -Wno-dev to suppress it.

CMake Warning (dev) at cmake/toolchain-arm-none-eabi-gcc.cmake:224 (add_custom_command):
  The following keywords are not supported when using
  add_custom_command(TARGET): DEPENDS.

  Policy CMP0175 is not set: add_custom_command() rejects invalid arguments.
  Run "cmake --help-policy CMP0175" for policy details.  Use the cmake_policy
  command to set the policy and suppress this warning.
Call Stack (most recent call first):
  emu/CMakeLists.txt:584 (add_executable_m7)
This warning is for project developers.  Use -Wno-dev to suppress it.

CMake Warning (dev) at cmake/toolchain-arm-none-eabi-gcc.cmake:216 (add_custom_command):
  The following keywords are not supported when using
  add_custom_command(TARGET): DEPENDS.

  Policy CMP0175 is not set: add_custom_command() rejects invalid arguments.
  Run "cmake --help-policy CMP0175" for policy details.  Use the cmake_policy
  command to set the policy and suppress this warning.
Call Stack (most recent call first):
  emu/CMakeLists.txt:627 (add_executable_m7)
This warning is for project developers.  Use -Wno-dev to suppress it.

CMake Warning (dev) at cmake/toolchain-arm-none-eabi-gcc.cmake:220 (add_custom_command):
  The following keywords are not supported when using
  add_custom_command(TARGET): DEPENDS.

  Policy CMP0175 is not set: add_custom_command() rejects invalid arguments.
  Run "cmake --help-policy CMP0175" for policy details.  Use the cmake_policy
  command to set the policy and suppress this warning.
Call Stack (most recent call first):
  emu/CMakeLists.txt:627 (add_executable_m7)
This warning is for project developers.  Use -Wno-dev to suppress it.

CMake Warning (dev) at cmake/toolchain-arm-none-eabi-gcc.cmake:224 (add_custom_command):
  The following keywords are not supported when using
  add_custom_command(TARGET): DEPENDS.

  Policy CMP0175 is not set: add_custom_command() rejects invalid arguments.
  Run "cmake --help-policy CMP0175" for policy details.  Use the cmake_policy
  command to set the policy and suppress this warning.
Call Stack (most recent call first):
  emu/CMakeLists.txt:627 (add_executable_m7)
This warning is for project developers.  Use -Wno-dev to suppress it.

CMake Warning (dev) at cmake/toolchain-arm-none-eabi-gcc.cmake:216 (add_custom_command):
  The following keywords are not supported when using
  add_custom_command(TARGET): DEPENDS.

  Policy CMP0175 is not set: add_custom_command() rejects invalid arguments.
  Run "cmake --help-policy CMP0175" for policy details.  Use the cmake_policy
  command to set the policy and suppress this warning.
Call Stack (most recent call first):
  emu/CMakeLists.txt:671 (add_executable_m7)
This warning is for project developers.  Use -Wno-dev to suppress it.

CMake Warning (dev) at cmake/toolchain-arm-none-eabi-gcc.cmake:220 (add_custom_command):
  The following keywords are not supported when using
  add_custom_command(TARGET): DEPENDS.

  Policy CMP0175 is not set: add_custom_command() rejects invalid arguments.
  Run "cmake --help-policy CMP0175" for policy details.  Use the cmake_policy
  command to set the policy and suppress this warning.
Call Stack (most recent call first):
  emu/CMakeLists.txt:671 (add_executable_m7)
This warning is for project developers.  Use -Wno-dev to suppress it.

CMake Warning (dev) at cmake/toolchain-arm-none-eabi-gcc.cmake:224 (add_custom_command):
  The following keywords are not supported when using
  add_custom_command(TARGET): DEPENDS.

  Policy CMP0175 is not set: add_custom_command() rejects invalid arguments.
  Run "cmake --help-policy CMP0175" for policy details.  Use the cmake_policy
  command to set the policy and suppress this warning.
Call Stack (most recent call first):
  emu/CMakeLists.txt:671 (add_executable_m7)
This warning is for project developers.  Use -Wno-dev to suppress it.

CMake Warning (dev) at cmake/toolchain-arm-none-eabi-gcc.cmake:216 (add_custom_command):
  The following keywords are not supported when using
  add_custom_command(TARGET): DEPENDS.

  Policy CMP0175 is not set: add_custom_command() rejects invalid arguments.
  Run "cmake --help-policy CMP0175" for policy details.  Use the cmake_policy
  command to set the policy and suppress this warning.
Call Stack (most recent call first):
  emu/CMakeLists.txt:719 (add_executable_m7)
This warning is for project developers.  Use -Wno-dev to suppress it.

CMake Warning (dev) at cmake/toolchain-arm-none-eabi-gcc.cmake:220 (add_custom_command):
  The following keywords are not supported when using
  add_custom_command(TARGET): DEPENDS.

  Policy CMP0175 is not set: add_custom_command() rejects invalid arguments.
  Run "cmake --help-policy CMP0175" for policy details.  Use the cmake_policy
  command to set the policy and suppress this warning.
Call Stack (most recent call first):
  emu/CMakeLists.txt:719 (add_executable_m7)
This warning is for project developers.  Use -Wno-dev to suppress it.

CMake Warning (dev) at cmake/toolchain-arm-none-eabi-gcc.cmake:224 (add_custom_command):
  The following keywords are not supported when using
  add_custom_command(TARGET): DEPENDS.

  Policy CMP0175 is not set: add_custom_command() rejects invalid arguments.
  Run "cmake --help-policy CMP0175" for policy details.  Use the cmake_policy
  command to set the policy and suppress this warning.
Call Stack (most recent call first):
  emu/CMakeLists.txt:719 (add_executable_m7)
This warning is for project developers.  Use -Wno-dev to suppress it.

CMake Warning (dev) at cmake/toolchain-arm-none-eabi-gcc.cmake:216 (add_custom_command):
  The following keywords are not supported when using
  add_custom_command(TARGET): DEPENDS.

  Policy CMP0175 is not set: add_custom_command() rejects invalid arguments.
  Run "cmake --help-policy CMP0175" for policy details.  Use the cmake_policy
  command to set the policy and suppress this warning.
Call Stack (most recent call first):
  emu/CMakeLists.txt:787 (add_executable_m7)
This warning is for project developers.  Use -Wno-dev to suppress it.

CMake Warning (dev) at cmake/toolchain-arm-none-eabi-gcc.cmake:220 (add_custom_command):
  The following keywords are not supported when using
  add_custom_command(TARGET): DEPENDS.

  Policy CMP0175 is not set: add_custom_command() rejects invalid arguments.
  Run "cmake --help-policy CMP0175" for policy details.  Use the cmake_policy
  command to set the policy and suppress this warning.
Call Stack (most recent call first):
  emu/CMakeLists.txt:787 (add_executable_m7)
This warning is for project developers.  Use -Wno-dev to suppress it.

CMake Warning (dev) at cmake/toolchain-arm-none-eabi-gcc.cmake:224 (add_custom_command):
  The following keywords are not supported when using
  add_custom_command(TARGET): DEPENDS.

  Policy CMP0175 is not set: add_custom_command() rejects invalid arguments.
  Run "cmake --help-policy CMP0175" for policy details.  Use the cmake_policy
  command to set the policy and suppress this warning.
Call Stack (most recent call first):
  emu/CMakeLists.txt:787 (add_executable_m7)
This warning is for project developers.  Use -Wno-dev to suppress it.

CMake Warning (dev) at cmake/toolchain-arm-none-eabi-gcc.cmake:216 (add_custom_command):
  The following keywords are not supported when using
  add_custom_command(TARGET): DEPENDS.

  Policy CMP0175 is not set: add_custom_command() rejects invalid arguments.
  Run "cmake --help-policy CMP0175" for policy details.  Use the cmake_policy
  command to set the policy and suppress this warning.
Call Stack (most recent call first):
  emu/CMakeLists.txt:825 (add_executable_m7)
This warning is for project developers.  Use -Wno-dev to suppress it.

CMake Warning (dev) at cmake/toolchain-arm-none-eabi-gcc.cmake:220 (add_custom_command):
  The following keywords are not supported when using
  add_custom_command(TARGET): DEPENDS.

  Policy CMP0175 is not set: add_custom_command() rejects invalid arguments.
  Run "cmake --help-policy CMP0175" for policy details.  Use the cmake_policy
  command to set the policy and suppress this warning.
Call Stack (most recent call first):
  emu/CMakeLists.txt:825 (add_executable_m7)
This warning is for project developers.  Use -Wno-dev to suppress it.

CMake Warning (dev) at cmake/toolchain-arm-none-eabi-gcc.cmake:224 (add_custom_command):
  The following keywords are not supported when using
  add_custom_command(TARGET): DEPENDS.

  Policy CMP0175 is not set: add_custom_command() rejects invalid arguments.
  Run "cmake --help-policy CMP0175" for policy details.  Use the cmake_policy
  command to set the policy and suppress this warning.
Call Stack (most recent call first):
  emu/CMakeLists.txt:825 (add_executable_m7)
This warning is for project developers.  Use -Wno-dev to suppress it.

CMake Warning (dev) at cmake/toolchain-arm-none-eabi-gcc.cmake:216 (add_custom_command):
  The following keywords are not supported when using
  add_custom_command(TARGET): DEPENDS.

  Policy CMP0175 is not set: add_custom_command() rejects invalid arguments.
  Run "cmake --help-policy CMP0175" for policy details.  Use the cmake_policy
  command to set the policy and suppress this warning.
Call Stack (most recent call first):
  emu/CMakeLists.txt:842 (add_executable_m7)
This warning is for project developers.  Use -Wno-dev to suppress it.

CMake Warning (dev) at cmake/toolchain-arm-none-eabi-gcc.cmake:220 (add_custom_command):
  The following keywords are not supported when using
  add_custom_command(TARGET): DEPENDS.

  Policy CMP0175 is not set: add_custom_command() rejects invalid arguments.
  Run "cmake --help-policy CMP0175" for policy details.  Use the cmake_policy
  command to set the policy and suppress this warning.
Call Stack (most recent call first):
  emu/CMakeLists.txt:842 (add_executable_m7)
This warning is for project developers.  Use -Wno-dev to suppress it.

CMake Warning (dev) at cmake/toolchain-arm-none-eabi-gcc.cmake:224 (add_custom_command):
  The following keywords are not supported when using
  add_custom_command(TARGET): DEPENDS.

  Policy CMP0175 is not set: add_custom_command() rejects invalid arguments.
  Run "cmake --help-policy CMP0175" for policy details.  Use the cmake_policy
  command to set the policy and suppress this warning.
Call Stack (most recent call first):
  emu/CMakeLists.txt:842 (add_executable_m7)
This warning is for project developers.  Use -Wno-dev to suppress it.

CMake Warning (dev) at cmake/toolchain-arm-none-eabi-gcc.cmake:216 (add_custom_command):
  The following keywords are not supported when using
  add_custom_command(TARGET): DEPENDS.

  Policy CMP0175 is not set: add_custom_command() rejects invalid arguments.
  Run "cmake --help-policy CMP0175" for policy details.  Use the cmake_policy
  command to set the policy and suppress this warning.
Call Stack (most recent call first):
  emu/CMakeLists.txt:875 (add_executable_m7)
This warning is for project developers.  Use -Wno-dev to suppress it.

CMake Warning (dev) at cmake/toolchain-arm-none-eabi-gcc.cmake:220 (add_custom_command):
  The following keywords are not supported when using
  add_custom_command(TARGET): DEPENDS.

  Policy CMP0175 is not set: add_custom_command() rejects invalid arguments.
  Run "cmake --help-policy CMP0175" for policy details.  Use the cmake_policy
  command to set the policy and suppress this warning.
Call Stack (most recent call first):
  emu/CMakeLists.txt:875 (add_executable_m7)
This warning is for project developers.  Use -Wno-dev to suppress it.

CMake Warning (dev) at cmake/toolchain-arm-none-eabi-gcc.cmake:224 (add_custom_command):
  The following keywords are not supported when using
  add_custom_command(TARGET): DEPENDS.

  Policy CMP0175 is not set: add_custom_command() rejects invalid arguments.
  Run "cmake --help-policy CMP0175" for policy details.  Use the cmake_policy
  command to set the policy and suppress this warning.
Call Stack (most recent call first):
  emu/CMakeLists.txt:875 (add_executable_m7)
This warning is for project developers.  Use -Wno-dev to suppress it.

CMake Warning (dev) at cmake/toolchain-arm-none-eabi-gcc.cmake:216 (add_custom_command):
  The following keywords are not supported when using
  add_custom_command(TARGET): DEPENDS.

  Policy CMP0175 is not set: add_custom_command() rejects invalid arguments.
  Run "cmake --help-policy CMP0175" for policy details.  Use the cmake_policy
  command to set the policy and suppress this warning.
Call Stack (most recent call first):
  emu/CMakeLists.txt:898 (add_executable_m7)
This warning is for project developers.  Use -Wno-dev to suppress it.

CMake Warning (dev) at cmake/toolchain-arm-none-eabi-gcc.cmake:220 (add_custom_command):
  The following keywords are not supported when using
  add_custom_command(TARGET): DEPENDS.

  Policy CMP0175 is not set: add_custom_command() rejects invalid arguments.
  Run "cmake --help-policy CMP0175" for policy details.  Use the cmake_policy
  command to set the policy and suppress this warning.
Call Stack (most recent call first):
  emu/CMakeLists.txt:898 (add_executable_m7)
This warning is for project developers.  Use -Wno-dev to suppress it.

CMake Warning (dev) at cmake/toolchain-arm-none-eabi-gcc.cmake:224 (add_custom_command):
  The following keywords are not supported when using
  add_custom_command(TARGET): DEPENDS.

  Policy CMP0175 is not set: add_custom_command() rejects invalid arguments.
  Run "cmake --help-policy CMP0175" for policy details.  Use the cmake_policy
  command to set the policy and suppress this warning.
Call Stack (most recent call first):
  emu/CMakeLists.txt:898 (add_executable_m7)
This warning is for project developers.  Use -Wno-dev to suppress it.

CMake Warning (dev) at cmake/toolchain-arm-none-eabi-gcc.cmake:216 (add_custom_command):
  The following keywords are not supported when using
  add_custom_command(TARGET): DEPENDS.

  Policy CMP0175 is not set: add_custom_command() rejects invalid arguments.
  Run "cmake --help-policy CMP0175" for policy details.  Use the cmake_policy
  command to set the policy and suppress this warning.
Call Stack (most recent call first):
  emu/CMakeLists.txt:922 (add_executable_m7)
This warning is for project developers.  Use -Wno-dev to suppress it.

CMake Warning (dev) at cmake/toolchain-arm-none-eabi-gcc.cmake:220 (add_custom_command):
  The following keywords are not supported when using
  add_custom_command(TARGET): DEPENDS.

  Policy CMP0175 is not set: add_custom_command() rejects invalid arguments.
  Run "cmake --help-policy CMP0175" for policy details.  Use the cmake_policy
  command to set the policy and suppress this warning.
Call Stack (most recent call first):
  emu/CMakeLists.txt:922 (add_executable_m7)
This warning is for project developers.  Use -Wno-dev to suppress it.

CMake Warning (dev) at cmake/toolchain-arm-none-eabi-gcc.cmake:224 (add_custom_command):
  The following keywords are not supported when using
  add_custom_command(TARGET): DEPENDS.

  Policy CMP0175 is not set: add_custom_command() rejects invalid arguments.
  Run "cmake --help-policy CMP0175" for policy details.  Use the cmake_policy
  command to set the policy and suppress this warning.
Call Stack (most recent call first):
  emu/CMakeLists.txt:922 (add_executable_m7)
This warning is for project developers.  Use -Wno-dev to suppress it.

CMake Warning (dev) at cmake/toolchain-arm-none-eabi-gcc.cmake:216 (add_custom_command):
  The following keywords are not supported when using
  add_custom_command(TARGET): DEPENDS.

  Policy CMP0175 is not set: add_custom_command() rejects invalid arguments.
  Run "cmake --help-policy CMP0175" for policy details.  Use the cmake_policy
  command to set the policy and suppress this warning.
Call Stack (most recent call first):
  emu/CMakeLists.txt:958 (add_executable_m7)
This warning is for project developers.  Use -Wno-dev to suppress it.

CMake Warning (dev) at cmake/toolchain-arm-none-eabi-gcc.cmake:220 (add_custom_command):
  The following keywords are not supported when using
  add_custom_command(TARGET): DEPENDS.

  Policy CMP0175 is not set: add_custom_command() rejects invalid arguments.
  Run "cmake --help-policy CMP0175" for policy details.  Use the cmake_policy
  command to set the policy and suppress this warning.
Call Stack (most recent call first):
  emu/CMakeLists.txt:958 (add_executable_m7)
This warning is for project developers.  Use -Wno-dev to suppress it.

CMake Warning (dev) at cmake/toolchain-arm-none-eabi-gcc.cmake:224 (add_custom_command):
  The following keywords are not supported when using
  add_custom_command(TARGET): DEPENDS.

  Policy CMP0175 is not set: add_custom_command() rejects invalid arguments.
  Run "cmake --help-policy CMP0175" for policy details.  Use the cmake_policy
  command to set the policy and suppress this warning.
Call Stack (most recent call first):
  emu/CMakeLists.txt:958 (add_executable_m7)
This warning is for project developers.  Use -Wno-dev to suppress it.

CMake Warning (dev) at cmake/toolchain-arm-none-eabi-gcc.cmake:216 (add_custom_command):
  The following keywords are not supported when using
  add_custom_command(TARGET): DEPENDS.

  Policy CMP0175 is not set: add_custom_command() rejects invalid arguments.
  Run "cmake --help-policy CMP0175" for policy details.  Use the cmake_policy
  command to set the policy and suppress this warning.
Call Stack (most recent call first):
  emu/CMakeLists.txt:984 (add_executable_m7)
This warning is for project developers.  Use -Wno-dev to suppress it.

CMake Warning (dev) at cmake/toolchain-arm-none-eabi-gcc.cmake:220 (add_custom_command):
  The following keywords are not supported when using
  add_custom_command(TARGET): DEPENDS.

  Policy CMP0175 is not set: add_custom_command() rejects invalid arguments.
  Run "cmake --help-policy CMP0175" for policy details.  Use the cmake_policy
  command to set the policy and suppress this warning.
Call Stack (most recent call first):
  emu/CMakeLists.txt:984 (add_executable_m7)
This warning is for project developers.  Use -Wno-dev to suppress it.

CMake Warning (dev) at cmake/toolchain-arm-none-eabi-gcc.cmake:224 (add_custom_command):
  The following keywords are not supported when using
  add_custom_command(TARGET): DEPENDS.

  Policy CMP0175 is not set: add_custom_command() rejects invalid arguments.
  Run "cmake --help-policy CMP0175" for policy details.  Use the cmake_policy
  command to set the policy and suppress this warning.
Call Stack (most recent call first):
  emu/CMakeLists.txt:984 (add_executable_m7)
This warning is for project developers.  Use -Wno-dev to suppress it.

CMake Warning (dev) at cmake/toolchain-arm-none-eabi-gcc.cmake:216 (add_custom_command):
  The following keywords are not supported when using
  add_custom_command(TARGET): DEPENDS.

  Policy CMP0175 is not set: add_custom_command() rejects invalid arguments.
  Run "cmake --help-policy CMP0175" for policy details.  Use the cmake_policy
  command to set the policy and suppress this warning.
Call Stack (most recent call first):
  emu/CMakeLists.txt:1010 (add_executable_m7)
This warning is for project developers.  Use -Wno-dev to suppress it.

CMake Warning (dev) at cmake/toolchain-arm-none-eabi-gcc.cmake:220 (add_custom_command):
  The following keywords are not supported when using
  add_custom_command(TARGET): DEPENDS.

  Policy CMP0175 is not set: add_custom_command() rejects invalid arguments.
  Run "cmake --help-policy CMP0175" for policy details.  Use the cmake_policy
  command to set the policy and suppress this warning.
Call Stack (most recent call first):
  emu/CMakeLists.txt:1010 (add_executable_m7)
This warning is for project developers.  Use -Wno-dev to suppress it.

CMake Warning (dev) at cmake/toolchain-arm-none-eabi-gcc.cmake:224 (add_custom_command):
  The following keywords are not supported when using
  add_custom_command(TARGET): DEPENDS.

  Policy CMP0175 is not set: add_custom_command() rejects invalid arguments.
  Run "cmake --help-policy CMP0175" for policy details.  Use the cmake_policy
  command to set the policy and suppress this warning.
Call Stack (most recent call first):
  emu/CMakeLists.txt:1010 (add_executable_m7)
This warning is for project developers.  Use -Wno-dev to suppress it.

CMake Warning (dev) at cmake/toolchain-arm-none-eabi-gcc.cmake:216 (add_custom_command):
  The following keywords are not supported when using
  add_custom_command(TARGET): DEPENDS.

  Policy CMP0175 is not set: add_custom_command() rejects invalid arguments.
  Run "cmake --help-policy CMP0175" for policy details.  Use the cmake_policy
  command to set the policy and suppress this warning.
Call Stack (most recent call first):
  emu/CMakeLists.txt:1036 (add_executable_m7)
This warning is for project developers.  Use -Wno-dev to suppress it.

CMake Warning (dev) at cmake/toolchain-arm-none-eabi-gcc.cmake:220 (add_custom_command):
  The following keywords are not supported when using
  add_custom_command(TARGET): DEPENDS.

  Policy CMP0175 is not set: add_custom_command() rejects invalid arguments.
  Run "cmake --help-policy CMP0175" for policy details.  Use the cmake_policy
  command to set the policy and suppress this warning.
Call Stack (most recent call first):
  emu/CMakeLists.txt:1036 (add_executable_m7)
This warning is for project developers.  Use -Wno-dev to suppress it.

CMake Warning (dev) at cmake/toolchain-arm-none-eabi-gcc.cmake:224 (add_custom_command):
  The following keywords are not supported when using
  add_custom_command(TARGET): DEPENDS.

  Policy CMP0175 is not set: add_custom_command() rejects invalid arguments.
  Run "cmake --help-policy CMP0175" for policy details.  Use the cmake_policy
  command to set the policy and suppress this warning.
Call Stack (most recent call first):
  emu/CMakeLists.txt:1036 (add_executable_m7)
This warning is for project developers.  Use -Wno-dev to suppress it.

CMake Warning (dev) at cmake/toolchain-arm-none-eabi-gcc.cmake:216 (add_custom_command):
  The following keywords are not supported when using
  add_custom_command(TARGET): DEPENDS.

  Policy CMP0175 is not set: add_custom_command() rejects invalid arguments.
  Run "cmake --help-policy CMP0175" for policy details.  Use the cmake_policy
  command to set the policy and suppress this warning.
Call Stack (most recent call first):
  emu/CMakeLists.txt:1062 (add_executable_m7)
This warning is for project developers.  Use -Wno-dev to suppress it.

CMake Warning (dev) at cmake/toolchain-arm-none-eabi-gcc.cmake:220 (add_custom_command):
  The following keywords are not supported when using
  add_custom_command(TARGET): DEPENDS.

  Policy CMP0175 is not set: add_custom_command() rejects invalid arguments.
  Run "cmake --help-policy CMP0175" for policy details.  Use the cmake_policy
  command to set the policy and suppress this warning.
Call Stack (most recent call first):
  emu/CMakeLists.txt:1062 (add_executable_m7)
This warning is for project developers.  Use -Wno-dev to suppress it.

CMake Warning (dev) at cmake/toolchain-arm-none-eabi-gcc.cmake:224 (add_custom_command):
  The following keywords are not supported when using
  add_custom_command(TARGET): DEPENDS.

  Policy CMP0175 is not set: add_custom_command() rejects invalid arguments.
  Run "cmake --help-policy CMP0175" for policy details.  Use the cmake_policy
  command to set the policy and suppress this warning.
Call Stack (most recent call first):
  emu/CMakeLists.txt:1062 (add_executable_m7)
This warning is for project developers.  Use -Wno-dev to suppress it.

CMake Warning (dev) at cmake/toolchain-arm-none-eabi-gcc.cmake:216 (add_custom_command):
  The following keywords are not supported when using
  add_custom_command(TARGET): DEPENDS.

  Policy CMP0175 is not set: add_custom_command() rejects invalid arguments.
  Run "cmake --help-policy CMP0175" for policy details.  Use the cmake_policy
  command to set the policy and suppress this warning.
Call Stack (most recent call first):
  emu/CMakeLists.txt:1088 (add_executable_m7)
This warning is for project developers.  Use -Wno-dev to suppress it.

CMake Warning (dev) at cmake/toolchain-arm-none-eabi-gcc.cmake:220 (add_custom_command):
  The following keywords are not supported when using
  add_custom_command(TARGET): DEPENDS.

  Policy CMP0175 is not set: add_custom_command() rejects invalid arguments.
  Run "cmake --help-policy CMP0175" for policy details.  Use the cmake_policy
  command to set the policy and suppress this warning.
Call Stack (most recent call first):
  emu/CMakeLists.txt:1088 (add_executable_m7)
This warning is for project developers.  Use -Wno-dev to suppress it.

CMake Warning (dev) at cmake/toolchain-arm-none-eabi-gcc.cmake:224 (add_custom_command):
  The following keywords are not supported when using
  add_custom_command(TARGET): DEPENDS.

  Policy CMP0175 is not set: add_custom_command() rejects invalid arguments.
  Run "cmake --help-policy CMP0175" for policy details.  Use the cmake_policy
  command to set the policy and suppress this warning.
Call Stack (most recent call first):
  emu/CMakeLists.txt:1088 (add_executable_m7)
This warning is for project developers.  Use -Wno-dev to suppress it.

CMake Warning (dev) at cmake/toolchain-arm-none-eabi-gcc.cmake:216 (add_custom_command):
  The following keywords are not supported when using
  add_custom_command(TARGET): DEPENDS.

  Policy CMP0175 is not set: add_custom_command() rejects invalid arguments.
  Run "cmake --help-policy CMP0175" for policy details.  Use the cmake_policy
  command to set the policy and suppress this warning.
Call Stack (most recent call first):
  emu/CMakeLists.txt:1130 (add_executable_m7)
This warning is for project developers.  Use -Wno-dev to suppress it.

CMake Warning (dev) at cmake/toolchain-arm-none-eabi-gcc.cmake:220 (add_custom_command):
  The following keywords are not supported when using
  add_custom_command(TARGET): DEPENDS.

  Policy CMP0175 is not set: add_custom_command() rejects invalid arguments.
  Run "cmake --help-policy CMP0175" for policy details.  Use the cmake_policy
  command to set the policy and suppress this warning.
Call Stack (most recent call first):
  emu/CMakeLists.txt:1130 (add_executable_m7)
This warning is for project developers.  Use -Wno-dev to suppress it.

CMake Warning (dev) at cmake/toolchain-arm-none-eabi-gcc.cmake:224 (add_custom_command):
  The following keywords are not supported when using
  add_custom_command(TARGET): DEPENDS.

  Policy CMP0175 is not set: add_custom_command() rejects invalid arguments.
  Run "cmake --help-policy CMP0175" for policy details.  Use the cmake_policy
  command to set the policy and suppress this warning.
Call Stack (most recent call first):
  emu/CMakeLists.txt:1130 (add_executable_m7)
This warning is for project developers.  Use -Wno-dev to suppress it.

CMake Warning (dev) at cmake/toolchain-arm-none-eabi-gcc.cmake:216 (add_custom_command):
  The following keywords are not supported when using
  add_custom_command(TARGET): DEPENDS.

  Policy CMP0175 is not set: add_custom_command() rejects invalid arguments.
  Run "cmake --help-policy CMP0175" for policy details.  Use the cmake_policy
  command to set the policy and suppress this warning.
Call Stack (most recent call first):
  emu/CMakeLists.txt:1166 (add_executable_m7)
This warning is for project developers.  Use -Wno-dev to suppress it.

CMake Warning (dev) at cmake/toolchain-arm-none-eabi-gcc.cmake:220 (add_custom_command):
  The following keywords are not supported when using
  add_custom_command(TARGET): DEPENDS.

  Policy CMP0175 is not set: add_custom_command() rejects invalid arguments.
  Run "cmake --help-policy CMP0175" for policy details.  Use the cmake_policy
  command to set the policy and suppress this warning.
Call Stack (most recent call first):
  emu/CMakeLists.txt:1166 (add_executable_m7)
This warning is for project developers.  Use -Wno-dev to suppress it.

CMake Warning (dev) at cmake/toolchain-arm-none-eabi-gcc.cmake:224 (add_custom_command):
  The following keywords are not supported when using
  add_custom_command(TARGET): DEPENDS.

  Policy CMP0175 is not set: add_custom_command() rejects invalid arguments.
  Run "cmake --help-policy CMP0175" for policy details.  Use the cmake_policy
  command to set the policy and suppress this warning.
Call Stack (most recent call first):
  emu/CMakeLists.txt:1166 (add_executable_m7)
This warning is for project developers.  Use -Wno-dev to suppress it.

CMake Warning (dev) at cmake/toolchain-arm-none-eabi-gcc.cmake:216 (add_custom_command):
  The following keywords are not supported when using
  add_custom_command(TARGET): DEPENDS.

  Policy CMP0175 is not set: add_custom_command() rejects invalid arguments.
  Run "cmake --help-policy CMP0175" for policy details.  Use the cmake_policy
  command to set the policy and suppress this warning.
Call Stack (most recent call first):
  emu/CMakeLists.txt:1206 (add_executable_m7)
This warning is for project developers.  Use -Wno-dev to suppress it.

CMake Warning (dev) at cmake/toolchain-arm-none-eabi-gcc.cmake:220 (add_custom_command):
  The following keywords are not supported when using
  add_custom_command(TARGET): DEPENDS.

  Policy CMP0175 is not set: add_custom_command() rejects invalid arguments.
  Run "cmake --help-policy CMP0175" for policy details.  Use the cmake_policy
  command to set the policy and suppress this warning.
Call Stack (most recent call first):
  emu/CMakeLists.txt:1206 (add_executable_m7)
This warning is for project developers.  Use -Wno-dev to suppress it.

CMake Warning (dev) at cmake/toolchain-arm-none-eabi-gcc.cmake:224 (add_custom_command):
  The following keywords are not supported when using
  add_custom_command(TARGET): DEPENDS.

  Policy CMP0175 is not set: add_custom_command() rejects invalid arguments.
  Run "cmake --help-policy CMP0175" for policy details.  Use the cmake_policy
  command to set the policy and suppress this warning.
Call Stack (most recent call first):
  emu/CMakeLists.txt:1206 (add_executable_m7)
This warning is for project developers.  Use -Wno-dev to suppress it.

CMake Warning (dev) at cmake/toolchain-arm-none-eabi-gcc.cmake:216 (add_custom_command):
  The following keywords are not supported when using
  add_custom_command(TARGET): DEPENDS.

  Policy CMP0175 is not set: add_custom_command() rejects invalid arguments.
  Run "cmake --help-policy CMP0175" for policy details.  Use the cmake_policy
  command to set the policy and suppress this warning.
Call Stack (most recent call first):
  emu/CMakeLists.txt:1241 (add_executable_m7)
This warning is for project developers.  Use -Wno-dev to suppress it.

CMake Warning (dev) at cmake/toolchain-arm-none-eabi-gcc.cmake:220 (add_custom_command):
  The following keywords are not supported when using
  add_custom_command(TARGET): DEPENDS.

  Policy CMP0175 is not set: add_custom_command() rejects invalid arguments.
  Run "cmake --help-policy CMP0175" for policy details.  Use the cmake_policy
  command to set the policy and suppress this warning.
Call Stack (most recent call first):
  emu/CMakeLists.txt:1241 (add_executable_m7)
This warning is for project developers.  Use -Wno-dev to suppress it.

CMake Warning (dev) at cmake/toolchain-arm-none-eabi-gcc.cmake:224 (add_custom_command):
  The following keywords are not supported when using
  add_custom_command(TARGET): DEPENDS.

  Policy CMP0175 is not set: add_custom_command() rejects invalid arguments.
  Run "cmake --help-policy CMP0175" for policy details.  Use the cmake_policy
  command to set the policy and suppress this warning.
Call Stack (most recent call first):
  emu/CMakeLists.txt:1241 (add_executable_m7)
This warning is for project developers.  Use -Wno-dev to suppress it.

CMake Warning (dev) at cmake/toolchain-arm-none-eabi-gcc.cmake:216 (add_custom_command):
  The following keywords are not supported when using
  add_custom_command(TARGET): DEPENDS.

  Policy CMP0175 is not set: add_custom_command() rejects invalid arguments.
  Run "cmake --help-policy CMP0175" for policy details.  Use the cmake_policy
  command to set the policy and suppress this warning.
Call Stack (most recent call first):
  emu/CMakeLists.txt:1272 (add_executable_m7)
This warning is for project developers.  Use -Wno-dev to suppress it.

CMake Warning (dev) at cmake/toolchain-arm-none-eabi-gcc.cmake:220 (add_custom_command):
  The following keywords are not supported when using
  add_custom_command(TARGET): DEPENDS.

  Policy CMP0175 is not set: add_custom_command() rejects invalid arguments.
  Run "cmake --help-policy CMP0175" for policy details.  Use the cmake_policy
  command to set the policy and suppress this warning.
Call Stack (most recent call first):
  emu/CMakeLists.txt:1272 (add_executable_m7)
This warning is for project developers.  Use -Wno-dev to suppress it.

CMake Warning (dev) at cmake/toolchain-arm-none-eabi-gcc.cmake:224 (add_custom_command):
  The following keywords are not supported when using
  add_custom_command(TARGET): DEPENDS.

  Policy CMP0175 is not set: add_custom_command() rejects invalid arguments.
  Run "cmake --help-policy CMP0175" for policy details.  Use the cmake_policy
  command to set the policy and suppress this warning.
Call Stack (most recent call first):
  emu/CMakeLists.txt:1272 (add_executable_m7)
This warning is for project developers.  Use -Wno-dev to suppress it.

CMake Warning (dev) at cmake/toolchain-arm-none-eabi-gcc.cmake:216 (add_custom_command):
  The following keywords are not supported when using
  add_custom_command(TARGET): DEPENDS.

  Policy CMP0175 is not set: add_custom_command() rejects invalid arguments.
  Run "cmake --help-policy CMP0175" for policy details.  Use the cmake_policy
  command to set the policy and suppress this warning.
Call Stack (most recent call first):
  emu/CMakeLists.txt:1315 (add_executable_m7)
This warning is for project developers.  Use -Wno-dev to suppress it.

CMake Warning (dev) at cmake/toolchain-arm-none-eabi-gcc.cmake:220 (add_custom_command):
  The following keywords are not supported when using
  add_custom_command(TARGET): DEPENDS.

  Policy CMP0175 is not set: add_custom_command() rejects invalid arguments.
  Run "cmake --help-policy CMP0175" for policy details.  Use the cmake_policy
  command to set the policy and suppress this warning.
Call Stack (most recent call first):
  emu/CMakeLists.txt:1315 (add_executable_m7)
This warning is for project developers.  Use -Wno-dev to suppress it.

CMake Warning (dev) at cmake/toolchain-arm-none-eabi-gcc.cmake:224 (add_custom_command):
  The following keywords are not supported when using
  add_custom_command(TARGET): DEPENDS.

  Policy CMP0175 is not set: add_custom_command() rejects invalid arguments.
  Run "cmake --help-policy CMP0175" for policy details.  Use the cmake_policy
  command to set the policy and suppress this warning.
Call Stack (most recent call first):
  emu/CMakeLists.txt:1315 (add_executable_m7)
This warning is for project developers.  Use -Wno-dev to suppress it.

CMake Warning (dev) at cmake/toolchain-arm-none-eabi-gcc.cmake:216 (add_custom_command):
  The following keywords are not supported when using
  add_custom_command(TARGET): DEPENDS.

  Policy CMP0175 is not set: add_custom_command() rejects invalid arguments.
  Run "cmake --help-policy CMP0175" for policy details.  Use the cmake_policy
  command to set the policy and suppress this warning.
Call Stack (most recent call first):
  emu/CMakeLists.txt:1374 (add_executable_m7)
This warning is for project developers.  Use -Wno-dev to suppress it.

CMake Warning (dev) at cmake/toolchain-arm-none-eabi-gcc.cmake:220 (add_custom_command):
  The following keywords are not supported when using
  add_custom_command(TARGET): DEPENDS.

  Policy CMP0175 is not set: add_custom_command() rejects invalid arguments.
  Run "cmake --help-policy CMP0175" for policy details.  Use the cmake_policy
  command to set the policy and suppress this warning.
Call Stack (most recent call first):
  emu/CMakeLists.txt:1374 (add_executable_m7)
This warning is for project developers.  Use -Wno-dev to suppress it.

CMake Warning (dev) at cmake/toolchain-arm-none-eabi-gcc.cmake:224 (add_custom_command):
  The following keywords are not supported when using
  add_custom_command(TARGET): DEPENDS.

  Policy CMP0175 is not set: add_custom_command() rejects invalid arguments.
  Run "cmake --help-policy CMP0175" for policy details.  Use the cmake_policy
  command to set the policy and suppress this warning.
Call Stack (most recent call first):
  emu/CMakeLists.txt:1374 (add_executable_m7)
This warning is for project developers.  Use -Wno-dev to suppress it.

CMake Warning (dev) at cmake/toolchain-arm-none-eabi-gcc.cmake:216 (add_custom_command):
  The following keywords are not supported when using
  add_custom_command(TARGET): DEPENDS.

  Policy CMP0175 is not set: add_custom_command() rejects invalid arguments.
  Run "cmake --help-policy CMP0175" for policy details.  Use the cmake_policy
  command to set the policy and suppress this warning.
Call Stack (most recent call first):
  emu/CMakeLists.txt:1466 (add_executable_m7)
This warning is for project developers.  Use -Wno-dev to suppress it.

CMake Warning (dev) at cmake/toolchain-arm-none-eabi-gcc.cmake:220 (add_custom_command):
  The following keywords are not supported when using
  add_custom_command(TARGET): DEPENDS.

  Policy CMP0175 is not set: add_custom_command() rejects invalid arguments.
  Run "cmake --help-policy CMP0175" for policy details.  Use the cmake_policy
  command to set the policy and suppress this warning.
Call Stack (most recent call first):
  emu/CMakeLists.txt:1466 (add_executable_m7)
This warning is for project developers.  Use -Wno-dev to suppress it.

CMake Warning (dev) at cmake/toolchain-arm-none-eabi-gcc.cmake:224 (add_custom_command):
  The following keywords are not supported when using
  add_custom_command(TARGET): DEPENDS.

  Policy CMP0175 is not set: add_custom_command() rejects invalid arguments.
  Run "cmake --help-policy CMP0175" for policy details.  Use the cmake_policy
  command to set the policy and suppress this warning.
Call Stack (most recent call first):
  emu/CMakeLists.txt:1466 (add_executable_m7)
This warning is for project developers.  Use -Wno-dev to suppress it.

CMake Warning (dev) at cmake/toolchain-arm-none-eabi-gcc.cmake:216 (add_custom_command):
  The following keywords are not supported when using
  add_custom_command(TARGET): DEPENDS.

  Policy CMP0175 is not set: add_custom_command() rejects invalid arguments.
  Run "cmake --help-policy CMP0175" for policy details.  Use the cmake_policy
  command to set the policy and suppress this warning.
Call Stack (most recent call first):
  emu/CMakeLists.txt:1504 (add_executable_m7)
This warning is for project developers.  Use -Wno-dev to suppress it.

CMake Warning (dev) at cmake/toolchain-arm-none-eabi-gcc.cmake:220 (add_custom_command):
  The following keywords are not supported when using
  add_custom_command(TARGET): DEPENDS.

  Policy CMP0175 is not set: add_custom_command() rejects invalid arguments.
  Run "cmake --help-policy CMP0175" for policy details.  Use the cmake_policy
  command to set the policy and suppress this warning.
Call Stack (most recent call first):
  emu/CMakeLists.txt:1504 (add_executable_m7)
This warning is for project developers.  Use -Wno-dev to suppress it.

CMake Warning (dev) at cmake/toolchain-arm-none-eabi-gcc.cmake:224 (add_custom_command):
  The following keywords are not supported when using
  add_custom_command(TARGET): DEPENDS.

  Policy CMP0175 is not set: add_custom_command() rejects invalid arguments.
  Run "cmake --help-policy CMP0175" for policy details.  Use the cmake_policy
  command to set the policy and suppress this warning.
Call Stack (most recent call first):
  emu/CMakeLists.txt:1504 (add_executable_m7)
This warning is for project developers.  Use -Wno-dev to suppress it.

CMake Warning (dev) at cmake/toolchain-arm-none-eabi-gcc.cmake:216 (add_custom_command):
  The following keywords are not supported when using
  add_custom_command(TARGET): DEPENDS.

  Policy CMP0175 is not set: add_custom_command() rejects invalid arguments.
  Run "cmake --help-policy CMP0175" for policy details.  Use the cmake_policy
  command to set the policy and suppress this warning.
Call Stack (most recent call first):
  emu/CMakeLists.txt:1575 (add_executable_m7)
This warning is for project developers.  Use -Wno-dev to suppress it.

CMake Warning (dev) at cmake/toolchain-arm-none-eabi-gcc.cmake:220 (add_custom_command):
  The following keywords are not supported when using
  add_custom_command(TARGET): DEPENDS.

  Policy CMP0175 is not set: add_custom_command() rejects invalid arguments.
  Run "cmake --help-policy CMP0175" for policy details.  Use the cmake_policy
  command to set the policy and suppress this warning.
Call Stack (most recent call first):
  emu/CMakeLists.txt:1575 (add_executable_m7)
This warning is for project developers.  Use -Wno-dev to suppress it.

CMake Warning (dev) at cmake/toolchain-arm-none-eabi-gcc.cmake:224 (add_custom_command):
  The following keywords are not supported when using
  add_custom_command(TARGET): DEPENDS.

  Policy CMP0175 is not set: add_custom_command() rejects invalid arguments.
  Run "cmake --help-policy CMP0175" for policy details.  Use the cmake_policy
  command to set the policy and suppress this warning.
Call Stack (most recent call first):
  emu/CMakeLists.txt:1575 (add_executable_m7)
This warning is for project developers.  Use -Wno-dev to suppress it.

-- Configuring done (0.1s)
-- Generating done (0.7s)
-- Build files have been written to: /home/bogdan/work/coralmicro/build_emu
$ cmake -S . -B build_emu -DSENTAI_ARM_EMU=ON -DSENTAI_SKIP_SDK_PATCHES=ON

[elapsed_s] 0.816
