
SentAI EMU REPL B8.3
S233_PREP_INIT
S233_GZ_CAM_START 0
MicroPython embed ready
S233_BEGIN
0
-4
-4
False
-3
S233_SETUP 0 1 1 30 0 0 0
-3
-3
-3
-3
-3
-3
S233_FLOW_BASELINE 33 17 32
-3
-3
0
0
0
0
0
S233_CRAZY_SETUP 0 2 0 0 0
-3
-3
-3
-3
0
S233_SAMPLE 34 44 -185 28 255 8
0
S233_SAMPLE 35 66 155 -19 255 0
0
S233_SAMPLE 36 84 0 0 255 0
S233_CRAZY_DONE 0 0
0
0
0
0
S233_SUMMARY 21080 110 521 101 479 3 1 8 84
-3
-3
-3
-3
-3
-3
-3
-3
-3
-3
0
False
False
S233_DONE
