t=92ms server start argv=/home/bogdan/work/coralmicro/build-sim/sim/tpu_posix_send_server --server-cmd /tmp/sentai_emu_tpu_send_server.cmd --perf low --chunk-size 1048576 --bulkin-chunk-size 1024 --outfeed-chunk-length 0x80
t=120ms server [tpu-posix] libusb_init
t=120ms server [tpu-posix] dfu/app probe
t=120ms server [tpu-posix] open app device
t=120ms server [tpu-posix] opened Coral USB interface=0 out=01,02,03 in=81,82 irq=83
t=120ms server [TPU init] read omc0_00
t=120ms server [TPU init] check chip id
t=120ms server [TPU init] write test reg
t=120ms server [TPU init] read test reg
t=121ms server [TPU init] disable inactive mode
t=121ms server [TPU init] disable clock gating
t=121ms server [TPU init] enter reset
t=127ms server [TPU init] exit reset
t=132ms server [TPU init] check scalar run control
t=133ms server [TPU init] write idle register
t=135ms server [TPU init] write tile config
t=137ms server [TPU init] write deep sleep
t=138ms server [TPU init] enable clock gating
t=141ms server [TPU init] configure usb csr
t=145ms server [TPU init] enable tempsense clock
t=149ms server [TPU init] enable tempsense input ports
t=151ms server [TPU init] enable tempsense flow
t=154ms server [TPU init] move to run
t=178ms server [TPU init] done
t=178ms server SEND_SERVER_READY perf=low chunk_size=1048576 bulkin_chunk_size=1024 outfeed_chunk_length=0x80 bulkin_queue_depth=0
t=185ms server command ins /tmp/sentai_emu_tpu_send_payloads/payload_1_ins.bin
t=192ms server SEND_STATS cmd=ins ok=1 ms=5 params_calls=0 params_bytes=0 input_calls=0 input_bytes=0 ins_calls=1 ins_bytes=10448 usb_out_calls=2 usb_out_req=10456 usb_out_done=10456 usb_out_us=1350 usb_in_calls=0 usb_in_req=0 usb_in_done=0 usb_in_us=0 usb_event_calls=0 usb_event_req=0 usb_event_done=0 usb_event_us=0 usb_intr_calls=0 usb_intr_req=0 usb_intr_done=0 usb_intr_us=0 usb_timeouts=0 usb_failed=0
t=192ms server SEND_SERVER_DONE cmd=ins rc=0 bytes=10448 ms=5
t=197ms bridge cmd=ins seq=1 data_len=10448 out_len=0 ok=True ms=116
t=207ms server command params /tmp/sentai_emu_tpu_send_payloads/payload_2_params.bin
t=264ms server SEND_STATS cmd=params ok=1 ms=55 params_calls=1 params_bytes=6703232 input_calls=0 input_bytes=0 ins_calls=0 ins_bytes=0 usb_out_calls=8 usb_out_req=6703240 usb_out_done=6703240 usb_out_us=30690 usb_in_calls=0 usb_in_req=0 usb_in_done=0 usb_in_us=0 usb_event_calls=0 usb_event_req=0 usb_event_done=0 usb_event_us=0 usb_intr_calls=0 usb_intr_req=0 usb_intr_done=0 usb_intr_us=0 usb_timeouts=0 usb_failed=0
t=264ms server SEND_SERVER_DONE cmd=params rc=0 bytes=6703232 ms=55
t=269ms bridge cmd=params seq=2 data_len=6703232 out_len=0 ok=True ms=71
t=271ms server command event
t=272ms server SEND_STATS cmd=event ok=1 ms=0 params_calls=0 params_bytes=0 input_calls=0 input_bytes=0 ins_calls=0 ins_bytes=0 usb_out_calls=0 usb_out_req=0 usb_out_done=0 usb_out_us=0 usb_in_calls=0 usb_in_req=0 usb_in_done=0 usb_in_us=0 usb_event_calls=1 usb_event_req=16 usb_event_done=16 usb_event_us=81 usb_intr_calls=0 usb_intr_req=0 usb_intr_done=0 usb_intr_us=0 usb_timeouts=0 usb_failed=0
t=273ms server SEND_SERVER_DONE cmd=event rc=0 bytes=0 ms=0
t=293ms bridge cmd=event seq=3 data_len=0 out_len=0 ok=True ms=22
t=295ms server command ins /tmp/sentai_emu_tpu_send_payloads/payload_4_ins.bin
t=304ms server SEND_STATS cmd=ins ok=1 ms=7 params_calls=0 params_bytes=0 input_calls=0 input_bytes=0 ins_calls=1 ins_bytes=254304 usb_out_calls=2 usb_out_req=254312 usb_out_done=254312 usb_out_us=3071 usb_in_calls=0 usb_in_req=0 usb_in_done=0 usb_in_us=0 usb_event_calls=0 usb_event_req=0 usb_event_done=0 usb_event_us=0 usb_intr_calls=0 usb_intr_req=0 usb_intr_done=0 usb_intr_us=0 usb_timeouts=0 usb_failed=0
t=304ms server SEND_SERVER_DONE cmd=ins rc=0 bytes=254304 ms=7
t=305ms bridge cmd=ins seq=4 data_len=254304 out_len=0 ok=True ms=11
t=307ms server command inputs /tmp/sentai_emu_tpu_send_payloads/payload_5_inputs.bin
t=316ms server SEND_STATS cmd=inputs ok=1 ms=7 params_calls=0 params_bytes=0 input_calls=1 input_bytes=270000 ins_calls=0 ins_bytes=0 usb_out_calls=2 usb_out_req=270008 usb_out_done=270008 usb_out_us=2762 usb_in_calls=0 usb_in_req=0 usb_in_done=0 usb_in_us=0 usb_event_calls=0 usb_event_req=0 usb_event_done=0 usb_event_us=0 usb_intr_calls=0 usb_intr_req=0 usb_intr_done=0 usb_intr_us=0 usb_timeouts=0 usb_failed=0
t=317ms server SEND_SERVER_DONE cmd=inputs rc=0 bytes=270000 ms=7
t=320ms bridge cmd=inputs seq=5 data_len=270000 out_len=0 ok=True ms=14
t=321ms server command output 7672 /tmp/sentai_emu_tpu_send_payloads/output_6.bin
t=340ms server SEND_STATS cmd=output ok=1 ms=16 params_calls=0 params_bytes=0 input_calls=0 input_bytes=0 ins_calls=0 ins_bytes=0 usb_out_calls=0 usb_out_req=0 usb_out_done=0 usb_out_us=0 usb_in_calls=8 usb_in_req=7672 usb_in_done=7672 usb_in_us=16159 usb_event_calls=0 usb_event_req=0 usb_event_done=0 usb_event_us=0 usb_intr_calls=0 usb_intr_req=0 usb_intr_done=0 usb_intr_us=0 usb_timeouts=0 usb_failed=0
t=341ms server SEND_SERVER_DONE cmd=output rc=0 bytes=7672 ms=16
t=345ms bridge cmd=output seq=6 data_len=0 out_len=7672 ok=True ms=24
t=351ms server command output 176368 /tmp/sentai_emu_tpu_send_payloads/output_7.bin
t=359ms server SEND_STATS cmd=output ok=1 ms=7 params_calls=0 params_bytes=0 input_calls=0 input_bytes=0 ins_calls=0 ins_bytes=0 usb_out_calls=0 usb_out_req=0 usb_out_done=0 usb_out_us=0 usb_in_calls=174 usb_in_req=177712 usb_in_done=176368 usb_in_us=5965 usb_event_calls=0 usb_event_req=0 usb_event_done=0 usb_event_us=0 usb_intr_calls=0 usb_intr_req=0 usb_intr_done=0 usb_intr_us=0 usb_timeouts=0 usb_failed=0
t=359ms server SEND_SERVER_DONE cmd=output rc=0 bytes=176368 ms=7
t=363ms bridge cmd=output seq=7 data_len=0 out_len=176368 ok=True ms=12
t=364ms server command event
t=365ms server SEND_STATS cmd=event ok=1 ms=0 params_calls=0 params_bytes=0 input_calls=0 input_bytes=0 ins_calls=0 ins_bytes=0 usb_out_calls=0 usb_out_req=0 usb_out_done=0 usb_out_us=0 usb_in_calls=0 usb_in_req=0 usb_in_done=0 usb_in_us=0 usb_event_calls=1 usb_event_req=16 usb_event_done=16 usb_event_us=64 usb_intr_calls=0 usb_intr_req=0 usb_intr_done=0 usb_intr_us=0 usb_timeouts=0 usb_failed=0
t=365ms server SEND_SERVER_DONE cmd=event rc=0 bytes=0 ms=0
t=370ms bridge cmd=event seq=8 data_len=0 out_len=0 ok=True ms=6
t=384ms server command ins /tmp/sentai_emu_tpu_send_payloads/payload_9_ins.bin
t=392ms server SEND_STATS cmd=ins ok=1 ms=7 params_calls=0 params_bytes=0 input_calls=0 input_bytes=0 ins_calls=1 ins_bytes=254304 usb_out_calls=2 usb_out_req=254312 usb_out_done=254312 usb_out_us=2811 usb_in_calls=0 usb_in_req=0 usb_in_done=0 usb_in_us=0 usb_event_calls=0 usb_event_req=0 usb_event_done=0 usb_event_us=0 usb_intr_calls=0 usb_intr_req=0 usb_intr_done=0 usb_intr_us=0 usb_timeouts=0 usb_failed=0
t=392ms server SEND_SERVER_DONE cmd=ins rc=0 bytes=254304 ms=7
t=394ms bridge cmd=ins seq=9 data_len=254304 out_len=0 ok=True ms=11
t=396ms server command inputs /tmp/sentai_emu_tpu_send_payloads/payload_10_inputs.bin
t=404ms server SEND_STATS cmd=inputs ok=1 ms=7 params_calls=0 params_bytes=0 input_calls=1 input_bytes=270000 ins_calls=0 ins_bytes=0 usb_out_calls=2 usb_out_req=270008 usb_out_done=270008 usb_out_us=2792 usb_in_calls=0 usb_in_req=0 usb_in_done=0 usb_in_us=0 usb_event_calls=0 usb_event_req=0 usb_event_done=0 usb_event_us=0 usb_intr_calls=0 usb_intr_req=0 usb_intr_done=0 usb_intr_us=0 usb_timeouts=0 usb_failed=0
t=404ms server SEND_SERVER_DONE cmd=inputs rc=0 bytes=270000 ms=7
t=406ms bridge cmd=inputs seq=10 data_len=270000 out_len=0 ok=True ms=11
t=407ms server command output 7672 /tmp/sentai_emu_tpu_send_payloads/output_11.bin
t=427ms server SEND_STATS cmd=output ok=1 ms=19 params_calls=0 params_bytes=0 input_calls=0 input_bytes=0 ins_calls=0 ins_bytes=0 usb_out_calls=0 usb_out_req=0 usb_out_done=0 usb_out_us=0 usb_in_calls=8 usb_in_req=7672 usb_in_done=7672 usb_in_us=19765 usb_event_calls=0 usb_event_req=0 usb_event_done=0 usb_event_us=0 usb_intr_calls=0 usb_intr_req=0 usb_intr_done=0 usb_intr_us=0 usb_timeouts=0 usb_failed=0
t=427ms server SEND_SERVER_DONE cmd=output rc=0 bytes=7672 ms=19
t=428ms bridge cmd=output seq=11 data_len=0 out_len=7672 ok=True ms=21
t=428ms server command output 176368 /tmp/sentai_emu_tpu_send_payloads/output_12.bin
t=438ms server SEND_STATS cmd=output ok=1 ms=8 params_calls=0 params_bytes=0 input_calls=0 input_bytes=0 ins_calls=0 ins_bytes=0 usb_out_calls=0 usb_out_req=0 usb_out_done=0 usb_out_us=0 usb_in_calls=174 usb_in_req=177712 usb_in_done=176368 usb_in_us=6920 usb_event_calls=0 usb_event_req=0 usb_event_done=0 usb_event_us=0 usb_intr_calls=0 usb_intr_req=0 usb_intr_done=0 usb_intr_us=0 usb_timeouts=0 usb_failed=0
t=438ms server SEND_SERVER_DONE cmd=output rc=0 bytes=176368 ms=8
t=439ms bridge cmd=output seq=12 data_len=0 out_len=176368 ok=True ms=11
t=440ms server command event
t=441ms server SEND_STATS cmd=event ok=1 ms=0 params_calls=0 params_bytes=0 input_calls=0 input_bytes=0 ins_calls=0 ins_bytes=0 usb_out_calls=0 usb_out_req=0 usb_out_done=0 usb_out_us=0 usb_in_calls=0 usb_in_req=0 usb_in_done=0 usb_in_us=0 usb_event_calls=1 usb_event_req=16 usb_event_done=16 usb_event_us=52 usb_intr_calls=0 usb_intr_req=0 usb_intr_done=0 usb_intr_us=0 usb_timeouts=0 usb_failed=0
t=441ms server SEND_SERVER_DONE cmd=event rc=0 bytes=0 ms=0
t=445ms bridge cmd=event seq=13 data_len=0 out_len=0 ok=True ms=5
t=457ms server command ins /tmp/sentai_emu_tpu_send_payloads/payload_14_ins.bin
t=466ms server SEND_STATS cmd=ins ok=1 ms=7 params_calls=0 params_bytes=0 input_calls=0 input_bytes=0 ins_calls=1 ins_bytes=254304 usb_out_calls=2 usb_out_req=254312 usb_out_done=254312 usb_out_us=2811 usb_in_calls=0 usb_in_req=0 usb_in_done=0 usb_in_us=0 usb_event_calls=0 usb_event_req=0 usb_event_done=0 usb_event_us=0 usb_intr_calls=0 usb_intr_req=0 usb_intr_done=0 usb_intr_us=0 usb_timeouts=0 usb_failed=0
t=466ms server SEND_SERVER_DONE cmd=ins rc=0 bytes=254304 ms=7
t=472ms bridge cmd=ins seq=14 data_len=254304 out_len=0 ok=True ms=15
t=473ms server command inputs /tmp/sentai_emu_tpu_send_payloads/payload_15_inputs.bin
t=480ms server SEND_STATS cmd=inputs ok=1 ms=6 params_calls=0 params_bytes=0 input_calls=1 input_bytes=270000 ins_calls=0 ins_bytes=0 usb_out_calls=2 usb_out_req=270008 usb_out_done=270008 usb_out_us=2086 usb_in_calls=0 usb_in_req=0 usb_in_done=0 usb_in_us=0 usb_event_calls=0 usb_event_req=0 usb_event_done=0 usb_event_us=0 usb_intr_calls=0 usb_intr_req=0 usb_intr_done=0 usb_intr_us=0 usb_timeouts=0 usb_failed=0
t=481ms server SEND_SERVER_DONE cmd=inputs rc=0 bytes=270000 ms=6
t=483ms bridge cmd=inputs seq=15 data_len=270000 out_len=0 ok=True ms=11
t=484ms server command output 7672 /tmp/sentai_emu_tpu_send_payloads/output_16.bin
t=504ms server SEND_STATS cmd=output ok=1 ms=20 params_calls=0 params_bytes=0 input_calls=0 input_bytes=0 ins_calls=0 ins_bytes=0 usb_out_calls=0 usb_out_req=0 usb_out_done=0 usb_out_us=0 usb_in_calls=8 usb_in_req=7672 usb_in_done=7672 usb_in_us=20336 usb_event_calls=0 usb_event_req=0 usb_event_done=0 usb_event_us=0 usb_intr_calls=0 usb_intr_req=0 usb_intr_done=0 usb_intr_us=0 usb_timeouts=0 usb_failed=0
t=505ms server SEND_SERVER_DONE cmd=output rc=0 bytes=7672 ms=20
t=505ms bridge cmd=output seq=16 data_len=0 out_len=7672 ok=True ms=22
t=506ms server command output 176368 /tmp/sentai_emu_tpu_send_payloads/output_17.bin
t=513ms server SEND_STATS cmd=output ok=1 ms=6 params_calls=0 params_bytes=0 input_calls=0 input_bytes=0 ins_calls=0 ins_bytes=0 usb_out_calls=0 usb_out_req=0 usb_out_done=0 usb_out_us=0 usb_in_calls=174 usb_in_req=177712 usb_in_done=176368 usb_in_us=5633 usb_event_calls=0 usb_event_req=0 usb_event_done=0 usb_event_us=0 usb_intr_calls=0 usb_intr_req=0 usb_intr_done=0 usb_intr_us=0 usb_timeouts=0 usb_failed=0
t=513ms server SEND_SERVER_DONE cmd=output rc=0 bytes=176368 ms=6
t=516ms bridge cmd=output seq=17 data_len=0 out_len=176368 ok=True ms=10
t=517ms server command event
t=518ms server SEND_STATS cmd=event ok=1 ms=0 params_calls=0 params_bytes=0 input_calls=0 input_bytes=0 ins_calls=0 ins_bytes=0 usb_out_calls=0 usb_out_req=0 usb_out_done=0 usb_out_us=0 usb_in_calls=0 usb_in_req=0 usb_in_done=0 usb_in_us=0 usb_event_calls=1 usb_event_req=16 usb_event_done=16 usb_event_us=59 usb_intr_calls=0 usb_intr_req=0 usb_intr_done=0 usb_intr_us=0 usb_timeouts=0 usb_failed=0
t=518ms server SEND_SERVER_DONE cmd=event rc=0 bytes=0 ms=0
t=523ms bridge cmd=event seq=18 data_len=0 out_len=0 ok=True ms=6
t=536ms server command ins /tmp/sentai_emu_tpu_send_payloads/payload_19_ins.bin
t=544ms server SEND_STATS cmd=ins ok=1 ms=7 params_calls=0 params_bytes=0 input_calls=0 input_bytes=0 ins_calls=1 ins_bytes=254304 usb_out_calls=2 usb_out_req=254312 usb_out_done=254312 usb_out_us=2644 usb_in_calls=0 usb_in_req=0 usb_in_done=0 usb_in_us=0 usb_event_calls=0 usb_event_req=0 usb_event_done=0 usb_event_us=0 usb_intr_calls=0 usb_intr_req=0 usb_intr_done=0 usb_intr_us=0 usb_timeouts=0 usb_failed=0
t=544ms server SEND_SERVER_DONE cmd=ins rc=0 bytes=254304 ms=7
t=550ms bridge cmd=ins seq=19 data_len=254304 out_len=0 ok=True ms=15
t=551ms server command inputs /tmp/sentai_emu_tpu_send_payloads/payload_20_inputs.bin
t=558ms server SEND_STATS cmd=inputs ok=1 ms=6 params_calls=0 params_bytes=0 input_calls=1 input_bytes=270000 ins_calls=0 ins_bytes=0 usb_out_calls=2 usb_out_req=270008 usb_out_done=270008 usb_out_us=2071 usb_in_calls=0 usb_in_req=0 usb_in_done=0 usb_in_us=0 usb_event_calls=0 usb_event_req=0 usb_event_done=0 usb_event_us=0 usb_intr_calls=0 usb_intr_req=0 usb_intr_done=0 usb_intr_us=0 usb_timeouts=0 usb_failed=0
t=559ms server SEND_SERVER_DONE cmd=inputs rc=0 bytes=270000 ms=6
t=561ms bridge cmd=inputs seq=20 data_len=270000 out_len=0 ok=True ms=11
t=562ms server command output 7672 /tmp/sentai_emu_tpu_send_payloads/output_21.bin
t=583ms server SEND_STATS cmd=output ok=1 ms=20 params_calls=0 params_bytes=0 input_calls=0 input_bytes=0 ins_calls=0 ins_bytes=0 usb_out_calls=0 usb_out_req=0 usb_out_done=0 usb_out_us=0 usb_in_calls=8 usb_in_req=7672 usb_in_done=7672 usb_in_us=20006 usb_event_calls=0 usb_event_req=0 usb_event_done=0 usb_event_us=0 usb_intr_calls=0 usb_intr_req=0 usb_intr_done=0 usb_intr_us=0 usb_timeouts=0 usb_failed=0
t=583ms server SEND_SERVER_DONE cmd=output rc=0 bytes=7672 ms=20
t=588ms bridge cmd=output seq=21 data_len=0 out_len=7672 ok=True ms=26
t=589ms server command output 176368 /tmp/sentai_emu_tpu_send_payloads/output_22.bin
t=597ms server SEND_STATS cmd=output ok=1 ms=7 params_calls=0 params_bytes=0 input_calls=0 input_bytes=0 ins_calls=0 ins_bytes=0 usb_out_calls=0 usb_out_req=0 usb_out_done=0 usb_out_us=0 usb_in_calls=174 usb_in_req=177712 usb_in_done=176368 usb_in_us=6777 usb_event_calls=0 usb_event_req=0 usb_event_done=0 usb_event_us=0 usb_intr_calls=0 usb_intr_req=0 usb_intr_done=0 usb_intr_us=0 usb_timeouts=0 usb_failed=0
t=597ms server SEND_SERVER_DONE cmd=output rc=0 bytes=176368 ms=7
t=599ms bridge cmd=output seq=22 data_len=0 out_len=176368 ok=True ms=10
t=600ms server command event
t=600ms server SEND_STATS cmd=event ok=1 ms=0 params_calls=0 params_bytes=0 input_calls=0 input_bytes=0 ins_calls=0 ins_bytes=0 usb_out_calls=0 usb_out_req=0 usb_out_done=0 usb_out_us=0 usb_in_calls=0 usb_in_req=0 usb_in_done=0 usb_in_us=0 usb_event_calls=1 usb_event_req=16 usb_event_done=16 usb_event_us=49 usb_intr_calls=0 usb_intr_req=0 usb_intr_done=0 usb_intr_us=0 usb_timeouts=0 usb_failed=0
t=600ms server SEND_SERVER_DONE cmd=event rc=0 bytes=0 ms=0
t=605ms bridge cmd=event seq=23 data_len=0 out_len=0 ok=True ms=5
t=618ms server command ins /tmp/sentai_emu_tpu_send_payloads/payload_24_ins.bin
t=626ms server SEND_STATS cmd=ins ok=1 ms=7 params_calls=0 params_bytes=0 input_calls=0 input_bytes=0 ins_calls=1 ins_bytes=254304 usb_out_calls=2 usb_out_req=254312 usb_out_done=254312 usb_out_us=2785 usb_in_calls=0 usb_in_req=0 usb_in_done=0 usb_in_us=0 usb_event_calls=0 usb_event_req=0 usb_event_done=0 usb_event_us=0 usb_intr_calls=0 usb_intr_req=0 usb_intr_done=0 usb_intr_us=0 usb_timeouts=0 usb_failed=0
t=626ms server SEND_SERVER_DONE cmd=ins rc=0 bytes=254304 ms=7
t=628ms bridge cmd=ins seq=24 data_len=254304 out_len=0 ok=True ms=11
t=629ms server command inputs /tmp/sentai_emu_tpu_send_payloads/payload_25_inputs.bin
t=638ms server SEND_STATS cmd=inputs ok=1 ms=7 params_calls=0 params_bytes=0 input_calls=1 input_bytes=270000 ins_calls=0 ins_bytes=0 usb_out_calls=2 usb_out_req=270008 usb_out_done=270008 usb_out_us=2839 usb_in_calls=0 usb_in_req=0 usb_in_done=0 usb_in_us=0 usb_event_calls=0 usb_event_req=0 usb_event_done=0 usb_event_us=0 usb_intr_calls=0 usb_intr_req=0 usb_intr_done=0 usb_intr_us=0 usb_timeouts=0 usb_failed=0
t=638ms server SEND_SERVER_DONE cmd=inputs rc=0 bytes=270000 ms=7
t=640ms bridge cmd=inputs seq=25 data_len=270000 out_len=0 ok=True ms=11
t=640ms server command output 7672 /tmp/sentai_emu_tpu_send_payloads/output_26.bin
t=661ms server SEND_STATS cmd=output ok=1 ms=20 params_calls=0 params_bytes=0 input_calls=0 input_bytes=0 ins_calls=0 ins_bytes=0 usb_out_calls=0 usb_out_req=0 usb_out_done=0 usb_out_us=0 usb_in_calls=8 usb_in_req=7672 usb_in_done=7672 usb_in_us=19780 usb_event_calls=0 usb_event_req=0 usb_event_done=0 usb_event_us=0 usb_intr_calls=0 usb_intr_req=0 usb_intr_done=0 usb_intr_us=0 usb_timeouts=0 usb_failed=0
t=661ms server SEND_SERVER_DONE cmd=output rc=0 bytes=7672 ms=20
t=666ms bridge cmd=output seq=26 data_len=0 out_len=7672 ok=True ms=26
t=667ms server command output 176368 /tmp/sentai_emu_tpu_send_payloads/output_27.bin
t=676ms server SEND_STATS cmd=output ok=1 ms=9 params_calls=0 params_bytes=0 input_calls=0 input_bytes=0 ins_calls=0 ins_bytes=0 usb_out_calls=0 usb_out_req=0 usb_out_done=0 usb_out_us=0 usb_in_calls=174 usb_in_req=177712 usb_in_done=176368 usb_in_us=8048 usb_event_calls=0 usb_event_req=0 usb_event_done=0 usb_event_us=0 usb_intr_calls=0 usb_intr_req=0 usb_intr_done=0 usb_intr_us=0 usb_timeouts=0 usb_failed=0
t=676ms server SEND_SERVER_DONE cmd=output rc=0 bytes=176368 ms=9
t=677ms bridge cmd=output seq=27 data_len=0 out_len=176368 ok=True ms=10
t=678ms server command event
t=678ms server SEND_STATS cmd=event ok=1 ms=0 params_calls=0 params_bytes=0 input_calls=0 input_bytes=0 ins_calls=0 ins_bytes=0 usb_out_calls=0 usb_out_req=0 usb_out_done=0 usb_out_us=0 usb_in_calls=0 usb_in_req=0 usb_in_done=0 usb_in_us=0 usb_event_calls=1 usb_event_req=16 usb_event_done=16 usb_event_us=43 usb_intr_calls=0 usb_intr_req=0 usb_intr_done=0 usb_intr_us=0 usb_timeouts=0 usb_failed=0
t=678ms server SEND_SERVER_DONE cmd=event rc=0 bytes=0 ms=0
t=683ms bridge cmd=event seq=28 data_len=0 out_len=0 ok=True ms=6
t=695ms server command ins /tmp/sentai_emu_tpu_send_payloads/payload_29_ins.bin
t=704ms server SEND_STATS cmd=ins ok=1 ms=6 params_calls=0 params_bytes=0 input_calls=0 input_bytes=0 ins_calls=1 ins_bytes=254304 usb_out_calls=2 usb_out_req=254312 usb_out_done=254312 usb_out_us=2131 usb_in_calls=0 usb_in_req=0 usb_in_done=0 usb_in_us=0 usb_event_calls=0 usb_event_req=0 usb_event_done=0 usb_event_us=0 usb_intr_calls=0 usb_intr_req=0 usb_intr_done=0 usb_intr_us=0 usb_timeouts=0 usb_failed=0
t=705ms server SEND_SERVER_DONE cmd=ins rc=0 bytes=254304 ms=6
t=706ms bridge cmd=ins seq=29 data_len=254304 out_len=0 ok=True ms=11
t=707ms server command inputs /tmp/sentai_emu_tpu_send_payloads/payload_30_inputs.bin
t=716ms server SEND_STATS cmd=inputs ok=1 ms=7 params_calls=0 params_bytes=0 input_calls=1 input_bytes=270000 ins_calls=0 ins_bytes=0 usb_out_calls=2 usb_out_req=270008 usb_out_done=270008 usb_out_us=3067 usb_in_calls=0 usb_in_req=0 usb_in_done=0 usb_in_us=0 usb_event_calls=0 usb_event_req=0 usb_event_done=0 usb_event_us=0 usb_intr_calls=0 usb_intr_req=0 usb_intr_done=0 usb_intr_us=0 usb_timeouts=0 usb_failed=0
t=716ms server SEND_SERVER_DONE cmd=inputs rc=0 bytes=270000 ms=7
t=717ms bridge cmd=inputs seq=30 data_len=270000 out_len=0 ok=True ms=11
t=718ms server command output 7672 /tmp/sentai_emu_tpu_send_payloads/output_31.bin
t=739ms server SEND_STATS cmd=output ok=1 ms=19 params_calls=0 params_bytes=0 input_calls=0 input_bytes=0 ins_calls=0 ins_bytes=0 usb_out_calls=0 usb_out_req=0 usb_out_done=0 usb_out_us=0 usb_in_calls=8 usb_in_req=7672 usb_in_done=7672 usb_in_us=19083 usb_event_calls=0 usb_event_req=0 usb_event_done=0 usb_event_us=0 usb_intr_calls=0 usb_intr_req=0 usb_intr_done=0 usb_intr_us=0 usb_timeouts=0 usb_failed=0
t=739ms server SEND_SERVER_DONE cmd=output rc=0 bytes=7672 ms=19
t=744ms bridge cmd=output seq=31 data_len=0 out_len=7672 ok=True ms=26
t=745ms server command output 176368 /tmp/sentai_emu_tpu_send_payloads/output_32.bin
t=754ms server SEND_STATS cmd=output ok=1 ms=8 params_calls=0 params_bytes=0 input_calls=0 input_bytes=0 ins_calls=0 ins_bytes=0 usb_out_calls=0 usb_out_req=0 usb_out_done=0 usb_out_us=0 usb_in_calls=174 usb_in_req=177712 usb_in_done=176368 usb_in_us=6942 usb_event_calls=0 usb_event_req=0 usb_event_done=0 usb_event_us=0 usb_intr_calls=0 usb_intr_req=0 usb_intr_done=0 usb_intr_us=0 usb_timeouts=0 usb_failed=0
t=754ms server SEND_SERVER_DONE cmd=output rc=0 bytes=176368 ms=8
t=756ms bridge cmd=output seq=32 data_len=0 out_len=176368 ok=True ms=11
t=757ms server command event
t=757ms server SEND_STATS cmd=event ok=1 ms=0 params_calls=0 params_bytes=0 input_calls=0 input_bytes=0 ins_calls=0 ins_bytes=0 usb_out_calls=0 usb_out_req=0 usb_out_done=0 usb_out_us=0 usb_in_calls=0 usb_in_req=0 usb_in_done=0 usb_in_us=0 usb_event_calls=1 usb_event_req=16 usb_event_done=16 usb_event_us=64 usb_intr_calls=0 usb_intr_req=0 usb_intr_done=0 usb_intr_us=0 usb_timeouts=0 usb_failed=0
t=757ms server SEND_SERVER_DONE cmd=event rc=0 bytes=0 ms=0
t=762ms bridge cmd=event seq=33 data_len=0 out_len=0 ok=True ms=5
t=779ms server command ins /tmp/sentai_emu_tpu_send_payloads/payload_34_ins.bin
t=788ms server SEND_STATS cmd=ins ok=1 ms=7 params_calls=0 params_bytes=0 input_calls=0 input_bytes=0 ins_calls=1 ins_bytes=254304 usb_out_calls=2 usb_out_req=254312 usb_out_done=254312 usb_out_us=2965 usb_in_calls=0 usb_in_req=0 usb_in_done=0 usb_in_us=0 usb_event_calls=0 usb_event_req=0 usb_event_done=0 usb_event_us=0 usb_intr_calls=0 usb_intr_req=0 usb_intr_done=0 usb_intr_us=0 usb_timeouts=0 usb_failed=0
t=788ms server SEND_SERVER_DONE cmd=ins rc=0 bytes=254304 ms=7
t=790ms bridge cmd=ins seq=34 data_len=254304 out_len=0 ok=True ms=11
t=792ms server command inputs /tmp/sentai_emu_tpu_send_payloads/payload_35_inputs.bin
t=800ms server SEND_STATS cmd=inputs ok=1 ms=7 params_calls=0 params_bytes=0 input_calls=1 input_bytes=270000 ins_calls=0 ins_bytes=0 usb_out_calls=2 usb_out_req=270008 usb_out_done=270008 usb_out_us=2817 usb_in_calls=0 usb_in_req=0 usb_in_done=0 usb_in_us=0 usb_event_calls=0 usb_event_req=0 usb_event_done=0 usb_event_us=0 usb_intr_calls=0 usb_intr_req=0 usb_intr_done=0 usb_intr_us=0 usb_timeouts=0 usb_failed=0
t=800ms server SEND_SERVER_DONE cmd=inputs rc=0 bytes=270000 ms=7
t=802ms bridge cmd=inputs seq=35 data_len=270000 out_len=0 ok=True ms=11
t=803ms server command output 7672 /tmp/sentai_emu_tpu_send_payloads/output_36.bin
t=824ms server SEND_STATS cmd=output ok=1 ms=20 params_calls=0 params_bytes=0 input_calls=0 input_bytes=0 ins_calls=0 ins_bytes=0 usb_out_calls=0 usb_out_req=0 usb_out_done=0 usb_out_us=0 usb_in_calls=8 usb_in_req=7672 usb_in_done=7672 usb_in_us=20607 usb_event_calls=0 usb_event_req=0 usb_event_done=0 usb_event_us=0 usb_intr_calls=0 usb_intr_req=0 usb_intr_done=0 usb_intr_us=0 usb_timeouts=0 usb_failed=0
t=824ms server SEND_SERVER_DONE cmd=output rc=0 bytes=7672 ms=20
t=829ms bridge cmd=output seq=36 data_len=0 out_len=7672 ok=True ms=26
t=830ms server command output 176368 /tmp/sentai_emu_tpu_send_payloads/output_37.bin
t=838ms server SEND_STATS cmd=output ok=1 ms=6 params_calls=0 params_bytes=0 input_calls=0 input_bytes=0 ins_calls=0 ins_bytes=0 usb_out_calls=0 usb_out_req=0 usb_out_done=0 usb_out_us=0 usb_in_calls=174 usb_in_req=177712 usb_in_done=176368 usb_in_us=5710 usb_event_calls=0 usb_event_req=0 usb_event_done=0 usb_event_us=0 usb_intr_calls=0 usb_intr_req=0 usb_intr_done=0 usb_intr_us=0 usb_timeouts=0 usb_failed=0
t=838ms server SEND_SERVER_DONE cmd=output rc=0 bytes=176368 ms=6
t=841ms bridge cmd=output seq=37 data_len=0 out_len=176368 ok=True ms=11
t=842ms server command event
t=842ms server SEND_STATS cmd=event ok=1 ms=0 params_calls=0 params_bytes=0 input_calls=0 input_bytes=0 ins_calls=0 ins_bytes=0 usb_out_calls=0 usb_out_req=0 usb_out_done=0 usb_out_us=0 usb_in_calls=0 usb_in_req=0 usb_in_done=0 usb_in_us=0 usb_event_calls=1 usb_event_req=16 usb_event_done=16 usb_event_us=58 usb_intr_calls=0 usb_intr_req=0 usb_intr_done=0 usb_intr_us=0 usb_timeouts=0 usb_failed=0
t=842ms server SEND_SERVER_DONE cmd=event rc=0 bytes=0 ms=0
t=847ms bridge cmd=event seq=38 data_len=0 out_len=0 ok=True ms=5
t=860ms server command ins /tmp/sentai_emu_tpu_send_payloads/payload_39_ins.bin
t=868ms server SEND_STATS cmd=ins ok=1 ms=6 params_calls=0 params_bytes=0 input_calls=0 input_bytes=0 ins_calls=1 ins_bytes=254304 usb_out_calls=2 usb_out_req=254312 usb_out_done=254312 usb_out_us=1974 usb_in_calls=0 usb_in_req=0 usb_in_done=0 usb_in_us=0 usb_event_calls=0 usb_event_req=0 usb_event_done=0 usb_event_us=0 usb_intr_calls=0 usb_intr_req=0 usb_intr_done=0 usb_intr_us=0 usb_timeouts=0 usb_failed=0
t=868ms server SEND_SERVER_DONE cmd=ins rc=0 bytes=254304 ms=6
t=871ms bridge cmd=ins seq=39 data_len=254304 out_len=0 ok=True ms=11
t=872ms server command inputs /tmp/sentai_emu_tpu_send_payloads/payload_40_inputs.bin
t=880ms server SEND_STATS cmd=inputs ok=1 ms=6 params_calls=0 params_bytes=0 input_calls=1 input_bytes=270000 ins_calls=0 ins_bytes=0 usb_out_calls=2 usb_out_req=270008 usb_out_done=270008 usb_out_us=2005 usb_in_calls=0 usb_in_req=0 usb_in_done=0 usb_in_us=0 usb_event_calls=0 usb_event_req=0 usb_event_done=0 usb_event_us=0 usb_intr_calls=0 usb_intr_req=0 usb_intr_done=0 usb_intr_us=0 usb_timeouts=0 usb_failed=0
t=880ms server SEND_SERVER_DONE cmd=inputs rc=0 bytes=270000 ms=6
t=883ms bridge cmd=inputs seq=40 data_len=270000 out_len=0 ok=True ms=11
t=883ms server command output 7672 /tmp/sentai_emu_tpu_send_payloads/output_41.bin
t=904ms server SEND_STATS cmd=output ok=1 ms=19 params_calls=0 params_bytes=0 input_calls=0 input_bytes=0 ins_calls=0 ins_bytes=0 usb_out_calls=0 usb_out_req=0 usb_out_done=0 usb_out_us=0 usb_in_calls=8 usb_in_req=7672 usb_in_done=7672 usb_in_us=19645 usb_event_calls=0 usb_event_req=0 usb_event_done=0 usb_event_us=0 usb_intr_calls=0 usb_intr_req=0 usb_intr_done=0 usb_intr_us=0 usb_timeouts=0 usb_failed=0
t=904ms server SEND_SERVER_DONE cmd=output rc=0 bytes=7672 ms=19
t=909ms bridge cmd=output seq=41 data_len=0 out_len=7672 ok=True ms=26
t=910ms server command output 176368 /tmp/sentai_emu_tpu_send_payloads/output_42.bin
t=917ms server SEND_STATS cmd=output ok=1 ms=6 params_calls=0 params_bytes=0 input_calls=0 input_bytes=0 ins_calls=0 ins_bytes=0 usb_out_calls=0 usb_out_req=0 usb_out_done=0 usb_out_us=0 usb_in_calls=174 usb_in_req=177712 usb_in_done=176368 usb_in_us=5772 usb_event_calls=0 usb_event_req=0 usb_event_done=0 usb_event_us=0 usb_intr_calls=0 usb_intr_req=0 usb_intr_done=0 usb_intr_us=0 usb_timeouts=0 usb_failed=0
t=918ms server SEND_SERVER_DONE cmd=output rc=0 bytes=176368 ms=6
t=921ms bridge cmd=output seq=42 data_len=0 out_len=176368 ok=True ms=11
t=921ms server command event
t=922ms server SEND_STATS cmd=event ok=1 ms=0 params_calls=0 params_bytes=0 input_calls=0 input_bytes=0 ins_calls=0 ins_bytes=0 usb_out_calls=0 usb_out_req=0 usb_out_done=0 usb_out_us=0 usb_in_calls=0 usb_in_req=0 usb_in_done=0 usb_in_us=0 usb_event_calls=1 usb_event_req=16 usb_event_done=16 usb_event_us=55 usb_intr_calls=0 usb_intr_req=0 usb_intr_done=0 usb_intr_us=0 usb_timeouts=0 usb_failed=0
t=922ms server SEND_SERVER_DONE cmd=event rc=0 bytes=0 ms=0
t=927ms bridge cmd=event seq=43 data_len=0 out_len=0 ok=True ms=6
t=942ms server command ins /tmp/sentai_emu_tpu_send_payloads/payload_44_ins.bin
t=950ms server SEND_STATS cmd=ins ok=1 ms=6 params_calls=0 params_bytes=0 input_calls=0 input_bytes=0 ins_calls=1 ins_bytes=254304 usb_out_calls=2 usb_out_req=254312 usb_out_done=254312 usb_out_us=2067 usb_in_calls=0 usb_in_req=0 usb_in_done=0 usb_in_us=0 usb_event_calls=0 usb_event_req=0 usb_event_done=0 usb_event_us=0 usb_intr_calls=0 usb_intr_req=0 usb_intr_done=0 usb_intr_us=0 usb_timeouts=0 usb_failed=0
t=950ms server SEND_SERVER_DONE cmd=ins rc=0 bytes=254304 ms=6
t=953ms bridge cmd=ins seq=44 data_len=254304 out_len=0 ok=True ms=11
t=954ms server command inputs /tmp/sentai_emu_tpu_send_payloads/payload_45_inputs.bin
t=961ms server SEND_STATS cmd=inputs ok=1 ms=6 params_calls=0 params_bytes=0 input_calls=1 input_bytes=270000 ins_calls=0 ins_bytes=0 usb_out_calls=2 usb_out_req=270008 usb_out_done=270008 usb_out_us=2028 usb_in_calls=0 usb_in_req=0 usb_in_done=0 usb_in_us=0 usb_event_calls=0 usb_event_req=0 usb_event_done=0 usb_event_us=0 usb_intr_calls=0 usb_intr_req=0 usb_intr_done=0 usb_intr_us=0 usb_timeouts=0 usb_failed=0
t=961ms server SEND_SERVER_DONE cmd=inputs rc=0 bytes=270000 ms=6
t=964ms bridge cmd=inputs seq=45 data_len=270000 out_len=0 ok=True ms=11
t=965ms server command output 7672 /tmp/sentai_emu_tpu_send_payloads/output_46.bin
t=984ms server SEND_STATS cmd=output ok=1 ms=18 params_calls=0 params_bytes=0 input_calls=0 input_bytes=0 ins_calls=0 ins_bytes=0 usb_out_calls=0 usb_out_req=0 usb_out_done=0 usb_out_us=0 usb_in_calls=8 usb_in_req=7672 usb_in_done=7672 usb_in_us=18090 usb_event_calls=0 usb_event_req=0 usb_event_done=0 usb_event_us=0 usb_intr_calls=0 usb_intr_req=0 usb_intr_done=0 usb_intr_us=0 usb_timeouts=0 usb_failed=0
t=984ms server SEND_SERVER_DONE cmd=output rc=0 bytes=7672 ms=18
t=986ms bridge cmd=output seq=46 data_len=0 out_len=7672 ok=True ms=21
t=986ms server command output 176368 /tmp/sentai_emu_tpu_send_payloads/output_47.bin
t=994ms server SEND_STATS cmd=output ok=1 ms=6 params_calls=0 params_bytes=0 input_calls=0 input_bytes=0 ins_calls=0 ins_bytes=0 usb_out_calls=0 usb_out_req=0 usb_out_done=0 usb_out_us=0 usb_in_calls=174 usb_in_req=177712 usb_in_done=176368 usb_in_us=5963 usb_event_calls=0 usb_event_req=0 usb_event_done=0 usb_event_us=0 usb_intr_calls=0 usb_intr_req=0 usb_intr_done=0 usb_intr_us=0 usb_timeouts=0 usb_failed=0
t=994ms server SEND_SERVER_DONE cmd=output rc=0 bytes=176368 ms=6
t=997ms bridge cmd=output seq=47 data_len=0 out_len=176368 ok=True ms=11
t=997ms server command event
t=998ms server SEND_STATS cmd=event ok=1 ms=0 params_calls=0 params_bytes=0 input_calls=0 input_bytes=0 ins_calls=0 ins_bytes=0 usb_out_calls=0 usb_out_req=0 usb_out_done=0 usb_out_us=0 usb_in_calls=0 usb_in_req=0 usb_in_done=0 usb_in_us=0 usb_event_calls=1 usb_event_req=16 usb_event_done=16 usb_event_us=48 usb_intr_calls=0 usb_intr_req=0 usb_intr_done=0 usb_intr_us=0 usb_timeouts=0 usb_failed=0
t=998ms server SEND_SERVER_DONE cmd=event rc=0 bytes=0 ms=0
t=1002ms bridge cmd=event seq=48 data_len=0 out_len=0 ok=True ms=5
t=1014ms server command ins /tmp/sentai_emu_tpu_send_payloads/payload_49_ins.bin
t=1022ms server SEND_STATS cmd=ins ok=1 ms=6 params_calls=0 params_bytes=0 input_calls=0 input_bytes=0 ins_calls=1 ins_bytes=254304 usb_out_calls=2 usb_out_req=254312 usb_out_done=254312 usb_out_us=1955 usb_in_calls=0 usb_in_req=0 usb_in_done=0 usb_in_us=0 usb_event_calls=0 usb_event_req=0 usb_event_done=0 usb_event_us=0 usb_intr_calls=0 usb_intr_req=0 usb_intr_done=0 usb_intr_us=0 usb_timeouts=0 usb_failed=0
t=1022ms server SEND_SERVER_DONE cmd=ins rc=0 bytes=254304 ms=6
t=1025ms bridge cmd=ins seq=49 data_len=254304 out_len=0 ok=True ms=11
t=1026ms server command inputs /tmp/sentai_emu_tpu_send_payloads/payload_50_inputs.bin
t=1033ms server SEND_STATS cmd=inputs ok=1 ms=6 params_calls=0 params_bytes=0 input_calls=1 input_bytes=270000 ins_calls=0 ins_bytes=0 usb_out_calls=2 usb_out_req=270008 usb_out_done=270008 usb_out_us=2039 usb_in_calls=0 usb_in_req=0 usb_in_done=0 usb_in_us=0 usb_event_calls=0 usb_event_req=0 usb_event_done=0 usb_event_us=0 usb_intr_calls=0 usb_intr_req=0 usb_intr_done=0 usb_intr_us=0 usb_timeouts=0 usb_failed=0
t=1034ms server SEND_SERVER_DONE cmd=inputs rc=0 bytes=270000 ms=6
t=1036ms bridge cmd=inputs seq=50 data_len=270000 out_len=0 ok=True ms=11
t=1037ms server command output 7672 /tmp/sentai_emu_tpu_send_payloads/output_51.bin
t=1058ms server SEND_STATS cmd=output ok=1 ms=19 params_calls=0 params_bytes=0 input_calls=0 input_bytes=0 ins_calls=0 ins_bytes=0 usb_out_calls=0 usb_out_req=0 usb_out_done=0 usb_out_us=0 usb_in_calls=8 usb_in_req=7672 usb_in_done=7672 usb_in_us=19676 usb_event_calls=0 usb_event_req=0 usb_event_done=0 usb_event_us=0 usb_intr_calls=0 usb_intr_req=0 usb_intr_done=0 usb_intr_us=0 usb_timeouts=0 usb_failed=0
t=1058ms server SEND_SERVER_DONE cmd=output rc=0 bytes=7672 ms=19
t=1063ms bridge cmd=output seq=51 data_len=0 out_len=7672 ok=True ms=26
t=1064ms server command output 176368 /tmp/sentai_emu_tpu_send_payloads/output_52.bin
t=1071ms server SEND_STATS cmd=output ok=1 ms=6 params_calls=0 params_bytes=0 input_calls=0 input_bytes=0 ins_calls=0 ins_bytes=0 usb_out_calls=0 usb_out_req=0 usb_out_done=0 usb_out_us=0 usb_in_calls=174 usb_in_req=177712 usb_in_done=176368 usb_in_us=5521 usb_event_calls=0 usb_event_req=0 usb_event_done=0 usb_event_us=0 usb_intr_calls=0 usb_intr_req=0 usb_intr_done=0 usb_intr_us=0 usb_timeouts=0 usb_failed=0
t=1071ms server SEND_SERVER_DONE cmd=output rc=0 bytes=176368 ms=6
t=1075ms bridge cmd=output seq=52 data_len=0 out_len=176368 ok=True ms=11
t=1075ms server command event
t=1076ms server SEND_STATS cmd=event ok=1 ms=0 params_calls=0 params_bytes=0 input_calls=0 input_bytes=0 ins_calls=0 ins_bytes=0 usb_out_calls=0 usb_out_req=0 usb_out_done=0 usb_out_us=0 usb_in_calls=0 usb_in_req=0 usb_in_done=0 usb_in_us=0 usb_event_calls=1 usb_event_req=16 usb_event_done=16 usb_event_us=42 usb_intr_calls=0 usb_intr_req=0 usb_intr_done=0 usb_intr_us=0 usb_timeouts=0 usb_failed=0
t=1076ms server SEND_SERVER_DONE cmd=event rc=0 bytes=0 ms=0
t=1080ms bridge cmd=event seq=53 data_len=0 out_len=0 ok=True ms=5
