18:37:34.0249 [INFO] Loaded monitor commands from: /home/bogdan/work/renode_portable/scripts/monitor.py
Renode, version 1.16.1 (ac18b5ac-202606020225)

(monitor) i $CWD/emu/renode/sentai_emu_camera_markers_stage_assets.resc
18:37:34.1447 [INFO] Including script(s): /home/bogdan/work/coralmicro/emu/renode/sentai_emu_camera_markers_stage_assets.resc
18:37:34.1602 [INFO] System bus created.
18:37:35.0044 [INFO] sysbus: Loading block of 3072 bytes length at 0x0.
18:37:35.0152 [INFO] sysbus: Loading block of 59500 bytes length at 0xC00.
18:37:35.0152 [INFO] sysbus: Loading block of 604 bytes length at 0xF46C.
18:37:35.0153 [INFO] sysbus: Loading block of 87328 bytes length at 0xF6D0.
18:37:35.0153 [INFO] sysbus: Loading block of 16777216 bytes length at 0x80000000.
18:37:35.0353 [INFO] sysbus: Loading block of 54680 bytes length at 0x81000000.
18:37:35.4777 [INFO] cpu: Setting initial values: PC = 0xCBD, SP = 0x20040000.
18:37:35.4803 [INFO] machine-0: Machine started.
18:37:35.5578 [WARNING] nvic: Unhandled write to offset 0xF50 (ICacheInvalidateAllToPoUaIgnored), value 0x0.
18:37:35.5880 [WARNING] nvic: Trying to set the priority for interrupt 16 to 0xFF, but it should be maskable with 0xF0
18:37:50.7412 [INFO] machine-0: Machine paused.
sentai_emu_camera_markers_stage_assets PC:
0x3f18
sentai_emu_camera_markers_stage_assets boot_state:
0x00000700
sentai_emu_camera_markers_stage_assets stage_files:
0x00000002
sentai_emu_camera_markers_stage_assets stage_bytes:
0x000F3C45
sentai_emu_camera_markers_stage_assets stage_errors:
0x00000000
sentai_emu_camera_markers_stage_assets stage_checksum:
0x0CC83B19
(machine-0) 18:37:50.8110 [INFO] machine-0: Disposed.
$ /home/bogdan/work/renode_portable/renode --plain --console --disable-xwt emu/renode/sentai_emu_camera_markers_stage_assets.resc

[elapsed_s] 18.212
