18:37:52.2764 [INFO] Loaded monitor commands from: /home/bogdan/work/renode_portable/scripts/monitor.py
Renode, version 1.16.1 (ac18b5ac-202606020225)

(monitor) i $CWD/emu/renode/sentai_emu_camera_markers.resc
18:37:52.4069 [INFO] Including script(s): /home/bogdan/work/coralmicro/emu/renode/sentai_emu_camera_markers.resc
18:37:52.4243 [INFO] System bus created.
18:37:53.3080 [INFO] sysbus: Loading block of 3072 bytes length at 0x0.
18:37:53.3196 [INFO] sysbus: Loading block of 204232 bytes length at 0xC00.
18:37:53.3199 [INFO] sysbus: Loading block of 52768 bytes length at 0x329C8.
18:37:53.3199 [INFO] sysbus: Loading block of 95776 bytes length at 0x20240000.
18:37:53.3201 [INFO] sysbus: Loading block of 14680064 bytes length at 0x80000000.
18:37:53.3402 [INFO] sysbus: Loading block of 12309216 bytes length at 0x80E00000.
18:37:53.8181 [INFO] cpu: Setting initial values: PC = 0xCBD, SP = 0x20040000.
18:37:53.8209 [INFO] machine-0: Machine started.
18:37:53.9024 [WARNING] nvic: Unhandled write to offset 0xF50 (ICacheInvalidateAllToPoUaIgnored), value 0x0.
18:37:53.9249 [WARNING] nvic: Trying to set the priority for interrupt 16 to 0xFF, but it should be maskable with 0xF0
18:38:24.1457 [INFO] machine-0: Machine paused.
sentai_emu_camera_markers PC:
0x15eac
sentai_emu_camera_markers boot_state:
0x00000500
sentai_emu_camera_markers heartbeat:
0x0000009F
sentai_emu_camera_markers last_tick:
0x00004DA0
sentai_emu_camera_markers repl_lines:
0x00000001
(machine-0) 18:38:24.2193 [INFO] machine-0: Disposed.
$ /home/bogdan/work/renode_portable/renode --plain --console --disable-xwt emu/renode/sentai_emu_camera_markers.resc

[elapsed_s] 33.447
