
SentAI EMU REPL B8.3
MicroPython embed ready
CAM_MARK_BEGIN
0
0
0
True
0
CAM_MARK_ASSET_PGM 76815
CAM_MARK_ASSET_BMP 921654
CAM_MARK_INIT 0
CAM_MARK_PGM_N 1
CAM_MARK_PGM_DET0 (0, 159.5, 119.5, 41.08918, 41.08918, 0.7853982, 0, -0.000567546, -0.000567546, 0.2724221, -0.0, 0.0, 0.0, 0.0, 2, 1, 1, 34.0)
0
CAM_MARK_SELECT 0
CAM_MARK_PREP 0
CAM_MARK_CAM_N 1
CAM_MARK_CAM_DET0 (0, 159.5, 119.5, 41.08918, 41.08918, 0.7853982, 0, -0.000567546, -0.000567546, 0.2724221, -0.0, 0.0, 0.0, 0.0, 2, 1, 1, 34.0)
CAM_MARK_OBS (1, 1, 1, 159.5, 119.5, 34.0, 0.2724221, 125.5, 85.5, 193.5, 153.5, 1, 532, 1, 2)
0
0
0
0
0
0
0
0
0
0
0
0
CAM_MARK_LOOP 10 10 3428 291
0
0
0
0
True
True
0
0
CAM_MARK_DONE
