[sim] FS root: /home/bogdan/work/coralmicro/examples/sentai_runtime/experiments/s209_virtual_camera_tpu_e2e/iter290_virtual_camera_flow_tpu_shift/fs_root
[sim] sentai_sim build #1117 (2026-06-01 19:35:04)
[sim] FreeRTOS POSIX port: tick=1000 Hz, heap=4194304 bytes
[sim] MicroPython heap: 2097152 bytes
[sim] sentai.fr auto-start: dir=/home/bogdan/work/coralmicro/examples/sentai_runtime/experiments/s209_virtual_camera_tpu_e2e/iter290_virtual_camera_flow_tpu_shift/fs_root/fr init=0 events=0 scalars=0 debug=0 task=0

MicroPython on SentAI SIM (FreeRTOS POSIX port + MicroPython embed)
Type expressions, end with Enter.  Ctrl-D or 'exit' to quit.
Try: sentai.version(), sentai.fs.write(...), help()

>>> [sentai_fr] worker START
camera_bridge: listening on /tmp/sentai_cam.sock (waiting for Gazebo bridge)
>>> MODEL_SIZE 7077792
IMG0_SIZE 921654
IMGN_SIZE 921654
READY
[tpu-pycoral] connected helper pid=419942 sock=/tmp/sentai_tpu_pycoral_419934.sock
CMD LOAD slot=0 path=/home/bogdan/work/coralmicro/examples/sentai_runtime/experiments/s209_virtual_camera_tpu_e2e/iter290_virtual_camera_flow_tpu_shift/fs_root/models/tf2_ssd_mobilenet_v2_coco17_ptq_edgetpu.tflite
CMD LOAD made_interpreter slot=0
CMD LOAD allocated slot=0
CMD LOAD done slot=0 outputs=4
[tpu-pycoral] LOAD reply: OK LOAD 0 3 270000 4 1 300 300 3 0.00784313772 127 4
[tpu-pycoral] OUT[0]: bytes=80 shape=1x20x0x0
[tpu-pycoral] OUT[1]: bytes=320 shape=1x20x4x0
[tpu-pycoral] OUT[2]: bytes=4 shape=1x0x0x0
[tpu-pycoral] OUT[3]: bytes=80 shape=1x20x0x0
[tpu-pycoral] loaded slot=0 input=300x300x3 outputs=4
TPU_LOAD 0
TPU_READY True
FLOW_START 0
PIPE_DIRECT_TENSOR_PREV 1
PIPE_TARGET_FPS 0
PIPE_PREP_FPS 0
[det_prep] start
[det_prep] grab idx=-2 raw=(nil)
[det_infer] start
E:0480:100
PIPE_START 0
FRAME 0 SELECT_BEGIN
FRAME 0 SELECT_RC 0
FRAME 0 PIPE_GET_BEGIN
[det_prep] grab idx=0 raw=0x5f9629f8c680
[det_prep] fire_mask=0x00000010
[det_prep] pxp begin 300x300
[det_prep] pxp rc=0 ms=2
[det_prep] flow publish begin
[det_prep] flow publish done
[det_prep] frame signaled seq=1
[det_infer] frame ready direct=0
CMD INVOKE slot=0 nbytes=270000
[det_prep] grab idx=-2 raw=(nil)
[det_prep] grab idx=-2 raw=(nil)
[det_prep] grab idx=-2 raw=(nil)
CMD INVOKE done slot=0 ms=28 outputs=4 total=484
[det_infer] invoke_ms=28
[det_infer] nms det_count=20
[det_infer] queued frame=1 dets=20
FRAME 0 PIPE_DONE True
FRAME 0 FLOW (True, 1, 0, 0, 0, 1, -1)
FRAME_RECORD (0, 0, (True, 1, 0, 0, 0, 1, -1), 0, 28, ((25, 95, 145, 204, 758, 71), (33, 108, 113, 191, 500, 16), (8, 72, 153, 239, 313, 71), (52, 96, 135, 145, 293, 62), (65, 99, 111, 178, 293, 16), (30, 109, 81, 190, 285, 61), (69, 103, 101, 131, 234, 74), (43, 104, 126, 156, 215, 62), (87, 94, 140, 166, 203, 69), (28, 96, 75, 161, 195, 61), (8, 44, 275, 271, 172, 71), (25, 119, 66, 197, 172, 61), (36, 95, 50, 135, 168, 83), (66, 110, 81, 131, 160, 74), (5, 82, 243, 229, 156, 71), (107, 116, 138, 150, 156, 50), (31, 94, 94, 142, 148, 61), (38, 153, 136, 196, 145, 61), (100, 31, 299, 300, 145, 0), (73, 113, 100, 155, 145, 16)))
FRAME 1 SELECT_BEGIN
FRAME 1 SELECT_RC 0
FRAME 1 PIPE_GET_BEGIN
[det_prep] grab idx=0 raw=0x5f9629f8c680
[det_prep] fire_mask=0x00000010
[det_prep] pxp begin 300x300
[det_prep] pxp rc=0 ms=1
[det_prep] flow publish begin
[det_prep] flow publish done
[det_prep] frame signaled seq=2
[det_infer] frame ready direct=0
CMD INVOKE slot=0 nbytes=270000
[det_prep] grab idx=-2 raw=(nil)
[det_prep] grab idx=-2 raw=(nil)
CMD INVOKE done slot=0 ms=12 outputs=4 total=484
[det_infer] invoke_ms=12
[det_infer] nms det_count=20
[det_infer] queued frame=2 dets=20
FRAME 1 PIPE_DONE True
FRAME 1 FLOW (True, 1, -145, 8, 252, 2, -1)
FRAME_RECORD (1, 0, (True, 1, -145, 8, 252, 2, -1), 0, 12, ((27, 94, 145, 203, 758, 71), (33, 108, 113, 191, 523, 0), (19, 84, 176, 222, 293, 71), (30, 106, 82, 189, 293, 61), (75, 105, 101, 127, 266, 74), (66, 102, 111, 180, 258, 16), (88, 93, 141, 164, 250, 69), (46, 96, 137, 143, 242, 62), (13, 71, 240, 244, 227, 71), (69, 111, 82, 130, 195, 74), (40, 107, 124, 158, 168, 62), (29, 97, 77, 163, 168, 61), (94, 32, 299, 297, 160, 0), (37, 95, 50, 136, 156, 83), (107, 116, 139, 152, 156, 50), (38, 154, 138, 195, 145, 0), (26, 118, 67, 198, 145, 61), (33, 94, 98, 143, 133, 61), (75, 113, 102, 156, 133, 16), (48, 94, 62, 122, 121, 83)))
FRAME 2 SELECT_BEGIN
FRAME 2 SELECT_RC 0
FRAME 2 PIPE_GET_BEGIN
[det_prep] fire_mask=0x00000010
[det_prep] pxp begin 300x300
[det_prep] pxp rc=0 ms=1
[det_prep] flow publish begin
[det_prep] flow publish done
[det_prep] frame signaled seq=3
[det_infer] frame ready direct=0
CMD INVOKE slot=0 nbytes=270000
CMD INVOKE done slot=0 ms=12 outputs=4 total=484
[det_infer] invoke_ms=12
[det_infer] nms det_count=20
[det_infer] queued frame=3 dets=20
FRAME 2 PIPE_DONE True
FRAME 2 FLOW (True, 1, -120, 7, 252, 3, -1)
FRAME_RECORD (2, 0, (True, 1, -120, 7, 252, 3, -1), 0, 12, ((25, 95, 147, 204, 773, 71), (35, 108, 113, 191, 547, 0), (8, 69, 153, 239, 324, 71), (29, 106, 83, 190, 285, 61), (66, 102, 111, 182, 266, 16), (87, 94, 142, 163, 250, 69), (73, 104, 100, 127, 242, 74), (48, 95, 137, 141, 234, 62), (10, 43, 273, 269, 211, 71), (40, 107, 122, 161, 203, 62), (29, 95, 78, 162, 180, 61), (69, 111, 82, 130, 172, 74), (39, 95, 48, 138, 172, 83), (97, 25, 299, 298, 160, 0), (6, 79, 242, 229, 160, 71), (26, 121, 67, 198, 156, 61), (107, 114, 140, 153, 148, 50), (51, 93, 61, 123, 148, 83), (39, 152, 135, 195, 145, 61), (23, 87, 149, 159, 137, 71)))
FRAME 3 SELECT_BEGIN
FRAME 3 SELECT_RC 0
FRAME 3 PIPE_GET_BEGIN
[det_prep] fire_mask=0x00000010
[det_prep] pxp begin 300x300
[det_prep] pxp rc=0 ms=1
[det_prep] flow publish begin
[det_prep] flow publish done
[det_prep] frame signaled seq=4
[det_infer] frame ready direct=0
CMD INVOKE slot=0 nbytes=270000
CMD INVOKE done slot=0 ms=12 outputs=4 total=484
[det_infer] invoke_ms=12
[det_infer] nms det_count=20
[det_infer] queued frame=4 dets=20
FRAME 3 PIPE_DONE True
FRAME 3 FLOW (True, 1, -132, 7, 252, 4, -1)
FRAME_RECORD (3, 0, (True, 1, -132, 7, 252, 4, -1), 0, 12, ((29, 95, 147, 203, 785, 71), (38, 108, 115, 192, 512, 0), (16, 79, 174, 222, 375, 71), (66, 96, 140, 153, 277, 50), (11, 73, 238, 243, 266, 71), (34, 120, 80, 194, 266, 61), (71, 102, 102, 131, 258, 74), (62, 102, 111, 182, 211, 0), (69, 113, 80, 131, 188, 74), (39, 85, 148, 167, 188, 71), (21, 42, 278, 291, 172, 71), (35, 92, 120, 146, 172, 61), (31, 96, 78, 159, 168, 61), (7, 20, 156, 210, 148, 71), (48, 92, 62, 124, 148, 83), (41, 152, 140, 194, 148, 61), (95, 102, 141, 182, 145, 69), (72, 117, 82, 148, 137, 45), (43, 145, 71, 192, 133, 61), (104, 94, 145, 167, 133, 69)))
FRAME 4 SELECT_BEGIN
FRAME 4 SELECT_RC 0
FRAME 4 PIPE_GET_BEGIN
[det_prep] fire_mask=0x00000010
[det_prep] pxp begin 300x300
[det_prep] pxp rc=0 ms=1
[det_prep] flow publish begin
[det_prep] flow publish done
[det_prep] frame signaled seq=5
[det_infer] frame ready direct=0
CMD INVOKE slot=0 nbytes=270000
CMD INVOKE done slot=0 ms=12 outputs=4 total=484
[det_infer] invoke_ms=12
[det_infer] nms det_count=20
[det_infer] queued frame=5 dets=20
FRAME 4 PIPE_DONE True
FRAME 4 FLOW (True, 1, -144, 5, 252, 5, -1)
FRAME_RECORD (4, 0, (True, 1, -144, 5, 252, 5, -1), 0, 12, ((28, 95, 150, 204, 773, 71), (38, 108, 116, 191, 523, 16), (33, 119, 78, 195, 336, 61), (9, 70, 155, 240, 313, 71), (67, 97, 142, 156, 285, 61), (64, 103, 112, 181, 242, 16), (30, 99, 77, 160, 211, 61), (10, 46, 269, 269, 195, 71), (12, 90, 199, 213, 180, 71), (34, 92, 120, 147, 172, 61), (73, 103, 101, 134, 172, 74), (87, 30, 298, 299, 148, 0), (43, 149, 136, 196, 148, 61), (42, 144, 68, 192, 148, 61), (106, 95, 146, 168, 148, 69), (38, 84, 148, 171, 145, 71), (47, 92, 64, 124, 137, 83), (76, 114, 98, 154, 137, 46), (107, 115, 141, 151, 133, 50), (96, 102, 143, 180, 133, 69)))
FRAME 5 SELECT_BEGIN
FRAME 5 SELECT_RC 0
FRAME 5 PIPE_GET_BEGIN
[det_prep] fire_mask=0x00000010
[det_prep] pxp begin 300x300
[det_prep] pxp rc=0 ms=1
[det_prep] flow publish begin
[det_prep] flow publish done
[det_prep] frame signaled seq=6
[det_infer] frame ready direct=0
CMD INVOKE slot=0 nbytes=270000
CMD INVOKE done slot=0 ms=12 outputs=4 total=484
[det_infer] invoke_ms=12
[det_infer] nms det_count=20
[det_infer] queued frame=6 dets=20
FRAME 5 PIPE_DONE True
FRAME 5 FLOW (True, 1, -142, 6, 252, 6, -1)
FRAME_RECORD (5, 0, (True, 1, -142, 6, 252, 6, -1), 0, 12, ((31, 93, 148, 203, 766, 71), (39, 108, 117, 191, 512, 0), (15, 81, 175, 221, 375, 71), (34, 121, 80, 195, 285, 61), (65, 95, 144, 155, 277, 50), (73, 104, 102, 131, 266, 74), (62, 104, 112, 180, 250, 16), (37, 92, 123, 146, 203, 61), (88, 94, 145, 169, 203, 69), (12, 45, 267, 268, 188, 71), (31, 97, 79, 156, 180, 61), (70, 113, 115, 197, 172, 16), (94, 108, 108, 133, 160, 74), (34, 94, 97, 141, 148, 61), (97, 28, 299, 298, 148, 0), (71, 112, 83, 131, 148, 74), (43, 95, 65, 135, 148, 83), (43, 148, 133, 196, 145, 0), (51, 127, 112, 203, 137, 0), (117, 113, 143, 155, 137, 50)))
FRAME 6 SELECT_BEGIN
FRAME 6 SELECT_RC 0
FRAME 6 PIPE_GET_BEGIN
[det_prep] fire_mask=0x00000010
[det_prep] pxp begin 300x300
[det_prep] pxp rc=0 ms=1
[det_prep] flow publish begin
[det_prep] flow publish done
[det_prep] frame signaled seq=7
[det_infer] frame ready direct=0
CMD INVOKE slot=0 nbytes=270000
CMD INVOKE done slot=0 ms=12 outputs=4 total=484
[det_infer] invoke_ms=12
[det_infer] nms det_count=20
[det_infer] queued frame=7 dets=20
FRAME 6 PIPE_DONE True
FRAME 6 FLOW (True, 1, -119, 5, 252, 7, -1)
FRAME_RECORD (6, 0, (True, 1, -119, 5, 252, 7, -1), 0, 12, ((31, 94, 149, 203, 773, 71), (40, 107, 116, 191, 512, 0), (18, 81, 173, 223, 387, 71), (68, 95, 145, 156, 336, 50), (72, 110, 113, 194, 313, 16), (34, 120, 80, 194, 285, 61), (102, 95, 148, 168, 258, 69), (31, 96, 80, 156, 227, 61), (14, 46, 262, 266, 203, 71), (38, 90, 116, 145, 203, 61), (72, 105, 101, 130, 203, 74), (95, 108, 110, 132, 188, 74), (115, 112, 144, 155, 188, 50), (34, 94, 94, 142, 160, 61), (75, 99, 132, 178, 156, 16), (42, 145, 68, 192, 148, 61), (26, 108, 68, 194, 137, 61), (41, 93, 66, 136, 137, 61), (6, 26, 160, 213, 137, 71), (77, 113, 96, 155, 137, 17)))
FRAME 7 SELECT_BEGIN
FRAME 7 SELECT_RC 0
FRAME 7 PIPE_GET_BEGIN
[det_prep] fire_mask=0x00000010
[det_prep] pxp begin 300x300
[det_prep] pxp rc=0 ms=1
[det_prep] flow publish begin
[det_prep] flow publish done
[det_prep] frame signaled seq=8
[det_infer] frame ready direct=0
CMD INVOKE slot=0 nbytes=270000
CMD INVOKE done slot=0 ms=12 outputs=4 total=484
[det_infer] invoke_ms=12
[det_infer] nms det_count=20
[det_infer] queued frame=8 dets=20
FRAME 7 PIPE_DONE True
FRAME 7 FLOW (True, 1, -131, 5, 252, 8, -1)
FRAME_RECORD (7, 0, (True, 1, -131, 5, 252, 8, -1), 0, 12, ((33, 94, 151, 203, 766, 71), (49, 115, 114, 198, 535, 0), (68, 95, 148, 157, 375, 50), (17, 78, 177, 223, 355, 71), (35, 120, 82, 194, 305, 61), (72, 104, 104, 132, 285, 74), (71, 109, 113, 193, 266, 16), (95, 108, 110, 133, 258, 74), (116, 114, 145, 152, 250, 50), (101, 95, 149, 166, 227, 69), (12, 48, 264, 264, 211, 71), (41, 90, 117, 143, 211, 61), (32, 95, 82, 157, 195, 61), (33, 94, 95, 140, 180, 61), (40, 102, 103, 185, 180, 64), (52, 96, 144, 140, 168, 83), (44, 94, 66, 134, 156, 83), (45, 111, 120, 167, 156, 16), (94, 25, 299, 298, 156, 0), (30, 44, 145, 217, 148, 71)))
FRAME 8 SELECT_BEGIN
FRAME 8 SELECT_RC 0
FRAME 8 PIPE_GET_BEGIN
[det_prep] fire_mask=0x00000010
[det_prep] pxp begin 300x300
[det_prep] pxp rc=0 ms=1
[det_prep] flow publish begin
[det_prep] flow publish done
[det_prep] frame signaled seq=9
CMD INVOKE slot=0 nbytes=270000
CMD INVOKE done slot=0 ms=12 outputs=4 total=484
FRAME 8 PIPE_DONE True
FRAME 8 FLOW (True, 1, -142, 4, 252, 9, -1)
FRAME_RECORD (8, 0, (True, 1, -142, 4, 252, 9, -1), 0, 12, ((34, 95, 150, 203, 758, 71), (45, 108, 116, 191, 625, 16), (68, 94, 148, 155, 336, 50), (17, 79, 177, 224, 336, 71), (71, 107, 114, 193, 305, 16), (36, 120, 81, 193, 293, 61), (10, 49, 266, 263, 234, 71), (33, 96, 82, 159, 234, 61), (98, 108, 110, 132, 227, 74), (116, 113, 145, 153, 203, 50), (78, 99, 124, 176, 203, 16), (40, 91, 109, 143, 195, 61), (74, 103, 104, 136, 195, 74), (103, 94, 150, 166, 172, 69), (91, 26, 297, 300, 148, 0), (44, 93, 67, 135, 145, 61), (77, 115, 92, 151, 137, 16), (41, 143, 68, 192, 121, 61), (95, 100, 145, 190, 121, 83), (91, 114, 111, 155, 117, 46)))
FRAME 9 SELECT_BEGIN
FRAME 9 SELECT_RC 0
FRAME 9 PIPE_GET_BEGIN
