t=159ms server start argv=/home/bogdan/work/coralmicro/build-sim/sim/tpu_posix_send_server --server-cmd /tmp/sentai_emu_tpu_send_server.cmd --perf low --chunk-size 65536 --bulkin-chunk-size 1024 --outfeed-chunk-length 0x80
t=202ms server [tpu-posix] libusb_init
t=202ms server [tpu-posix] dfu/app probe
t=202ms server [tpu-posix] open app device
t=202ms server [tpu-posix] opened Coral USB interface=0 out=01,02,03 in=81,82 irq=83
t=202ms server [TPU init] read omc0_00
t=202ms server [TPU init] check chip id
t=202ms server [TPU init] write test reg
t=203ms server [TPU init] read test reg
t=203ms server [TPU init] disable inactive mode
t=203ms server [TPU init] disable clock gating
t=203ms server [TPU init] enter reset
t=203ms server [TPU init] exit reset
t=207ms server [TPU init] check scalar run control
t=208ms server [TPU init] write idle register
t=210ms server [TPU init] write tile config
t=212ms server [TPU init] write deep sleep
t=213ms server [TPU init] enable clock gating
t=216ms server [TPU init] configure usb csr
t=221ms server [TPU init] enable tempsense clock
t=224ms server [TPU init] enable tempsense input ports
t=226ms server [TPU init] enable tempsense flow
t=230ms server [TPU init] move to run
t=255ms server [TPU init] done
t=255ms server SEND_SERVER_READY perf=low chunk_size=65536 bulkin_chunk_size=1024 outfeed_chunk_length=0x80 bulkin_queue_depth=0
t=263ms server command ins /tmp/sentai_emu_tpu_send_payloads/payload_1_ins.bin
t=271ms server SEND_STATS cmd=ins ok=1 ms=5 params_calls=0 params_bytes=0 input_calls=0 input_bytes=0 ins_calls=1 ins_bytes=10448 usb_out_calls=2 usb_out_req=10456 usb_out_done=10456 usb_out_us=1282 usb_in_calls=0 usb_in_req=0 usb_in_done=0 usb_in_us=0 usb_event_calls=0 usb_event_req=0 usb_event_done=0 usb_event_us=0 usb_intr_calls=0 usb_intr_req=0 usb_intr_done=0 usb_intr_us=0 usb_timeouts=0 usb_failed=0
t=271ms server SEND_SERVER_DONE cmd=ins rc=0 bytes=10448 ms=5
t=278ms bridge cmd=ins seq=1 data_len=10448 out_len=0 ok=True ms=151
t=289ms server command params /tmp/sentai_emu_tpu_send_payloads/payload_2_params.bin
t=695ms server SEND_STATS cmd=params ok=1 ms=406 params_calls=1 params_bytes=6703232 input_calls=0 input_bytes=0 ins_calls=0 ins_bytes=0 usb_out_calls=104 usb_out_req=6703240 usb_out_done=6703240 usb_out_us=161344 usb_in_calls=0 usb_in_req=0 usb_in_done=0 usb_in_us=0 usb_event_calls=0 usb_event_req=0 usb_event_done=0 usb_event_us=0 usb_intr_calls=0 usb_intr_req=0 usb_intr_done=0 usb_intr_us=0 usb_timeouts=0 usb_failed=0
t=696ms server SEND_SERVER_DONE cmd=params rc=0 bytes=6703232 ms=406
t=698ms bridge cmd=params seq=2 data_len=6703232 out_len=0 ok=True ms=419
t=700ms server command event
t=700ms server SEND_STATS cmd=event ok=1 ms=0 params_calls=0 params_bytes=0 input_calls=0 input_bytes=0 ins_calls=0 ins_bytes=0 usb_out_calls=0 usb_out_req=0 usb_out_done=0 usb_out_us=0 usb_in_calls=0 usb_in_req=0 usb_in_done=0 usb_in_us=0 usb_event_calls=1 usb_event_req=16 usb_event_done=16 usb_event_us=68 usb_intr_calls=0 usb_intr_req=0 usb_intr_done=0 usb_intr_us=0 usb_timeouts=0 usb_failed=0
t=700ms server SEND_SERVER_DONE cmd=event rc=0 bytes=0 ms=0
t=705ms bridge cmd=event seq=3 data_len=0 out_len=0 ok=True ms=5
t=708ms server command ins /tmp/sentai_emu_tpu_send_payloads/payload_4_ins.bin
t=727ms server SEND_STATS cmd=ins ok=1 ms=18 params_calls=0 params_bytes=0 input_calls=0 input_bytes=0 ins_calls=1 ins_bytes=254304 usb_out_calls=5 usb_out_req=254312 usb_out_done=254312 usb_out_us=6817 usb_in_calls=0 usb_in_req=0 usb_in_done=0 usb_in_us=0 usb_event_calls=0 usb_event_req=0 usb_event_done=0 usb_event_us=0 usb_intr_calls=0 usb_intr_req=0 usb_intr_done=0 usb_intr_us=0 usb_timeouts=0 usb_failed=0
t=727ms server SEND_SERVER_DONE cmd=ins rc=0 bytes=254304 ms=18
t=729ms bridge cmd=ins seq=4 data_len=254304 out_len=0 ok=True ms=22
t=731ms server command inputs /tmp/sentai_emu_tpu_send_payloads/payload_5_inputs.bin
t=754ms server SEND_STATS cmd=inputs ok=1 ms=21 params_calls=0 params_bytes=0 input_calls=1 input_bytes=270000 ins_calls=0 ins_bytes=0 usb_out_calls=6 usb_out_req=270008 usb_out_done=270008 usb_out_us=8023 usb_in_calls=0 usb_in_req=0 usb_in_done=0 usb_in_us=0 usb_event_calls=0 usb_event_req=0 usb_event_done=0 usb_event_us=0 usb_intr_calls=0 usb_intr_req=0 usb_intr_done=0 usb_intr_us=0 usb_timeouts=0 usb_failed=0
t=755ms server SEND_SERVER_DONE cmd=inputs rc=0 bytes=270000 ms=21
t=757ms bridge cmd=inputs seq=5 data_len=270000 out_len=0 ok=True ms=27
t=759ms server command output 7672 /tmp/sentai_emu_tpu_send_payloads/output_6.bin
t=778ms server SEND_STATS cmd=output ok=1 ms=16 params_calls=0 params_bytes=0 input_calls=0 input_bytes=0 ins_calls=0 ins_bytes=0 usb_out_calls=0 usb_out_req=0 usb_out_done=0 usb_out_us=0 usb_in_calls=8 usb_in_req=7672 usb_in_done=7672 usb_in_us=15798 usb_event_calls=0 usb_event_req=0 usb_event_done=0 usb_event_us=0 usb_intr_calls=0 usb_intr_req=0 usb_intr_done=0 usb_intr_us=0 usb_timeouts=0 usb_failed=0
t=778ms server SEND_SERVER_DONE cmd=output rc=0 bytes=7672 ms=16
t=785ms bridge cmd=output seq=6 data_len=0 out_len=7672 ok=True ms=25
t=793ms server command output 176368 /tmp/sentai_emu_tpu_send_payloads/output_7.bin
t=803ms server SEND_STATS cmd=output ok=1 ms=8 params_calls=0 params_bytes=0 input_calls=0 input_bytes=0 ins_calls=0 ins_bytes=0 usb_out_calls=0 usb_out_req=0 usb_out_done=0 usb_out_us=0 usb_in_calls=174 usb_in_req=177712 usb_in_done=176368 usb_in_us=7123 usb_event_calls=0 usb_event_req=0 usb_event_done=0 usb_event_us=0 usb_intr_calls=0 usb_intr_req=0 usb_intr_done=0 usb_intr_us=0 usb_timeouts=0 usb_failed=0
t=803ms server SEND_SERVER_DONE cmd=output rc=0 bytes=176368 ms=8
t=806ms bridge cmd=output seq=7 data_len=0 out_len=176368 ok=True ms=14
t=808ms server command event
t=809ms server SEND_STATS cmd=event ok=1 ms=0 params_calls=0 params_bytes=0 input_calls=0 input_bytes=0 ins_calls=0 ins_bytes=0 usb_out_calls=0 usb_out_req=0 usb_out_done=0 usb_out_us=0 usb_in_calls=0 usb_in_req=0 usb_in_done=0 usb_in_us=0 usb_event_calls=1 usb_event_req=16 usb_event_done=16 usb_event_us=62 usb_intr_calls=0 usb_intr_req=0 usb_intr_done=0 usb_intr_us=0 usb_timeouts=0 usb_failed=0
t=809ms server SEND_SERVER_DONE cmd=event rc=0 bytes=0 ms=0
t=815ms bridge cmd=event seq=8 data_len=0 out_len=0 ok=True ms=7
t=842ms server command ins /tmp/sentai_emu_tpu_send_payloads/payload_9_ins.bin
t=862ms server SEND_STATS cmd=ins ok=1 ms=18 params_calls=0 params_bytes=0 input_calls=0 input_bytes=0 ins_calls=1 ins_bytes=254304 usb_out_calls=5 usb_out_req=254312 usb_out_done=254312 usb_out_us=6753 usb_in_calls=0 usb_in_req=0 usb_in_done=0 usb_in_us=0 usb_event_calls=0 usb_event_req=0 usb_event_done=0 usb_event_us=0 usb_intr_calls=0 usb_intr_req=0 usb_intr_done=0 usb_intr_us=0 usb_timeouts=0 usb_failed=0
t=862ms server SEND_SERVER_DONE cmd=ins rc=0 bytes=254304 ms=18
t=863ms bridge cmd=ins seq=9 data_len=254304 out_len=0 ok=True ms=23
t=865ms server command inputs /tmp/sentai_emu_tpu_send_payloads/payload_10_inputs.bin
t=888ms server SEND_STATS cmd=inputs ok=1 ms=21 params_calls=0 params_bytes=0 input_calls=1 input_bytes=270000 ins_calls=0 ins_bytes=0 usb_out_calls=6 usb_out_req=270008 usb_out_done=270008 usb_out_us=7935 usb_in_calls=0 usb_in_req=0 usb_in_done=0 usb_in_us=0 usb_event_calls=0 usb_event_req=0 usb_event_done=0 usb_event_us=0 usb_intr_calls=0 usb_intr_req=0 usb_intr_done=0 usb_intr_us=0 usb_timeouts=0 usb_failed=0
t=888ms server SEND_SERVER_DONE cmd=inputs rc=0 bytes=270000 ms=21
t=891ms bridge cmd=inputs seq=10 data_len=270000 out_len=0 ok=True ms=27
t=892ms server command output 7672 /tmp/sentai_emu_tpu_send_payloads/output_11.bin
t=910ms server SEND_STATS cmd=output ok=1 ms=17 params_calls=0 params_bytes=0 input_calls=0 input_bytes=0 ins_calls=0 ins_bytes=0 usb_out_calls=0 usb_out_req=0 usb_out_done=0 usb_out_us=0 usb_in_calls=8 usb_in_req=7672 usb_in_done=7672 usb_in_us=17142 usb_event_calls=0 usb_event_req=0 usb_event_done=0 usb_event_us=0 usb_intr_calls=0 usb_intr_req=0 usb_intr_done=0 usb_intr_us=0 usb_timeouts=0 usb_failed=0
t=911ms server SEND_SERVER_DONE cmd=output rc=0 bytes=7672 ms=17
t=914ms bridge cmd=output seq=11 data_len=0 out_len=7672 ok=True ms=22
t=914ms server command output 176368 /tmp/sentai_emu_tpu_send_payloads/output_12.bin
t=924ms server SEND_STATS cmd=output ok=1 ms=8 params_calls=0 params_bytes=0 input_calls=0 input_bytes=0 ins_calls=0 ins_bytes=0 usb_out_calls=0 usb_out_req=0 usb_out_done=0 usb_out_us=0 usb_in_calls=174 usb_in_req=177712 usb_in_done=176368 usb_in_us=7310 usb_event_calls=0 usb_event_req=0 usb_event_done=0 usb_event_us=0 usb_intr_calls=0 usb_intr_req=0 usb_intr_done=0 usb_intr_us=0 usb_timeouts=0 usb_failed=0
t=924ms server SEND_SERVER_DONE cmd=output rc=0 bytes=176368 ms=8
t=925ms bridge cmd=output seq=12 data_len=0 out_len=176368 ok=True ms=11
t=926ms server command event
t=927ms server SEND_STATS cmd=event ok=1 ms=0 params_calls=0 params_bytes=0 input_calls=0 input_bytes=0 ins_calls=0 ins_bytes=0 usb_out_calls=0 usb_out_req=0 usb_out_done=0 usb_out_us=0 usb_in_calls=0 usb_in_req=0 usb_in_done=0 usb_in_us=0 usb_event_calls=1 usb_event_req=16 usb_event_done=16 usb_event_us=83 usb_intr_calls=0 usb_intr_req=0 usb_intr_done=0 usb_intr_us=0 usb_timeouts=0 usb_failed=0
t=928ms server SEND_SERVER_DONE cmd=event rc=0 bytes=0 ms=0
t=931ms bridge cmd=event seq=13 data_len=0 out_len=0 ok=True ms=5
t=952ms server command ins /tmp/sentai_emu_tpu_send_payloads/payload_14_ins.bin
t=971ms server SEND_STATS cmd=ins ok=1 ms=18 params_calls=0 params_bytes=0 input_calls=0 input_bytes=0 ins_calls=1 ins_bytes=254304 usb_out_calls=5 usb_out_req=254312 usb_out_done=254312 usb_out_us=6808 usb_in_calls=0 usb_in_req=0 usb_in_done=0 usb_in_us=0 usb_event_calls=0 usb_event_req=0 usb_event_done=0 usb_event_us=0 usb_intr_calls=0 usb_intr_req=0 usb_intr_done=0 usb_intr_us=0 usb_timeouts=0 usb_failed=0
t=972ms server SEND_SERVER_DONE cmd=ins rc=0 bytes=254304 ms=18
t=973ms bridge cmd=ins seq=14 data_len=254304 out_len=0 ok=True ms=22
t=975ms server command inputs /tmp/sentai_emu_tpu_send_payloads/payload_15_inputs.bin
t=998ms server SEND_STATS cmd=inputs ok=1 ms=21 params_calls=0 params_bytes=0 input_calls=1 input_bytes=270000 ins_calls=0 ins_bytes=0 usb_out_calls=6 usb_out_req=270008 usb_out_done=270008 usb_out_us=8052 usb_in_calls=0 usb_in_req=0 usb_in_done=0 usb_in_us=0 usb_event_calls=0 usb_event_req=0 usb_event_done=0 usb_event_us=0 usb_intr_calls=0 usb_intr_req=0 usb_intr_done=0 usb_intr_us=0 usb_timeouts=0 usb_failed=0
t=998ms server SEND_SERVER_DONE cmd=inputs rc=0 bytes=270000 ms=21
t=1001ms bridge cmd=inputs seq=15 data_len=270000 out_len=0 ok=True ms=27
t=1002ms server command output 7672 /tmp/sentai_emu_tpu_send_payloads/output_16.bin
t=1022ms server SEND_STATS cmd=output ok=1 ms=17 params_calls=0 params_bytes=0 input_calls=0 input_bytes=0 ins_calls=0 ins_bytes=0 usb_out_calls=0 usb_out_req=0 usb_out_done=0 usb_out_us=0 usb_in_calls=8 usb_in_req=7672 usb_in_done=7672 usb_in_us=17553 usb_event_calls=0 usb_event_req=0 usb_event_done=0 usb_event_us=0 usb_intr_calls=0 usb_intr_req=0 usb_intr_done=0 usb_intr_us=0 usb_timeouts=0 usb_failed=0
t=1022ms server SEND_SERVER_DONE cmd=output rc=0 bytes=7672 ms=17
t=1025ms bridge cmd=output seq=16 data_len=0 out_len=7672 ok=True ms=23
t=1026ms server command output 176368 /tmp/sentai_emu_tpu_send_payloads/output_17.bin
t=1034ms server SEND_STATS cmd=output ok=1 ms=7 params_calls=0 params_bytes=0 input_calls=0 input_bytes=0 ins_calls=0 ins_bytes=0 usb_out_calls=0 usb_out_req=0 usb_out_done=0 usb_out_us=0 usb_in_calls=174 usb_in_req=177712 usb_in_done=176368 usb_in_us=6021 usb_event_calls=0 usb_event_req=0 usb_event_done=0 usb_event_us=0 usb_intr_calls=0 usb_intr_req=0 usb_intr_done=0 usb_intr_us=0 usb_timeouts=0 usb_failed=0
t=1034ms server SEND_SERVER_DONE cmd=output rc=0 bytes=176368 ms=7
t=1037ms bridge cmd=output seq=17 data_len=0 out_len=176368 ok=True ms=12
t=1038ms server command event
t=1039ms server SEND_STATS cmd=event ok=1 ms=0 params_calls=0 params_bytes=0 input_calls=0 input_bytes=0 ins_calls=0 ins_bytes=0 usb_out_calls=0 usb_out_req=0 usb_out_done=0 usb_out_us=0 usb_in_calls=0 usb_in_req=0 usb_in_done=0 usb_in_us=0 usb_event_calls=1 usb_event_req=16 usb_event_done=16 usb_event_us=60 usb_intr_calls=0 usb_intr_req=0 usb_intr_done=0 usb_intr_us=0 usb_timeouts=0 usb_failed=0
t=1039ms server SEND_SERVER_DONE cmd=event rc=0 bytes=0 ms=0
t=1044ms bridge cmd=event seq=18 data_len=0 out_len=0 ok=True ms=6
t=1062ms server command ins /tmp/sentai_emu_tpu_send_payloads/payload_19_ins.bin
t=1080ms server SEND_STATS cmd=ins ok=1 ms=17 params_calls=0 params_bytes=0 input_calls=0 input_bytes=0 ins_calls=1 ins_bytes=254304 usb_out_calls=5 usb_out_req=254312 usb_out_done=254312 usb_out_us=5622 usb_in_calls=0 usb_in_req=0 usb_in_done=0 usb_in_us=0 usb_event_calls=0 usb_event_req=0 usb_event_done=0 usb_event_us=0 usb_intr_calls=0 usb_intr_req=0 usb_intr_done=0 usb_intr_us=0 usb_timeouts=0 usb_failed=0
t=1080ms server SEND_SERVER_DONE cmd=ins rc=0 bytes=254304 ms=17
t=1083ms bridge cmd=ins seq=19 data_len=254304 out_len=0 ok=True ms=22
t=1085ms server command inputs /tmp/sentai_emu_tpu_send_payloads/payload_20_inputs.bin
t=1108ms server SEND_STATS cmd=inputs ok=1 ms=21 params_calls=0 params_bytes=0 input_calls=1 input_bytes=270000 ins_calls=0 ins_bytes=0 usb_out_calls=6 usb_out_req=270008 usb_out_done=270008 usb_out_us=8197 usb_in_calls=0 usb_in_req=0 usb_in_done=0 usb_in_us=0 usb_event_calls=0 usb_event_req=0 usb_event_done=0 usb_event_us=0 usb_intr_calls=0 usb_intr_req=0 usb_intr_done=0 usb_intr_us=0 usb_timeouts=0 usb_failed=0
t=1108ms server SEND_SERVER_DONE cmd=inputs rc=0 bytes=270000 ms=21
t=1111ms bridge cmd=inputs seq=20 data_len=270000 out_len=0 ok=True ms=27
t=1111ms server command output 7672 /tmp/sentai_emu_tpu_send_payloads/output_21.bin
t=1131ms server SEND_STATS cmd=output ok=1 ms=18 params_calls=0 params_bytes=0 input_calls=0 input_bytes=0 ins_calls=0 ins_bytes=0 usb_out_calls=0 usb_out_req=0 usb_out_done=0 usb_out_us=0 usb_in_calls=8 usb_in_req=7672 usb_in_done=7672 usb_in_us=18054 usb_event_calls=0 usb_event_req=0 usb_event_done=0 usb_event_us=0 usb_intr_calls=0 usb_intr_req=0 usb_intr_done=0 usb_intr_us=0 usb_timeouts=0 usb_failed=0
t=1131ms server SEND_SERVER_DONE cmd=output rc=0 bytes=7672 ms=18
t=1133ms bridge cmd=output seq=21 data_len=0 out_len=7672 ok=True ms=21
t=1133ms server command output 176368 /tmp/sentai_emu_tpu_send_payloads/output_22.bin
t=1143ms server SEND_STATS cmd=output ok=1 ms=9 params_calls=0 params_bytes=0 input_calls=0 input_bytes=0 ins_calls=0 ins_bytes=0 usb_out_calls=0 usb_out_req=0 usb_out_done=0 usb_out_us=0 usb_in_calls=174 usb_in_req=177712 usb_in_done=176368 usb_in_us=7671 usb_event_calls=0 usb_event_req=0 usb_event_done=0 usb_event_us=0 usb_intr_calls=0 usb_intr_req=0 usb_intr_done=0 usb_intr_us=0 usb_timeouts=0 usb_failed=0
t=1144ms server SEND_SERVER_DONE cmd=output rc=0 bytes=176368 ms=9
t=1144ms bridge cmd=output seq=22 data_len=0 out_len=176368 ok=True ms=11
t=1145ms server command event
t=1146ms server SEND_STATS cmd=event ok=1 ms=0 params_calls=0 params_bytes=0 input_calls=0 input_bytes=0 ins_calls=0 ins_bytes=0 usb_out_calls=0 usb_out_req=0 usb_out_done=0 usb_out_us=0 usb_in_calls=0 usb_in_req=0 usb_in_done=0 usb_in_us=0 usb_event_calls=1 usb_event_req=16 usb_event_done=16 usb_event_us=50 usb_intr_calls=0 usb_intr_req=0 usb_intr_done=0 usb_intr_us=0 usb_timeouts=0 usb_failed=0
t=1146ms server SEND_SERVER_DONE cmd=event rc=0 bytes=0 ms=0
t=1151ms bridge cmd=event seq=23 data_len=0 out_len=0 ok=True ms=6
t=1189ms server command ins /tmp/sentai_emu_tpu_send_payloads/payload_24_ins.bin
t=1208ms server SEND_STATS cmd=ins ok=1 ms=18 params_calls=0 params_bytes=0 input_calls=0 input_bytes=0 ins_calls=1 ins_bytes=254304 usb_out_calls=5 usb_out_req=254312 usb_out_done=254312 usb_out_us=6725 usb_in_calls=0 usb_in_req=0 usb_in_done=0 usb_in_us=0 usb_event_calls=0 usb_event_req=0 usb_event_done=0 usb_event_us=0 usb_intr_calls=0 usb_intr_req=0 usb_intr_done=0 usb_intr_us=0 usb_timeouts=0 usb_failed=0
t=1208ms server SEND_SERVER_DONE cmd=ins rc=0 bytes=254304 ms=18
t=1210ms bridge cmd=ins seq=24 data_len=254304 out_len=0 ok=True ms=22
t=1211ms server command inputs /tmp/sentai_emu_tpu_send_payloads/payload_25_inputs.bin
t=1233ms server SEND_STATS cmd=inputs ok=1 ms=20 params_calls=0 params_bytes=0 input_calls=1 input_bytes=270000 ins_calls=0 ins_bytes=0 usb_out_calls=6 usb_out_req=270008 usb_out_done=270008 usb_out_us=6995 usb_in_calls=0 usb_in_req=0 usb_in_done=0 usb_in_us=0 usb_event_calls=0 usb_event_req=0 usb_event_done=0 usb_event_us=0 usb_intr_calls=0 usb_intr_req=0 usb_intr_done=0 usb_intr_us=0 usb_timeouts=0 usb_failed=0
t=1233ms server SEND_SERVER_DONE cmd=inputs rc=0 bytes=270000 ms=20
t=1237ms bridge cmd=inputs seq=25 data_len=270000 out_len=0 ok=True ms=27
t=1238ms server command output 7672 /tmp/sentai_emu_tpu_send_payloads/output_26.bin
t=1256ms server SEND_STATS cmd=output ok=1 ms=17 params_calls=0 params_bytes=0 input_calls=0 input_bytes=0 ins_calls=0 ins_bytes=0 usb_out_calls=0 usb_out_req=0 usb_out_done=0 usb_out_us=0 usb_in_calls=8 usb_in_req=7672 usb_in_done=7672 usb_in_us=16871 usb_event_calls=0 usb_event_req=0 usb_event_done=0 usb_event_us=0 usb_intr_calls=0 usb_intr_req=0 usb_intr_done=0 usb_intr_us=0 usb_timeouts=0 usb_failed=0
t=1256ms server SEND_SERVER_DONE cmd=output rc=0 bytes=7672 ms=17
t=1259ms bridge cmd=output seq=26 data_len=0 out_len=7672 ok=True ms=21
t=1260ms server command output 176368 /tmp/sentai_emu_tpu_send_payloads/output_27.bin
t=1269ms server SEND_STATS cmd=output ok=1 ms=7 params_calls=0 params_bytes=0 input_calls=0 input_bytes=0 ins_calls=0 ins_bytes=0 usb_out_calls=0 usb_out_req=0 usb_out_done=0 usb_out_us=0 usb_in_calls=174 usb_in_req=177712 usb_in_done=176368 usb_in_us=6063 usb_event_calls=0 usb_event_req=0 usb_event_done=0 usb_event_us=0 usb_intr_calls=0 usb_intr_req=0 usb_intr_done=0 usb_intr_us=0 usb_timeouts=0 usb_failed=0
t=1269ms server SEND_SERVER_DONE cmd=output rc=0 bytes=176368 ms=7
t=1271ms bridge cmd=output seq=27 data_len=0 out_len=176368 ok=True ms=11
t=1272ms server command event
t=1272ms server SEND_STATS cmd=event ok=1 ms=0 params_calls=0 params_bytes=0 input_calls=0 input_bytes=0 ins_calls=0 ins_bytes=0 usb_out_calls=0 usb_out_req=0 usb_out_done=0 usb_out_us=0 usb_in_calls=0 usb_in_req=0 usb_in_done=0 usb_in_us=0 usb_event_calls=1 usb_event_req=16 usb_event_done=16 usb_event_us=53 usb_intr_calls=0 usb_intr_req=0 usb_intr_done=0 usb_intr_us=0 usb_timeouts=0 usb_failed=0
t=1272ms server SEND_SERVER_DONE cmd=event rc=0 bytes=0 ms=0
t=1277ms bridge cmd=event seq=28 data_len=0 out_len=0 ok=True ms=6
t=1300ms server command ins /tmp/sentai_emu_tpu_send_payloads/payload_29_ins.bin
t=1318ms server SEND_STATS cmd=ins ok=1 ms=17 params_calls=0 params_bytes=0 input_calls=0 input_bytes=0 ins_calls=1 ins_bytes=254304 usb_out_calls=5 usb_out_req=254312 usb_out_done=254312 usb_out_us=5590 usb_in_calls=0 usb_in_req=0 usb_in_done=0 usb_in_us=0 usb_event_calls=0 usb_event_req=0 usb_event_done=0 usb_event_us=0 usb_intr_calls=0 usb_intr_req=0 usb_intr_done=0 usb_intr_us=0 usb_timeouts=0 usb_failed=0
t=1318ms server SEND_SERVER_DONE cmd=ins rc=0 bytes=254304 ms=17
t=1321ms bridge cmd=ins seq=29 data_len=254304 out_len=0 ok=True ms=22
t=1323ms server command inputs /tmp/sentai_emu_tpu_send_payloads/payload_30_inputs.bin
t=1344ms server SEND_STATS cmd=inputs ok=1 ms=20 params_calls=0 params_bytes=0 input_calls=1 input_bytes=270000 ins_calls=0 ins_bytes=0 usb_out_calls=6 usb_out_req=270008 usb_out_done=270008 usb_out_us=6832 usb_in_calls=0 usb_in_req=0 usb_in_done=0 usb_in_us=0 usb_event_calls=0 usb_event_req=0 usb_event_done=0 usb_event_us=0 usb_intr_calls=0 usb_intr_req=0 usb_intr_done=0 usb_intr_us=0 usb_timeouts=0 usb_failed=0
t=1345ms server SEND_SERVER_DONE cmd=inputs rc=0 bytes=270000 ms=20
t=1349ms bridge cmd=inputs seq=30 data_len=270000 out_len=0 ok=True ms=27
t=1350ms server command output 7672 /tmp/sentai_emu_tpu_send_payloads/output_31.bin
t=1368ms server SEND_STATS cmd=output ok=1 ms=16 params_calls=0 params_bytes=0 input_calls=0 input_bytes=0 ins_calls=0 ins_bytes=0 usb_out_calls=0 usb_out_req=0 usb_out_done=0 usb_out_us=0 usb_in_calls=8 usb_in_req=7672 usb_in_done=7672 usb_in_us=15870 usb_event_calls=0 usb_event_req=0 usb_event_done=0 usb_event_us=0 usb_intr_calls=0 usb_intr_req=0 usb_intr_done=0 usb_intr_us=0 usb_timeouts=0 usb_failed=0
t=1368ms server SEND_SERVER_DONE cmd=output rc=0 bytes=7672 ms=16
t=1371ms bridge cmd=output seq=31 data_len=0 out_len=7672 ok=True ms=21
t=1372ms server command output 176368 /tmp/sentai_emu_tpu_send_payloads/output_32.bin
t=1387ms server SEND_STATS cmd=output ok=1 ms=13 params_calls=0 params_bytes=0 input_calls=0 input_bytes=0 ins_calls=0 ins_bytes=0 usb_out_calls=0 usb_out_req=0 usb_out_done=0 usb_out_us=0 usb_in_calls=174 usb_in_req=177712 usb_in_done=176368 usb_in_us=12262 usb_event_calls=0 usb_event_req=0 usb_event_done=0 usb_event_us=0 usb_intr_calls=0 usb_intr_req=0 usb_intr_done=0 usb_intr_us=0 usb_timeouts=0 usb_failed=0
t=1388ms server SEND_SERVER_DONE cmd=output rc=0 bytes=176368 ms=13
t=1388ms bridge cmd=output seq=32 data_len=0 out_len=176368 ok=True ms=16
t=1389ms server command event
t=1390ms server SEND_STATS cmd=event ok=1 ms=0 params_calls=0 params_bytes=0 input_calls=0 input_bytes=0 ins_calls=0 ins_bytes=0 usb_out_calls=0 usb_out_req=0 usb_out_done=0 usb_out_us=0 usb_in_calls=0 usb_in_req=0 usb_in_done=0 usb_in_us=0 usb_event_calls=1 usb_event_req=16 usb_event_done=16 usb_event_us=57 usb_intr_calls=0 usb_intr_req=0 usb_intr_done=0 usb_intr_us=0 usb_timeouts=0 usb_failed=0
t=1390ms server SEND_SERVER_DONE cmd=event rc=0 bytes=0 ms=0
t=1394ms bridge cmd=event seq=33 data_len=0 out_len=0 ok=True ms=5
t=1411ms server command ins /tmp/sentai_emu_tpu_send_payloads/payload_34_ins.bin
t=1431ms server SEND_STATS cmd=ins ok=1 ms=18 params_calls=0 params_bytes=0 input_calls=0 input_bytes=0 ins_calls=1 ins_bytes=254304 usb_out_calls=5 usb_out_req=254312 usb_out_done=254312 usb_out_us=6717 usb_in_calls=0 usb_in_req=0 usb_in_done=0 usb_in_us=0 usb_event_calls=0 usb_event_req=0 usb_event_done=0 usb_event_us=0 usb_intr_calls=0 usb_intr_req=0 usb_intr_done=0 usb_intr_us=0 usb_timeouts=0 usb_failed=0
t=1431ms server SEND_SERVER_DONE cmd=ins rc=0 bytes=254304 ms=18
t=1433ms bridge cmd=ins seq=34 data_len=254304 out_len=0 ok=True ms=22
t=1434ms server command inputs /tmp/sentai_emu_tpu_send_payloads/payload_35_inputs.bin
t=1457ms server SEND_STATS cmd=inputs ok=1 ms=21 params_calls=0 params_bytes=0 input_calls=1 input_bytes=270000 ins_calls=0 ins_bytes=0 usb_out_calls=6 usb_out_req=270008 usb_out_done=270008 usb_out_us=7993 usb_in_calls=0 usb_in_req=0 usb_in_done=0 usb_in_us=0 usb_event_calls=0 usb_event_req=0 usb_event_done=0 usb_event_us=0 usb_intr_calls=0 usb_intr_req=0 usb_intr_done=0 usb_intr_us=0 usb_timeouts=0 usb_failed=0
t=1457ms server SEND_SERVER_DONE cmd=inputs rc=0 bytes=270000 ms=21
t=1460ms bridge cmd=inputs seq=35 data_len=270000 out_len=0 ok=True ms=27
t=1461ms server command output 7672 /tmp/sentai_emu_tpu_send_payloads/output_36.bin
t=1479ms server SEND_STATS cmd=output ok=1 ms=17 params_calls=0 params_bytes=0 input_calls=0 input_bytes=0 ins_calls=0 ins_bytes=0 usb_out_calls=0 usb_out_req=0 usb_out_done=0 usb_out_us=0 usb_in_calls=8 usb_in_req=7672 usb_in_done=7672 usb_in_us=17287 usb_event_calls=0 usb_event_req=0 usb_event_done=0 usb_event_us=0 usb_intr_calls=0 usb_intr_req=0 usb_intr_done=0 usb_intr_us=0 usb_timeouts=0 usb_failed=0
t=1480ms server SEND_SERVER_DONE cmd=output rc=0 bytes=7672 ms=17
t=1483ms bridge cmd=output seq=36 data_len=0 out_len=7672 ok=True ms=22
t=1484ms server command output 176368 /tmp/sentai_emu_tpu_send_payloads/output_37.bin
t=1493ms server SEND_STATS cmd=output ok=1 ms=8 params_calls=0 params_bytes=0 input_calls=0 input_bytes=0 ins_calls=0 ins_bytes=0 usb_out_calls=0 usb_out_req=0 usb_out_done=0 usb_out_us=0 usb_in_calls=174 usb_in_req=177712 usb_in_done=176368 usb_in_us=6728 usb_event_calls=0 usb_event_req=0 usb_event_done=0 usb_event_us=0 usb_intr_calls=0 usb_intr_req=0 usb_intr_done=0 usb_intr_us=0 usb_timeouts=0 usb_failed=0
t=1494ms server SEND_SERVER_DONE cmd=output rc=0 bytes=176368 ms=8
t=1495ms bridge cmd=output seq=37 data_len=0 out_len=176368 ok=True ms=11
t=1496ms server command event
t=1497ms server SEND_STATS cmd=event ok=1 ms=0 params_calls=0 params_bytes=0 input_calls=0 input_bytes=0 ins_calls=0 ins_bytes=0 usb_out_calls=0 usb_out_req=0 usb_out_done=0 usb_out_us=0 usb_in_calls=0 usb_in_req=0 usb_in_done=0 usb_in_us=0 usb_event_calls=1 usb_event_req=16 usb_event_done=16 usb_event_us=78 usb_intr_calls=0 usb_intr_req=0 usb_intr_done=0 usb_intr_us=0 usb_timeouts=0 usb_failed=0
t=1497ms server SEND_SERVER_DONE cmd=event rc=0 bytes=0 ms=0
t=1501ms bridge cmd=event seq=38 data_len=0 out_len=0 ok=True ms=6
t=1520ms server command ins /tmp/sentai_emu_tpu_send_payloads/payload_39_ins.bin
t=1539ms server SEND_STATS cmd=ins ok=1 ms=17 params_calls=0 params_bytes=0 input_calls=0 input_bytes=0 ins_calls=1 ins_bytes=254304 usb_out_calls=5 usb_out_req=254312 usb_out_done=254312 usb_out_us=5751 usb_in_calls=0 usb_in_req=0 usb_in_done=0 usb_in_us=0 usb_event_calls=0 usb_event_req=0 usb_event_done=0 usb_event_us=0 usb_intr_calls=0 usb_intr_req=0 usb_intr_done=0 usb_intr_us=0 usb_timeouts=0 usb_failed=0
t=1539ms server SEND_SERVER_DONE cmd=ins rc=0 bytes=254304 ms=17
t=1541ms bridge cmd=ins seq=39 data_len=254304 out_len=0 ok=True ms=22
t=1542ms server command inputs /tmp/sentai_emu_tpu_send_payloads/payload_40_inputs.bin
t=1565ms server SEND_STATS cmd=inputs ok=1 ms=21 params_calls=0 params_bytes=0 input_calls=1 input_bytes=270000 ins_calls=0 ins_bytes=0 usb_out_calls=6 usb_out_req=270008 usb_out_done=270008 usb_out_us=7923 usb_in_calls=0 usb_in_req=0 usb_in_done=0 usb_in_us=0 usb_event_calls=0 usb_event_req=0 usb_event_done=0 usb_event_us=0 usb_intr_calls=0 usb_intr_req=0 usb_intr_done=0 usb_intr_us=0 usb_timeouts=0 usb_failed=0
t=1565ms server SEND_SERVER_DONE cmd=inputs rc=0 bytes=270000 ms=21
t=1568ms bridge cmd=inputs seq=40 data_len=270000 out_len=0 ok=True ms=27
t=1569ms server command output 7672 /tmp/sentai_emu_tpu_send_payloads/output_41.bin
t=1588ms server SEND_STATS cmd=output ok=1 ms=18 params_calls=0 params_bytes=0 input_calls=0 input_bytes=0 ins_calls=0 ins_bytes=0 usb_out_calls=0 usb_out_req=0 usb_out_done=0 usb_out_us=0 usb_in_calls=8 usb_in_req=7672 usb_in_done=7672 usb_in_us=18140 usb_event_calls=0 usb_event_req=0 usb_event_done=0 usb_event_us=0 usb_intr_calls=0 usb_intr_req=0 usb_intr_done=0 usb_intr_us=0 usb_timeouts=0 usb_failed=0
t=1588ms server SEND_SERVER_DONE cmd=output rc=0 bytes=7672 ms=18
t=1590ms bridge cmd=output seq=41 data_len=0 out_len=7672 ok=True ms=21
t=1591ms server command output 176368 /tmp/sentai_emu_tpu_send_payloads/output_42.bin
t=1602ms server SEND_STATS cmd=output ok=1 ms=10 params_calls=0 params_bytes=0 input_calls=0 input_bytes=0 ins_calls=0 ins_bytes=0 usb_out_calls=0 usb_out_req=0 usb_out_done=0 usb_out_us=0 usb_in_calls=174 usb_in_req=177712 usb_in_done=176368 usb_in_us=8432 usb_event_calls=0 usb_event_req=0 usb_event_done=0 usb_event_us=0 usb_intr_calls=0 usb_intr_req=0 usb_intr_done=0 usb_intr_us=0 usb_timeouts=0 usb_failed=0
t=1602ms server SEND_SERVER_DONE cmd=output rc=0 bytes=176368 ms=10
t=1607ms bridge cmd=output seq=42 data_len=0 out_len=176368 ok=True ms=16
t=1608ms server command event
t=1609ms server SEND_STATS cmd=event ok=1 ms=0 params_calls=0 params_bytes=0 input_calls=0 input_bytes=0 ins_calls=0 ins_bytes=0 usb_out_calls=0 usb_out_req=0 usb_out_done=0 usb_out_us=0 usb_in_calls=0 usb_in_req=0 usb_in_done=0 usb_in_us=0 usb_event_calls=1 usb_event_req=16 usb_event_done=16 usb_event_us=67 usb_intr_calls=0 usb_intr_req=0 usb_intr_done=0 usb_intr_us=0 usb_timeouts=0 usb_failed=0
t=1609ms server SEND_SERVER_DONE cmd=event rc=0 bytes=0 ms=0
t=1613ms bridge cmd=event seq=43 data_len=0 out_len=0 ok=True ms=5
t=1635ms server command ins /tmp/sentai_emu_tpu_send_payloads/payload_44_ins.bin
t=1652ms server SEND_STATS cmd=ins ok=1 ms=16 params_calls=0 params_bytes=0 input_calls=0 input_bytes=0 ins_calls=1 ins_bytes=254304 usb_out_calls=5 usb_out_req=254312 usb_out_done=254312 usb_out_us=5292 usb_in_calls=0 usb_in_req=0 usb_in_done=0 usb_in_us=0 usb_event_calls=0 usb_event_req=0 usb_event_done=0 usb_event_us=0 usb_intr_calls=0 usb_intr_req=0 usb_intr_done=0 usb_intr_us=0 usb_timeouts=0 usb_failed=0
t=1652ms server SEND_SERVER_DONE cmd=ins rc=0 bytes=254304 ms=16
t=1656ms bridge cmd=ins seq=44 data_len=254304 out_len=0 ok=True ms=22
t=1658ms server command inputs /tmp/sentai_emu_tpu_send_payloads/payload_45_inputs.bin
t=1678ms server SEND_STATS cmd=inputs ok=1 ms=19 params_calls=0 params_bytes=0 input_calls=1 input_bytes=270000 ins_calls=0 ins_bytes=0 usb_out_calls=6 usb_out_req=270008 usb_out_done=270008 usb_out_us=6590 usb_in_calls=0 usb_in_req=0 usb_in_done=0 usb_in_us=0 usb_event_calls=0 usb_event_req=0 usb_event_done=0 usb_event_us=0 usb_intr_calls=0 usb_intr_req=0 usb_intr_done=0 usb_intr_us=0 usb_timeouts=0 usb_failed=0
t=1678ms server SEND_SERVER_DONE cmd=inputs rc=0 bytes=270000 ms=19
t=1679ms bridge cmd=inputs seq=45 data_len=270000 out_len=0 ok=True ms=21
t=1679ms server command output 7672 /tmp/sentai_emu_tpu_send_payloads/output_46.bin
t=1701ms server SEND_STATS cmd=output ok=1 ms=20 params_calls=0 params_bytes=0 input_calls=0 input_bytes=0 ins_calls=0 ins_bytes=0 usb_out_calls=0 usb_out_req=0 usb_out_done=0 usb_out_us=0 usb_in_calls=8 usb_in_req=7672 usb_in_done=7672 usb_in_us=20646 usb_event_calls=0 usb_event_req=0 usb_event_done=0 usb_event_us=0 usb_intr_calls=0 usb_intr_req=0 usb_intr_done=0 usb_intr_us=0 usb_timeouts=0 usb_failed=0
t=1702ms server SEND_SERVER_DONE cmd=output rc=0 bytes=7672 ms=20
t=1706ms bridge cmd=output seq=46 data_len=0 out_len=7672 ok=True ms=27
t=1707ms server command output 176368 /tmp/sentai_emu_tpu_send_payloads/output_47.bin
t=1716ms server SEND_STATS cmd=output ok=1 ms=8 params_calls=0 params_bytes=0 input_calls=0 input_bytes=0 ins_calls=0 ins_bytes=0 usb_out_calls=0 usb_out_req=0 usb_out_done=0 usb_out_us=0 usb_in_calls=174 usb_in_req=177712 usb_in_done=176368 usb_in_us=6537 usb_event_calls=0 usb_event_req=0 usb_event_done=0 usb_event_us=0 usb_intr_calls=0 usb_intr_req=0 usb_intr_done=0 usb_intr_us=0 usb_timeouts=0 usb_failed=0
t=1716ms server SEND_SERVER_DONE cmd=output rc=0 bytes=176368 ms=8
t=1718ms bridge cmd=output seq=47 data_len=0 out_len=176368 ok=True ms=11
t=1718ms server command event
t=1719ms server SEND_STATS cmd=event ok=1 ms=0 params_calls=0 params_bytes=0 input_calls=0 input_bytes=0 ins_calls=0 ins_bytes=0 usb_out_calls=0 usb_out_req=0 usb_out_done=0 usb_out_us=0 usb_in_calls=0 usb_in_req=0 usb_in_done=0 usb_in_us=0 usb_event_calls=1 usb_event_req=16 usb_event_done=16 usb_event_us=68 usb_intr_calls=0 usb_intr_req=0 usb_intr_done=0 usb_intr_us=0 usb_timeouts=0 usb_failed=0
t=1719ms server SEND_SERVER_DONE cmd=event rc=0 bytes=0 ms=0
t=1724ms bridge cmd=event seq=48 data_len=0 out_len=0 ok=True ms=6
t=1740ms server command ins /tmp/sentai_emu_tpu_send_payloads/payload_49_ins.bin
t=1756ms server SEND_STATS cmd=ins ok=1 ms=16 params_calls=0 params_bytes=0 input_calls=0 input_bytes=0 ins_calls=1 ins_bytes=254304 usb_out_calls=5 usb_out_req=254312 usb_out_done=254312 usb_out_us=5355 usb_in_calls=0 usb_in_req=0 usb_in_done=0 usb_in_us=0 usb_event_calls=0 usb_event_req=0 usb_event_done=0 usb_event_us=0 usb_intr_calls=0 usb_intr_req=0 usb_intr_done=0 usb_intr_us=0 usb_timeouts=0 usb_failed=0
t=1757ms server SEND_SERVER_DONE cmd=ins rc=0 bytes=254304 ms=16
t=1761ms bridge cmd=ins seq=49 data_len=254304 out_len=0 ok=True ms=21
t=1762ms server command inputs /tmp/sentai_emu_tpu_send_payloads/payload_50_inputs.bin
t=1782ms server SEND_STATS cmd=inputs ok=1 ms=19 params_calls=0 params_bytes=0 input_calls=1 input_bytes=270000 ins_calls=0 ins_bytes=0 usb_out_calls=6 usb_out_req=270008 usb_out_done=270008 usb_out_us=6445 usb_in_calls=0 usb_in_req=0 usb_in_done=0 usb_in_us=0 usb_event_calls=0 usb_event_req=0 usb_event_done=0 usb_event_us=0 usb_intr_calls=0 usb_intr_req=0 usb_intr_done=0 usb_intr_us=0 usb_timeouts=0 usb_failed=0
t=1783ms server SEND_SERVER_DONE cmd=inputs rc=0 bytes=270000 ms=19
t=1783ms bridge cmd=inputs seq=50 data_len=270000 out_len=0 ok=True ms=22
t=1784ms server command output 7672 /tmp/sentai_emu_tpu_send_payloads/output_51.bin
t=1806ms server SEND_STATS cmd=output ok=1 ms=21 params_calls=0 params_bytes=0 input_calls=0 input_bytes=0 ins_calls=0 ins_bytes=0 usb_out_calls=0 usb_out_req=0 usb_out_done=0 usb_out_us=0 usb_in_calls=8 usb_in_req=7672 usb_in_done=7672 usb_in_us=21033 usb_event_calls=0 usb_event_req=0 usb_event_done=0 usb_event_us=0 usb_intr_calls=0 usb_intr_req=0 usb_intr_done=0 usb_intr_us=0 usb_timeouts=0 usb_failed=0
t=1806ms server SEND_SERVER_DONE cmd=output rc=0 bytes=7672 ms=21
t=1810ms bridge cmd=output seq=51 data_len=0 out_len=7672 ok=True ms=26
t=1811ms server command output 176368 /tmp/sentai_emu_tpu_send_payloads/output_52.bin
t=1820ms server SEND_STATS cmd=output ok=1 ms=8 params_calls=0 params_bytes=0 input_calls=0 input_bytes=0 ins_calls=0 ins_bytes=0 usb_out_calls=0 usb_out_req=0 usb_out_done=0 usb_out_us=0 usb_in_calls=174 usb_in_req=177712 usb_in_done=176368 usb_in_us=6514 usb_event_calls=0 usb_event_req=0 usb_event_done=0 usb_event_us=0 usb_intr_calls=0 usb_intr_req=0 usb_intr_done=0 usb_intr_us=0 usb_timeouts=0 usb_failed=0
t=1820ms server SEND_SERVER_DONE cmd=output rc=0 bytes=176368 ms=8
t=1822ms bridge cmd=output seq=52 data_len=0 out_len=176368 ok=True ms=11
t=1823ms server command event
t=1824ms server SEND_STATS cmd=event ok=1 ms=0 params_calls=0 params_bytes=0 input_calls=0 input_bytes=0 ins_calls=0 ins_bytes=0 usb_out_calls=0 usb_out_req=0 usb_out_done=0 usb_out_us=0 usb_in_calls=0 usb_in_req=0 usb_in_done=0 usb_in_us=0 usb_event_calls=1 usb_event_req=16 usb_event_done=16 usb_event_us=57 usb_intr_calls=0 usb_intr_req=0 usb_intr_done=0 usb_intr_us=0 usb_timeouts=0 usb_failed=0
t=1824ms server SEND_SERVER_DONE cmd=event rc=0 bytes=0 ms=0
t=1828ms bridge cmd=event seq=53 data_len=0 out_len=0 ok=True ms=5
