$ /usr/bin/python3 emu/host/sentai_gazebo_uds_to_tcp_bridge.py --uds /tmp/sentai_emu_cam.sock --tcp-host 127.0.0.1 --tcp-port 30233 --max-fps 15.0 --out-width 640 --out-height 480 --out-format rgb888
[uds-tcp] pull server 127.0.0.1:30233
[uds-tcp] listening /tmp/sentai_emu_cam.sock
[uds-tcp] renode client connected
[uds-tcp] renode client disconnected
[uds-tcp] gz client connected
[uds-tcp] frames=30 seq=30 kept=14 dropped=16 bad=0 latest=29
[uds-tcp] frames=60 seq=60 kept=29 dropped=31 bad=0 latest=59
[uds-tcp] frames=90 seq=90 kept=44 dropped=46 bad=0 latest=89
[uds-tcp] frames=120 seq=120 kept=59 dropped=61 bad=0 latest=119
[uds-tcp] renode client connected
[uds-tcp] frames=150 seq=150 kept=74 dropped=76 bad=0 latest=149
[uds-tcp] frames=180 seq=180 kept=89 dropped=91 bad=0 latest=179
[uds-tcp] frames=210 seq=210 kept=104 dropped=106 bad=0 latest=209
[uds-tcp] frames=240 seq=240 kept=119 dropped=121 bad=0 latest=239
[uds-tcp] frames=270 seq=270 kept=134 dropped=136 bad=0 latest=269
[uds-tcp] frames=300 seq=300 kept=149 dropped=151 bad=0 latest=299
[uds-tcp] frames=330 seq=330 kept=164 dropped=166 bad=0 latest=329
[uds-tcp] frames=360 seq=360 kept=179 dropped=181 bad=0 latest=359
[uds-tcp] frames=390 seq=390 kept=194 dropped=196 bad=0 latest=389
[uds-tcp] frames=420 seq=420 kept=209 dropped=211 bad=0 latest=419
[uds-tcp] frames=450 seq=450 kept=224 dropped=226 bad=0 latest=449
[uds-tcp] frames=480 seq=480 kept=239 dropped=241 bad=0 latest=479
[uds-tcp] frames=510 seq=510 kept=254 dropped=256 bad=0 latest=509
[uds-tcp] frames=540 seq=540 kept=269 dropped=271 bad=0 latest=539
[uds-tcp] frames=570 seq=570 kept=284 dropped=286 bad=0 latest=569
[uds-tcp] frames=600 seq=600 kept=299 dropped=301 bad=0 latest=599
[uds-tcp] frames=630 seq=630 kept=314 dropped=316 bad=0 latest=629
[uds-tcp] frames=660 seq=660 kept=329 dropped=331 bad=0 latest=659
[uds-tcp] frames=690 seq=690 kept=344 dropped=346 bad=0 latest=689
[uds-tcp] frames=720 seq=720 kept=359 dropped=361 bad=0 latest=719
[uds-tcp] frames=750 seq=750 kept=374 dropped=376 bad=0 latest=749
[uds-tcp] frames=780 seq=780 kept=389 dropped=391 bad=0 latest=779
[uds-tcp] frames=810 seq=810 kept=404 dropped=406 bad=0 latest=809
[uds-tcp] frames=840 seq=840 kept=419 dropped=421 bad=0 latest=839
[uds-tcp] frames=870 seq=870 kept=434 dropped=436 bad=0 latest=869
[uds-tcp] frames=900 seq=900 kept=449 dropped=451 bad=0 latest=899
[uds-tcp] frames=930 seq=930 kept=464 dropped=466 bad=0 latest=929
[uds-tcp] frames=960 seq=960 kept=479 dropped=481 bad=0 latest=959
[uds-tcp] frames=990 seq=990 kept=494 dropped=496 bad=0 latest=989
[uds-tcp] frames=1020 seq=1020 kept=509 dropped=511 bad=0 latest=1019
[uds-tcp] frames=1050 seq=1050 kept=524 dropped=526 bad=0 latest=1049
[uds-tcp] frames=1080 seq=1080 kept=539 dropped=541 bad=0 latest=1079
[uds-tcp] frames=1110 seq=1110 kept=554 dropped=556 bad=0 latest=1109
[uds-tcp] frames=1140 seq=1140 kept=569 dropped=571 bad=0 latest=1139
[uds-tcp] frames=1170 seq=1170 kept=584 dropped=586 bad=0 latest=1169
[uds-tcp] frames=1200 seq=1200 kept=599 dropped=601 bad=0 latest=1199
[uds-tcp] frames=1230 seq=1230 kept=614 dropped=616 bad=0 latest=1229
[uds-tcp] frames=1260 seq=1260 kept=629 dropped=631 bad=0 latest=1259
[uds-tcp] frames=1290 seq=1290 kept=644 dropped=646 bad=0 latest=1289
[uds-tcp] frames=1320 seq=1320 kept=659 dropped=661 bad=0 latest=1319
[uds-tcp] frames=1350 seq=1350 kept=674 dropped=676 bad=0 latest=1349
[uds-tcp] frames=1380 seq=1380 kept=689 dropped=691 bad=0 latest=1379
[uds-tcp] frames=1410 seq=1410 kept=704 dropped=706 bad=0 latest=1409
[uds-tcp] frames=1440 seq=1440 kept=719 dropped=721 bad=0 latest=1439
[uds-tcp] frames=1470 seq=1470 kept=734 dropped=736 bad=0 latest=1469
[uds-tcp] frames=1500 seq=1500 kept=749 dropped=751 bad=0 latest=1499
[uds-tcp] frames=1530 seq=1530 kept=764 dropped=766 bad=0 latest=1529
[uds-tcp] frames=1560 seq=1560 kept=779 dropped=781 bad=0 latest=1559
[uds-tcp] frames=1590 seq=1590 kept=794 dropped=796 bad=0 latest=1589
[uds-tcp] frames=1620 seq=1620 kept=809 dropped=811 bad=0 latest=1619
[uds-tcp] frames=1650 seq=1650 kept=824 dropped=826 bad=0 latest=1649
[uds-tcp] frames=1680 seq=1680 kept=839 dropped=841 bad=0 latest=1679
[uds-tcp] frames=1710 seq=1710 kept=854 dropped=856 bad=0 latest=1709
[uds-tcp] frames=1740 seq=1740 kept=869 dropped=871 bad=0 latest=1739
[uds-tcp] frames=1770 seq=1770 kept=884 dropped=886 bad=0 latest=1769
[uds-tcp] frames=1800 seq=1800 kept=899 dropped=901 bad=0 latest=1799
[uds-tcp] frames=1830 seq=1830 kept=914 dropped=916 bad=0 latest=1829
[uds-tcp] frames=1860 seq=1860 kept=929 dropped=931 bad=0 latest=1859
[uds-tcp] frames=1890 seq=1890 kept=944 dropped=946 bad=0 latest=1889
[uds-tcp] frames=1920 seq=1920 kept=959 dropped=961 bad=0 latest=1919
[uds-tcp] frames=1950 seq=1950 kept=974 dropped=976 bad=0 latest=1949
[uds-tcp] frames=1980 seq=1980 kept=989 dropped=991 bad=0 latest=1979
[uds-tcp] frames=2010 seq=2010 kept=1004 dropped=1006 bad=0 latest=2009
[uds-tcp] frames=2040 seq=2040 kept=1019 dropped=1021 bad=0 latest=2039
[uds-tcp] frames=2070 seq=2070 kept=1034 dropped=1036 bad=0 latest=2069
[uds-tcp] frames=2100 seq=2100 kept=1049 dropped=1051 bad=0 latest=2099
[uds-tcp] frames=2130 seq=2130 kept=1064 dropped=1066 bad=0 latest=2129
[uds-tcp] frames=2160 seq=2160 kept=1079 dropped=1081 bad=0 latest=2159
[uds-tcp] frames=2190 seq=2190 kept=1094 dropped=1096 bad=0 latest=2189
[uds-tcp] frames=2220 seq=2220 kept=1109 dropped=1111 bad=0 latest=2219
[uds-tcp] frames=2250 seq=2250 kept=1124 dropped=1126 bad=0 latest=2249
[uds-tcp] frames=2280 seq=2280 kept=1139 dropped=1141 bad=0 latest=2279
[uds-tcp] frames=2310 seq=2310 kept=1154 dropped=1156 bad=0 latest=2309
[uds-tcp] frames=2340 seq=2340 kept=1169 dropped=1171 bad=0 latest=2339
[uds-tcp] frames=2370 seq=2370 kept=1184 dropped=1186 bad=0 latest=2369
[uds-tcp] frames=2400 seq=2400 kept=1199 dropped=1201 bad=0 latest=2399
[uds-tcp] frames=2430 seq=2430 kept=1214 dropped=1216 bad=0 latest=2429
[uds-tcp] renode client disconnected
