
SentAI EMU REPL B8.3
S233_PREP_INIT
S233_GZ_CAM_START 0
MicroPython embed ready
S233_BEGIN
0
-4
-4
False
-3
S233_SETUP 0 1 1 30 0 0 0
-3
-3
-3
-3
-3
-3
S233_FLOW_BASELINE 70 77 69
-3
-3
0
0
0
0
0
S233_CRAZY_SETUP 0 2 0 0 0
-3
-3
-3
-3
0
S233_SAMPLE 71 201 -251 15 255 7
0
S233_SAMPLE 72 224 0 0 36 0
0
S233_SAMPLE 73 247 0 0 255 0
0
S233_SAMPLE 74 267 0 0 255 0
0
S233_SAMPLE 75 287 0 0 255 0
0
S233_SAMPLE 76 307 0 0 255 0
0
S233_SAMPLE 77 327 0 0 255 0
0
S233_SAMPLE 78 347 0 0 255 0
0
S233_SAMPLE 79 367 0 0 255 0
0
S233_SAMPLE 80 386 0 0 255 0
0
S233_SAMPLE 81 406 0 0 255 0
0
S233_SAMPLE 82 426 0 0 255 0
S233_CRAZY_DONE 0 0
0
0
0
0
S233_SUMMARY 17253 468 2712 443 2567 12 1 7 426
-3
-3
-3
-3
-3
-3
-3
-3
-3
-3
0
False
False
S233_DONE
