14:11:15.5252 [INFO] Loaded monitor commands from: /home/bogdan/work/renode_portable/scripts/monitor.py
Renode, version 1.16.1 (ac18b5ac-202606020225)


(monitor) i $CWD/emu/renode/sentai_emu_edgetpu_opendevice_probe.resc

14:11:15.6505 [INFO] Including script(s): /home/bogdan/work/coralmicro/emu/renode/sentai_emu_edgetpu_opendevice_probe.resc
14:11:15.6663 [INFO] System bus created.
14:11:16.5584 [INFO] sysbus: Loading block of 3072 bytes length at 0x0.
14:11:16.5704 [INFO] sysbus: Loading block of 55440 bytes length at 0xC00.
14:11:16.5705 [INFO] sysbus: Loading block of 484 bytes length at 0xE490.
14:11:16.5705 [INFO] sysbus: Loading block of 8280 bytes length at 0xE6A0.
14:11:16.5705 [INFO] sysbus: Loading block of 8192 bytes length at 0x20000000.
14:11:16.5706 [INFO] sysbus: Loading block of 16777216 bytes length at 0x80000000.
14:11:17.0820 [INFO] cpu: Setting initial values: PC = 0xCBD, SP = 0x20040000.
14:11:17.0847 [INFO] machine-0: Machine started.
14:11:17.1682 [WARNING] nvic: Unhandled write to offset 0xF50 (ICacheInvalidateAllToPoUaIgnored), value 0x0.
14:11:17.2042 [WARNING] nvic: Trying to set the priority for interrupt 16 to 0xFF, but it should be maskable with 0xF0
14:11:20.0874 [INFO] machine-0: Machine paused.
sentai_emu_edgetpu_opendevice_probe PC:

0x6bc0

sentai_emu_edgetpu_opendevice_probe boot_state:

0x00000600

sentai_emu_edgetpu_opendevice_probe step:

0x0000000D

sentai_emu_edgetpu_opendevice_probe heartbeat:

0x00000129

sentai_emu_edgetpu_opendevice_probe last_tick:

0x00000B90

(machine-0) 14:11:20.1633 [INFO] machine-0: Disposed.
