[sim] FS root: /home/bogdan/work/coralmicro/examples/sentai_runtime/experiments/s209_virtual_camera_tpu_e2e/iter29_virtual_camera_tpu_cat/fs_root
[sim] sentai_sim build #879 (2026-05-31 10:45:00)
[sim] FreeRTOS POSIX port: tick=1000 Hz, heap=4194304 bytes
[sim] MicroPython heap: 2097152 bytes
[sim] sentai.fr auto-start: dir=/home/bogdan/work/coralmicro/examples/sentai_runtime/experiments/s209_virtual_camera_tpu_e2e/iter29_virtual_camera_tpu_cat/fs_root/fr init=0 events=0 scalars=0 debug=0 task=0
0

MicroPython on SentAI SIM (FreeRTOS POSIX port + MicroPython embed)
Type expressions, end with Enter.  Ctrl-D or 'exit' to quit.
Try: sentai.version(), sentai.fs.write(...), help()

>>> >>> IMG_SIZE 921654
MODEL_SIZE 7077792
camera_bridge: listening on /tmp/sentai_cam.sock (waiting for Gazebo bridge)
[camera] select(-1, /images/cat_640x480.bmp) rc=0
CAM_SELECT 0
[sentai_fr] worker START
TPU_LOAD 0
TPU_READY True
E:0480:100
PIPE_START 0
[detect] prep task started
[detect] prep tensor 300x300x3 type=3
[detect] prep grabbed idx=0 cam=-1 raw=0x59b4f797f7e0
[detect] infer task started
[detect] prep signal direct=1 total=270000 seq=1
[detect] infer got frame direct=1 total=270000 seq=1 tensor=(nil)
PIPE_FRAME True
TPU_OUTPUTS 4
DETECTIONS_COUNT 17
DETECTIONS_WRITTEN True
OVERLAY_WRITTEN 270054
E:0481:2
PIPE_STOP 0
17
>>> 
[sim] EOF on stdin, exiting
[sim] REPL task done, terminating process
