[  0%] Built target libs_littlefs-m4
[  1%] Built target libs_FreeRTOS-m4
[  2%] Built target libs_FreeRTOS
[  4%] Built target libs_kissfft-m7
[  4%] Incrementing build version...
[  5%] Built target shine
[  5%] Built target sentai_browser_html
[  7%] Built target libh3_arm
[  7%] Built target libs_littlefs
[ 10%] Built target libs_aifes_m7
[ 10%] Built target nanopb
[ 14%] Built target libs_libjpeg
[ 17%] Built target libs_CMSIS-m4
-- Build #1541 at 2026-06-24 10:15:37
[ 17%] Built target increment_build_version
[ 20%] Built target libs_CMSIS-m7
[ 24%] Built target libs_levelx
[ 26%] Built target meshtastic_pb
[ 43%] Built target libs_filex
[ 50%] Built target libs_nxp_rt1176-sdk_freertos-m4
[ 56%] Built target libs_nxp_rt1176-sdk_freertos
[ 56%] Building C object examples/sentai_runtime/CMakeFiles/libmicropython.dir/micropython_embed/py/asmbase.c.obj
[ 56%] Building C object examples/sentai_runtime/CMakeFiles/libmicropython.dir/micropython_embed/py/asmthumb.c.obj
[ 56%] Building C object examples/sentai_runtime/CMakeFiles/libmicropython.dir/micropython_embed/py/asmx64.c.obj
[ 56%] Building C object examples/sentai_runtime/CMakeFiles/libmicropython.dir/micropython_embed/py/asmx86.c.obj
[ 56%] Building C object examples/sentai_runtime/CMakeFiles/libmicropython.dir/micropython_embed/py/argcheck.c.obj
[ 56%] Building C object examples/sentai_runtime/CMakeFiles/libmicropython.dir/micropython_embed/py/bc.c.obj
[ 56%] Building C object examples/sentai_runtime/CMakeFiles/libmicropython.dir/micropython_embed/py/binary.c.obj
[ 56%] Building C object examples/sentai_runtime/CMakeFiles/libmicropython.dir/micropython_embed/py/asmarm.c.obj
[ 56%] Building C object examples/sentai_runtime/CMakeFiles/libmicropython.dir/micropython_embed/py/builtinevex.c.obj
[ 56%] Building C object examples/sentai_runtime/CMakeFiles/libmicropython.dir/micropython_embed/py/asmxtensa.c.obj
[ 56%] Building C object examples/sentai_runtime/CMakeFiles/libmicropython.dir/micropython_embed/py/builtinhelp.c.obj
[ 56%] Building C object examples/sentai_runtime/CMakeFiles/libmicropython.dir/micropython_embed/py/builtinimport.c.obj
[ 56%] Building C object examples/sentai_runtime/CMakeFiles/libmicropython.dir/micropython_embed/py/emitcommon.c.obj
[ 57%] Building C object examples/sentai_runtime/CMakeFiles/libmicropython.dir/micropython_embed/py/compile.c.obj
[ 57%] Building C object examples/sentai_runtime/CMakeFiles/libmicropython.dir/micropython_embed/py/emitbc.c.obj
[ 57%] Built target libs_pmic_freertos-m4
[ 57%] Building C object examples/sentai_runtime/CMakeFiles/libmicropython.dir/micropython_embed/py/emitinlinethumb.c.obj
[ 57%] Building C object examples/sentai_runtime/CMakeFiles/libmicropython.dir/micropython_embed/py/emitglue.c.obj
[ 57%] Building C object examples/sentai_runtime/CMakeFiles/libmicropython.dir/micropython_embed/py/emitinlinextensa.c.obj
[ 57%] Built target libs_nxp_rt1176-sdk-mcmgr_m7
[ 59%] Built target libs_pmic_freertos
[ 59%] Built target libs_usb_host_task_freertos
[ 59%] Built target libs_t5838_freertos
[ 59%] Building C object examples/sentai_runtime/CMakeFiles/libmicropython.dir/micropython_embed/py/emitnarm.c.obj
[ 59%] Built target libs_usb_host_edgetpu_freertos
[ 62%] Built target libs_nxp_rt1176-sdk_lwip
[ 62%] Building C object examples/sentai_runtime/CMakeFiles/libmicropython.dir/micropython_embed/py/emitnative.c.obj
[ 62%] Building C object examples/sentai_runtime/CMakeFiles/libmicropython.dir/micropython_embed/py/emitnthumb.c.obj
[ 62%] Building C object examples/sentai_runtime/CMakeFiles/libmicropython.dir/micropython_embed/py/emitnxtensa.c.obj
[ 62%] Building C object examples/sentai_runtime/CMakeFiles/libmicropython.dir/micropython_embed/py/emitnx64.c.obj
[ 62%] Building C object examples/sentai_runtime/CMakeFiles/libmicropython.dir/micropython_embed/py/emitnx86.c.obj
[ 62%] Building C object examples/sentai_runtime/CMakeFiles/libmicropython.dir/micropython_embed/py/emitnxtensawin.c.obj
[ 62%] Building C object examples/sentai_runtime/CMakeFiles/libmicropython.dir/micropython_embed/py/formatfloat.c.obj
[ 63%] Built target libs_base-m4_freertos
[ 63%] Built target libs_nxp_rt1176-sdk_lwip_httpd
[ 63%] Built target libs_audio_freertos
[ 63%] Building C object examples/sentai_runtime/CMakeFiles/libmicropython.dir/micropython_embed/py/gc.c.obj
[ 63%] Building C object examples/sentai_runtime/CMakeFiles/libmicropython.dir/micropython_embed/py/frozenmod.c.obj
[ 63%] Building C object examples/sentai_runtime/CMakeFiles/libmicropython.dir/micropython_embed/py/lexer.c.obj
[ 63%] Building C object examples/sentai_runtime/CMakeFiles/libmicropython.dir/micropython_embed/py/malloc.c.obj
[ 68%] Built target libs_nxp_rt1176-sdk-mbedtls
[ 68%] Building C object examples/sentai_runtime/CMakeFiles/libmicropython.dir/micropython_embed/py/map.c.obj
[ 69%] Building C object examples/sentai_runtime/CMakeFiles/libmicropython.dir/micropython_embed/py/modcmath.c.obj
[ 69%] Building C object examples/sentai_runtime/CMakeFiles/libmicropython.dir/micropython_embed/py/modbuiltins.c.obj
[ 69%] Building C object examples/sentai_runtime/CMakeFiles/libmicropython.dir/micropython_embed/py/modarray.c.obj
[ 69%] Built target libs_camera_freertos-m4
[ 69%] Building C object examples/sentai_runtime/CMakeFiles/libmicropython.dir/micropython_embed/py/moderrno.c.obj
[ 69%] Building C object examples/sentai_runtime/CMakeFiles/libmicropython.dir/micropython_embed/py/modio.c.obj
[ 69%] Building C object examples/sentai_runtime/CMakeFiles/libmicropython.dir/micropython_embed/py/modgc.c.obj
[ 69%] Building C object examples/sentai_runtime/CMakeFiles/libmicropython.dir/micropython_embed/py/modcollections.c.obj
[ 69%] Built target libs_base-m7_http_server
[ 69%] Building C object examples/sentai_runtime/CMakeFiles/libmicropython.dir/micropython_embed/py/modmath.c.obj
[ 69%] Built target libs_usb_device_task_freertos
[ 69%] Building C object examples/sentai_runtime/CMakeFiles/libmicropython.dir/micropython_embed/py/modmicropython.c.obj
[ 69%] Built target sentai_m4_aruco_bench
[ 69%] Building C object examples/sentai_runtime/CMakeFiles/libmicropython.dir/micropython_embed/py/modsys.c.obj
[ 69%] Building C object examples/sentai_runtime/CMakeFiles/libmicropython.dir/micropython_embed/py/modstruct.c.obj
[ 69%] Building C object examples/sentai_runtime/CMakeFiles/libmicropython.dir/micropython_embed/py/modthread.c.obj
[ 69%] Building C object examples/sentai_runtime/CMakeFiles/libmicropython.dir/micropython_embed/py/mpprint.c.obj
[ 69%] Building C object examples/sentai_runtime/CMakeFiles/libmicropython.dir/micropython_embed/py/mpstate.c.obj
[ 69%] Building C object examples/sentai_runtime/CMakeFiles/libmicropython.dir/micropython_embed/py/mpz.c.obj
[ 69%] Building C object examples/sentai_runtime/CMakeFiles/libmicropython.dir/micropython_embed/py/nlr.c.obj
[ 71%] Built target libs_tpu_freertos
[ 71%] Building C object examples/sentai_runtime/CMakeFiles/libmicropython.dir/micropython_embed/py/nativeglue.c.obj
[ 72%] Building C object examples/sentai_runtime/CMakeFiles/libmicropython.dir/micropython_embed/py/nlrmips.c.obj
[ 72%] Building C object examples/sentai_runtime/CMakeFiles/libmicropython.dir/micropython_embed/py/nlraarch64.c.obj
[ 72%] Building C object examples/sentai_runtime/CMakeFiles/libmicropython.dir/micropython_embed/py/nlrsetjmp.c.obj
[ 72%] Building C object examples/sentai_runtime/CMakeFiles/libmicropython.dir/micropython_embed/py/nlrpowerpc.c.obj
[ 72%] Building C object examples/sentai_runtime/CMakeFiles/libmicropython.dir/micropython_embed/py/nlrthumb.c.obj
[ 72%] Building C object examples/sentai_runtime/CMakeFiles/libmicropython.dir/micropython_embed/py/nlrx64.c.obj
[ 72%] Built target libs_tpu_task_freertos
[ 72%] Building C object examples/sentai_runtime/CMakeFiles/libmicropython.dir/micropython_embed/py/nlrx86.c.obj
[ 72%] Building C object examples/sentai_runtime/CMakeFiles/libmicropython.dir/micropython_embed/py/nlrxtensa.c.obj
[ 72%] Building C object examples/sentai_runtime/CMakeFiles/libmicropython.dir/micropython_embed/py/obj.c.obj
[ 72%] Building C object examples/sentai_runtime/CMakeFiles/libmicropython.dir/micropython_embed/py/objarray.c.obj
[ 72%] Building C object examples/sentai_runtime/CMakeFiles/libmicropython.dir/micropython_embed/py/objattrtuple.c.obj
[ 72%] Building C object examples/sentai_runtime/CMakeFiles/libmicropython.dir/micropython_embed/py/objbool.c.obj
[ 72%] Building C object examples/sentai_runtime/CMakeFiles/libmicropython.dir/micropython_embed/py/objboundmeth.c.obj
[ 72%] Built target libs_tpu_dfu_task_freertos
[ 72%] Building C object examples/sentai_runtime/CMakeFiles/libmicropython.dir/micropython_embed/py/objcell.c.obj
[ 72%] Building C object examples/sentai_runtime/CMakeFiles/libmicropython.dir/micropython_embed/py/objcomplex.c.obj
[ 72%] Building C object examples/sentai_runtime/CMakeFiles/libmicropython.dir/micropython_embed/py/objdeque.c.obj
[ 72%] Building C object examples/sentai_runtime/CMakeFiles/libmicropython.dir/micropython_embed/py/objclosure.c.obj
[ 72%] Building C object examples/sentai_runtime/CMakeFiles/libmicropython.dir/micropython_embed/py/objdict.c.obj
[ 72%] Building C object examples/sentai_runtime/CMakeFiles/libmicropython.dir/micropython_embed/py/objenumerate.c.obj
[ 72%] Building C object examples/sentai_runtime/CMakeFiles/libmicropython.dir/micropython_embed/py/objexcept.c.obj
[ 73%] Building C object examples/sentai_runtime/CMakeFiles/libmicropython.dir/micropython_embed/py/objfloat.c.obj
[ 73%] Building C object examples/sentai_runtime/CMakeFiles/libmicropython.dir/micropython_embed/py/objfilter.c.obj
[ 73%] Building C object examples/sentai_runtime/CMakeFiles/libmicropython.dir/micropython_embed/py/objfun.c.obj
[ 73%] Building C object examples/sentai_runtime/CMakeFiles/libmicropython.dir/micropython_embed/py/objgenerator.c.obj
[ 73%] Building C object examples/sentai_runtime/CMakeFiles/libmicropython.dir/micropython_embed/py/objgetitemiter.c.obj
[ 73%] Building C object examples/sentai_runtime/CMakeFiles/libmicropython.dir/micropython_embed/py/objint_longlong.c.obj
[ 73%] Building C object examples/sentai_runtime/CMakeFiles/libmicropython.dir/micropython_embed/py/objint_mpz.c.obj
[ 73%] Building C object examples/sentai_runtime/CMakeFiles/libmicropython.dir/micropython_embed/py/objlist.c.obj
[ 73%] Building C object examples/sentai_runtime/CMakeFiles/libmicropython.dir/micropython_embed/py/objint.c.obj
[ 73%] Building C object examples/sentai_runtime/CMakeFiles/libmicropython.dir/micropython_embed/py/objmap.c.obj
[ 73%] Building C object examples/sentai_runtime/CMakeFiles/libmicropython.dir/micropython_embed/py/objnamedtuple.c.obj
[ 73%] Building C object examples/sentai_runtime/CMakeFiles/libmicropython.dir/micropython_embed/py/objmodule.c.obj
[ 73%] Building C object examples/sentai_runtime/CMakeFiles/libmicropython.dir/micropython_embed/py/objnone.c.obj
[ 73%] Building C object examples/sentai_runtime/CMakeFiles/libmicropython.dir/micropython_embed/py/objpolyiter.c.obj
[ 73%] Building C object examples/sentai_runtime/CMakeFiles/libmicropython.dir/micropython_embed/py/objproperty.c.obj
[ 73%] Building C object examples/sentai_runtime/CMakeFiles/libmicropython.dir/micropython_embed/py/objobject.c.obj
[ 73%] Building C object examples/sentai_runtime/CMakeFiles/libmicropython.dir/micropython_embed/py/objrange.c.obj
[ 73%] Building C object examples/sentai_runtime/CMakeFiles/libmicropython.dir/micropython_embed/py/objreversed.c.obj
[ 75%] Building C object examples/sentai_runtime/CMakeFiles/libmicropython.dir/micropython_embed/py/objset.c.obj
[ 75%] Building C object examples/sentai_runtime/CMakeFiles/libmicropython.dir/micropython_embed/py/objsingleton.c.obj
[ 75%] Building C object examples/sentai_runtime/CMakeFiles/libmicropython.dir/micropython_embed/py/objslice.c.obj
[ 75%] Building C object examples/sentai_runtime/CMakeFiles/libmicropython.dir/micropython_embed/py/objstr.c.obj
[ 75%] Building C object examples/sentai_runtime/CMakeFiles/libmicropython.dir/micropython_embed/py/objstringio.c.obj
[ 88%] Built target libs_tensorflow-m7
[ 88%] Building C object examples/sentai_runtime/CMakeFiles/libmicropython.dir/micropython_embed/py/objtuple.c.obj
[ 88%] Building C object examples/sentai_runtime/CMakeFiles/libmicropython.dir/micropython_embed/py/objstrunicode.c.obj
[ 88%] Building C object examples/sentai_runtime/CMakeFiles/libmicropython.dir/micropython_embed/py/objtype.c.obj
[ 88%] Building C object examples/sentai_runtime/CMakeFiles/libmicropython.dir/micropython_embed/py/objzip.c.obj
[ 88%] Building C object examples/sentai_runtime/CMakeFiles/libmicropython.dir/micropython_embed/py/opmethods.c.obj
[ 88%] Building C object examples/sentai_runtime/CMakeFiles/libmicropython.dir/micropython_embed/py/pairheap.c.obj
[ 88%] Building C object examples/sentai_runtime/CMakeFiles/libmicropython.dir/micropython_embed/py/parsenum.c.obj
[ 88%] Building C object examples/sentai_runtime/CMakeFiles/libmicropython.dir/micropython_embed/py/parse.c.obj
[ 88%] Building C object examples/sentai_runtime/CMakeFiles/libmicropython.dir/micropython_embed/py/persistentcode.c.obj
[ 88%] Building C object examples/sentai_runtime/CMakeFiles/libmicropython.dir/micropython_embed/py/parsenumbase.c.obj
[ 88%] Building C object examples/sentai_runtime/CMakeFiles/libmicropython.dir/micropython_embed/py/profile.c.obj
[ 88%] Building C object examples/sentai_runtime/CMakeFiles/libmicropython.dir/micropython_embed/py/pystack.c.obj
[ 89%] Building C object examples/sentai_runtime/CMakeFiles/libmicropython.dir/micropython_embed/py/reader.c.obj
[ 89%] Building C object examples/sentai_runtime/CMakeFiles/libmicropython.dir/micropython_embed/py/qstr.c.obj
[ 89%] Building C object examples/sentai_runtime/CMakeFiles/libmicropython.dir/micropython_embed/py/ringbuf.c.obj
[ 89%] Building C object examples/sentai_runtime/CMakeFiles/libmicropython.dir/micropython_embed/py/repl.c.obj
[ 89%] Building C object examples/sentai_runtime/CMakeFiles/libmicropython.dir/micropython_embed/py/runtime_utils.c.obj
[ 89%] Building C object examples/sentai_runtime/CMakeFiles/libmicropython.dir/micropython_embed/py/runtime.c.obj
[ 91%] Built target libs_base-m7_freertos
[ 91%] Building C object examples/sentai_runtime/CMakeFiles/libmicropython.dir/micropython_embed/py/scope.c.obj
[ 91%] Building C object examples/sentai_runtime/CMakeFiles/libmicropython.dir/micropython_embed/py/scheduler.c.obj
[ 91%] Building C object examples/sentai_runtime/CMakeFiles/libmicropython.dir/micropython_embed/py/sequence.c.obj
[ 91%] Built target libs_msc_ums_freertos
[ 91%] Building C object examples/sentai_runtime/CMakeFiles/libmicropython.dir/micropython_embed/py/showbc.c.obj
[ 91%] Building C object examples/sentai_runtime/CMakeFiles/libmicropython.dir/micropython_embed/py/smallint.c.obj
[ 91%] Building C object examples/sentai_runtime/CMakeFiles/libmicropython.dir/micropython_embed/py/stackctrl.c.obj
[ 91%] Building C object examples/sentai_runtime/CMakeFiles/libmicropython.dir/micropython_embed/py/unicode.c.obj
[ 91%] Building C object examples/sentai_runtime/CMakeFiles/libmicropython.dir/micropython_embed/py/stream.c.obj
[ 91%] Building C object examples/sentai_runtime/CMakeFiles/libmicropython.dir/micropython_embed/py/vm.c.obj
[ 91%] Building C object examples/sentai_runtime/CMakeFiles/libmicropython.dir/micropython_embed/py/vstr.c.obj
[ 92%] Building C object examples/sentai_runtime/CMakeFiles/libmicropython.dir/micropython_embed/port/embed_util.c.obj
[ 92%] Built target libs_cdc_ncm_freertos
[ 92%] Building C object examples/sentai_runtime/CMakeFiles/libmicropython.dir/micropython_embed/py/warning.c.obj
[ 92%] Building C object examples/sentai_runtime/CMakeFiles/libmicropython.dir/micropython_embed/port/mphalport.c.obj
[ 92%] Built target libs_cdc_eem_freertos
[ 92%] Building C object examples/sentai_runtime/CMakeFiles/libmicropython.dir/micropython_embed/shared/runtime/gchelper_generic.c.obj
[ 92%] Building C object examples/sentai_runtime/CMakeFiles/libmicropython.dir/micropython_task.c.obj
[ 94%] Building C object examples/sentai_runtime/CMakeFiles/libmicropython.dir/modsentai.c.obj
[ 94%] Building C object examples/sentai_runtime/CMakeFiles/libmicropython.dir/mp_port_import.c.obj
[ 94%] Building C object examples/sentai_runtime/CMakeFiles/libmicropython.dir/mp_embed_safe.c.obj
[ 94%] Built target libs_cdc_acm_freertos
[ 94%] Built target libs_camera_freertos
[ 95%] Built target libs_jpeg_m7
[ 95%] Built target libs_aifes_task_m7
[ 95%] Built target libs_lis2du12_freertos
In file included from /home/bogdan/work/coralmicro/examples/sentai_runtime/modsentai.c:334:
/home/bogdan/work/coralmicro/examples/sentai_runtime/bindings/modsentai_crazy.c: In function 'mod_sentai_crazy_hl_stop':
/home/bogdan/work/coralmicro/examples/sentai_runtime/bindings/modsentai_crazy.c:100:27: warning: implicit declaration of function 'sentai_crazy_hl_stop'; did you mean 'sentai_crazy_fly_stop'? [-Wimplicit-function-declaration]
  100 |     return mp_obj_new_int(sentai_crazy_hl_stop(group));
      |                           ^~~~~~~~~~~~~~~~~~~~
      |                           sentai_crazy_fly_stop
/home/bogdan/work/coralmicro/examples/sentai_runtime/bindings/modsentai_crazy.c: In function 'mod_sentai_crazy_attitude_release_no_disarm':
/home/bogdan/work/coralmicro/examples/sentai_runtime/bindings/modsentai_crazy.c:199:27: warning: implicit declaration of function 'sentai_crazy_attitude_release_no_disarm'; did you mean 'mod_sentai_crazy_attitude_release_no_disarm'? [-Wimplicit-function-declaration]
  199 |     return mp_obj_new_int(sentai_crazy_attitude_release_no_disarm());
      |                           ^~~~~~~~~~~~~~~~~~~~~~~~~~~~~~~~~~~~~~~
      |                           mod_sentai_crazy_attitude_release_no_disarm
[ 95%] Linking C static library liblibmicropython.a
[ 95%] Built target libmicropython
[ 95%] Building CXX object examples/sentai_runtime/CMakeFiles/sentai_runtime.dir/sentai_runtime.cc.obj
/tmp/ccwEeX2j.s: Assembler messages:
/tmp/ccwEeX2j.s:18449: Warning: ignoring changed section type for .sdram_bss
/tmp/ccwEeX2j.s:18449: Warning: ignoring changed section attributes for .sdram_bss
[ 95%] Linking CXX executable sentai_runtime
[100%] Built target sentai_runtime
