
>>> 
KeyboardInterrupt
>>> 
KeyboardInterrupt
>>> 

>>> 
>>> 
import sentai
>>> 
READ_EXCEPTION SerialException('device reports readiness to read but returned no data (device disconnected or multiple access on port?)')
--- 1 ---
--- 2 ---
Bus 001 Device 041: ID 1fc9:9307 NXP Semiconductors - autonomous.ro SentAI board v1.0
--- 3 ---
--- 4 ---
Bus 001 Device 042: ID 1fc9:c0a1 NXP Semiconductors autonomous.ro SentAI build #1535
--- 5 ---
Bus 001 Device 042: ID 1fc9:c0a1 NXP Semiconductors autonomous.ro SentAI build #1535
--- 6 ---
Bus 001 Device 042: ID 1fc9:c0a1 NXP Semiconductors autonomous.ro SentAI build #1535
--- 7 ---
Bus 001 Device 042: ID 1fc9:c0a1 NXP Semiconductors autonomous.ro SentAI build #1535
--- 8 ---
Bus 001 Device 042: ID 1fc9:c0a1 NXP Semiconductors autonomous.ro SentAI build #1535
