18:51:59.3566 [INFO] Loaded monitor commands from: /home/bogdan/work/renode_portable/scripts/monitor.py
Renode, version 1.16.1 (d66b0c2a-202602160923)

(monitor) i $CWD/emu/renode/sentai_emu_namespace_inventory.resc
18:51:59.5018 [INFO] Including script(s): /home/bogdan/work/coralmicro/emu/renode/sentai_emu_namespace_inventory.resc
18:51:59.5148 [INFO] System bus created.
18:52:00.6920 [INFO] sysbus: Loading block of 3072 bytes length at 0x0.
18:52:00.7002 [INFO] sysbus: Loading block of 201600 bytes length at 0xC00.
18:52:00.7004 [INFO] sysbus: Loading block of 205368 bytes length at 0x31F80.
18:52:00.7005 [INFO] sysbus: Loading block of 14680064 bytes length at 0x80000000.
18:52:00.7102 [INFO] sysbus: Loading block of 114012 bytes length at 0x80E00000.
18:52:01.2673 [INFO] cpu: Setting initial values: PC = 0xCBD, SP = 0x20040000.
18:52:01.2684 [INFO] machine-0: Machine started.
18:52:01.3243 [WARNING] nvic: Unhandled write to offset 0xF50 (ICacheInvalidateAllToPoUaIgnored), value 0x0.
18:52:01.3432 [WARNING] nvic: Trying to set the priority for interrupt 16 to 0xFF, but it should be maskable with 0xF0
18:52:07.9158 [INFO] machine-0: Machine paused.
sentai_emu_namespace_inventory PC:
0x1633c
sentai_emu_namespace_inventory boot_state:
0x00000500
sentai_emu_namespace_inventory heartbeat:
0x0000001D
sentai_emu_namespace_inventory repl_lines:
0x00000001
sentai_emu_namespace_inventory last_tick:
0x00000B5C
(machine-0) 18:52:07.9953 [INFO] machine-0: Disposed.
$ /home/bogdan/work/renode_portable/renode --plain --console --disable-xwt emu/renode/sentai_emu_namespace_inventory.resc

[elapsed_s] 10.430
