13:03:02.8279 [INFO] Loaded monitor commands from: /home/bogdan/work/renode_portable/scripts/monitor.py
Renode, version 1.16.1 (ac18b5ac-202606020225)


(monitor) i $CWD/emu/renode/sentai_emu_tpu_fps_repl.resc

13:03:03.0130 [INFO] Including script(s): /home/bogdan/work/coralmicro/emu/renode/sentai_emu_tpu_fps_repl.resc
13:03:03.0395 [INFO] System bus created.
13:03:04.3111 [INFO] Old file /home/bogdan/work/coralmicro/emu/output/sentai_emu_tpu_fps_repl.log moved to /home/bogdan/work/coralmicro/emu/output/sentai_emu_tpu_fps_repl.log.5
13:03:04.3445 [INFO] sysbus: Loading block of 3072 bytes length at 0x0.
13:03:04.3631 [INFO] sysbus: Loading block of 228288 bytes length at 0xC00.
13:03:04.3637 [INFO] sysbus: Loading block of 202432 bytes length at 0x387C0.
13:03:04.3641 [INFO] sysbus: Loading block of 16777216 bytes length at 0x80000000.
13:03:04.3950 [INFO] sysbus: Loading block of 54680 bytes length at 0x81000000.
13:03:05.0824 [INFO] cpu: Setting initial values: PC = 0xCBD, SP = 0x20040000.
13:03:05.0865 [INFO] machine-0: Machine started.
13:03:05.2296 [WARNING] nvic: Unhandled write to offset 0xF50 (ICacheInvalidateAllToPoUaIgnored), value 0x0.
13:03:05.2746 [WARNING] nvic: Trying to set the priority for interrupt 16 to 0xFF, but it should be maskable with 0xF0
13:04:57.3216 [INFO] machine-0: Machine paused.
sentai_emu_tpu_fps_repl PC:

0x1cf2

sentai_emu_tpu_fps_repl boot_state:

0x00000500

sentai_emu_tpu_fps_repl heartbeat:

0x00000001

sentai_emu_tpu_fps_repl repl_lines:

0x00000001

sentai_emu_tpu_fps_repl last_tick:

0x000007A7

(machine-0) 13:04:57.4195 [INFO] machine-0: Disposed.
