[sim] FS root: /home/bogdan/work/coralmicro/examples/sentai_runtime/experiments/s209_virtual_camera_tpu_e2e/iter329_virtual_camera_flow_tpu_shift/fs_root
[sim] sentai_sim build #1150 (2026-06-02 06:57:17)
[sim] FreeRTOS POSIX port: tick=1000 Hz, heap=4194304 bytes
[sim] MicroPython heap: 2097152 bytes
camera_bridge: listening on /tmp/sentai_cam.sock (waiting for Gazebo bridge)
[sentai_fr] worker START
[sim] sentai.fr auto-start: dir=/home/bogdan/work/coralmicro/examples/sentai_runtime/experiments/s209_virtual_camera_tpu_e2e/iter329_virtual_camera_flow_tpu_shift/fs_root/fr init=0 events=0 scalars=0 debug=0 task=0

MicroPython on SentAI SIM (FreeRTOS POSIX port + MicroPython embed)
Type expressions, end with Enter.  Ctrl-D or 'exit' to quit.
Try: sentai.version(), sentai.fs.write(...), help()

>>> >>> MODEL_SIZE 7077792
IMG0_SIZE 921654
IMGN_SIZE 921654
READY
[tpu-pycoral] connected helper pid=466628 sock=/tmp/sentai_tpu_pycoral_466620.sock
CMD LOAD slot=0 path=/home/bogdan/work/coralmicro/examples/sentai_runtime/experiments/s209_virtual_camera_tpu_e2e/iter329_virtual_camera_flow_tpu_shift/fs_root/models/tf2_ssd_mobilenet_v2_coco17_ptq_edgetpu.tflite
CMD LOAD made_interpreter slot=0
CMD LOAD allocated slot=0
CMD LOAD done slot=0 outputs=4
[tpu-pycoral] LOAD reply: OK LOAD 0 3 270000 4 1 300 300 3 0.00784313772 127 4
[tpu-pycoral] OUT[0]: bytes=80 shape=1x20x0x0
[tpu-pycoral] OUT[1]: bytes=320 shape=1x20x4x0
[tpu-pycoral] OUT[2]: bytes=4 shape=1x0x0x0
[tpu-pycoral] OUT[3]: bytes=80 shape=1x20x0x0
[tpu-pycoral] loaded slot=0 input=300x300x3 outputs=4
TPU_LOAD 0
TPU_READY True
FLOW_START 0
PIPE_DIRECT_TENSOR_PREV 1
PIPE_TARGET_FPS 0
PIPE_PREP_FPS 0
PIPE_ON_DETECTION None
[det_prep] start
[det_prep] grab idx=-2 raw=(nil)
[det_infer] start
E:0480:100
PIPE_START 0
[virt_cam] START dir=/images/shift frames=4 fps=10 limit=5
[det_prep] grab idx=0 raw=0x5f3db5994860
[det_prep] fire_mask=0x00000010
[det_prep] pxp begin 300x300
[det_prep] pxp rc=0 ms=1
[det_prep] flow publish begin
[det_prep] flow publish done
[det_infer] frame ready direct=1
CMD INVOKE slot=0 nbytes=270000
CMD INVOKE done slot=0 ms=29 outputs=4 total=484
[det_infer] invoke_ms=29
[det_infer] nms det_count=20
[det_infer] queued frame=1 dets=20
[det_prep] frame signaled seq=1
[det_prep] grab idx=-2 raw=(nil)
[virt_cam] publish idx=0 rc=0 path=/images/shift/frame_000.bmp
CAM_PLAY 4 DIR /images/shift FPS 10 COUNT 5
4
>>> [det_prep] grab idx=0 raw=0x5f3db5994860
[det_prep] fire_mask=0x00000010
[det_prep] pxp begin 300x300
[det_prep] pxp rc=0 ms=1
[det_prep] flow publish begin
[det_prep] flow publish done
[det_infer] frame ready direct=1
CMD INVOKE slot=0 nbytes=270000
CMD INVOKE done slot=0 ms=13 outputs=4 total=484
[det_infer] invoke_ms=13
[det_infer] nms det_count=20
[det_infer] queued frame=2 dets=20
