16:54:39.2194 [INFO] Loaded monitor commands from: /home/bogdan/work/renode_portable/scripts/monitor.py
[0mRenode, version 1.16.1 (ac18b5ac-202606020225)

[91m(monitor) [0mi $CWD/emu/renode/sentai_emu_namespace_inventory_ui.resc
16:54:39.3855 [INFO] Including script(s): /home/bogdan/work/coralmicro/emu/renode/sentai_emu_namespace_inventory_ui.resc
16:54:39.4057 [INFO] System bus created.
16:54:40.8301 [INFO] sysbus: Loading block of 3072 bytes length at 0x0.
16:54:40.8527 [INFO] sysbus: Loading block of 253924 bytes length at 0xC00.
16:54:40.8533 [INFO] sysbus: Loading block of 628 bytes length at 0x3EBE4.
16:54:40.8533 [INFO] sysbus: Loading block of 204160 bytes length at 0x3EE60.
16:54:40.8539 [INFO] sysbus: Loading block of 16777216 bytes length at 0x80000000.
16:54:40.8901 [INFO] sysbus: Loading block of 54716 bytes length at 0x81000000.
16:54:41.6347 [INFO] cpu: Setting initial values: PC = 0xCBD, SP = 0x20040000.
16:54:41.6399 [INFO] machine-0: Machine started.
16:54:41.7737 [WARNING] nvic: Unhandled write to offset 0xF50 (ICacheInvalidateAllToPoUaIgnored), value 0x0.
16:54:41.8165 [WARNING] nvic: Trying to set the priority for interrupt 16 to 0xFF, but it should be maskable with 0xF0
16:54:50.4104 [INFO] machine-0: Machine paused.
sentai_emu_namespace_inventory PC:
0x15d66
sentai_emu_namespace_inventory boot_state:
0x00000500
sentai_emu_namespace_inventory heartbeat:
0x0000001D
sentai_emu_namespace_inventory repl_lines:
0x00000001
sentai_emu_namespace_inventory last_tick:
0x00000B48
[33m(machine-0) [0m16:54:50.5155 [INFO] machine-0: Disposed.
$ /home/bogdan/work/renode_portable/renode --console emu/renode/sentai_emu_namespace_inventory_ui.resc

[elapsed_s] 13.446
