[bridge] topic=/downward_cam/image in=/tmp/sentai_cam.sock out=/tmp/sentai_flow_out.sock
[bridge] connected to sentai_sim on /tmp/sentai_cam.sock
[bridge] listening flow-out on /tmp/sentai_flow_out.sock
[bridge] subscribed; Ctrl-C to stop
[bridge] seq=2  dx=   +3 dy=   -1 dz=   +0 conf=255 lat=3857 us  (in=2 pub=0)
[bridge] seq=20  dx=   +0 dy=   +1 dz=   +0 conf=255 lat=2604 us  (in=20 pub=0)
[bridge] seq=22  dx=   -1 dy=   +1 dz=   +0 conf=255 lat=2342 us  (in=22 pub=0)
[bridge] seq=23  dx=   +0 dy=   -1 dz=   +0 conf=255 lat=2403 us  (in=23 pub=0)
[bridge_recv] seq=30 stamp=1.321000000 data_crc=0x9ea84ed8 size=921600
[bridge] seq=30  dx=   +0 dy=   +0 dz=   +0 conf=255 lat=2417 us  (in=30 pub=0)
[bridge] seq=33  dx=   +0 dy=   +1 dz=   +0 conf=255 lat=2328 us  (in=33 pub=0)
[bridge] seq=34  dx=   -1 dy=   -1 dz=   +0 conf=255 lat=3552 us  (in=34 pub=0)
[bridge] seq=36  dx=   +0 dy=   -1 dz=   +0 conf=255 lat=3359 us  (in=36 pub=0)
[bridge] seq=55  dx=   +0 dy=   -1 dz=   +0 conf=255 lat=5563 us  (in=55 pub=0)
[bridge] seq=58  dx=   +1 dy=   +0 dz=   +0 conf=255 lat=4151 us  (in=58 pub=0)
[bridge_recv] seq=60 stamp=2.311000000 data_crc=0x57e5e985 size=921600
[bridge] seq=60  dx=   +0 dy=   +0 dz=   +0 conf=255 lat=3715 us  (in=60 pub=0)
[bridge] seq=82  dx=   +0 dy=   +1 dz=   +0 conf=255 lat=2357 us  (in=82 pub=0)
[bridge_recv] seq=90 stamp=3.301000000 data_crc=0x18474420 size=921600
[bridge] seq=90  dx=   +0 dy=   +0 dz=   +0 conf=255 lat=3807 us  (in=90 pub=0)
[bridge] seq=91  dx=   +5 dy=   -3 dz=   +0 conf=255 lat=4097 us  (in=91 pub=0)
[bridge] seq=92  dx=  +15 dy=  -23 dz=   +0 conf=255 lat=4070 us  (in=92 pub=0)
[bridge] seq=93  dx=  +36 dy=  -31 dz=   +0 conf=255 lat=3429 us  (in=93 pub=0)
[bridge] seq=94  dx=  +54 dy=  -58 dz=   +0 conf=255 lat=2482 us  (in=94 pub=0)
[bridge] seq=95  dx=  +43 dy=  -40 dz=   +0 conf=255 lat=2417 us  (in=95 pub=0)
[bridge] seq=96  dx=  +45 dy=  -40 dz=   +0 conf=255 lat=3796 us  (in=96 pub=0)
[bridge] seq=97  dx=  +19 dy=  -27 dz=   +0 conf=255 lat=3696 us  (in=97 pub=0)
[bridge] seq=98  dx=  +11 dy=  -18 dz=   +0 conf=255 lat=2407 us  (in=98 pub=0)
[bridge] seq=99  dx=   -4 dy=  -10 dz=   +0 conf=255 lat=3873 us  (in=99 pub=0)
[bridge] seq=100  dx=  -18 dy=   -4 dz=   +0 conf=255 lat=3924 us  (in=100 pub=0)
[bridge] seq=101  dx=   -4 dy=   -4 dz=   +0 conf=255 lat=2357 us  (in=101 pub=0)
[bridge] seq=102  dx=  -17 dy=   -7 dz=   +0 conf=255 lat=2300 us  (in=102 pub=0)
[bridge] seq=103  dx=  -20 dy=   -5 dz=   +0 conf=255 lat=2447 us  (in=103 pub=0)
[bridge] seq=104  dx=  -21 dy=   +8 dz=   +0 conf=255 lat=2429 us  (in=104 pub=0)
[bridge] seq=105  dx=  -23 dy=   +7 dz=   +0 conf=255 lat=4010 us  (in=105 pub=0)
[bridge] seq=106  dx=  -20 dy=  +17 dz=   +0 conf=255 lat=2357 us  (in=106 pub=0)
[bridge] seq=107  dx=  -23 dy=   +7 dz=   +0 conf=255 lat=2243 us  (in=107 pub=0)
[bridge] seq=108  dx=  -26 dy=  +13 dz=   +0 conf=255 lat=3930 us  (in=108 pub=0)
[bridge] seq=109  dx=  -19 dy=   +5 dz=   +0 conf=255 lat=2254 us  (in=109 pub=0)
[bridge] seq=110  dx=  -17 dy=  +12 dz=   +0 conf=255 lat=3689 us  (in=110 pub=0)
[bridge] seq=111  dx=  -14 dy=   +8 dz=   +0 conf=255 lat=2464 us  (in=111 pub=0)
[bridge] seq=112  dx=  -13 dy=  +18 dz=   +0 conf=255 lat=3288 us  (in=112 pub=0)
[bridge] seq=113  dx=   -7 dy=  +13 dz=   +0 conf=255 lat=3384 us  (in=113 pub=0)
[bridge] seq=114  dx=  -12 dy=   +9 dz=   +0 conf=255 lat=4165 us  (in=114 pub=0)
[bridge] seq=115  dx=   +7 dy=  +14 dz=   +0 conf=255 lat=3961 us  (in=115 pub=0)
[bridge] seq=116  dx=   -9 dy=  +16 dz=   +0 conf=255 lat=3872 us  (in=116 pub=0)
[bridge] seq=117  dx=   -3 dy=   +8 dz=   +0 conf=255 lat=3819 us  (in=117 pub=0)
[bridge] seq=118  dx=   -9 dy=  +12 dz=   +0 conf=255 lat=4221 us  (in=118 pub=0)
[bridge] seq=119  dx=   -5 dy=   +6 dz=   +0 conf=255 lat=2596 us  (in=119 pub=0)
[bridge_recv] seq=120 stamp=4.291000000 data_crc=0x36494bd7 size=921600
[bridge] seq=120  dx=  -10 dy=  +13 dz=   +0 conf=255 lat=3934 us  (in=120 pub=0)
[bridge] seq=121  dx=  +11 dy=  +11 dz=   +0 conf=255 lat=2626 us  (in=121 pub=0)
[bridge] seq=122  dx=   +4 dy=  +12 dz=   +0 conf=255 lat=2573 us  (in=122 pub=0)
[bridge] seq=123  dx=   +7 dy=   +9 dz=   +0 conf=255 lat=3949 us  (in=123 pub=0)
[bridge] seq=125  dx=-29224 dy= +239 dz=+133333 conf=0 lat=2823 us  (in=125 pub=0)
[bridge] seq=127  dx=+1496 dy=-2013 dz=+118749 conf=58 lat=2533 us  (in=127 pub=0)
[bridge] seq=128  dx= +558 dy=-1843 dz=+129166 conf=67 lat=2633 us  (in=128 pub=0)
[bridge] seq=129  dx= +525 dy=-2082 dz=+102083 conf=55 lat=3864 us  (in=129 pub=0)
[bridge] seq=130  dx=+1737 dy= -999 dz=+102083 conf=63 lat=4115 us  (in=130 pub=0)
[bridge] seq=131  dx=+1462 dy=-1306 dz=+91666 conf=48 lat=8000 us  (in=131 pub=0)
[bridge] seq=132  dx=+1329 dy=-1069 dz=+81250 conf=60 lat=3769 us  (in=132 pub=0)
[bridge] seq=133  dx=+2197 dy= +450 dz=+64583 conf=62 lat=4269 us  (in=133 pub=0)
[bridge] seq=134  dx= +541 dy=+1936 dz=+81250 conf=62 lat=4082 us  (in=134 pub=0)
[bridge] seq=135  dx=+1995 dy= +663 dz=+74999 conf=58 lat=7881 us  (in=135 pub=0)
[bridge] seq=136  dx= +336 dy=+2182 dz=+68749 conf=72 lat=2647 us  (in=136 pub=0)
[bridge] seq=137  dx= +307 dy= -750 dz=+47916 conf=55 lat=4025 us  (in=137 pub=0)
[bridge] seq=138  dx= +228 dy= -738 dz=+47916 conf=56 lat=2670 us  (in=138 pub=0)
[bridge] seq=139  dx=+1238 dy= +324 dz=+58333 conf=73 lat=4124 us  (in=139 pub=0)
[bridge] seq=140  dx= -694 dy= +524 dz=+58333 conf=57 lat=5038 us  (in=140 pub=0)
[bridge] seq=141  dx= +835 dy= +441 dz=+31250 conf=85 lat=5441 us  (in=141 pub=0)
[bridge] seq=142  dx= +699 dy= +518 dz=+41666 conf=80 lat=3713 us  (in=142 pub=0)
[bridge] seq=143  dx= +751 dy= +434 dz=+20833 conf=87 lat=4083 us  (in=143 pub=0)
[bridge] seq=144  dx= +608 dy= +442 dz=+31250 conf=69 lat=4024 us  (in=144 pub=0)
[bridge] seq=145  dx= +622 dy= +351 dz=+37499 conf=71 lat=6387 us  (in=145 pub=0)
[bridge] seq=146  dx= +463 dy= -375 dz=+37499 conf=70 lat=5699 us  (in=146 pub=0)
[bridge] seq=147  dx= +527 dy= +270 dz=+37499 conf=71 lat=4085 us  (in=147 pub=0)
[bridge] seq=148  dx= +386 dy= -531 dz=+37499 conf=66 lat=4386 us  (in=148 pub=0)
[bridge] seq=149  dx= +332 dy= -510 dz=+37499 conf=72 lat=4172 us  (in=149 pub=0)
[bridge_recv] seq=150 stamp=5.281000000 data_crc=0x8bd5017d size=921600
[bridge] seq=150  dx= +368 dy= -492 dz=+37499 conf=76 lat=4104 us  (in=150 pub=0)
[bridge] seq=151  dx= +432 dy= -461 dz=+37499 conf=76 lat=2571 us  (in=151 pub=0)
[bridge] seq=152  dx= +410 dy= -483 dz=+37499 conf=78 lat=2764 us  (in=152 pub=0)
[bridge] seq=153  dx= -361 dy= -413 dz=+37499 conf=93 lat=4100 us  (in=153 pub=0)
[bridge] seq=154  dx= +439 dy= -482 dz=+37499 conf=80 lat=4042 us  (in=154 pub=0)
[bridge] seq=155  dx= +234 dy= -502 dz=+37499 conf=79 lat=4113 us  (in=155 pub=0)
[bridge] seq=156  dx= +372 dy= -388 dz=+37499 conf=94 lat=4993 us  (in=156 pub=0)
[bridge] seq=157  dx= -363 dy= -460 dz=+37499 conf=92 lat=4086 us  (in=157 pub=0)
[bridge] seq=158  dx= -326 dy= -426 dz=+37499 conf=106 lat=4165 us  (in=158 pub=0)
[bridge] seq=159  dx= -283 dy= -416 dz=+37499 conf=118 lat=4157 us  (in=159 pub=0)
[bridge] seq=160  dx= -245 dy= -392 dz=+37499 conf=132 lat=4863 us  (in=160 pub=0)
[bridge] seq=161  dx= -199 dy= -376 dz=+37499 conf=146 lat=3975 us  (in=161 pub=0)
[bridge] seq=162  dx= -263 dy= -371 dz=+37499 conf=146 lat=3785 us  (in=162 pub=0)
[bridge] seq=163  dx= -174 dy= -348 dz=+37499 conf=181 lat=4218 us  (in=163 pub=0)
[bridge] seq=164  dx= -170 dy= -280 dz=+20833 conf=232 lat=4230 us  (in=164 pub=0)
[bridge] seq=165  dx= -107 dy= -256 dz=+10416 conf=255 lat=3721 us  (in=165 pub=0)
[bridge] seq=166  dx=  -78 dy= -230 dz=   +0 conf=255 lat=2662 us  (in=166 pub=0)
[bridge] seq=167  dx=  -79 dy= -189 dz=   +0 conf=255 lat=3618 us  (in=167 pub=0)
[bridge] seq=168  dx= +102 dy= -193 dz=   +0 conf=255 lat=4011 us  (in=168 pub=0)
[bridge] seq=169  dx=  +68 dy= -179 dz=   +0 conf=255 lat=4073 us  (in=169 pub=0)
[bridge] seq=170  dx=  +92 dy= -128 dz=   +0 conf=255 lat=3939 us  (in=170 pub=0)
[bridge] seq=171  dx=  +74 dy= -122 dz=   +0 conf=255 lat=2633 us  (in=171 pub=0)
[bridge] seq=172  dx=  +77 dy=  -78 dz=   +0 conf=255 lat=4011 us  (in=172 pub=0)
[bridge] seq=173  dx=  +55 dy=  -74 dz=   +0 conf=255 lat=3851 us  (in=173 pub=0)
[bridge] seq=174  dx=  +30 dy=  -71 dz=   +0 conf=255 lat=4092 us  (in=174 pub=0)
[bridge] seq=175  dx=  +37 dy=  -53 dz=   +0 conf=255 lat=3706 us  (in=175 pub=0)
[bridge] seq=176  dx=  +46 dy=  -47 dz=   +0 conf=255 lat=3819 us  (in=176 pub=0)
[bridge] seq=177  dx=  +39 dy=  -44 dz=   +0 conf=255 lat=6185 us  (in=177 pub=0)
[bridge] seq=178  dx=  +22 dy=  -45 dz=   +0 conf=255 lat=3766 us  (in=178 pub=0)
[bridge] seq=179  dx=  +16 dy=  -27 dz=   +0 conf=255 lat=3854 us  (in=179 pub=0)
[bridge_recv] seq=180 stamp=6.271000000 data_crc=0xeeb4c20b size=921600
[bridge] seq=180  dx=  +12 dy=  -16 dz=   +0 conf=255 lat=3999 us  (in=180 pub=0)
[bridge] seq=181  dx=   +9 dy=  -12 dz=   +0 conf=255 lat=2692 us  (in=181 pub=0)
[bridge] seq=182  dx=  +12 dy=   -7 dz=   +0 conf=255 lat=3648 us  (in=182 pub=0)
[bridge] seq=183  dx=  -12 dy=   +5 dz=   +0 conf=255 lat=4096 us  (in=183 pub=0)
[bridge] seq=184  dx=   +3 dy=   -4 dz=   +0 conf=255 lat=4221 us  (in=184 pub=0)
[bridge] seq=185  dx=  -12 dy=   +1 dz=   +0 conf=255 lat=3647 us  (in=185 pub=0)
[bridge] seq=186  dx=   -3 dy=   +4 dz=   +0 conf=255 lat=5217 us  (in=186 pub=0)
[bridge] seq=187  dx=   -5 dy=   +6 dz=   +0 conf=255 lat=2597 us  (in=187 pub=0)
[bridge] seq=188  dx=   +0 dy=   +3 dz=   +0 conf=255 lat=4239 us  (in=188 pub=0)
[bridge] seq=189  dx=   -6 dy=   +5 dz=   +0 conf=255 lat=4206 us  (in=189 pub=0)
[bridge] seq=190  dx=  -11 dy=   +2 dz=   +0 conf=255 lat=3733 us  (in=190 pub=0)
[bridge] seq=191  dx=  -13 dy=   +6 dz=   +0 conf=255 lat=3641 us  (in=191 pub=0)
[bridge] seq=192  dx=   -9 dy=   +8 dz=   +0 conf=255 lat=4192 us  (in=192 pub=0)
[bridge] seq=193  dx=  -12 dy=   +9 dz=   +0 conf=255 lat=3704 us  (in=193 pub=0)
[bridge] seq=194  dx=  -14 dy=   +7 dz=   +0 conf=255 lat=3865 us  (in=194 pub=0)
[bridge] seq=195  dx=   -8 dy= +113 dz=   +0 conf=255 lat=4076 us  (in=195 pub=0)
[bridge] seq=196  dx=  -99 dy= +595 dz=   +0 conf=255 lat=3686 us  (in=196 pub=0)
[bridge] seq=197  dx=  -76 dy= +536 dz=   +0 conf=255 lat=3893 us  (in=197 pub=0)
[bridge] seq=198  dx=   -8 dy= +402 dz=   +0 conf=255 lat=4010 us  (in=198 pub=0)
[bridge] seq=199  dx= +264 dy=+1365 dz=   +0 conf=255 lat=3777 us  (in=199 pub=0)
[bridge] seq=200  dx= +675 dy=+2331 dz=   +0 conf=80 lat=3846 us  (in=200 pub=0)
[bridge] seq=201  dx= +657 dy=+2033 dz=   +0 conf=80 lat=2545 us  (in=201 pub=0)
[bridge] seq=202  dx= +541 dy=+1117 dz=+10416 conf=255 lat=3981 us  (in=202 pub=0)
[bridge] seq=203  dx= +160 dy=-3357 dz=   +0 conf=80 lat=3764 us  (in=203 pub=0)
[bridge] seq=204  dx=   -8 dy=-4652 dz=   +0 conf=255 lat=3784 us  (in=204 pub=0)
[bridge] seq=205  dx= -208 dy=-5091 dz=   +0 conf=80 lat=3876 us  (in=205 pub=0)
[bridge] seq=206  dx= -330 dy=-4208 dz=   +0 conf=80 lat=2482 us  (in=206 pub=0)
[bridge] seq=207  dx= -626 dy=-3527 dz=-16666 conf=80 lat=4981 us  (in=207 pub=0)
[bridge] seq=208  dx= -773 dy=-2701 dz=   +0 conf=80 lat=3995 us  (in=208 pub=0)
[bridge] seq=209  dx= -984 dy=-1031 dz=   +0 conf=255 lat=2596 us  (in=209 pub=0)
[bridge_recv] seq=210 stamp=7.261000000 data_crc=0x736dc0a4 size=921600
[bridge] seq=210  dx=-1503 dy=+4302 dz=-16666 conf=80 lat=3851 us  (in=210 pub=0)
[bridge] seq=211  dx=-1515 dy=+5197 dz=   +0 conf=80 lat=4200 us  (in=211 pub=0)
[bridge] seq=212  dx=-1259 dy=+5513 dz=+10416 conf=80 lat=4049 us  (in=212 pub=0)
[bridge] seq=213  dx= -910 dy=+4895 dz=   +0 conf=80 lat=3984 us  (in=213 pub=0)
[bridge] seq=214  dx= +635 dy=+3024 dz=   +0 conf=80 lat=3574 us  (in=214 pub=0)
[bridge] seq=215  dx= +918 dy=+2327 dz=+16666 conf=80 lat=3785 us  (in=215 pub=0)
[bridge] seq=216  dx=+1348 dy=+1031 dz=   +0 conf=255 lat=4029 us  (in=216 pub=0)
[bridge] seq=217  dx=+2348 dy=-1483 dz=+6250 conf=80 lat=5016 us  (in=217 pub=0)
[bridge] seq=218  dx=+1928 dy=-2959 dz=   +0 conf=80 lat=3921 us  (in=218 pub=0)
[bridge] seq=219  dx=+1342 dy=-4028 dz=   +0 conf=80 lat=4100 us  (in=219 pub=0)
[bridge] seq=220  dx= +249 dy=-4049 dz=   +0 conf=80 lat=5130 us  (in=220 pub=0)
[bridge] seq=221  dx= -404 dy=-3602 dz=-10416 conf=80 lat=2553 us  (in=221 pub=0)
[bridge] seq=222  dx= -329 dy=-2621 dz=   +0 conf=80 lat=3634 us  (in=222 pub=0)
[bridge] seq=223  dx= -636 dy=-1284 dz=   +0 conf=80 lat=3625 us  (in=223 pub=0)
[bridge] seq=224  dx= -759 dy= -548 dz=   +0 conf=255 lat=4148 us  (in=224 pub=0)
[bridge] seq=225  dx= -868 dy= +162 dz=   +0 conf=255 lat=2655 us  (in=225 pub=0)
[bridge] seq=226  dx= -734 dy=+2049 dz=   +0 conf=80 lat=3894 us  (in=226 pub=0)
[bridge] seq=227  dx= -720 dy=+2468 dz=   +0 conf=80 lat=3930 us  (in=227 pub=0)
[bridge] seq=228  dx= -599 dy=+2873 dz=   +0 conf=80 lat=3961 us  (in=228 pub=0)
[bridge] seq=229  dx= -523 dy=+2536 dz=+16666 conf=80 lat=2595 us  (in=229 pub=0)
[bridge] seq=230  dx= -372 dy=+2176 dz=   +0 conf=80 lat=4039 us  (in=230 pub=0)
[bridge] seq=231  dx= -147 dy=+1864 dz=   +0 conf=80 lat=4102 us  (in=231 pub=0)
[bridge] seq=232  dx= +366 dy=+1845 dz=   +0 conf=80 lat=2713 us  (in=232 pub=0)
[bridge] seq=233  dx=-1174 dy= +979 dz=   +0 conf=255 lat=4083 us  (in=233 pub=0)
[bridge] seq=234  dx=-1141 dy= +463 dz=   +0 conf=255 lat=3663 us  (in=234 pub=0)
[bridge] seq=235  dx= -995 dy=  -28 dz=   +0 conf=255 lat=5202 us  (in=235 pub=0)
[bridge] seq=236  dx= +135 dy= -648 dz=   +0 conf=255 lat=4062 us  (in=236 pub=0)
[bridge] seq=237  dx= +573 dy=-1106 dz=   +0 conf=255 lat=3791 us  (in=237 pub=0)
[bridge] seq=238  dx= +794 dy=-1254 dz=   +0 conf=255 lat=3835 us  (in=238 pub=0)
[bridge] seq=239  dx=+1008 dy=-1375 dz=   +0 conf=255 lat=4001 us  (in=239 pub=0)
[bridge_recv] seq=240 stamp=8.251000000 data_crc=0x69430b35 size=921600
[bridge] seq=240  dx= +997 dy=-1097 dz=   +0 conf=255 lat=5216 us  (in=240 pub=0)
[bridge] seq=241  dx=+1175 dy= -446 dz=   +0 conf=255 lat=3708 us  (in=241 pub=0)
[bridge] seq=242  dx=+1377 dy= +311 dz=-10416 conf=255 lat=3889 us  (in=242 pub=0)
[bridge] seq=243  dx=+1346 dy= +440 dz=   +0 conf=255 lat=3725 us  (in=243 pub=0)
[bridge] seq=244  dx= +966 dy= +516 dz=-16666 conf=255 lat=4470 us  (in=244 pub=0)
[bridge] seq=245  dx= +606 dy= +435 dz=   +0 conf=251 lat=3952 us  (in=245 pub=0)
[bridge] seq=246  dx=  +79 dy= +315 dz=   +0 conf=255 lat=4170 us  (in=246 pub=0)
[bridge] seq=247  dx= +781 dy= -149 dz=   +0 conf=255 lat=4167 us  (in=247 pub=0)
[bridge] seq=248  dx= +586 dy= -329 dz=   +0 conf=255 lat=3840 us  (in=248 pub=0)
[bridge] seq=249  dx= +267 dy=  +41 dz=   +0 conf=255 lat=5132 us  (in=249 pub=0)
[bridge] seq=250  dx= -154 dy=  +27 dz=   +0 conf=255 lat=3935 us  (in=250 pub=0)
[bridge] seq=251  dx= -620 dy=  -12 dz=   +0 conf=255 lat=4016 us  (in=251 pub=0)
[bridge] seq=252  dx= -944 dy= -206 dz=   +0 conf=255 lat=3686 us  (in=252 pub=0)
[bridge] seq=253  dx=-1174 dy= -729 dz=   +0 conf=255 lat=3870 us  (in=253 pub=0)
[bridge] seq=254  dx=-1754 dy=-1297 dz=   +0 conf=80 lat=2527 us  (in=254 pub=0)
[bridge] seq=255  dx=-1722 dy=-1174 dz=   +0 conf=80 lat=3858 us  (in=255 pub=0)
[bridge] seq=256  dx=-1744 dy= -921 dz=   +0 conf=80 lat=4040 us  (in=256 pub=0)
[bridge] seq=257  dx=-1577 dy= +131 dz=   +0 conf=80 lat=4221 us  (in=257 pub=0)
[bridge] seq=258  dx= -767 dy= +829 dz=   +0 conf=255 lat=3640 us  (in=258 pub=0)
[bridge] seq=259  dx= -551 dy= +994 dz=   +0 conf=255 lat=2584 us  (in=259 pub=0)
[bridge] seq=260  dx= -666 dy=+1248 dz=   +0 conf=255 lat=3885 us  (in=260 pub=0)
[bridge] seq=261  dx= -867 dy=+1138 dz=   +0 conf=255 lat=4134 us  (in=261 pub=0)
[bridge] seq=262  dx= -815 dy=+1019 dz=   +0 conf=255 lat=4289 us  (in=262 pub=0)
[bridge] seq=263  dx= +317 dy=+1156 dz=   +0 conf=255 lat=3660 us  (in=263 pub=0)
[bridge] seq=264  dx= +461 dy= +857 dz=   +0 conf=255 lat=3854 us  (in=264 pub=0)
[bridge] seq=265  dx= +635 dy= -198 dz=   +0 conf=255 lat=4276 us  (in=265 pub=0)
[bridge] seq=266  dx= +875 dy=-1070 dz=   +0 conf=255 lat=2705 us  (in=266 pub=0)
[bridge] seq=267  dx= +565 dy=-1451 dz=   +0 conf=203 lat=3682 us  (in=267 pub=0)
[bridge] seq=268  dx= +244 dy=-1626 dz=+16666 conf=80 lat=3921 us  (in=268 pub=0)
[bridge] seq=269  dx= +236 dy=-1891 dz=   +0 conf=80 lat=2555 us  (in=269 pub=0)
[bridge_recv] seq=270 stamp=9.241000000 data_crc=0x69060b03 size=921600
[bridge] seq=270  dx=   +0 dy=-1691 dz=   +0 conf=80 lat=5083 us  (in=270 pub=0)
[bridge] seq=271  dx= -293 dy=-1477 dz=   +0 conf=244 lat=3651 us  (in=271 pub=0)
[bridge] seq=272  dx= -971 dy=-1186 dz=   +0 conf=255 lat=4101 us  (in=272 pub=0)
[bridge] seq=273  dx=-1569 dy= -959 dz=+10416 conf=80 lat=3506 us  (in=273 pub=0)
[bridge] seq=274  dx=-2137 dy= -545 dz=   +0 conf=80 lat=3703 us  (in=274 pub=0)
[bridge] seq=275  dx=-2611 dy= -259 dz=   +0 conf=80 lat=4020 us  (in=275 pub=0)
[bridge] seq=276  dx=-1439 dy= +563 dz=+10416 conf=80 lat=3820 us  (in=276 pub=0)
[bridge] seq=277  dx= -599 dy=+1244 dz=+10416 conf=255 lat=4001 us  (in=277 pub=0)
[bridge] seq=278  dx= +286 dy=+1873 dz=   +0 conf=80 lat=4166 us  (in=278 pub=0)
[bridge] seq=279  dx=  -92 dy=+2000 dz=   +0 conf=80 lat=2682 us  (in=279 pub=0)
[bridge] seq=280  dx= -800 dy=+1889 dz=   +0 conf=80 lat=3674 us  (in=280 pub=0)
[bridge] seq=281  dx=-1558 dy=+1823 dz=+10416 conf=80 lat=3675 us  (in=281 pub=0)
[bridge] seq=282  dx=-2792 dy=+1716 dz=   +0 conf=80 lat=3769 us  (in=282 pub=0)
[bridge] seq=283  dx=-3138 dy=+1445 dz=+27083 conf=80 lat=2745 us  (in=283 pub=0)
[bridge] seq=284  dx=-1656 dy=+1360 dz=+27083 conf=80 lat=2584 us  (in=284 pub=0)
[bridge] seq=285  dx=-1559 dy= +110 dz=+10416 conf=255 lat=3820 us  (in=285 pub=0)
[bridge] seq=286  dx=-1551 dy= +105 dz=+10416 conf=80 lat=4902 us  (in=286 pub=0)
[bridge] seq=287  dx=-2741 dy= -194 dz=   +0 conf=80 lat=3938 us  (in=287 pub=0)
[bridge] seq=288  dx=-3261 dy= -527 dz=+27083 conf=80 lat=3939 us  (in=288 pub=0)
[bridge] seq=289  dx=-4108 dy= -332 dz=+10416 conf=80 lat=2594 us  (in=289 pub=0)
[bridge] seq=290  dx=-4537 dy= -560 dz=+10416 conf=80 lat=3813 us  (in=290 pub=0)
[bridge] seq=291  dx=-4796 dy= -560 dz=+27083 conf=80 lat=4843 us  (in=291 pub=0)
[bridge] seq=292  dx=-5328 dy= -522 dz=+27083 conf=80 lat=3974 us  (in=292 pub=0)
[bridge] seq=293  dx=-5454 dy= -567 dz=+10416 conf=80 lat=3916 us  (in=293 pub=0)
[bridge] seq=294  dx=-5442 dy= -417 dz=+10416 conf=80 lat=4074 us  (in=294 pub=0)
[bridge] seq=295  dx=-5245 dy= -340 dz=   +0 conf=80 lat=3817 us  (in=295 pub=0)
[bridge] seq=296  dx=-4948 dy= -266 dz=   +0 conf=80 lat=3691 us  (in=296 pub=0)
[bridge] seq=297  dx=-4597 dy= -189 dz=+10416 conf=80 lat=2419 us  (in=297 pub=0)
[bridge] seq=298  dx=-4208 dy=  -47 dz=   +0 conf=80 lat=2533 us  (in=298 pub=0)
[bridge] seq=299  dx=-3815 dy=  -81 dz=   +0 conf=80 lat=4031 us  (in=299 pub=0)
[bridge_recv] seq=300 stamp=10.231000000 data_crc=0x66329752 size=921600
[bridge] seq=300  dx=-3308 dy=  +18 dz=   +0 conf=80 lat=5383 us  (in=300 pub=0)
[bridge] seq=301  dx=-2873 dy=  +38 dz=   +0 conf=80 lat=3931 us  (in=301 pub=0)
[bridge] seq=302  dx=-2443 dy=  +36 dz=   +0 conf=80 lat=2609 us  (in=302 pub=0)
[bridge] seq=303  dx=-1889 dy=  -57 dz=   +0 conf=80 lat=4007 us  (in=303 pub=0)
[bridge] seq=304  dx=-1400 dy=  -89 dz=   +0 conf=255 lat=3714 us  (in=304 pub=0)
[bridge] seq=305  dx=-1031 dy= -207 dz=   +0 conf=255 lat=4024 us  (in=305 pub=0)
[bridge] seq=306  dx= -745 dy= -368 dz=   +0 conf=255 lat=4115 us  (in=306 pub=0)
[bridge] seq=307  dx= -516 dy= -461 dz=+16666 conf=201 lat=4213 us  (in=307 pub=0)
[bridge] seq=308  dx= -331 dy= -491 dz=+27083 conf=196 lat=5227 us  (in=308 pub=0)
[bridge] seq=309  dx= -383 dy= -616 dz=+27083 conf=255 lat=3904 us  (in=309 pub=0)
[bridge] seq=310  dx= -324 dy= -722 dz=+10416 conf=255 lat=3927 us  (in=310 pub=0)
[bridge] seq=311  dx= -326 dy= -780 dz=+10416 conf=255 lat=3604 us  (in=311 pub=0)
[bridge] seq=312  dx= -391 dy= -847 dz=+10416 conf=255 lat=4074 us  (in=312 pub=0)
[bridge] seq=313  dx= -594 dy= -961 dz=+10416 conf=255 lat=3882 us  (in=313 pub=0)
[bridge] seq=314  dx= -733 dy= -974 dz=+10416 conf=255 lat=4776 us  (in=314 pub=0)
[bridge] seq=315  dx= -892 dy= -926 dz=   +0 conf=255 lat=4052 us  (in=315 pub=0)
[bridge] seq=316  dx=-1130 dy= -870 dz=   +0 conf=255 lat=3864 us  (in=316 pub=0)
[bridge] seq=317  dx=-1281 dy= -790 dz=   +0 conf=80 lat=4030 us  (in=317 pub=0)
[bridge] seq=318  dx=-1476 dy= -634 dz=+27083 conf=80 lat=2539 us  (in=318 pub=0)
[bridge] seq=319  dx=-1629 dy= -644 dz=+27083 conf=80 lat=2681 us  (in=319 pub=0)
[bridge] seq=320  dx=-1765 dy= -501 dz=+27083 conf=80 lat=3971 us  (in=320 pub=0)
[bridge] seq=321  dx=-1791 dy= -302 dz=   +0 conf=80 lat=4157 us  (in=321 pub=0)
[bridge] seq=322  dx=-1900 dy= -151 dz=   +0 conf=80 lat=4047 us  (in=322 pub=0)
[bridge] seq=323  dx= +508 dy= -248 dz=+10416 conf=228 lat=2602 us  (in=323 pub=0)
[bridge] seq=324  dx= -529 dy=+2068 dz=   +0 conf=80 lat=4015 us  (in=324 pub=0)
[bridge] seq=325  dx=+2777 dy=+1921 dz=   +0 conf=80 lat=2517 us  (in=325 pub=0)
[bridge] seq=326  dx=+1464 dy=+1564 dz=+27083 conf=80 lat=3969 us  (in=326 pub=0)
[bridge] seq=327  dx=+3211 dy= +775 dz=+10416 conf=80 lat=2587 us  (in=327 pub=0)
[bridge] seq=328  dx=+3359 dy= +101 dz=+10416 conf=80 lat=2530 us  (in=328 pub=0)
[bridge] seq=329  dx=+7139 dy= +202 dz=+10416 conf=80 lat=3926 us  (in=329 pub=0)
[bridge_recv] seq=330 stamp=11.221000000 data_crc=0x2dbd9bb0 size=921600
[bridge] seq=330  dx=+14400 dy= +289 dz=+27083 conf=80 lat=2519 us  (in=330 pub=0)
[bridge] seq=331  dx=+16655 dy= -198 dz=+16666 conf=80 lat=4082 us  (in=331 pub=0)
[bridge] seq=332  dx=+19202 dy= +148 dz=-216667 conf=80 lat=3748 us  (in=332 pub=0)
[bridge] seq=333  dx=+23148 dy=  +65 dz=-418749 conf=80 lat=3656 us  (in=333 pub=0)
[bridge] seq=335  dx=  -31 dy=  -41 dz=   +0 conf=80 lat=3927 us  (in=335 pub=0)
[bridge] seq=336  dx=  -34 dy=  -43 dz=   +0 conf=80 lat=3766 us  (in=336 pub=0)
[bridge] seq=337  dx=  -44 dy=  -31 dz=   +0 conf=80 lat=2882 us  (in=337 pub=0)
[bridge] seq=338  dx=  -38 dy=  -34 dz=   +0 conf=80 lat=4102 us  (in=338 pub=0)
[bridge] seq=339  dx=  -34 dy=  -34 dz=   +0 conf=80 lat=3893 us  (in=339 pub=0)
[bridge] seq=340  dx=  -21 dy=  -36 dz=   +0 conf=80 lat=3816 us  (in=340 pub=0)
[bridge] seq=341  dx=  -36 dy=  -23 dz=   +0 conf=80 lat=3825 us  (in=341 pub=0)
[bridge] seq=342  dx=  -27 dy=  -22 dz=   +0 conf=80 lat=3734 us  (in=342 pub=0)
[bridge] seq=343  dx=  -29 dy=  -27 dz=   +0 conf=80 lat=3909 us  (in=343 pub=0)
[bridge] seq=344  dx=  -54 dy=  -31 dz=   +0 conf=80 lat=3796 us  (in=344 pub=0)
[bridge] seq=345  dx=  -26 dy=  -39 dz=   +0 conf=80 lat=3743 us  (in=345 pub=0)
[bridge] seq=346  dx=  -38 dy=  -34 dz=   +0 conf=80 lat=3777 us  (in=346 pub=0)
[bridge] seq=347  dx=  -26 dy=  -26 dz=   +0 conf=80 lat=4252 us  (in=347 pub=0)
[bridge] seq=348  dx=  -18 dy=  -12 dz=   +0 conf=80 lat=3789 us  (in=348 pub=0)
[bridge] seq=349  dx=   -6 dy=  -18 dz=   +0 conf=80 lat=3748 us  (in=349 pub=0)
[bridge] seq=350  dx=  -16 dy=  -18 dz=   +0 conf=80 lat=2730 us  (in=350 pub=0)
[bridge] seq=351  dx=   +5 dy=  -11 dz=   +0 conf=80 lat=4009 us  (in=351 pub=0)
[bridge] seq=352  dx=   -5 dy=   -7 dz=   +0 conf=80 lat=2923 us  (in=352 pub=0)
[bridge] seq=353  dx=  -14 dy=  +10 dz=   +0 conf=80 lat=3818 us  (in=353 pub=0)
[bridge] seq=354  dx=   +7 dy=   +8 dz=   +0 conf=80 lat=3972 us  (in=354 pub=0)
[bridge] seq=355  dx=   -2 dy=   +3 dz=   +0 conf=80 lat=5674 us  (in=355 pub=0)
[bridge] seq=356  dx=   -2 dy=   -7 dz=   +0 conf=80 lat=3793 us  (in=356 pub=0)
[bridge] seq=357  dx=   +0 dy=   +1 dz=   +0 conf=80 lat=3744 us  (in=357 pub=0)
[bridge] seq=358  dx=   +0 dy=   +3 dz=   +0 conf=80 lat=4129 us  (in=358 pub=0)
[bridge] seq=359  dx=   +1 dy=   -2 dz=   +0 conf=80 lat=4164 us  (in=359 pub=0)
[bridge_recv] seq=360 stamp=12.211000000 data_crc=0x97bb939b size=921600
[bridge] seq=360  dx=   +2 dy=   -3 dz=   +0 conf=80 lat=3842 us  (in=360 pub=0)
[bridge] seq=361  dx=   +1 dy=   +1 dz=   +0 conf=80 lat=3734 us  (in=361 pub=0)
[bridge] seq=363  dx=   -4 dy=   +2 dz=   +0 conf=80 lat=4262 us  (in=363 pub=0)
[bridge] seq=364  dx=  -77 dy=   -9 dz=   +0 conf=80 lat=4637 us  (in=364 pub=0)
[bridge] seq=365  dx= -302 dy=   +8 dz=   +0 conf=80 lat=2720 us  (in=365 pub=0)
[bridge] seq=366  dx= -558 dy=  -71 dz=   +0 conf=80 lat=3840 us  (in=366 pub=0)
[bridge] seq=367  dx= -772 dy=  -69 dz=   +0 conf=80 lat=3882 us  (in=367 pub=0)
[bridge] seq=368  dx= -944 dy=  -12 dz=   +0 conf=80 lat=3714 us  (in=368 pub=0)
[bridge] seq=369  dx=-1207 dy=   -9 dz=   +0 conf=255 lat=4512 us  (in=369 pub=0)
[bridge] seq=370  dx=-1386 dy=  +47 dz=+10416 conf=80 lat=5145 us  (in=370 pub=0)
[bridge] seq=371  dx=-1714 dy=  -76 dz=+10416 conf=80 lat=3680 us  (in=371 pub=0)
[bridge] seq=372  dx=-1812 dy=  -48 dz=+20833 conf=80 lat=3971 us  (in=372 pub=0)
[bridge] seq=373  dx=-2309 dy= -136 dz=+10416 conf=80 lat=3733 us  (in=373 pub=0)
[bridge] seq=374  dx=-2566 dy= -167 dz=+20833 conf=80 lat=2620 us  (in=374 pub=0)
[bridge] seq=375  dx=-3696 dy=  -56 dz=+20833 conf=80 lat=4253 us  (in=375 pub=0)
[bridge] seq=376  dx=-4554 dy=   -1 dz=+52083 conf=80 lat=3918 us  (in=376 pub=0)
[bridge] seq=377  dx=-1264 dy=  +82 dz=+31250 conf=48 lat=2853 us  (in=377 pub=0)
[bridge] seq=378  dx=-11710 dy= +879 dz=+10416 conf=36 lat=2635 us  (in=378 pub=0)
[bridge] seq=379  dx=-22849 dy=+1646 dz=-504166 conf=41 lat=3788 us  (in=379 pub=0)
[bridge] seq=380  dx=-23318 dy= +422 dz=+20833 conf=70 lat=2688 us  (in=380 pub=0)
[bridge] seq=381  dx=+20815 dy=-29064 dz=+356250 conf=0 lat=3960 us  (in=381 pub=0)
[bridge] seq=382  dx=-28376 dy= +686 dz=+85417 conf=0 lat=4232 us  (in=382 pub=0)
[bridge] seq=383  dx=-29076 dy= +238 dz=+289583 conf=0 lat=3766 us  (in=383 pub=0)
[bridge] seq=384  dx=  +32 dy=  -16 dz=   +0 conf=255 lat=3926 us  (in=384 pub=0)
[bridge] seq=385  dx=  +32 dy=  +13 dz=   +0 conf=255 lat=3673 us  (in=385 pub=0)
[bridge] seq=386  dx=  +32 dy=   -9 dz=   +0 conf=255 lat=3933 us  (in=386 pub=0)
[bridge] seq=387  dx=  +34 dy=  -13 dz=   +0 conf=255 lat=4329 us  (in=387 pub=0)
[bridge] seq=388  dx=  +28 dy=  +11 dz=   +0 conf=255 lat=4046 us  (in=388 pub=0)
[bridge] seq=389  dx=  +34 dy=  -11 dz=   +0 conf=255 lat=3612 us  (in=389 pub=0)
[bridge_recv] seq=390 stamp=13.201000000 data_crc=0x29fb417e size=921600
[bridge] seq=390  dx=  +29 dy=   +4 dz=   +0 conf=255 lat=2701 us  (in=390 pub=0)
[bridge] seq=391  dx=  +37 dy=  -10 dz=   +0 conf=255 lat=4308 us  (in=391 pub=0)
[bridge] seq=392  dx=  +30 dy=   -5 dz=   +0 conf=255 lat=4034 us  (in=392 pub=0)
[bridge] seq=393  dx=  +30 dy=   -8 dz=   +0 conf=255 lat=2627 us  (in=393 pub=0)
[bridge] seq=394  dx=  +31 dy=  +12 dz=   +0 conf=255 lat=3787 us  (in=394 pub=0)
[bridge] seq=395  dx=  +29 dy=   -6 dz=   +0 conf=255 lat=2668 us  (in=395 pub=0)
[bridge] seq=396  dx=  +31 dy=   +9 dz=   +0 conf=255 lat=4250 us  (in=396 pub=0)
[bridge] seq=397  dx=  +30 dy=   +7 dz=   +0 conf=255 lat=4000 us  (in=397 pub=0)
[bridge] seq=398  dx=  +32 dy=   -9 dz=   +0 conf=255 lat=2697 us  (in=398 pub=0)
[bridge] seq=399  dx=  +30 dy=   -9 dz=   +0 conf=255 lat=2704 us  (in=399 pub=0)
[bridge] seq=400  dx=  +32 dy=   -8 dz=   +0 conf=255 lat=3599 us  (in=400 pub=0)
[bridge] seq=401  dx=  +30 dy=  -12 dz=   +0 conf=255 lat=4033 us  (in=401 pub=0)
[bridge] seq=402  dx=  +31 dy=  -13 dz=   +0 conf=255 lat=2702 us  (in=402 pub=0)
[bridge] seq=403  dx=  +26 dy=  -12 dz=   +0 conf=255 lat=3675 us  (in=403 pub=0)
[bridge] seq=404  dx=  +27 dy=   +8 dz=   +0 conf=255 lat=2616 us  (in=404 pub=0)
[bridge] seq=405  dx=  +30 dy=   +9 dz=   +0 conf=255 lat=2701 us  (in=405 pub=0)
[bridge] seq=406  dx=  +35 dy=  -13 dz=   +0 conf=255 lat=5269 us  (in=406 pub=0)
[bridge] seq=407  dx=  +26 dy=   -8 dz=   +0 conf=255 lat=3721 us  (in=407 pub=0)
[bridge] seq=408  dx=  +31 dy=  -11 dz=   +0 conf=255 lat=5362 us  (in=408 pub=0)
[bridge] seq=409  dx=  +29 dy=  -13 dz=   +0 conf=255 lat=4560 us  (in=409 pub=0)
[bridge] seq=410  dx=  +31 dy=  -12 dz=   +0 conf=255 lat=3632 us  (in=410 pub=0)
[bridge] seq=411  dx=  +29 dy=  +12 dz=   +0 conf=255 lat=2551 us  (in=411 pub=0)
[bridge] seq=412  dx=  +32 dy=  -10 dz=   +0 conf=255 lat=4276 us  (in=412 pub=0)
[bridge] seq=413  dx=  +27 dy=  +11 dz=   +0 conf=255 lat=3772 us  (in=413 pub=0)
[bridge] seq=414  dx=  +34 dy=   +9 dz=   +0 conf=255 lat=3888 us  (in=414 pub=0)
[bridge] seq=415  dx=  +33 dy=  -10 dz=   +0 conf=255 lat=3785 us  (in=415 pub=0)
[bridge] seq=416  dx=  +26 dy=   +9 dz=   +0 conf=255 lat=3770 us  (in=416 pub=0)
[bridge] seq=417  dx=  +30 dy=   +8 dz=   +0 conf=255 lat=3992 us  (in=417 pub=0)
[bridge] seq=418  dx=  +18 dy=   +7 dz=   +0 conf=255 lat=3933 us  (in=418 pub=0)
[bridge] seq=419  dx=  +22 dy=   -7 dz=   +0 conf=255 lat=3889 us  (in=419 pub=0)
[bridge_recv] seq=420 stamp=14.191000000 data_crc=0x3de0ca5c size=921600
[bridge] seq=420  dx=  +14 dy=   -8 dz=   +0 conf=255 lat=2645 us  (in=420 pub=0)
[bridge] seq=421  dx=  +11 dy=   +7 dz=   +0 conf=255 lat=3716 us  (in=421 pub=0)
[bridge] seq=422  dx=   +6 dy=   +8 dz=   +0 conf=255 lat=2688 us  (in=422 pub=0)
[bridge] seq=423  dx=   +6 dy=   +4 dz=   +0 conf=255 lat=4002 us  (in=423 pub=0)
[bridge] seq=424  dx=   +3 dy=   +1 dz=   +0 conf=255 lat=3712 us  (in=424 pub=0)
[bridge] seq=425  dx=   +3 dy=   -5 dz=   +0 conf=255 lat=3783 us  (in=425 pub=0)
[bridge] seq=426  dx=   +1 dy=   +2 dz=   +0 conf=255 lat=4063 us  (in=426 pub=0)
[bridge] seq=427  dx=   +3 dy=   -2 dz=   +0 conf=255 lat=2571 us  (in=427 pub=0)
[bridge] seq=428  dx=   +1 dy=   -1 dz=   +0 conf=255 lat=3731 us  (in=428 pub=0)
[bridge] seq=429  dx=   +1 dy=   -2 dz=   +0 conf=255 lat=3767 us  (in=429 pub=0)
[bridge] seq=430  dx=   +0 dy=   -1 dz=   +0 conf=255 lat=3716 us  (in=430 pub=0)
[bridge] seq=432  dx=   +1 dy=   -2 dz=   +0 conf=255 lat=3620 us  (in=432 pub=0)
[bridge] seq=436  dx=   +1 dy=   +0 dz=   +0 conf=255 lat=3823 us  (in=436 pub=0)
[bridge] seq=439  dx=   +1 dy=   +0 dz=   +0 conf=255 lat=5924 us  (in=439 pub=0)
[bridge] seq=440  dx=   +1 dy=   +0 dz=   +0 conf=0 lat=3289 us  (in=440 pub=0)
[bridge] seq=441  dx=   +1 dy=   +0 dz=   +0 conf=0 lat=3346 us  (in=441 pub=0)
[bridge] seq=442  dx=   +1 dy=   +0 dz=   +0 conf=0 lat=2366 us  (in=442 pub=0)
[bridge] seq=443  dx=   +1 dy=   +0 dz=   +0 conf=0 lat=2416 us  (in=443 pub=0)
[bridge] seq=444  dx=   +1 dy=   +0 dz=   +0 conf=0 lat=2496 us  (in=444 pub=0)
[bridge] seq=445  dx=   +1 dy=   +0 dz=   +0 conf=0 lat=3514 us  (in=445 pub=0)
[bridge] seq=446  dx=   +1 dy=   +0 dz=   +0 conf=0 lat=2582 us  (in=446 pub=0)
[bridge] seq=447  dx=   +1 dy=   +0 dz=   +0 conf=0 lat=2364 us  (in=447 pub=0)
[bridge] seq=448  dx=   +1 dy=   +0 dz=   +0 conf=0 lat=2307 us  (in=448 pub=0)
[bridge] seq=449  dx=   +1 dy=   +0 dz=   +0 conf=0 lat=2389 us  (in=449 pub=0)
[bridge_recv] seq=450 stamp=15.181000000 data_crc=0x4c75d868 size=921600
[bridge] seq=450  dx=   +1 dy=   +0 dz=   +0 conf=0 lat=2525 us  (in=450 pub=0)
[bridge] seq=451  dx=   +1 dy=   +0 dz=   +0 conf=0 lat=2326 us  (in=451 pub=0)
[bridge] seq=452  dx=   +1 dy=   +0 dz=   +0 conf=0 lat=2422 us  (in=452 pub=0)
[bridge] seq=453  dx=   +1 dy=   +0 dz=   +0 conf=0 lat=2472 us  (in=453 pub=0)
[bridge] seq=454  dx=   +1 dy=   +0 dz=   +0 conf=0 lat=2317 us  (in=454 pub=0)
[bridge] seq=455  dx=   +1 dy=   +0 dz=   +0 conf=0 lat=2357 us  (in=455 pub=0)
[bridge] seq=456  dx=   +1 dy=   +0 dz=   +0 conf=0 lat=2433 us  (in=456 pub=0)
[bridge] seq=457  dx=   +1 dy=   +0 dz=   +0 conf=0 lat=4005 us  (in=457 pub=0)
[bridge] seq=458  dx=   +1 dy=   +0 dz=   +0 conf=0 lat=2333 us  (in=458 pub=0)
[bridge] seq=459  dx=   +1 dy=   +0 dz=   +0 conf=0 lat=2521 us  (in=459 pub=0)
[bridge] seq=460  dx=   +1 dy=   +0 dz=   +0 conf=0 lat=3419 us  (in=460 pub=0)
[bridge] seq=461  dx=   +1 dy=   +0 dz=   +0 conf=0 lat=2435 us  (in=461 pub=0)
[bridge] seq=462  dx=   +1 dy=   +0 dz=   +0 conf=0 lat=3695 us  (in=462 pub=0)
[bridge] seq=463  dx=   +1 dy=   +0 dz=   +0 conf=0 lat=2623 us  (in=463 pub=0)
[bridge] seq=464  dx=   +1 dy=   +0 dz=   +0 conf=0 lat=3790 us  (in=464 pub=0)
[bridge] seq=465  dx=   +1 dy=   +0 dz=   +0 conf=0 lat=2496 us  (in=465 pub=0)
[bridge] seq=466  dx=   +1 dy=   +0 dz=   +0 conf=0 lat=2536 us  (in=466 pub=0)
[bridge] seq=467  dx=   +1 dy=   +0 dz=   +0 conf=0 lat=3973 us  (in=467 pub=0)
[bridge] seq=468  dx=   +1 dy=   +0 dz=   +0 conf=0 lat=2479 us  (in=468 pub=0)
[bridge] seq=469  dx=   +1 dy=   +0 dz=   +0 conf=0 lat=2447 us  (in=469 pub=0)
[bridge] seq=470  dx=   +1 dy=   +0 dz=   +0 conf=0 lat=3725 us  (in=470 pub=0)
[bridge] seq=471  dx=   +1 dy=   +0 dz=   +0 conf=0 lat=2470 us  (in=471 pub=0)
[bridge] seq=472  dx=   +1 dy=   +0 dz=   +0 conf=0 lat=3410 us  (in=472 pub=0)
[bridge] seq=473  dx=   +1 dy=   +0 dz=   +0 conf=0 lat=4039 us  (in=473 pub=0)
[bridge] seq=474  dx=   +1 dy=   +0 dz=   +0 conf=0 lat=2363 us  (in=474 pub=0)
[bridge] seq=475  dx=   +1 dy=   +0 dz=   +0 conf=0 lat=2379 us  (in=475 pub=0)
[bridge] seq=476  dx=   +1 dy=   +0 dz=   +0 conf=0 lat=2656 us  (in=476 pub=0)
[bridge] seq=477  dx=   +1 dy=   +0 dz=   +0 conf=0 lat=2379 us  (in=477 pub=0)
[bridge] seq=478  dx=   +1 dy=   +0 dz=   +0 conf=0 lat=2384 us  (in=478 pub=0)
[bridge] seq=479  dx=   +1 dy=   +0 dz=   +0 conf=0 lat=3486 us  (in=479 pub=0)
[bridge_recv] seq=480 stamp=16.171000000 data_crc=0x4c75d868 size=921600
[bridge] seq=480  dx=   +1 dy=   +0 dz=   +0 conf=0 lat=3621 us  (in=480 pub=0)
[bridge] seq=481  dx=   +1 dy=   +0 dz=   +0 conf=0 lat=2347 us  (in=481 pub=0)
[bridge] seq=482  dx=   +1 dy=   +0 dz=   +0 conf=0 lat=2373 us  (in=482 pub=0)
[bridge] seq=483  dx=   +1 dy=   +0 dz=   +0 conf=0 lat=3783 us  (in=483 pub=0)
[bridge] seq=484  dx=   +1 dy=   +0 dz=   +0 conf=0 lat=2478 us  (in=484 pub=0)
[bridge] seq=485  dx=   +1 dy=   +0 dz=   +0 conf=0 lat=2425 us  (in=485 pub=0)
[bridge] seq=486  dx=   +1 dy=   +0 dz=   +0 conf=0 lat=3409 us  (in=486 pub=0)
[bridge] seq=487  dx=   +1 dy=   +0 dz=   +0 conf=0 lat=2397 us  (in=487 pub=0)
[bridge] seq=488  dx=   +1 dy=   +0 dz=   +0 conf=0 lat=3427 us  (in=488 pub=0)
[bridge] seq=489  dx=   +1 dy=   +0 dz=   +0 conf=0 lat=2377 us  (in=489 pub=0)
[bridge] seq=490  dx=   +1 dy=   +0 dz=   +0 conf=0 lat=3887 us  (in=490 pub=0)
[bridge] seq=491  dx=   +1 dy=   +0 dz=   +0 conf=0 lat=2337 us  (in=491 pub=0)
[bridge] seq=492  dx=   +1 dy=   +0 dz=   +0 conf=0 lat=2349 us  (in=492 pub=0)
[bridge] seq=493  dx=   +1 dy=   +0 dz=   +0 conf=0 lat=3632 us  (in=493 pub=0)
[bridge] seq=494  dx=   +1 dy=   +0 dz=   +0 conf=0 lat=2356 us  (in=494 pub=0)
[bridge] seq=495  dx=   +1 dy=   +0 dz=   +0 conf=0 lat=2409 us  (in=495 pub=0)
[bridge] seq=496  dx=   +1 dy=   +0 dz=   +0 conf=0 lat=2403 us  (in=496 pub=0)
[bridge] seq=497  dx=   +1 dy=   +0 dz=   +0 conf=0 lat=3727 us  (in=497 pub=0)
[bridge] seq=498  dx=   +1 dy=   +0 dz=   +0 conf=0 lat=2435 us  (in=498 pub=0)
[bridge] seq=499  dx=   +1 dy=   +0 dz=   +0 conf=0 lat=2636 us  (in=499 pub=0)
[bridge] seq=500  dx=   +1 dy=   +0 dz=   +0 conf=0 lat=2394 us  (in=500 pub=0)
[bridge] seq=501  dx=   +1 dy=   +0 dz=   +0 conf=0 lat=4045 us  (in=501 pub=0)
[bridge] seq=502  dx=   +1 dy=   +0 dz=   +0 conf=0 lat=2362 us  (in=502 pub=0)
[bridge] seq=503  dx=   +1 dy=   +0 dz=   +0 conf=0 lat=2365 us  (in=503 pub=0)
[bridge] seq=504  dx=   +1 dy=   +0 dz=   +0 conf=0 lat=3711 us  (in=504 pub=0)
[bridge] seq=505  dx=   +1 dy=   +0 dz=   +0 conf=0 lat=2473 us  (in=505 pub=0)
[bridge] seq=506  dx=   +1 dy=   +0 dz=   +0 conf=0 lat=2604 us  (in=506 pub=0)
[bridge] seq=507  dx=   +1 dy=   +0 dz=   +0 conf=0 lat=3434 us  (in=507 pub=0)
[bridge] seq=508  dx=   +1 dy=   +0 dz=   +0 conf=0 lat=5720 us  (in=508 pub=0)
[bridge] seq=509  dx=   +1 dy=   +0 dz=   +0 conf=0 lat=2437 us  (in=509 pub=0)
[bridge_recv] seq=510 stamp=17.161000000 data_crc=0x4c75d868 size=921600
[bridge] seq=510  dx=   +1 dy=   +0 dz=   +0 conf=0 lat=3865 us  (in=510 pub=0)
[bridge] seq=511  dx=   +1 dy=   +0 dz=   +0 conf=0 lat=2367 us  (in=511 pub=0)
[bridge] seq=512  dx=   +1 dy=   +0 dz=   +0 conf=0 lat=2364 us  (in=512 pub=0)
[bridge] seq=513  dx=   +1 dy=   +0 dz=   +0 conf=0 lat=2671 us  (in=513 pub=0)
[bridge] seq=514  dx=   +1 dy=   +0 dz=   +0 conf=0 lat=2554 us  (in=514 pub=0)
[bridge] seq=515  dx=   +1 dy=   +0 dz=   +0 conf=0 lat=2400 us  (in=515 pub=0)
[bridge] seq=516  dx=   +1 dy=   +0 dz=   +0 conf=0 lat=3465 us  (in=516 pub=0)
[bridge] seq=517  dx=   +1 dy=   +0 dz=   +0 conf=0 lat=2289 us  (in=517 pub=0)
[bridge] seq=518  dx=   +1 dy=   +0 dz=   +0 conf=0 lat=2401 us  (in=518 pub=0)
[bridge] seq=519  dx=   +1 dy=   +0 dz=   +0 conf=0 lat=2556 us  (in=519 pub=0)
[bridge] seq=520  dx=   +1 dy=   +0 dz=   +0 conf=0 lat=3560 us  (in=520 pub=0)
[bridge] seq=521  dx=   +1 dy=   +0 dz=   +0 conf=0 lat=3399 us  (in=521 pub=0)
[bridge] seq=522  dx=   +1 dy=   +0 dz=   +0 conf=0 lat=2398 us  (in=522 pub=0)
[bridge] seq=523  dx=   +1 dy=   +0 dz=   +0 conf=0 lat=2343 us  (in=523 pub=0)
[bridge] seq=524  dx=   +1 dy=   +0 dz=   +0 conf=0 lat=2410 us  (in=524 pub=0)
[bridge] seq=525  dx=   +1 dy=   +0 dz=   +0 conf=0 lat=2365 us  (in=525 pub=0)
[bridge] seq=526  dx=   +1 dy=   +0 dz=   +0 conf=0 lat=3844 us  (in=526 pub=0)
[bridge] seq=527  dx=   +1 dy=   +0 dz=   +0 conf=0 lat=2472 us  (in=527 pub=0)
[bridge] seq=528  dx=   +1 dy=   +0 dz=   +0 conf=0 lat=3362 us  (in=528 pub=0)
[bridge] seq=529  dx=   +1 dy=   +0 dz=   +0 conf=0 lat=2390 us  (in=529 pub=0)
[bridge] seq=530  dx=   +1 dy=   +0 dz=   +0 conf=0 lat=2351 us  (in=530 pub=0)
[bridge] seq=531  dx=   +1 dy=   +0 dz=   +0 conf=0 lat=2554 us  (in=531 pub=0)
[bridge] seq=532  dx=   +1 dy=   +0 dz=   +0 conf=0 lat=2337 us  (in=532 pub=0)
[bridge] seq=533  dx=   +1 dy=   +0 dz=   +0 conf=0 lat=3442 us  (in=533 pub=0)
[bridge] seq=534  dx=   +1 dy=   +0 dz=   +0 conf=0 lat=3489 us  (in=534 pub=0)
[bridge] seq=535  dx=   +1 dy=   +0 dz=   +0 conf=0 lat=3997 us  (in=535 pub=0)
[bridge] seq=536  dx=   +1 dy=   +0 dz=   +0 conf=0 lat=2589 us  (in=536 pub=0)
[bridge] seq=537  dx=   +1 dy=   +0 dz=   +0 conf=0 lat=3756 us  (in=537 pub=0)
[bridge] seq=538  dx=   +1 dy=   +0 dz=   +0 conf=0 lat=3682 us  (in=538 pub=0)
[bridge] seq=539  dx=   +1 dy=   +0 dz=   +0 conf=0 lat=2388 us  (in=539 pub=0)
[bridge_recv] seq=540 stamp=18.151000000 data_crc=0x4c75d868 size=921600
[bridge] seq=540  dx=   +1 dy=   +0 dz=   +0 conf=0 lat=3662 us  (in=540 pub=0)
[bridge] seq=541  dx=   +1 dy=   +0 dz=   +0 conf=0 lat=2343 us  (in=541 pub=0)
[bridge] seq=542  dx=   +1 dy=   +0 dz=   +0 conf=0 lat=2596 us  (in=542 pub=0)
[bridge] seq=543  dx=   +1 dy=   +0 dz=   +0 conf=0 lat=2322 us  (in=543 pub=0)
[bridge] seq=544  dx=   +1 dy=   +0 dz=   +0 conf=0 lat=2447 us  (in=544 pub=0)
[bridge] seq=545  dx=   +1 dy=   +0 dz=   +0 conf=0 lat=3502 us  (in=545 pub=0)
[bridge] seq=546  dx=   +1 dy=   +0 dz=   +0 conf=0 lat=2360 us  (in=546 pub=0)
[bridge] seq=547  dx=   +1 dy=   +0 dz=   +0 conf=0 lat=2368 us  (in=547 pub=0)
[bridge] seq=548  dx=   +1 dy=   +0 dz=   +0 conf=0 lat=2306 us  (in=548 pub=0)
[bridge] seq=549  dx=   +1 dy=   +0 dz=   +0 conf=0 lat=2658 us  (in=549 pub=0)
[bridge] seq=550  dx=   +1 dy=   +0 dz=   +0 conf=0 lat=2362 us  (in=550 pub=0)
[bridge] seq=551  dx=   +1 dy=   +0 dz=   +0 conf=0 lat=2307 us  (in=551 pub=0)
[bridge] seq=552  dx=   +1 dy=   +0 dz=   +0 conf=0 lat=3655 us  (in=552 pub=0)
[bridge] seq=553  dx=   +1 dy=   +0 dz=   +0 conf=0 lat=2353 us  (in=553 pub=0)
[bridge] seq=554  dx=   +1 dy=   +0 dz=   +0 conf=0 lat=3493 us  (in=554 pub=0)
[bridge] seq=555  dx=   +1 dy=   +0 dz=   +0 conf=0 lat=2438 us  (in=555 pub=0)
[bridge] seq=556  dx=   +1 dy=   +0 dz=   +0 conf=0 lat=2356 us  (in=556 pub=0)
[bridge] seq=557  dx=   +1 dy=   +0 dz=   +0 conf=0 lat=2314 us  (in=557 pub=0)
[bridge] seq=558  dx=   +1 dy=   +0 dz=   +0 conf=0 lat=3829 us  (in=558 pub=0)
[bridge] seq=559  dx=   +1 dy=   +0 dz=   +0 conf=0 lat=3633 us  (in=559 pub=0)
[bridge] seq=560  dx=   +1 dy=   +0 dz=   +0 conf=0 lat=2583 us  (in=560 pub=0)
[bridge] seq=561  dx=   +1 dy=   +0 dz=   +0 conf=0 lat=2667 us  (in=561 pub=0)
[bridge] seq=562  dx=   +1 dy=   +0 dz=   +0 conf=0 lat=4089 us  (in=562 pub=0)
[bridge] seq=563  dx=   +1 dy=   +0 dz=   +0 conf=0 lat=3417 us  (in=563 pub=0)
[bridge] seq=564  dx=   +1 dy=   +0 dz=   +0 conf=0 lat=3750 us  (in=564 pub=0)
[bridge] seq=565  dx=   +1 dy=   +0 dz=   +0 conf=0 lat=2742 us  (in=565 pub=0)
[bridge] seq=566  dx=   +1 dy=   +0 dz=   +0 conf=0 lat=2431 us  (in=566 pub=0)
[bridge] seq=567  dx=   +1 dy=   +0 dz=   +0 conf=0 lat=2575 us  (in=567 pub=0)
[bridge] seq=568  dx=   +1 dy=   +0 dz=   +0 conf=0 lat=3671 us  (in=568 pub=0)
[bridge] seq=569  dx=   +1 dy=   +0 dz=   +0 conf=0 lat=3672 us  (in=569 pub=0)
[bridge_recv] seq=570 stamp=19.141000000 data_crc=0x4c75d868 size=921600
[bridge] seq=570  dx=   +1 dy=   +0 dz=   +0 conf=0 lat=3554 us  (in=570 pub=0)
[bridge] seq=571  dx=   +1 dy=   +0 dz=   +0 conf=0 lat=2396 us  (in=571 pub=0)
[bridge] seq=572  dx=   +1 dy=   +0 dz=   +0 conf=0 lat=2336 us  (in=572 pub=0)
[bridge] seq=573  dx=   +1 dy=   +0 dz=   +0 conf=0 lat=2499 us  (in=573 pub=0)
[bridge] seq=574  dx=   +1 dy=   +0 dz=   +0 conf=0 lat=2320 us  (in=574 pub=0)
[bridge] seq=575  dx=   +1 dy=   +0 dz=   +0 conf=0 lat=3913 us  (in=575 pub=0)
[bridge] seq=576  dx=   +1 dy=   +0 dz=   +0 conf=0 lat=3644 us  (in=576 pub=0)
[bridge] seq=577  dx=   +1 dy=   +0 dz=   +0 conf=0 lat=3633 us  (in=577 pub=0)
[bridge] seq=578  dx=   +1 dy=   +0 dz=   +0 conf=0 lat=2354 us  (in=578 pub=0)
[bridge] seq=579  dx=   +1 dy=   +0 dz=   +0 conf=0 lat=3607 us  (in=579 pub=0)
[bridge] seq=580  dx=   +1 dy=   +0 dz=   +0 conf=0 lat=2472 us  (in=580 pub=0)
[bridge] seq=581  dx=   +1 dy=   +0 dz=   +0 conf=0 lat=3610 us  (in=581 pub=0)
[bridge] seq=582  dx=   +1 dy=   +0 dz=   +0 conf=0 lat=2566 us  (in=582 pub=0)
[bridge] seq=583  dx=   +1 dy=   +0 dz=   +0 conf=0 lat=2457 us  (in=583 pub=0)
[bridge] seq=584  dx=   +1 dy=   +0 dz=   +0 conf=0 lat=3896 us  (in=584 pub=0)
[bridge] seq=585  dx=   +1 dy=   +0 dz=   +0 conf=0 lat=2347 us  (in=585 pub=0)
[bridge] seq=586  dx=   +1 dy=   +0 dz=   +0 conf=0 lat=2389 us  (in=586 pub=0)
[bridge] seq=587  dx=   +1 dy=   +0 dz=   +0 conf=0 lat=2360 us  (in=587 pub=0)
[bridge] seq=588  dx=   +1 dy=   +0 dz=   +0 conf=0 lat=3764 us  (in=588 pub=0)
[bridge] seq=589  dx=   +1 dy=   +0 dz=   +0 conf=0 lat=3675 us  (in=589 pub=0)
[bridge] seq=590  dx=   +1 dy=   +0 dz=   +0 conf=0 lat=3808 us  (in=590 pub=0)
[bridge] seq=591  dx=   +1 dy=   +0 dz=   +0 conf=0 lat=2357 us  (in=591 pub=0)
[bridge] seq=592  dx=   +1 dy=   +0 dz=   +0 conf=0 lat=3705 us  (in=592 pub=0)
[bridge] seq=593  dx=   +1 dy=   +0 dz=   +0 conf=0 lat=3426 us  (in=593 pub=0)
[bridge] seq=594  dx=   +1 dy=   +0 dz=   +0 conf=0 lat=2358 us  (in=594 pub=0)
[bridge] seq=595  dx=   +1 dy=   +0 dz=   +0 conf=0 lat=2512 us  (in=595 pub=0)
[bridge] seq=596  dx=   +1 dy=   +0 dz=   +0 conf=0 lat=2429 us  (in=596 pub=0)
[bridge] seq=597  dx=   +1 dy=   +0 dz=   +0 conf=0 lat=2369 us  (in=597 pub=0)
[bridge] seq=598  dx=   +1 dy=   +0 dz=   +0 conf=0 lat=3821 us  (in=598 pub=0)
[bridge] seq=599  dx=   +1 dy=   +0 dz=   +0 conf=0 lat=2511 us  (in=599 pub=0)
[bridge_recv] seq=600 stamp=20.131000000 data_crc=0x4c75d868 size=921600
[bridge] seq=600  dx=   +1 dy=   +0 dz=   +0 conf=0 lat=3531 us  (in=600 pub=0)
[bridge] seq=601  dx=   +1 dy=   +0 dz=   +0 conf=0 lat=2432 us  (in=601 pub=0)
[bridge] seq=602  dx=   +1 dy=   +0 dz=   +0 conf=0 lat=3432 us  (in=602 pub=0)
[bridge] seq=603  dx=   +1 dy=   +0 dz=   +0 conf=0 lat=3414 us  (in=603 pub=0)
[bridge] seq=604  dx=   +1 dy=   +0 dz=   +0 conf=0 lat=2353 us  (in=604 pub=0)
[bridge] seq=605  dx=   +1 dy=   +0 dz=   +0 conf=0 lat=2310 us  (in=605 pub=0)
[bridge] seq=606  dx=   +1 dy=   +0 dz=   +0 conf=0 lat=2380 us  (in=606 pub=0)
[bridge] seq=607  dx=   +1 dy=   +0 dz=   +0 conf=0 lat=3727 us  (in=607 pub=0)
[bridge] seq=608  dx=   +1 dy=   +0 dz=   +0 conf=0 lat=2529 us  (in=608 pub=0)
[bridge] seq=609  dx=   +1 dy=   +0 dz=   +0 conf=0 lat=2373 us  (in=609 pub=0)
[bridge] seq=610  dx=   +1 dy=   +0 dz=   +0 conf=0 lat=2504 us  (in=610 pub=0)
[bridge] seq=611  dx=   +1 dy=   +0 dz=   +0 conf=0 lat=2467 us  (in=611 pub=0)
[bridge] seq=612  dx=   +1 dy=   +0 dz=   +0 conf=0 lat=3401 us  (in=612 pub=0)
[bridge] seq=613  dx=   +1 dy=   +0 dz=   +0 conf=0 lat=3642 us  (in=613 pub=0)
[bridge] seq=614  dx=   +1 dy=   +0 dz=   +0 conf=0 lat=2357 us  (in=614 pub=0)
[bridge] seq=615  dx=   +1 dy=   +0 dz=   +0 conf=0 lat=2638 us  (in=615 pub=0)
[bridge] seq=616  dx=   +1 dy=   +0 dz=   +0 conf=0 lat=3547 us  (in=616 pub=0)
[bridge] seq=617  dx=   +1 dy=   +0 dz=   +0 conf=0 lat=3633 us  (in=617 pub=0)
[bridge] seq=618  dx=   +1 dy=   +0 dz=   +0 conf=0 lat=2445 us  (in=618 pub=0)
[bridge] seq=619  dx=   +1 dy=   +0 dz=   +0 conf=0 lat=3697 us  (in=619 pub=0)
[bridge] seq=620  dx=   +1 dy=   +0 dz=   +0 conf=0 lat=3875 us  (in=620 pub=0)
[bridge] seq=621  dx=   +1 dy=   +0 dz=   +0 conf=0 lat=2325 us  (in=621 pub=0)
[bridge] seq=622  dx=   +1 dy=   +0 dz=   +0 conf=0 lat=2724 us  (in=622 pub=0)
[bridge] seq=623  dx=   +1 dy=   +0 dz=   +0 conf=0 lat=3495 us  (in=623 pub=0)
[bridge] seq=624  dx=   +1 dy=   +0 dz=   +0 conf=0 lat=2348 us  (in=624 pub=0)
[bridge] seq=625  dx=   +1 dy=   +0 dz=   +0 conf=0 lat=2331 us  (in=625 pub=0)
[bridge] seq=626  dx=   +1 dy=   +0 dz=   +0 conf=0 lat=3625 us  (in=626 pub=0)
[bridge] seq=627  dx=   +1 dy=   +0 dz=   +0 conf=0 lat=3677 us  (in=627 pub=0)
[bridge] seq=628  dx=   +1 dy=   +0 dz=   +0 conf=0 lat=3968 us  (in=628 pub=0)
[bridge] seq=629  dx=   +1 dy=   +0 dz=   +0 conf=0 lat=3459 us  (in=629 pub=0)
[bridge_recv] seq=630 stamp=21.121000000 data_crc=0x4c75d868 size=921600
[bridge] seq=630  dx=   +1 dy=   +0 dz=   +0 conf=0 lat=2347 us  (in=630 pub=0)
[bridge] seq=631  dx=   +1 dy=   +0 dz=   +0 conf=0 lat=2401 us  (in=631 pub=0)
[bridge] seq=632  dx=   +1 dy=   +0 dz=   +0 conf=0 lat=2541 us  (in=632 pub=0)
[bridge] seq=633  dx=   +1 dy=   +0 dz=   +0 conf=0 lat=3416 us  (in=633 pub=0)
[bridge] seq=634  dx=   +1 dy=   +0 dz=   +0 conf=0 lat=2679 us  (in=634 pub=0)
[bridge] seq=635  dx=   +1 dy=   +0 dz=   +0 conf=0 lat=2703 us  (in=635 pub=0)
[bridge] seq=636  dx=   +1 dy=   +0 dz=   +0 conf=0 lat=3584 us  (in=636 pub=0)
[bridge] seq=637  dx=   +1 dy=   +0 dz=   +0 conf=0 lat=3461 us  (in=637 pub=0)
[bridge] seq=638  dx=   +1 dy=   +0 dz=   +0 conf=0 lat=3403 us  (in=638 pub=0)
[bridge] seq=639  dx=   +1 dy=   +0 dz=   +0 conf=0 lat=2430 us  (in=639 pub=0)
[bridge] seq=640  dx=   +1 dy=   +0 dz=   +0 conf=0 lat=3454 us  (in=640 pub=0)
[bridge] seq=641  dx=   +1 dy=   +0 dz=   +0 conf=0 lat=2394 us  (in=641 pub=0)
[bridge] seq=642  dx=   +1 dy=   +0 dz=   +0 conf=0 lat=2442 us  (in=642 pub=0)
[bridge] seq=643  dx=   +1 dy=   +0 dz=   +0 conf=0 lat=2424 us  (in=643 pub=0)
[bridge] seq=644  dx=   +1 dy=   +0 dz=   +0 conf=0 lat=2584 us  (in=644 pub=0)
[bridge] seq=645  dx=   +1 dy=   +0 dz=   +0 conf=0 lat=2424 us  (in=645 pub=0)
[bridge] seq=646  dx=   +1 dy=   +0 dz=   +0 conf=0 lat=2499 us  (in=646 pub=0)
[bridge] seq=647  dx=   +1 dy=   +0 dz=   +0 conf=0 lat=2678 us  (in=647 pub=0)
[bridge] seq=648  dx=   +1 dy=   +0 dz=   +0 conf=0 lat=3776 us  (in=648 pub=0)
[bridge] seq=649  dx=   +1 dy=   +0 dz=   +0 conf=0 lat=3774 us  (in=649 pub=0)
[bridge] seq=650  dx=   +1 dy=   +0 dz=   +0 conf=0 lat=2355 us  (in=650 pub=0)
[bridge] seq=651  dx=   +1 dy=   +0 dz=   +0 conf=0 lat=3571 us  (in=651 pub=0)
[bridge] seq=652  dx=   +1 dy=   +0 dz=   +0 conf=0 lat=2383 us  (in=652 pub=0)
[bridge] seq=653  dx=   +1 dy=   +0 dz=   +0 conf=0 lat=4027 us  (in=653 pub=0)
[bridge] seq=654  dx=   +1 dy=   +0 dz=   +0 conf=0 lat=2417 us  (in=654 pub=0)
[bridge] seq=655  dx=   +1 dy=   +0 dz=   +0 conf=0 lat=3771 us  (in=655 pub=0)
[bridge] seq=656  dx=   +1 dy=   +0 dz=   +0 conf=0 lat=2741 us  (in=656 pub=0)
[bridge] seq=657  dx=   +1 dy=   +0 dz=   +0 conf=0 lat=3415 us  (in=657 pub=0)
[bridge] seq=658  dx=   +1 dy=   +0 dz=   +0 conf=0 lat=2547 us  (in=658 pub=0)
[bridge] seq=659  dx=   +1 dy=   +0 dz=   +0 conf=0 lat=2467 us  (in=659 pub=0)
[bridge_recv] seq=660 stamp=22.111000000 data_crc=0x4c75d868 size=921600
[bridge] seq=660  dx=   +1 dy=   +0 dz=   +0 conf=0 lat=2528 us  (in=660 pub=0)
[bridge] seq=661  dx=   +1 dy=   +0 dz=   +0 conf=0 lat=2298 us  (in=661 pub=0)
[bridge] seq=662  dx=   +1 dy=   +0 dz=   +0 conf=0 lat=3821 us  (in=662 pub=0)
[bridge] seq=663  dx=   +1 dy=   +0 dz=   +0 conf=0 lat=2335 us  (in=663 pub=0)
[bridge] seq=664  dx=   +1 dy=   +0 dz=   +0 conf=0 lat=2475 us  (in=664 pub=0)
[bridge] seq=665  dx=   +1 dy=   +0 dz=   +0 conf=0 lat=3635 us  (in=665 pub=0)
[bridge] seq=666  dx=   +1 dy=   +0 dz=   +0 conf=0 lat=2560 us  (in=666 pub=0)
[bridge] seq=667  dx=   +1 dy=   +0 dz=   +0 conf=0 lat=3547 us  (in=667 pub=0)
[bridge] seq=668  dx=   +1 dy=   +0 dz=   +0 conf=0 lat=3635 us  (in=668 pub=0)
[bridge] seq=669  dx=   +1 dy=   +0 dz=   +0 conf=0 lat=3714 us  (in=669 pub=0)
[bridge] seq=670  dx=   +1 dy=   +0 dz=   +0 conf=0 lat=2491 us  (in=670 pub=0)
[bridge] seq=671  dx=   +1 dy=   +0 dz=   +0 conf=0 lat=3573 us  (in=671 pub=0)
[bridge] seq=672  dx=   +1 dy=   +0 dz=   +0 conf=0 lat=2415 us  (in=672 pub=0)
[bridge] seq=673  dx=   +1 dy=   +0 dz=   +0 conf=0 lat=3374 us  (in=673 pub=0)
[bridge] seq=674  dx=   +1 dy=   +0 dz=   +0 conf=0 lat=2567 us  (in=674 pub=0)
[bridge] seq=675  dx=   +1 dy=   +0 dz=   +0 conf=0 lat=2449 us  (in=675 pub=0)
[bridge] seq=676  dx=   +1 dy=   +0 dz=   +0 conf=0 lat=2386 us  (in=676 pub=0)
[bridge] seq=677  dx=   +1 dy=   +0 dz=   +0 conf=0 lat=3356 us  (in=677 pub=0)
[bridge] seq=678  dx=   +1 dy=   +0 dz=   +0 conf=0 lat=4024 us  (in=678 pub=0)
[bridge] seq=679  dx=   +1 dy=   +0 dz=   +0 conf=0 lat=2592 us  (in=679 pub=0)
[bridge] seq=680  dx=   +1 dy=   +0 dz=   +0 conf=0 lat=3967 us  (in=680 pub=0)
[bridge] seq=681  dx=   +1 dy=   +0 dz=   +0 conf=0 lat=2378 us  (in=681 pub=0)
[bridge] seq=682  dx=   +1 dy=   +0 dz=   +0 conf=0 lat=2731 us  (in=682 pub=0)
[bridge] seq=683  dx=   +1 dy=   +0 dz=   +0 conf=0 lat=2395 us  (in=683 pub=0)
[bridge] seq=684  dx=   +1 dy=   +0 dz=   +0 conf=0 lat=2623 us  (in=684 pub=0)
[bridge] seq=685  dx=   +1 dy=   +0 dz=   +0 conf=0 lat=2417 us  (in=685 pub=0)
[bridge] seq=686  dx=   +1 dy=   +0 dz=   +0 conf=0 lat=2573 us  (in=686 pub=0)
[bridge] seq=687  dx=   +1 dy=   +0 dz=   +0 conf=0 lat=2374 us  (in=687 pub=0)
[bridge] seq=688  dx=   +1 dy=   +0 dz=   +0 conf=0 lat=2515 us  (in=688 pub=0)
[bridge] seq=689  dx=   +1 dy=   +0 dz=   +0 conf=0 lat=2366 us  (in=689 pub=0)
[bridge_recv] seq=690 stamp=23.101000000 data_crc=0x4c75d868 size=921600
[bridge] seq=690  dx=   +1 dy=   +0 dz=   +0 conf=0 lat=2416 us  (in=690 pub=0)
[bridge] seq=691  dx=   +1 dy=   +0 dz=   +0 conf=0 lat=4080 us  (in=691 pub=0)
[bridge] seq=692  dx=   +1 dy=   +0 dz=   +0 conf=0 lat=3711 us  (in=692 pub=0)
[bridge] seq=693  dx=   +1 dy=   +0 dz=   +0 conf=0 lat=3632 us  (in=693 pub=0)
[bridge] seq=694  dx=   +1 dy=   +0 dz=   +0 conf=0 lat=2435 us  (in=694 pub=0)
[bridge] seq=695  dx=   +1 dy=   +0 dz=   +0 conf=0 lat=2436 us  (in=695 pub=0)
[bridge] seq=696  dx=   +1 dy=   +0 dz=   +0 conf=0 lat=4071 us  (in=696 pub=0)
[bridge] seq=697  dx=   +1 dy=   +0 dz=   +0 conf=0 lat=2367 us  (in=697 pub=0)
[bridge] seq=698  dx=   +1 dy=   +0 dz=   +0 conf=0 lat=2481 us  (in=698 pub=0)
[bridge] seq=699  dx=   +1 dy=   +0 dz=   +0 conf=0 lat=3725 us  (in=699 pub=0)
[bridge] seq=700  dx=   +1 dy=   +0 dz=   +0 conf=0 lat=4010 us  (in=700 pub=0)
[bridge] seq=701  dx=   +1 dy=   +0 dz=   +0 conf=0 lat=2589 us  (in=701 pub=0)
[bridge] seq=702  dx=   +1 dy=   +0 dz=   +0 conf=0 lat=3947 us  (in=702 pub=0)
[bridge] seq=703  dx=   +1 dy=   +0 dz=   +0 conf=0 lat=2366 us  (in=703 pub=0)
[bridge] seq=704  dx=   +1 dy=   +0 dz=   +0 conf=0 lat=2329 us  (in=704 pub=0)
[bridge] seq=705  dx=   +1 dy=   +0 dz=   +0 conf=0 lat=4084 us  (in=705 pub=0)
[bridge] seq=706  dx=   +1 dy=   +0 dz=   +0 conf=0 lat=2471 us  (in=706 pub=0)
[bridge] seq=707  dx=   +1 dy=   +0 dz=   +0 conf=0 lat=2354 us  (in=707 pub=0)
[bridge] seq=708  dx=   +1 dy=   +0 dz=   +0 conf=0 lat=2337 us  (in=708 pub=0)
[bridge] seq=709  dx=   +1 dy=   +0 dz=   +0 conf=0 lat=2344 us  (in=709 pub=0)
[bridge] seq=710  dx=   +1 dy=   +0 dz=   +0 conf=0 lat=2535 us  (in=710 pub=0)
[bridge] seq=711  dx=   +1 dy=   +0 dz=   +0 conf=0 lat=3829 us  (in=711 pub=0)
[bridge] seq=712  dx=   +1 dy=   +0 dz=   +0 conf=0 lat=3724 us  (in=712 pub=0)
[bridge] seq=713  dx=   +1 dy=   +0 dz=   +0 conf=0 lat=3708 us  (in=713 pub=0)
[bridge] seq=714  dx=   +1 dy=   +0 dz=   +0 conf=0 lat=2425 us  (in=714 pub=0)
[bridge] seq=715  dx=   +1 dy=   +0 dz=   +0 conf=0 lat=3785 us  (in=715 pub=0)
[bridge] seq=716  dx=   +1 dy=   +0 dz=   +0 conf=0 lat=4093 us  (in=716 pub=0)
[bridge] seq=717  dx=   +1 dy=   +0 dz=   +0 conf=0 lat=2320 us  (in=717 pub=0)
[bridge] seq=718  dx=   +1 dy=   +0 dz=   +0 conf=0 lat=2395 us  (in=718 pub=0)
[bridge] seq=719  dx=   +1 dy=   +0 dz=   +0 conf=0 lat=3648 us  (in=719 pub=0)
[bridge_recv] seq=720 stamp=24.091000000 data_crc=0x4c75d868 size=921600
[bridge] seq=720  dx=   +1 dy=   +0 dz=   +0 conf=0 lat=3732 us  (in=720 pub=0)
[bridge] seq=721  dx=   +1 dy=   +0 dz=   +0 conf=0 lat=2607 us  (in=721 pub=0)
[bridge] seq=722  dx=   +1 dy=   +0 dz=   +0 conf=0 lat=2510 us  (in=722 pub=0)
[bridge] seq=723  dx=   +1 dy=   +0 dz=   +0 conf=0 lat=2348 us  (in=723 pub=0)
[bridge] seq=724  dx=   +1 dy=   +0 dz=   +0 conf=0 lat=2371 us  (in=724 pub=0)
[bridge] seq=725  dx=   +1 dy=   +0 dz=   +0 conf=0 lat=3650 us  (in=725 pub=0)
[bridge] seq=726  dx=   +1 dy=   +0 dz=   +0 conf=0 lat=2393 us  (in=726 pub=0)
[bridge] seq=727  dx=   +1 dy=   +0 dz=   +0 conf=0 lat=2567 us  (in=727 pub=0)
[bridge] seq=728  dx=   +1 dy=   +0 dz=   +0 conf=0 lat=2385 us  (in=728 pub=0)
[bridge] seq=729  dx=   +1 dy=   +0 dz=   +0 conf=0 lat=2331 us  (in=729 pub=0)
[bridge] seq=730  dx=   +1 dy=   +0 dz=   +0 conf=0 lat=2410 us  (in=730 pub=0)
[bridge] seq=731  dx=   +1 dy=   +0 dz=   +0 conf=0 lat=2528 us  (in=731 pub=0)
[bridge] seq=732  dx=   +1 dy=   +0 dz=   +0 conf=0 lat=2371 us  (in=732 pub=0)
[bridge] seq=733  dx=   +1 dy=   +0 dz=   +0 conf=0 lat=3442 us  (in=733 pub=0)
[bridge] seq=734  dx=   +1 dy=   +0 dz=   +0 conf=0 lat=3835 us  (in=734 pub=0)
[bridge] seq=735  dx=   +1 dy=   +0 dz=   +0 conf=0 lat=3485 us  (in=735 pub=0)
[bridge] seq=736  dx=   +1 dy=   +0 dz=   +0 conf=0 lat=6338 us  (in=736 pub=0)
[bridge] seq=737  dx=   +1 dy=   +0 dz=   +0 conf=0 lat=3441 us  (in=737 pub=0)
[bridge] seq=738  dx=   +1 dy=   +0 dz=   +0 conf=0 lat=3653 us  (in=738 pub=0)
[bridge] seq=739  dx=   +1 dy=   +0 dz=   +0 conf=0 lat=2394 us  (in=739 pub=0)
[bridge] seq=740  dx=   +1 dy=   +0 dz=   +0 conf=0 lat=4047 us  (in=740 pub=0)
[bridge] seq=741  dx=   +1 dy=   +0 dz=   +0 conf=0 lat=3778 us  (in=741 pub=0)
[bridge] seq=742  dx=   +1 dy=   +0 dz=   +0 conf=0 lat=2414 us  (in=742 pub=0)
[bridge] seq=743  dx=   +1 dy=   +0 dz=   +0 conf=0 lat=3943 us  (in=743 pub=0)
[bridge] seq=744  dx=   +1 dy=   +0 dz=   +0 conf=0 lat=3809 us  (in=744 pub=0)
[bridge] seq=745  dx=   +1 dy=   +0 dz=   +0 conf=0 lat=2350 us  (in=745 pub=0)
[bridge] seq=746  dx=   +1 dy=   +0 dz=   +0 conf=0 lat=2443 us  (in=746 pub=0)
[bridge] seq=747  dx=   +1 dy=   +0 dz=   +0 conf=0 lat=4326 us  (in=747 pub=0)
[bridge] seq=748  dx=   +1 dy=   +0 dz=   +0 conf=0 lat=3677 us  (in=748 pub=0)
[bridge] seq=749  dx=   +1 dy=   +0 dz=   +0 conf=0 lat=2443 us  (in=749 pub=0)
[bridge_recv] seq=750 stamp=25.081000000 data_crc=0x4c75d868 size=921600
[bridge] seq=750  dx=   +1 dy=   +0 dz=   +0 conf=0 lat=4111 us  (in=750 pub=0)
[bridge] seq=751  dx=   +1 dy=   +0 dz=   +0 conf=0 lat=3945 us  (in=751 pub=0)
[bridge] seq=752  dx=   +1 dy=   +0 dz=   +0 conf=0 lat=2316 us  (in=752 pub=0)
[bridge] seq=753  dx=   +1 dy=   +0 dz=   +0 conf=0 lat=2362 us  (in=753 pub=0)
[bridge] seq=754  dx=   +1 dy=   +0 dz=   +0 conf=0 lat=2402 us  (in=754 pub=0)
[bridge] seq=755  dx=   +1 dy=   +0 dz=   +0 conf=0 lat=2583 us  (in=755 pub=0)
[bridge] seq=756  dx=   +1 dy=   +0 dz=   +0 conf=0 lat=2480 us  (in=756 pub=0)
[bridge] seq=757  dx=   +1 dy=   +0 dz=   +0 conf=0 lat=5497 us  (in=757 pub=0)
[bridge] seq=758  dx=   +1 dy=   +0 dz=   +0 conf=0 lat=3914 us  (in=758 pub=0)
[bridge] seq=759  dx=   +1 dy=   +0 dz=   +0 conf=0 lat=3414 us  (in=759 pub=0)
[bridge] seq=760  dx=   +1 dy=   +0 dz=   +0 conf=0 lat=2425 us  (in=760 pub=0)
[bridge] seq=761  dx=   +1 dy=   +0 dz=   +0 conf=0 lat=2378 us  (in=761 pub=0)
[bridge] seq=762  dx=   +1 dy=   +0 dz=   +0 conf=0 lat=3744 us  (in=762 pub=0)
[bridge] seq=763  dx=   +1 dy=   +0 dz=   +0 conf=0 lat=3441 us  (in=763 pub=0)
[bridge] seq=764  dx=   +1 dy=   +0 dz=   +0 conf=0 lat=3698 us  (in=764 pub=0)
[bridge] seq=765  dx=   +1 dy=   +0 dz=   +0 conf=0 lat=4475 us  (in=765 pub=0)
[bridge] seq=766  dx=   +1 dy=   +0 dz=   +0 conf=0 lat=2487 us  (in=766 pub=0)
[bridge] seq=767  dx=   +1 dy=   +0 dz=   +0 conf=0 lat=3793 us  (in=767 pub=0)
[bridge] seq=768  dx=   +1 dy=   +0 dz=   +0 conf=0 lat=4052 us  (in=768 pub=0)
[bridge] seq=769  dx=   +1 dy=   +0 dz=   +0 conf=0 lat=2429 us  (in=769 pub=0)
[bridge] seq=770  dx=   +1 dy=   +0 dz=   +0 conf=0 lat=3505 us  (in=770 pub=0)
[bridge] seq=771  dx=   +1 dy=   +0 dz=   +0 conf=0 lat=3430 us  (in=771 pub=0)
[bridge] seq=772  dx=   +1 dy=   +0 dz=   +0 conf=0 lat=2525 us  (in=772 pub=0)
[bridge] seq=773  dx=   +1 dy=   +0 dz=   +0 conf=0 lat=4419 us  (in=773 pub=0)
[bridge] seq=774  dx=   +1 dy=   +0 dz=   +0 conf=0 lat=3741 us  (in=774 pub=0)
[bridge] seq=775  dx=   +1 dy=   +0 dz=   +0 conf=0 lat=2353 us  (in=775 pub=0)
[bridge] seq=776  dx=   +1 dy=   +0 dz=   +0 conf=0 lat=3601 us  (in=776 pub=0)
[bridge] seq=777  dx=   +1 dy=   +0 dz=   +0 conf=0 lat=2471 us  (in=777 pub=0)
[bridge] seq=778  dx=   +1 dy=   +0 dz=   +0 conf=0 lat=2513 us  (in=778 pub=0)
[bridge] seq=779  dx=   +1 dy=   +0 dz=   +0 conf=0 lat=2344 us  (in=779 pub=0)
[bridge_recv] seq=780 stamp=26.071000000 data_crc=0x4c75d868 size=921600
[bridge] seq=780  dx=   +1 dy=   +0 dz=   +0 conf=0 lat=2285 us  (in=780 pub=0)
[bridge] seq=781  dx=   +1 dy=   +0 dz=   +0 conf=0 lat=2376 us  (in=781 pub=0)
[bridge] seq=782  dx=   +1 dy=   +0 dz=   +0 conf=0 lat=3884 us  (in=782 pub=0)
[bridge] seq=783  dx=   +1 dy=   +0 dz=   +0 conf=0 lat=4016 us  (in=783 pub=0)
[bridge] seq=784  dx=   +1 dy=   +0 dz=   +0 conf=0 lat=3951 us  (in=784 pub=0)
[bridge] seq=785  dx=   +1 dy=   +0 dz=   +0 conf=0 lat=3825 us  (in=785 pub=0)
[bridge] seq=786  dx=   +1 dy=   +0 dz=   +0 conf=0 lat=3666 us  (in=786 pub=0)
[bridge] seq=787  dx=   +1 dy=   +0 dz=   +0 conf=0 lat=2551 us  (in=787 pub=0)
[bridge] seq=788  dx=   +1 dy=   +0 dz=   +0 conf=0 lat=3399 us  (in=788 pub=0)
[bridge] seq=789  dx=   +1 dy=   +0 dz=   +0 conf=0 lat=3433 us  (in=789 pub=0)
[bridge] seq=790  dx=   +1 dy=   +0 dz=   +0 conf=0 lat=3445 us  (in=790 pub=0)
[bridge] seq=791  dx=   +1 dy=   +0 dz=   +0 conf=0 lat=2365 us  (in=791 pub=0)
[bridge] seq=792  dx=   +1 dy=   +0 dz=   +0 conf=0 lat=2343 us  (in=792 pub=0)
[bridge] seq=793  dx=   +1 dy=   +0 dz=   +0 conf=0 lat=3452 us  (in=793 pub=0)
[bridge] seq=794  dx=   +1 dy=   +0 dz=   +0 conf=0 lat=2386 us  (in=794 pub=0)
[bridge] seq=795  dx=   +1 dy=   +0 dz=   +0 conf=0 lat=2376 us  (in=795 pub=0)
[bridge] seq=796  dx=   +1 dy=   +0 dz=   +0 conf=0 lat=3651 us  (in=796 pub=0)
[bridge] seq=797  dx=   +1 dy=   +0 dz=   +0 conf=0 lat=2414 us  (in=797 pub=0)
[bridge] seq=798  dx=   +1 dy=   +0 dz=   +0 conf=0 lat=3815 us  (in=798 pub=0)
[bridge] seq=799  dx=   +1 dy=   +0 dz=   +0 conf=0 lat=2450 us  (in=799 pub=0)
[bridge] seq=800  dx=   +1 dy=   +0 dz=   +0 conf=0 lat=2540 us  (in=800 pub=0)
[bridge] seq=801  dx=   +1 dy=   +0 dz=   +0 conf=0 lat=2407 us  (in=801 pub=0)
[bridge] seq=802  dx=   +1 dy=   +0 dz=   +0 conf=0 lat=3664 us  (in=802 pub=0)
[bridge] seq=803  dx=   +1 dy=   +0 dz=   +0 conf=0 lat=4029 us  (in=803 pub=0)
[bridge] seq=804  dx=   +1 dy=   +0 dz=   +0 conf=0 lat=2387 us  (in=804 pub=0)
[bridge] seq=805  dx=   +1 dy=   +0 dz=   +0 conf=0 lat=3480 us  (in=805 pub=0)
[bridge] seq=806  dx=   +1 dy=   +0 dz=   +0 conf=0 lat=2494 us  (in=806 pub=0)
[bridge] seq=807  dx=   +1 dy=   +0 dz=   +0 conf=0 lat=3610 us  (in=807 pub=0)
[bridge] seq=808  dx=   +1 dy=   +0 dz=   +0 conf=0 lat=2366 us  (in=808 pub=0)
[bridge] seq=809  dx=   +1 dy=   +0 dz=   +0 conf=0 lat=2448 us  (in=809 pub=0)
[bridge_recv] seq=810 stamp=27.061000000 data_crc=0x4c75d868 size=921600
[bridge] seq=810  dx=   +1 dy=   +0 dz=   +0 conf=0 lat=2572 us  (in=810 pub=0)
[bridge] seq=811  dx=   +1 dy=   +0 dz=   +0 conf=0 lat=2387 us  (in=811 pub=0)
[bridge] seq=812  dx=   +1 dy=   +0 dz=   +0 conf=0 lat=3746 us  (in=812 pub=0)
[bridge] seq=813  dx=   +1 dy=   +0 dz=   +0 conf=0 lat=2365 us  (in=813 pub=0)
[bridge] seq=814  dx=   +1 dy=   +0 dz=   +0 conf=0 lat=2405 us  (in=814 pub=0)
[bridge] seq=815  dx=   +1 dy=   +0 dz=   +0 conf=0 lat=2363 us  (in=815 pub=0)
[bridge] seq=816  dx=   +1 dy=   +0 dz=   +0 conf=0 lat=2405 us  (in=816 pub=0)
[bridge] seq=817  dx=   +1 dy=   +0 dz=   +0 conf=0 lat=3785 us  (in=817 pub=0)
[bridge] seq=818  dx=   +1 dy=   +0 dz=   +0 conf=0 lat=2651 us  (in=818 pub=0)
[bridge] seq=819  dx=   +1 dy=   +0 dz=   +0 conf=0 lat=2411 us  (in=819 pub=0)
[bridge] seq=820  dx=   +1 dy=   +0 dz=   +0 conf=0 lat=3692 us  (in=820 pub=0)
[bridge] seq=821  dx=   +1 dy=   +0 dz=   +0 conf=0 lat=2356 us  (in=821 pub=0)
[bridge] seq=822  dx=   +1 dy=   +0 dz=   +0 conf=0 lat=3617 us  (in=822 pub=0)
[bridge] seq=823  dx=   +1 dy=   +0 dz=   +0 conf=0 lat=3491 us  (in=823 pub=0)
[bridge] seq=824  dx=   +1 dy=   +0 dz=   +0 conf=0 lat=2566 us  (in=824 pub=0)
[bridge] seq=825  dx=   +1 dy=   +0 dz=   +0 conf=0 lat=5167 us  (in=825 pub=0)
[bridge] seq=826  dx=   +1 dy=   +0 dz=   +0 conf=0 lat=2397 us  (in=826 pub=0)
[bridge] seq=827  dx=   +1 dy=   +0 dz=   +0 conf=0 lat=2307 us  (in=827 pub=0)
[bridge] seq=828  dx=   +1 dy=   +0 dz=   +0 conf=0 lat=2397 us  (in=828 pub=0)
[bridge] seq=829  dx=   +1 dy=   +0 dz=   +0 conf=0 lat=2535 us  (in=829 pub=0)
[bridge] seq=830  dx=   +1 dy=   +0 dz=   +0 conf=0 lat=2519 us  (in=830 pub=0)
[bridge] seq=831  dx=   +1 dy=   +0 dz=   +0 conf=0 lat=2397 us  (in=831 pub=0)
[bridge] seq=832  dx=   +1 dy=   +0 dz=   +0 conf=0 lat=2384 us  (in=832 pub=0)
[bridge] seq=833  dx=   +1 dy=   +0 dz=   +0 conf=0 lat=3764 us  (in=833 pub=0)
[bridge] seq=834  dx=   +1 dy=   +0 dz=   +0 conf=0 lat=2454 us  (in=834 pub=0)
[bridge] seq=835  dx=   +1 dy=   +0 dz=   +0 conf=0 lat=2438 us  (in=835 pub=0)
[bridge] seq=836  dx=   +1 dy=   +0 dz=   +0 conf=0 lat=2505 us  (in=836 pub=0)
[bridge] seq=837  dx=   +1 dy=   +0 dz=   +0 conf=0 lat=3480 us  (in=837 pub=0)
[bridge] seq=838  dx=   +1 dy=   +0 dz=   +0 conf=0 lat=2434 us  (in=838 pub=0)
[bridge] seq=839  dx=   +1 dy=   +0 dz=   +0 conf=0 lat=3510 us  (in=839 pub=0)
[bridge_recv] seq=840 stamp=28.051000000 data_crc=0x4c75d868 size=921600
[bridge] seq=840  dx=   +1 dy=   +0 dz=   +0 conf=0 lat=3938 us  (in=840 pub=0)
[bridge] seq=841  dx=   +1 dy=   +0 dz=   +0 conf=0 lat=2572 us  (in=841 pub=0)
[bridge] seq=842  dx=   +1 dy=   +0 dz=   +0 conf=0 lat=5545 us  (in=842 pub=0)
[bridge] seq=843  dx=   +1 dy=   +0 dz=   +0 conf=0 lat=2401 us  (in=843 pub=0)
[bridge] seq=844  dx=   +1 dy=   +0 dz=   +0 conf=0 lat=3435 us  (in=844 pub=0)
[bridge] seq=845  dx=   +1 dy=   +0 dz=   +0 conf=0 lat=2385 us  (in=845 pub=0)
[bridge] seq=846  dx=   +1 dy=   +0 dz=   +0 conf=0 lat=2638 us  (in=846 pub=0)
[bridge] seq=847  dx=   +1 dy=   +0 dz=   +0 conf=0 lat=2544 us  (in=847 pub=0)
[bridge] seq=848  dx=   +1 dy=   +0 dz=   +0 conf=0 lat=2397 us  (in=848 pub=0)
[bridge] seq=849  dx=   +1 dy=   +0 dz=   +0 conf=0 lat=2378 us  (in=849 pub=0)
[bridge] seq=850  dx=   +1 dy=   +0 dz=   +0 conf=0 lat=3378 us  (in=850 pub=0)
[bridge] seq=851  dx=   +1 dy=   +0 dz=   +0 conf=0 lat=2470 us  (in=851 pub=0)
[bridge] seq=852  dx=   +1 dy=   +0 dz=   +0 conf=0 lat=2422 us  (in=852 pub=0)
[bridge] seq=853  dx=   +1 dy=   +0 dz=   +0 conf=0 lat=2427 us  (in=853 pub=0)
[bridge] seq=854  dx=   +1 dy=   +0 dz=   +0 conf=0 lat=2346 us  (in=854 pub=0)
[bridge] seq=855  dx=   +1 dy=   +0 dz=   +0 conf=0 lat=2360 us  (in=855 pub=0)
[bridge] seq=856  dx=   +1 dy=   +0 dz=   +0 conf=0 lat=2360 us  (in=856 pub=0)
[bridge] seq=857  dx=   +1 dy=   +0 dz=   +0 conf=0 lat=3367 us  (in=857 pub=0)
[bridge] seq=858  dx=   +1 dy=   +0 dz=   +0 conf=0 lat=2387 us  (in=858 pub=0)
[bridge] seq=859  dx=   +1 dy=   +0 dz=   +0 conf=0 lat=3479 us  (in=859 pub=0)
[bridge] seq=860  dx=   +1 dy=   +0 dz=   +0 conf=0 lat=3578 us  (in=860 pub=0)
[bridge] seq=861  dx=   +1 dy=   +0 dz=   +0 conf=0 lat=3499 us  (in=861 pub=0)
[bridge] seq=862  dx=   +1 dy=   +0 dz=   +0 conf=0 lat=2583 us  (in=862 pub=0)
[bridge] seq=863  dx=   +1 dy=   +0 dz=   +0 conf=0 lat=4128 us  (in=863 pub=0)
[bridge] seq=864  dx=   +1 dy=   +0 dz=   +0 conf=0 lat=2422 us  (in=864 pub=0)
[bridge] seq=865  dx=   +1 dy=   +0 dz=   +0 conf=0 lat=3378 us  (in=865 pub=0)
[bridge] seq=866  dx=   +1 dy=   +0 dz=   +0 conf=0 lat=2608 us  (in=866 pub=0)
[bridge] seq=867  dx=   +1 dy=   +0 dz=   +0 conf=0 lat=2417 us  (in=867 pub=0)
[bridge] seq=868  dx=   +1 dy=   +0 dz=   +0 conf=0 lat=2526 us  (in=868 pub=0)
[bridge] seq=869  dx=   +1 dy=   +0 dz=   +0 conf=0 lat=2376 us  (in=869 pub=0)
[bridge_recv] seq=870 stamp=29.041000000 data_crc=0x4c75d868 size=921600
[bridge] seq=870  dx=   +1 dy=   +0 dz=   +0 conf=0 lat=3353 us  (in=870 pub=0)
[bridge] seq=871  dx=   +1 dy=   +0 dz=   +0 conf=0 lat=2394 us  (in=871 pub=0)
[bridge] seq=872  dx=   +1 dy=   +0 dz=   +0 conf=0 lat=2430 us  (in=872 pub=0)
[bridge] seq=873  dx=   +1 dy=   +0 dz=   +0 conf=0 lat=2459 us  (in=873 pub=0)
[bridge] seq=874  dx=   +1 dy=   +0 dz=   +0 conf=0 lat=2517 us  (in=874 pub=0)
[bridge] seq=875  dx=   +1 dy=   +0 dz=   +0 conf=0 lat=3490 us  (in=875 pub=0)
[bridge] seq=876  dx=   +1 dy=   +0 dz=   +0 conf=0 lat=2560 us  (in=876 pub=0)
[bridge] seq=877  dx=   +1 dy=   +0 dz=   +0 conf=0 lat=3733 us  (in=877 pub=0)
[bridge] seq=878  dx=   +1 dy=   +0 dz=   +0 conf=0 lat=2435 us  (in=878 pub=0)
[bridge] seq=879  dx=   +1 dy=   +0 dz=   +0 conf=0 lat=2518 us  (in=879 pub=0)
[bridge] seq=880  dx=   +1 dy=   +0 dz=   +0 conf=0 lat=3437 us  (in=880 pub=0)
[bridge] seq=881  dx=   +1 dy=   +0 dz=   +0 conf=0 lat=4115 us  (in=881 pub=0)
[bridge] seq=882  dx=   +1 dy=   +0 dz=   +0 conf=0 lat=3475 us  (in=882 pub=0)
[bridge] seq=883  dx=   +1 dy=   +0 dz=   +0 conf=0 lat=2544 us  (in=883 pub=0)
[bridge] seq=884  dx=   +1 dy=   +0 dz=   +0 conf=0 lat=3383 us  (in=884 pub=0)
[bridge] seq=885  dx=   +1 dy=   +0 dz=   +0 conf=0 lat=2385 us  (in=885 pub=0)
[bridge] seq=886  dx=   +1 dy=   +0 dz=   +0 conf=0 lat=3911 us  (in=886 pub=0)
[bridge] seq=887  dx=   +1 dy=   +0 dz=   +0 conf=0 lat=2405 us  (in=887 pub=0)
[bridge] seq=888  dx=   +1 dy=   +0 dz=   +0 conf=0 lat=3668 us  (in=888 pub=0)
[bridge] seq=889  dx=   +1 dy=   +0 dz=   +0 conf=0 lat=2595 us  (in=889 pub=0)
[bridge] seq=890  dx=   +1 dy=   +0 dz=   +0 conf=0 lat=2412 us  (in=890 pub=0)
[bridge] seq=891  dx=   +1 dy=   +0 dz=   +0 conf=0 lat=2414 us  (in=891 pub=0)
[bridge] seq=892  dx=   +1 dy=   +0 dz=   +0 conf=0 lat=2420 us  (in=892 pub=0)
[bridge] seq=893  dx=   +1 dy=   +0 dz=   +0 conf=0 lat=3754 us  (in=893 pub=0)
[bridge] seq=894  dx=   +1 dy=   +0 dz=   +0 conf=0 lat=2457 us  (in=894 pub=0)
[bridge] seq=895  dx=   +1 dy=   +0 dz=   +0 conf=0 lat=3907 us  (in=895 pub=0)
[bridge] seq=896  dx=   +1 dy=   +0 dz=   +0 conf=0 lat=2524 us  (in=896 pub=0)
[bridge] seq=897  dx=   +1 dy=   +0 dz=   +0 conf=0 lat=2361 us  (in=897 pub=0)
[bridge] seq=898  dx=   +1 dy=   +0 dz=   +0 conf=0 lat=4365 us  (in=898 pub=0)
[bridge] seq=899  dx=   +1 dy=   +0 dz=   +0 conf=0 lat=3607 us  (in=899 pub=0)
[bridge_recv] seq=900 stamp=30.031000000 data_crc=0x4c75d868 size=921600
[bridge] seq=900  dx=   +1 dy=   +0 dz=   +0 conf=0 lat=3551 us  (in=900 pub=0)
[bridge] seq=901  dx=   +1 dy=   +0 dz=   +0 conf=0 lat=3501 us  (in=901 pub=0)
[bridge] seq=902  dx=   +1 dy=   +0 dz=   +0 conf=0 lat=3822 us  (in=902 pub=0)
[bridge] seq=903  dx=   +1 dy=   +0 dz=   +0 conf=0 lat=2445 us  (in=903 pub=0)
[bridge] seq=904  dx=   +1 dy=   +0 dz=   +0 conf=0 lat=2406 us  (in=904 pub=0)
[bridge] seq=905  dx=   +1 dy=   +0 dz=   +0 conf=0 lat=3418 us  (in=905 pub=0)
[bridge] seq=906  dx=   +1 dy=   +0 dz=   +0 conf=0 lat=2412 us  (in=906 pub=0)
[bridge] seq=907  dx=   +1 dy=   +0 dz=   +0 conf=0 lat=2393 us  (in=907 pub=0)
[bridge] seq=908  dx=   +1 dy=   +0 dz=   +0 conf=0 lat=3791 us  (in=908 pub=0)
[bridge] seq=909  dx=   +1 dy=   +0 dz=   +0 conf=0 lat=3738 us  (in=909 pub=0)
[bridge] seq=910  dx=   +1 dy=   +0 dz=   +0 conf=0 lat=2409 us  (in=910 pub=0)
[bridge] seq=911  dx=   +1 dy=   +0 dz=   +0 conf=0 lat=3735 us  (in=911 pub=0)
[bridge] seq=912  dx=   +1 dy=   +0 dz=   +0 conf=0 lat=3667 us  (in=912 pub=0)
[bridge] seq=913  dx=   +1 dy=   +0 dz=   +0 conf=0 lat=2376 us  (in=913 pub=0)
[bridge] seq=914  dx=   +1 dy=   +0 dz=   +0 conf=0 lat=3822 us  (in=914 pub=0)
[bridge] seq=915  dx=   +1 dy=   +0 dz=   +0 conf=0 lat=3496 us  (in=915 pub=0)
[bridge] seq=916  dx=   +1 dy=   +0 dz=   +0 conf=0 lat=2524 us  (in=916 pub=0)
[bridge] seq=917  dx=   +1 dy=   +0 dz=   +0 conf=0 lat=2443 us  (in=917 pub=0)
[bridge] seq=918  dx=   +1 dy=   +0 dz=   +0 conf=0 lat=3612 us  (in=918 pub=0)
[bridge] seq=919  dx=   +1 dy=   +0 dz=   +0 conf=0 lat=2661 us  (in=919 pub=0)
[bridge] seq=920  dx=   +1 dy=   +0 dz=   +0 conf=0 lat=2547 us  (in=920 pub=0)
[bridge] seq=921  dx=   +1 dy=   +0 dz=   +0 conf=0 lat=3370 us  (in=921 pub=0)
[bridge] seq=922  dx=   +1 dy=   +0 dz=   +0 conf=0 lat=3407 us  (in=922 pub=0)
[bridge] seq=923  dx=   +1 dy=   +0 dz=   +0 conf=0 lat=3375 us  (in=923 pub=0)
[bridge] seq=924  dx=   +1 dy=   +0 dz=   +0 conf=0 lat=2377 us  (in=924 pub=0)
[bridge] seq=925  dx=   +1 dy=   +0 dz=   +0 conf=0 lat=2400 us  (in=925 pub=0)
[bridge] seq=926  dx=   +1 dy=   +0 dz=   +0 conf=0 lat=2536 us  (in=926 pub=0)
[bridge] seq=927  dx=   +1 dy=   +0 dz=   +0 conf=0 lat=3652 us  (in=927 pub=0)
[bridge] seq=928  dx=   +1 dy=   +0 dz=   +0 conf=0 lat=2396 us  (in=928 pub=0)
[bridge] seq=929  dx=   +1 dy=   +0 dz=   +0 conf=0 lat=2523 us  (in=929 pub=0)
[bridge_recv] seq=930 stamp=31.021000000 data_crc=0x4c75d868 size=921600
[bridge] seq=930  dx=   +1 dy=   +0 dz=   +0 conf=0 lat=3708 us  (in=930 pub=0)
[bridge] seq=931  dx=   +1 dy=   +0 dz=   +0 conf=0 lat=3878 us  (in=931 pub=0)
[bridge] seq=932  dx=   +1 dy=   +0 dz=   +0 conf=0 lat=3597 us  (in=932 pub=0)
[bridge] seq=933  dx=   +1 dy=   +0 dz=   +0 conf=0 lat=3418 us  (in=933 pub=0)
[bridge] seq=934  dx=   +1 dy=   +0 dz=   +0 conf=0 lat=3362 us  (in=934 pub=0)
[bridge] seq=935  dx=   +1 dy=   +0 dz=   +0 conf=0 lat=3535 us  (in=935 pub=0)
[bridge] seq=936  dx=   +1 dy=   +0 dz=   +0 conf=0 lat=3669 us  (in=936 pub=0)
[bridge] seq=937  dx=   +1 dy=   +0 dz=   +0 conf=0 lat=3655 us  (in=937 pub=0)
[bridge] seq=938  dx=   +1 dy=   +0 dz=   +0 conf=0 lat=4032 us  (in=938 pub=0)
[bridge] seq=939  dx=   +1 dy=   +0 dz=   +0 conf=0 lat=2354 us  (in=939 pub=0)
[bridge] seq=940  dx=   +1 dy=   +0 dz=   +0 conf=0 lat=2374 us  (in=940 pub=0)
[bridge] seq=941  dx=   +1 dy=   +0 dz=   +0 conf=0 lat=2543 us  (in=941 pub=0)
[bridge] seq=942  dx=   +1 dy=   +0 dz=   +0 conf=0 lat=2368 us  (in=942 pub=0)
[bridge] seq=943  dx=   +1 dy=   +0 dz=   +0 conf=0 lat=2397 us  (in=943 pub=0)
[bridge] seq=944  dx=   +1 dy=   +0 dz=   +0 conf=0 lat=3669 us  (in=944 pub=0)
[bridge] seq=945  dx=   +1 dy=   +0 dz=   +0 conf=0 lat=2456 us  (in=945 pub=0)
[bridge] seq=946  dx=   +1 dy=   +0 dz=   +0 conf=0 lat=3685 us  (in=946 pub=0)
[bridge] seq=947  dx=   +1 dy=   +0 dz=   +0 conf=0 lat=2356 us  (in=947 pub=0)
[bridge] seq=948  dx=   +1 dy=   +0 dz=   +0 conf=0 lat=2584 us  (in=948 pub=0)
[bridge] seq=949  dx=   +1 dy=   +0 dz=   +0 conf=0 lat=3403 us  (in=949 pub=0)
[bridge] seq=950  dx=   +1 dy=   +0 dz=   +0 conf=0 lat=2322 us  (in=950 pub=0)
[bridge] seq=951  dx=   +1 dy=   +0 dz=   +0 conf=0 lat=3540 us  (in=951 pub=0)
[bridge] seq=952  dx=   +1 dy=   +0 dz=   +0 conf=0 lat=3366 us  (in=952 pub=0)
[bridge] seq=953  dx=   +1 dy=   +0 dz=   +0 conf=0 lat=2369 us  (in=953 pub=0)
[bridge] seq=954  dx=   +1 dy=   +0 dz=   +0 conf=0 lat=2432 us  (in=954 pub=0)
[bridge] seq=955  dx=   +1 dy=   +0 dz=   +0 conf=0 lat=3488 us  (in=955 pub=0)
[bridge] seq=956  dx=   +1 dy=   +0 dz=   +0 conf=0 lat=2444 us  (in=956 pub=0)
[bridge] seq=957  dx=   +1 dy=   +0 dz=   +0 conf=0 lat=3516 us  (in=957 pub=0)
[bridge] seq=958  dx=   +1 dy=   +0 dz=   +0 conf=0 lat=3776 us  (in=958 pub=0)
[bridge] seq=959  dx=   +1 dy=   +0 dz=   +0 conf=0 lat=3856 us  (in=959 pub=0)
[bridge_recv] seq=960 stamp=32.011000000 data_crc=0x4c75d868 size=921600
[bridge] seq=960  dx=   +1 dy=   +0 dz=   +0 conf=0 lat=2462 us  (in=960 pub=0)
[bridge] seq=961  dx=   +1 dy=   +0 dz=   +0 conf=0 lat=2432 us  (in=961 pub=0)
[bridge] seq=962  dx=   +1 dy=   +0 dz=   +0 conf=0 lat=3930 us  (in=962 pub=0)
[bridge] seq=963  dx=   +1 dy=   +0 dz=   +0 conf=0 lat=2399 us  (in=963 pub=0)
[bridge] seq=964  dx=   +1 dy=   +0 dz=   +0 conf=0 lat=4108 us  (in=964 pub=0)
[bridge] seq=965  dx=   +1 dy=   +0 dz=   +0 conf=0 lat=2439 us  (in=965 pub=0)
[bridge] seq=966  dx=   +1 dy=   +0 dz=   +0 conf=0 lat=2449 us  (in=966 pub=0)
[bridge] seq=967  dx=   +1 dy=   +0 dz=   +0 conf=0 lat=2376 us  (in=967 pub=0)
[bridge] seq=968  dx=   +1 dy=   +0 dz=   +0 conf=0 lat=2362 us  (in=968 pub=0)
[bridge] seq=969  dx=   +1 dy=   +0 dz=   +0 conf=0 lat=3518 us  (in=969 pub=0)
[bridge] seq=970  dx=   +1 dy=   +0 dz=   +0 conf=0 lat=2369 us  (in=970 pub=0)
[bridge] seq=971  dx=   +1 dy=   +0 dz=   +0 conf=0 lat=2506 us  (in=971 pub=0)
[bridge] seq=972  dx=   +1 dy=   +0 dz=   +0 conf=0 lat=2372 us  (in=972 pub=0)
[bridge] seq=973  dx=   +1 dy=   +0 dz=   +0 conf=0 lat=2474 us  (in=973 pub=0)
[bridge] seq=974  dx=   +1 dy=   +0 dz=   +0 conf=0 lat=2639 us  (in=974 pub=0)
[bridge] seq=975  dx=   +1 dy=   +0 dz=   +0 conf=0 lat=2422 us  (in=975 pub=0)
[bridge] seq=976  dx=   +1 dy=   +0 dz=   +0 conf=0 lat=3887 us  (in=976 pub=0)
[bridge] seq=977  dx=   +1 dy=   +0 dz=   +0 conf=0 lat=2503 us  (in=977 pub=0)
[bridge] seq=978  dx=   +1 dy=   +0 dz=   +0 conf=0 lat=2389 us  (in=978 pub=0)
[bridge] seq=979  dx=   +1 dy=   +0 dz=   +0 conf=0 lat=2527 us  (in=979 pub=0)
[bridge] seq=980  dx=   +1 dy=   +0 dz=   +0 conf=0 lat=3852 us  (in=980 pub=0)
[bridge] seq=981  dx=   +1 dy=   +0 dz=   +0 conf=0 lat=2476 us  (in=981 pub=0)
[bridge] seq=982  dx=   +1 dy=   +0 dz=   +0 conf=0 lat=2446 us  (in=982 pub=0)
[bridge] seq=983  dx=   +1 dy=   +0 dz=   +0 conf=0 lat=3515 us  (in=983 pub=0)
[bridge] seq=984  dx=   +1 dy=   +0 dz=   +0 conf=0 lat=2317 us  (in=984 pub=0)
[bridge] seq=985  dx=   +1 dy=   +0 dz=   +0 conf=0 lat=2564 us  (in=985 pub=0)
[bridge] seq=986  dx=   +1 dy=   +0 dz=   +0 conf=0 lat=3984 us  (in=986 pub=0)
[bridge] seq=987  dx=   +1 dy=   +0 dz=   +0 conf=0 lat=3771 us  (in=987 pub=0)
[bridge] seq=988  dx=   +1 dy=   +0 dz=   +0 conf=0 lat=3400 us  (in=988 pub=0)
[bridge] seq=989  dx=   +1 dy=   +0 dz=   +0 conf=0 lat=3372 us  (in=989 pub=0)
[bridge_recv] seq=990 stamp=33.001000000 data_crc=0x4c75d868 size=921600
[bridge] seq=990  dx=   +1 dy=   +0 dz=   +0 conf=0 lat=2518 us  (in=990 pub=0)
[bridge] seq=991  dx=   +1 dy=   +0 dz=   +0 conf=0 lat=3520 us  (in=991 pub=0)
[bridge] seq=992  dx=   +1 dy=   +0 dz=   +0 conf=0 lat=3764 us  (in=992 pub=0)
[bridge] seq=993  dx=   +1 dy=   +0 dz=   +0 conf=0 lat=2385 us  (in=993 pub=0)
[bridge] seq=994  dx=   +1 dy=   +0 dz=   +0 conf=0 lat=3479 us  (in=994 pub=0)
[bridge] seq=995  dx=   +1 dy=   +0 dz=   +0 conf=0 lat=2542 us  (in=995 pub=0)
[bridge] seq=996  dx=   +1 dy=   +0 dz=   +0 conf=0 lat=2404 us  (in=996 pub=0)
[bridge] seq=997  dx=   +1 dy=   +0 dz=   +0 conf=0 lat=2326 us  (in=997 pub=0)
[bridge] seq=998  dx=   +1 dy=   +0 dz=   +0 conf=0 lat=2554 us  (in=998 pub=0)
[bridge] seq=999  dx=   +1 dy=   +0 dz=   +0 conf=0 lat=3596 us  (in=999 pub=0)
[bridge] seq=1000  dx=   +1 dy=   +0 dz=   +0 conf=0 lat=2527 us  (in=1000 pub=0)
[bridge] seq=1001  dx=   +1 dy=   +0 dz=   +0 conf=0 lat=4356 us  (in=1001 pub=0)
[bridge] seq=1002  dx=   +1 dy=   +0 dz=   +0 conf=0 lat=2371 us  (in=1002 pub=0)
[bridge] seq=1003  dx=   +1 dy=   +0 dz=   +0 conf=0 lat=3784 us  (in=1003 pub=0)
[bridge] seq=1004  dx=   +1 dy=   +0 dz=   +0 conf=0 lat=3889 us  (in=1004 pub=0)
[bridge] seq=1005  dx=   +1 dy=   +0 dz=   +0 conf=0 lat=3930 us  (in=1005 pub=0)
[bridge] seq=1006  dx=   +1 dy=   +0 dz=   +0 conf=0 lat=3382 us  (in=1006 pub=0)
[bridge] seq=1007  dx=   +1 dy=   +0 dz=   +0 conf=0 lat=3483 us  (in=1007 pub=0)
[bridge] seq=1008  dx=   +1 dy=   +0 dz=   +0 conf=0 lat=3922 us  (in=1008 pub=0)
[bridge] seq=1009  dx=   +1 dy=   +0 dz=   +0 conf=0 lat=2384 us  (in=1009 pub=0)
[bridge] seq=1010  dx=   +1 dy=   +0 dz=   +0 conf=0 lat=2581 us  (in=1010 pub=0)
[bridge] seq=1011  dx=   +1 dy=   +0 dz=   +0 conf=0 lat=2363 us  (in=1011 pub=0)
[bridge] seq=1012  dx=   +1 dy=   +0 dz=   +0 conf=0 lat=2342 us  (in=1012 pub=0)
[bridge] seq=1013  dx=   +1 dy=   +0 dz=   +0 conf=0 lat=2441 us  (in=1013 pub=0)
[bridge] seq=1014  dx=   +1 dy=   +0 dz=   +0 conf=0 lat=4122 us  (in=1014 pub=0)
[bridge] seq=1015  dx=   +1 dy=   +0 dz=   +0 conf=0 lat=2584 us  (in=1015 pub=0)
[bridge] seq=1016  dx=   +1 dy=   +0 dz=   +0 conf=0 lat=2558 us  (in=1016 pub=0)
[bridge] seq=1017  dx=   +1 dy=   +0 dz=   +0 conf=0 lat=3421 us  (in=1017 pub=0)
[bridge] seq=1018  dx=   +1 dy=   +0 dz=   +0 conf=0 lat=2475 us  (in=1018 pub=0)
[bridge] seq=1019  dx=   +1 dy=   +0 dz=   +0 conf=0 lat=2423 us  (in=1019 pub=0)
[bridge_recv] seq=1020 stamp=33.991000000 data_crc=0x4c75d868 size=921600
[bridge] seq=1020  dx=   +1 dy=   +0 dz=   +0 conf=0 lat=3418 us  (in=1020 pub=0)
[bridge] seq=1021  dx=   +1 dy=   +0 dz=   +0 conf=0 lat=2607 us  (in=1021 pub=0)
[bridge] seq=1022  dx=   +1 dy=   +0 dz=   +0 conf=0 lat=3483 us  (in=1022 pub=0)
[bridge] seq=1023  dx=   +1 dy=   +0 dz=   +0 conf=0 lat=2439 us  (in=1023 pub=0)
[bridge] seq=1024  dx=   +1 dy=   +0 dz=   +0 conf=0 lat=2421 us  (in=1024 pub=0)
[bridge] seq=1025  dx=   +1 dy=   +0 dz=   +0 conf=0 lat=3553 us  (in=1025 pub=0)
[bridge] seq=1026  dx=   +1 dy=   +0 dz=   +0 conf=0 lat=3687 us  (in=1026 pub=0)
[bridge] seq=1027  dx=   +1 dy=   +0 dz=   +0 conf=0 lat=3734 us  (in=1027 pub=0)
[bridge] seq=1028  dx=   +1 dy=   +0 dz=   +0 conf=0 lat=2580 us  (in=1028 pub=0)
[bridge] seq=1029  dx=   +1 dy=   +0 dz=   +0 conf=0 lat=2405 us  (in=1029 pub=0)
[bridge] seq=1030  dx=   +1 dy=   +0 dz=   +0 conf=0 lat=3385 us  (in=1030 pub=0)
[bridge] seq=1031  dx=   +1 dy=   +0 dz=   +0 conf=0 lat=2439 us  (in=1031 pub=0)
[bridge] seq=1032  dx=   +1 dy=   +0 dz=   +0 conf=0 lat=2424 us  (in=1032 pub=0)
[bridge] seq=1033  dx=   +1 dy=   +0 dz=   +0 conf=0 lat=2365 us  (in=1033 pub=0)
[bridge] seq=1034  dx=   +1 dy=   +0 dz=   +0 conf=0 lat=3702 us  (in=1034 pub=0)
[bridge] seq=1035  dx=   +1 dy=   +0 dz=   +0 conf=0 lat=2437 us  (in=1035 pub=0)
[bridge] seq=1036  dx=   +1 dy=   +0 dz=   +0 conf=0 lat=2346 us  (in=1036 pub=0)
[bridge] seq=1037  dx=   +1 dy=   +0 dz=   +0 conf=0 lat=3854 us  (in=1037 pub=0)
[bridge] seq=1038  dx=   +1 dy=   +0 dz=   +0 conf=0 lat=3664 us  (in=1038 pub=0)
[bridge] seq=1039  dx=   +1 dy=   +0 dz=   +0 conf=0 lat=3779 us  (in=1039 pub=0)
[bridge] seq=1040  dx=   +1 dy=   +0 dz=   +0 conf=0 lat=2470 us  (in=1040 pub=0)
[bridge] seq=1041  dx=   +1 dy=   +0 dz=   +0 conf=0 lat=2472 us  (in=1041 pub=0)
[bridge] seq=1042  dx=   +1 dy=   +0 dz=   +0 conf=0 lat=4063 us  (in=1042 pub=0)
[bridge] seq=1043  dx=   +1 dy=   +0 dz=   +0 conf=0 lat=3970 us  (in=1043 pub=0)
[bridge] seq=1044  dx=   +1 dy=   +0 dz=   +0 conf=0 lat=2382 us  (in=1044 pub=0)
[bridge] seq=1045  dx=   +1 dy=   +0 dz=   +0 conf=0 lat=3495 us  (in=1045 pub=0)
[bridge] seq=1046  dx=   +1 dy=   +0 dz=   +0 conf=0 lat=3735 us  (in=1046 pub=0)
[bridge] seq=1047  dx=   +1 dy=   +0 dz=   +0 conf=0 lat=3778 us  (in=1047 pub=0)
[bridge] seq=1048  dx=   +1 dy=   +0 dz=   +0 conf=0 lat=2430 us  (in=1048 pub=0)
[bridge] seq=1049  dx=   +1 dy=   +0 dz=   +0 conf=0 lat=2440 us  (in=1049 pub=0)
[bridge_recv] seq=1050 stamp=34.981000000 data_crc=0x4c75d868 size=921600
[bridge] seq=1050  dx=   +1 dy=   +0 dz=   +0 conf=0 lat=2349 us  (in=1050 pub=0)
[bridge] seq=1051  dx=   +1 dy=   +0 dz=   +0 conf=0 lat=2574 us  (in=1051 pub=0)
[bridge] seq=1052  dx=   +1 dy=   +0 dz=   +0 conf=0 lat=2388 us  (in=1052 pub=0)
[bridge] seq=1053  dx=   +1 dy=   +0 dz=   +0 conf=0 lat=2320 us  (in=1053 pub=0)
[bridge] seq=1054  dx=   +1 dy=   +0 dz=   +0 conf=0 lat=3779 us  (in=1054 pub=0)
[bridge] seq=1055  dx=   +1 dy=   +0 dz=   +0 conf=0 lat=3668 us  (in=1055 pub=0)
[bridge] seq=1056  dx=   +1 dy=   +0 dz=   +0 conf=0 lat=3742 us  (in=1056 pub=0)
[bridge] seq=1057  dx=   +1 dy=   +0 dz=   +0 conf=0 lat=2448 us  (in=1057 pub=0)
[bridge] seq=1058  dx=   +1 dy=   +0 dz=   +0 conf=0 lat=2485 us  (in=1058 pub=0)
[bridge] seq=1059  dx=   +1 dy=   +0 dz=   +0 conf=0 lat=2445 us  (in=1059 pub=0)
[bridge] seq=1060  dx=   +1 dy=   +0 dz=   +0 conf=0 lat=2359 us  (in=1060 pub=0)
[bridge] seq=1061  dx=   +1 dy=   +0 dz=   +0 conf=0 lat=2419 us  (in=1061 pub=0)
[bridge] seq=1062  dx=   +1 dy=   +0 dz=   +0 conf=0 lat=3763 us  (in=1062 pub=0)
[bridge] seq=1063  dx=   +1 dy=   +0 dz=   +0 conf=0 lat=2471 us  (in=1063 pub=0)
[bridge] seq=1064  dx=   +1 dy=   +0 dz=   +0 conf=0 lat=2436 us  (in=1064 pub=0)
[bridge] seq=1065  dx=   +1 dy=   +0 dz=   +0 conf=0 lat=3699 us  (in=1065 pub=0)
[bridge] seq=1066  dx=   +1 dy=   +0 dz=   +0 conf=0 lat=2587 us  (in=1066 pub=0)
[bridge] seq=1067  dx=   +1 dy=   +0 dz=   +0 conf=0 lat=2411 us  (in=1067 pub=0)
[bridge] seq=1068  dx=   +1 dy=   +0 dz=   +0 conf=0 lat=3660 us  (in=1068 pub=0)
[bridge] seq=1069  dx=   +1 dy=   +0 dz=   +0 conf=0 lat=3388 us  (in=1069 pub=0)
[bridge] seq=1070  dx=   +1 dy=   +0 dz=   +0 conf=0 lat=2373 us  (in=1070 pub=0)
[bridge] seq=1071  dx=   +1 dy=   +0 dz=   +0 conf=0 lat=3740 us  (in=1071 pub=0)
[bridge] seq=1072  dx=   +1 dy=   +0 dz=   +0 conf=0 lat=2556 us  (in=1072 pub=0)
[bridge] seq=1073  dx=   +1 dy=   +0 dz=   +0 conf=0 lat=2380 us  (in=1073 pub=0)
[bridge] seq=1074  dx=   +1 dy=   +0 dz=   +0 conf=0 lat=3972 us  (in=1074 pub=0)
[bridge] seq=1075  dx=   +1 dy=   +0 dz=   +0 conf=0 lat=2373 us  (in=1075 pub=0)
[bridge] seq=1076  dx=   +1 dy=   +0 dz=   +0 conf=0 lat=3924 us  (in=1076 pub=0)
[bridge] seq=1077  dx=   +1 dy=   +0 dz=   +0 conf=0 lat=3595 us  (in=1077 pub=0)
[bridge] seq=1078  dx=   +1 dy=   +0 dz=   +0 conf=0 lat=2441 us  (in=1078 pub=0)
[bridge] seq=1079  dx=   +1 dy=   +0 dz=   +0 conf=0 lat=2393 us  (in=1079 pub=0)
[bridge_recv] seq=1080 stamp=35.971000000 data_crc=0x4c75d868 size=921600
[bridge] seq=1080  dx=   +1 dy=   +0 dz=   +0 conf=0 lat=2599 us  (in=1080 pub=0)
[bridge] seq=1081  dx=   +1 dy=   +0 dz=   +0 conf=0 lat=2526 us  (in=1081 pub=0)
[bridge] seq=1082  dx=   +1 dy=   +0 dz=   +0 conf=0 lat=2601 us  (in=1082 pub=0)
[bridge] seq=1083  dx=   +1 dy=   +0 dz=   +0 conf=0 lat=2490 us  (in=1083 pub=0)
[bridge] seq=1084  dx=   +1 dy=   +0 dz=   +0 conf=0 lat=2365 us  (in=1084 pub=0)
[bridge] seq=1085  dx=   +1 dy=   +0 dz=   +0 conf=0 lat=2356 us  (in=1085 pub=0)
[bridge] seq=1086  dx=   +1 dy=   +0 dz=   +0 conf=0 lat=2477 us  (in=1086 pub=0)
[bridge] seq=1087  dx=   +1 dy=   +0 dz=   +0 conf=0 lat=4124 us  (in=1087 pub=0)
[bridge] seq=1088  dx=   +1 dy=   +0 dz=   +0 conf=0 lat=3722 us  (in=1088 pub=0)
[bridge] seq=1089  dx=   +1 dy=   +0 dz=   +0 conf=0 lat=5241 us  (in=1089 pub=0)
[bridge] seq=1090  dx=   +1 dy=   +0 dz=   +0 conf=0 lat=2488 us  (in=1090 pub=0)
[bridge] seq=1091  dx=   +1 dy=   +0 dz=   +0 conf=0 lat=2407 us  (in=1091 pub=0)
[bridge] seq=1092  dx=   +1 dy=   +0 dz=   +0 conf=0 lat=3977 us  (in=1092 pub=0)
[bridge] seq=1093  dx=   +1 dy=   +0 dz=   +0 conf=0 lat=3753 us  (in=1093 pub=0)
[bridge] seq=1094  dx=   +1 dy=   +0 dz=   +0 conf=0 lat=2377 us  (in=1094 pub=0)
[bridge] seq=1095  dx=   +1 dy=   +0 dz=   +0 conf=0 lat=2432 us  (in=1095 pub=0)
[bridge] seq=1096  dx=   +1 dy=   +0 dz=   +0 conf=0 lat=4330 us  (in=1096 pub=0)
[bridge] seq=1097  dx=   +1 dy=   +0 dz=   +0 conf=0 lat=3524 us  (in=1097 pub=0)
[bridge] seq=1098  dx=   +1 dy=   +0 dz=   +0 conf=0 lat=4065 us  (in=1098 pub=0)
[bridge] seq=1099  dx=   +1 dy=   +0 dz=   +0 conf=0 lat=3414 us  (in=1099 pub=0)
[bridge] seq=1100  dx=   +1 dy=   +0 dz=   +0 conf=0 lat=3479 us  (in=1100 pub=0)
[bridge] seq=1101  dx=   +1 dy=   +0 dz=   +0 conf=0 lat=2319 us  (in=1101 pub=0)
[bridge] seq=1102  dx=   +1 dy=   +0 dz=   +0 conf=0 lat=2465 us  (in=1102 pub=0)
[bridge] seq=1103  dx=   +1 dy=   +0 dz=   +0 conf=0 lat=2404 us  (in=1103 pub=0)
[bridge] seq=1104  dx=   +1 dy=   +0 dz=   +0 conf=0 lat=2335 us  (in=1104 pub=0)
[bridge] seq=1105  dx=   +1 dy=   +0 dz=   +0 conf=0 lat=3463 us  (in=1105 pub=0)
[bridge] seq=1106  dx=   +1 dy=   +0 dz=   +0 conf=0 lat=2375 us  (in=1106 pub=0)
[bridge] seq=1107  dx=   +1 dy=   +0 dz=   +0 conf=0 lat=3572 us  (in=1107 pub=0)
[bridge] seq=1108  dx=   +1 dy=   +0 dz=   +0 conf=0 lat=2470 us  (in=1108 pub=0)
[bridge] seq=1109  dx=   +1 dy=   +0 dz=   +0 conf=0 lat=2440 us  (in=1109 pub=0)
[bridge_recv] seq=1110 stamp=36.961000000 data_crc=0x4c75d868 size=921600
[bridge] seq=1110  dx=   +1 dy=   +0 dz=   +0 conf=0 lat=3526 us  (in=1110 pub=0)
[bridge] seq=1111  dx=   +1 dy=   +0 dz=   +0 conf=0 lat=2666 us  (in=1111 pub=0)
[bridge] seq=1112  dx=   +1 dy=   +0 dz=   +0 conf=0 lat=3645 us  (in=1112 pub=0)
[bridge] seq=1113  dx=   +1 dy=   +0 dz=   +0 conf=0 lat=2572 us  (in=1113 pub=0)
[bridge] seq=1114  dx=   +1 dy=   +0 dz=   +0 conf=0 lat=2635 us  (in=1114 pub=0)
[bridge] seq=1115  dx=   +1 dy=   +0 dz=   +0 conf=0 lat=2424 us  (in=1115 pub=0)
[bridge] seq=1116  dx=   +1 dy=   +0 dz=   +0 conf=0 lat=2555 us  (in=1116 pub=0)
[bridge] seq=1117  dx=   +1 dy=   +0 dz=   +0 conf=0 lat=2367 us  (in=1117 pub=0)
[bridge] seq=1118  dx=   +1 dy=   +0 dz=   +0 conf=0 lat=2483 us  (in=1118 pub=0)
[bridge] seq=1119  dx=   +1 dy=   +0 dz=   +0 conf=0 lat=3325 us  (in=1119 pub=0)
[bridge] seq=1120  dx=   +1 dy=   +0 dz=   +0 conf=0 lat=3427 us  (in=1120 pub=0)
[bridge] seq=1121  dx=   +1 dy=   +0 dz=   +0 conf=0 lat=2416 us  (in=1121 pub=0)
[bridge] seq=1122  dx=   +1 dy=   +0 dz=   +0 conf=0 lat=3446 us  (in=1122 pub=0)
[bridge] seq=1123  dx=   +1 dy=   +0 dz=   +0 conf=0 lat=2506 us  (in=1123 pub=0)
[bridge] seq=1124  dx=   +1 dy=   +0 dz=   +0 conf=0 lat=2507 us  (in=1124 pub=0)
[bridge] seq=1125  dx=   +1 dy=   +0 dz=   +0 conf=0 lat=3823 us  (in=1125 pub=0)
[bridge] seq=1126  dx=   +1 dy=   +0 dz=   +0 conf=0 lat=3558 us  (in=1126 pub=0)
[bridge] seq=1127  dx=   +1 dy=   +0 dz=   +0 conf=0 lat=2507 us  (in=1127 pub=0)
[bridge] seq=1128  dx=   +1 dy=   +0 dz=   +0 conf=0 lat=2407 us  (in=1128 pub=0)
[bridge] seq=1129  dx=   +1 dy=   +0 dz=   +0 conf=0 lat=2541 us  (in=1129 pub=0)
[bridge] seq=1130  dx=   +1 dy=   +0 dz=   +0 conf=0 lat=2408 us  (in=1130 pub=0)
[bridge] seq=1131  dx=   +1 dy=   +0 dz=   +0 conf=0 lat=2555 us  (in=1131 pub=0)
[bridge] seq=1132  dx=   +1 dy=   +0 dz=   +0 conf=0 lat=2363 us  (in=1132 pub=0)
[bridge] seq=1133  dx=   +1 dy=   +0 dz=   +0 conf=0 lat=3609 us  (in=1133 pub=0)
[bridge] seq=1134  dx=   +1 dy=   +0 dz=   +0 conf=0 lat=2362 us  (in=1134 pub=0)
[bridge] seq=1135  dx=   +1 dy=   +0 dz=   +0 conf=0 lat=2572 us  (in=1135 pub=0)
[bridge] seq=1136  dx=   +1 dy=   +0 dz=   +0 conf=0 lat=2435 us  (in=1136 pub=0)
[bridge] seq=1137  dx=   +1 dy=   +0 dz=   +0 conf=0 lat=3720 us  (in=1137 pub=0)
[bridge] seq=1138  dx=   +1 dy=   +0 dz=   +0 conf=0 lat=2544 us  (in=1138 pub=0)
[bridge] seq=1139  dx=   +1 dy=   +0 dz=   +0 conf=0 lat=2450 us  (in=1139 pub=0)
[bridge_recv] seq=1140 stamp=37.951000000 data_crc=0x4c75d868 size=921600
[bridge] seq=1140  dx=   +1 dy=   +0 dz=   +0 conf=0 lat=3761 us  (in=1140 pub=0)
[bridge] seq=1141  dx=   +1 dy=   +0 dz=   +0 conf=0 lat=2460 us  (in=1141 pub=0)
[bridge] seq=1142  dx=   +1 dy=   +0 dz=   +0 conf=0 lat=3374 us  (in=1142 pub=0)
[bridge] seq=1143  dx=   +1 dy=   +0 dz=   +0 conf=0 lat=3520 us  (in=1143 pub=0)
[bridge] seq=1144  dx=   +1 dy=   +0 dz=   +0 conf=0 lat=3987 us  (in=1144 pub=0)
[bridge] seq=1145  dx=   +1 dy=   +0 dz=   +0 conf=0 lat=3518 us  (in=1145 pub=0)
[bridge] seq=1146  dx=   +1 dy=   +0 dz=   +0 conf=0 lat=3782 us  (in=1146 pub=0)
[bridge] seq=1147  dx=   +1 dy=   +0 dz=   +0 conf=0 lat=2580 us  (in=1147 pub=0)
[bridge] seq=1148  dx=   +1 dy=   +0 dz=   +0 conf=0 lat=3895 us  (in=1148 pub=0)
[bridge] seq=1149  dx=   +1 dy=   +0 dz=   +0 conf=0 lat=2455 us  (in=1149 pub=0)
[bridge] seq=1150  dx=   +1 dy=   +0 dz=   +0 conf=0 lat=3406 us  (in=1150 pub=0)
[bridge] seq=1151  dx=   +1 dy=   +0 dz=   +0 conf=0 lat=2415 us  (in=1151 pub=0)
[bridge] seq=1152  dx=   +1 dy=   +0 dz=   +0 conf=0 lat=2442 us  (in=1152 pub=0)
[bridge] seq=1153  dx=   +1 dy=   +0 dz=   +0 conf=0 lat=3768 us  (in=1153 pub=0)
[bridge] seq=1154  dx=   +1 dy=   +0 dz=   +0 conf=0 lat=2349 us  (in=1154 pub=0)
[bridge] seq=1155  dx=   +1 dy=   +0 dz=   +0 conf=0 lat=2503 us  (in=1155 pub=0)
[bridge] seq=1156  dx=   +1 dy=   +0 dz=   +0 conf=0 lat=2288 us  (in=1156 pub=0)
[bridge] seq=1157  dx=   +1 dy=   +0 dz=   +0 conf=0 lat=3479 us  (in=1157 pub=0)
[bridge] seq=1158  dx=   +1 dy=   +0 dz=   +0 conf=0 lat=2366 us  (in=1158 pub=0)
[bridge] seq=1159  dx=   +1 dy=   +0 dz=   +0 conf=0 lat=3480 us  (in=1159 pub=0)
[bridge] seq=1160  dx=   +1 dy=   +0 dz=   +0 conf=0 lat=2397 us  (in=1160 pub=0)
[bridge] seq=1161  dx=   +1 dy=   +0 dz=   +0 conf=0 lat=2395 us  (in=1161 pub=0)
[bridge] seq=1162  dx=   +1 dy=   +0 dz=   +0 conf=0 lat=2382 us  (in=1162 pub=0)
[bridge] seq=1163  dx=   +1 dy=   +0 dz=   +0 conf=0 lat=3750 us  (in=1163 pub=0)
[bridge] seq=1164  dx=   +1 dy=   +0 dz=   +0 conf=0 lat=2461 us  (in=1164 pub=0)
[bridge] seq=1165  dx=   +1 dy=   +0 dz=   +0 conf=0 lat=2494 us  (in=1165 pub=0)
[bridge] seq=1166  dx=   +1 dy=   +0 dz=   +0 conf=0 lat=2341 us  (in=1166 pub=0)
[bridge] seq=1167  dx=   +1 dy=   +0 dz=   +0 conf=0 lat=2486 us  (in=1167 pub=0)
[bridge] seq=1168  dx=   +1 dy=   +0 dz=   +0 conf=0 lat=4102 us  (in=1168 pub=0)
[bridge] seq=1169  dx=   +1 dy=   +0 dz=   +0 conf=0 lat=2360 us  (in=1169 pub=0)
[bridge_recv] seq=1170 stamp=38.941000000 data_crc=0x4c75d868 size=921600
[bridge] seq=1170  dx=   +1 dy=   +0 dz=   +0 conf=0 lat=3418 us  (in=1170 pub=0)
[bridge] seq=1171  dx=   +1 dy=   +0 dz=   +0 conf=0 lat=2320 us  (in=1171 pub=0)
[bridge] seq=1172  dx=   +1 dy=   +0 dz=   +0 conf=0 lat=2537 us  (in=1172 pub=0)
[bridge] seq=1173  dx=   +1 dy=   +0 dz=   +0 conf=0 lat=2358 us  (in=1173 pub=0)
[bridge] seq=1174  dx=   +1 dy=   +0 dz=   +0 conf=0 lat=3375 us  (in=1174 pub=0)
[bridge] seq=1175  dx=   +1 dy=   +0 dz=   +0 conf=0 lat=2523 us  (in=1175 pub=0)
[bridge] seq=1176  dx=   +1 dy=   +0 dz=   +0 conf=0 lat=2426 us  (in=1176 pub=0)
[bridge] seq=1177  dx=   +1 dy=   +0 dz=   +0 conf=0 lat=2352 us  (in=1177 pub=0)
[bridge] seq=1178  dx=   +1 dy=   +0 dz=   +0 conf=0 lat=3744 us  (in=1178 pub=0)
[bridge] seq=1179  dx=   +1 dy=   +0 dz=   +0 conf=0 lat=2589 us  (in=1179 pub=0)
[bridge] seq=1180  dx=   +1 dy=   +0 dz=   +0 conf=0 lat=2338 us  (in=1180 pub=0)
[bridge] seq=1181  dx=   +1 dy=   +0 dz=   +0 conf=0 lat=3727 us  (in=1181 pub=0)
[bridge] seq=1182  dx=   +1 dy=   +0 dz=   +0 conf=0 lat=2409 us  (in=1182 pub=0)
[bridge] seq=1183  dx=   +1 dy=   +0 dz=   +0 conf=0 lat=2412 us  (in=1183 pub=0)
[bridge] seq=1184  dx=   +1 dy=   +0 dz=   +0 conf=0 lat=3343 us  (in=1184 pub=0)
[bridge] seq=1185  dx=   +1 dy=   +0 dz=   +0 conf=0 lat=3715 us  (in=1185 pub=0)
[bridge] seq=1186  dx=   +1 dy=   +0 dz=   +0 conf=0 lat=2375 us  (in=1186 pub=0)
[bridge] seq=1187  dx=   +1 dy=   +0 dz=   +0 conf=0 lat=3665 us  (in=1187 pub=0)
[bridge] seq=1188  dx=   +1 dy=   +0 dz=   +0 conf=0 lat=2436 us  (in=1188 pub=0)
[bridge] seq=1189  dx=   +1 dy=   +0 dz=   +0 conf=0 lat=2467 us  (in=1189 pub=0)
[bridge] seq=1190  dx=   +1 dy=   +0 dz=   +0 conf=0 lat=3417 us  (in=1190 pub=0)
[bridge] seq=1191  dx=   +1 dy=   +0 dz=   +0 conf=0 lat=3400 us  (in=1191 pub=0)
[bridge] seq=1192  dx=   +1 dy=   +0 dz=   +0 conf=0 lat=2383 us  (in=1192 pub=0)
[bridge] seq=1193  dx=   +1 dy=   +0 dz=   +0 conf=0 lat=2557 us  (in=1193 pub=0)
[bridge] seq=1194  dx=   +1 dy=   +0 dz=   +0 conf=0 lat=2419 us  (in=1194 pub=0)
[bridge] seq=1195  dx=   +1 dy=   +0 dz=   +0 conf=0 lat=2343 us  (in=1195 pub=0)
[bridge] seq=1196  dx=   +1 dy=   +0 dz=   +0 conf=0 lat=2528 us  (in=1196 pub=0)
[bridge] seq=1197  dx=   +1 dy=   +0 dz=   +0 conf=0 lat=2552 us  (in=1197 pub=0)
[bridge] seq=1198  dx=   +1 dy=   +0 dz=   +0 conf=0 lat=2355 us  (in=1198 pub=0)
[bridge] seq=1199  dx=   +1 dy=   +0 dz=   +0 conf=0 lat=2366 us  (in=1199 pub=0)
[bridge_recv] seq=1200 stamp=39.931000000 data_crc=0x4c75d868 size=921600
[bridge] seq=1200  dx=   +1 dy=   +0 dz=   +0 conf=0 lat=3499 us  (in=1200 pub=0)
[bridge] seq=1201  dx=   +1 dy=   +0 dz=   +0 conf=0 lat=3482 us  (in=1201 pub=0)
[bridge] seq=1202  dx=   +1 dy=   +0 dz=   +0 conf=0 lat=2333 us  (in=1202 pub=0)
[bridge] seq=1203  dx=   +1 dy=   +0 dz=   +0 conf=0 lat=2377 us  (in=1203 pub=0)
[bridge] seq=1204  dx=   +1 dy=   +0 dz=   +0 conf=0 lat=3986 us  (in=1204 pub=0)
[bridge] seq=1205  dx=   +1 dy=   +0 dz=   +0 conf=0 lat=2494 us  (in=1205 pub=0)
[bridge] seq=1206  dx=   +1 dy=   +0 dz=   +0 conf=0 lat=3491 us  (in=1206 pub=0)
[bridge] seq=1207  dx=   +1 dy=   +0 dz=   +0 conf=0 lat=3941 us  (in=1207 pub=0)
[bridge] seq=1208  dx=   +1 dy=   +0 dz=   +0 conf=0 lat=2379 us  (in=1208 pub=0)
[bridge] seq=1209  dx=   +1 dy=   +0 dz=   +0 conf=0 lat=2421 us  (in=1209 pub=0)
[bridge] seq=1210  dx=   +1 dy=   +0 dz=   +0 conf=0 lat=2472 us  (in=1210 pub=0)
