[sim] FS root: /home/bogdan/work/coralmicro/examples/sentai_runtime/experiments/s209_virtual_camera_tpu_e2e/gdb_run_flow_tpu/fs_root
[sim] sentai_sim build #1015 (2026-05-31 23:51:32)
[sim] FreeRTOS POSIX port: tick=1000 Hz, heap=4194304 bytes
[sim] MicroPython heap: 2097152 bytes
[sim] sentai.fr auto-start: dir=/home/bogdan/work/coralmicro/examples/sentai_runtime/experiments/s209_virtual_camera_tpu_e2e/gdb_run_flow_tpu/fs_root/fr init=0 events=0 scalars=0 debug=0 task=0

MicroPython on SentAI SIM (FreeRTOS POSIX port + MicroPython embed)
Type expressions, end with Enter.  Ctrl-D or 'exit' to quit.
Try: sentai.version(), sentai.fs.write(...), help()

>>> camera_bridge: listening on /tmp/sentai_cam.sock (waiting for Gazebo bridge)
>>> MODEL_SIZE 7077792
IMG0_SIZE 921654
IMGN_SIZE 921654
[sentai_fr] worker START
[tpu-posix] call begin kind=load slot=0
[tpu-posix] load slot=0 path=/models/tf2_ssd_mobilenet_v2_coco17_ptq_edgetpu.tflite
[tpu-posix] opening Coral USB via POSIX/libusb backend
[tpu-posix] libusb_init...
[tpu-posix] dfu/app probe...
[tpu-posix] open app device...
[tpu-posix] USB_HostEdgeTpuOpenPosix failed status=2
[tpu-posix] call done kind=load slot=0 rc=-1
TPU_LOAD -1
TPU_READY False
FLOW_START 0
[virtcam] select begin /images/cat_shift_00.bmp
[virtcam] size 921654
