
SentAI EMU REPL B8.3
S233_PREP_INIT
S233_GZ_CAM_START 0
MicroPython embed ready
S233_BEGIN
0
0
0
True
0
S233_SETUP 0 1 1 30 0 0 0
0
0
0
0
0
0
S233_FLOW_BASELINE 46 23 44
0
0
0
0
0
0
0
S233_CRAZY_SETUP 0 2 0 0 0
0
0
0
0
0
S233_SAMPLE 47 56 -4 178 255 7
0
S233_SAMPLE 48 65 -40 275 255 7
0
S233_SAMPLE 49 75 0 0 255 0
0
S233_SAMPLE 50 83 99 98 255 0
0
S233_SAMPLE 51 91 0 0 255 0
0
S233_SAMPLE 52 99 0 0 255 0
0
S233_SAMPLE 53 107 0 0 255 0
S233_CRAZY_DONE 0 0
0
0
0
0
S233_SUMMARY 17887 115 642 114 637 7 2 7 107
0
0
0
0
0
0
0
0
0
0
0
True
True
S233_DONE
