
SentAI EMU REPL B8.3
MicroPython embed ready
MISSION_TPU_FPS_BEGIN
MODEL_SIZE 7077792
IMAGE_SIZE 921654
TPU_LOAD 0
TPU_READY True
TPU_LOAD_IMAGE 0
TPU_FPS_RESULT (5, 1, 8744, 57, 8733, 5)
TPU_FPS_COMPLETED 5
TPU_FPS_WARMUP 1
TPU_FPS_MEASURED_MS 8744
TPU_FPS_X100 57
TPU_FPS 0.57
TPU_FPS_INVOKE_MS_SUM 8733
DETECTIONS_COUNT 5
DETECTIONS [(16, 0.828, 0.218, 0.166, 0.842, 0.679), (64, 0.324, 0.109, 0.055, 0.935, 0.959), (64, 0.293, 0.139, 0.194, 0.514, 0.88), (61, 0.25, 0.161, 0.09700001, 0.416, 0.368), (16, 0.211, 0.196, 0.42, 0.751, 0.9049999)]
MISSION_TPU_FPS_DONE
57
>>>