$ /usr/bin/python3 emu/host/sentai_gazebo_uds_to_tcp_bridge.py --uds /tmp/sentai_emu_cam.sock --tcp-host 127.0.0.1 --tcp-port 30233 --max-fps 15.0 --out-width 640 --out-height 480 --out-format rgb888
[uds-tcp] listening /tmp/sentai_emu_cam.sock
[uds-tcp] pull server 127.0.0.1:30233
[uds-tcp] renode client connected
[uds-tcp] renode client disconnected
[uds-tcp] gz client connected
[uds-tcp] frames=30 seq=30 kept=14 dropped=16 bad=0 latest=30
[uds-tcp] frames=60 seq=60 kept=29 dropped=31 bad=0 latest=60
[uds-tcp] frames=90 seq=90 kept=44 dropped=46 bad=0 latest=90
[uds-tcp] frames=120 seq=120 kept=59 dropped=61 bad=0 latest=120
[uds-tcp] renode client connected
[uds-tcp] frames=150 seq=150 kept=74 dropped=76 bad=0 latest=150
[uds-tcp] frames=180 seq=180 kept=89 dropped=91 bad=0 latest=180
[uds-tcp] frames=210 seq=210 kept=104 dropped=106 bad=0 latest=210
[uds-tcp] frames=240 seq=240 kept=119 dropped=121 bad=0 latest=240
[uds-tcp] frames=270 seq=270 kept=134 dropped=136 bad=0 latest=270
[uds-tcp] frames=300 seq=300 kept=149 dropped=151 bad=0 latest=300
[uds-tcp] frames=330 seq=330 kept=164 dropped=166 bad=0 latest=330
[uds-tcp] frames=360 seq=360 kept=179 dropped=181 bad=0 latest=360
[uds-tcp] frames=390 seq=390 kept=194 dropped=196 bad=0 latest=390
[uds-tcp] frames=420 seq=420 kept=209 dropped=211 bad=0 latest=420
[uds-tcp] frames=450 seq=450 kept=224 dropped=226 bad=0 latest=450
[uds-tcp] frames=480 seq=480 kept=239 dropped=241 bad=0 latest=480
[uds-tcp] frames=510 seq=510 kept=254 dropped=256 bad=0 latest=510
[uds-tcp] frames=540 seq=540 kept=269 dropped=271 bad=0 latest=540
[uds-tcp] frames=570 seq=570 kept=284 dropped=286 bad=0 latest=570
[uds-tcp] frames=600 seq=600 kept=299 dropped=301 bad=0 latest=600
[uds-tcp] frames=630 seq=630 kept=314 dropped=316 bad=0 latest=630
[uds-tcp] frames=660 seq=660 kept=329 dropped=331 bad=0 latest=660
[uds-tcp] frames=690 seq=690 kept=344 dropped=346 bad=0 latest=690
[uds-tcp] frames=720 seq=720 kept=359 dropped=361 bad=0 latest=720
[uds-tcp] frames=750 seq=750 kept=374 dropped=376 bad=0 latest=750
[uds-tcp] frames=780 seq=780 kept=389 dropped=391 bad=0 latest=780
[uds-tcp] frames=810 seq=810 kept=404 dropped=406 bad=0 latest=810
[uds-tcp] frames=840 seq=840 kept=419 dropped=421 bad=0 latest=840
[uds-tcp] frames=870 seq=870 kept=434 dropped=436 bad=0 latest=870
[uds-tcp] frames=900 seq=900 kept=449 dropped=451 bad=0 latest=900
[uds-tcp] frames=930 seq=930 kept=464 dropped=466 bad=0 latest=930
[uds-tcp] frames=960 seq=960 kept=479 dropped=481 bad=0 latest=960
[uds-tcp] frames=990 seq=990 kept=494 dropped=496 bad=0 latest=990
[uds-tcp] frames=1020 seq=1020 kept=509 dropped=511 bad=0 latest=1020
[uds-tcp] frames=1050 seq=1050 kept=524 dropped=526 bad=0 latest=1050
[uds-tcp] frames=1080 seq=1080 kept=539 dropped=541 bad=0 latest=1080
[uds-tcp] frames=1110 seq=1110 kept=554 dropped=556 bad=0 latest=1110
[uds-tcp] frames=1140 seq=1140 kept=569 dropped=571 bad=0 latest=1140
[uds-tcp] frames=1170 seq=1170 kept=584 dropped=586 bad=0 latest=1170
[uds-tcp] frames=1200 seq=1200 kept=599 dropped=601 bad=0 latest=1200
[uds-tcp] frames=1230 seq=1230 kept=614 dropped=616 bad=0 latest=1230
[uds-tcp] frames=1260 seq=1260 kept=629 dropped=631 bad=0 latest=1260
[uds-tcp] frames=1290 seq=1290 kept=644 dropped=646 bad=0 latest=1290
[uds-tcp] frames=1320 seq=1320 kept=659 dropped=661 bad=0 latest=1320
[uds-tcp] frames=1350 seq=1350 kept=674 dropped=676 bad=0 latest=1350
[uds-tcp] frames=1380 seq=1380 kept=689 dropped=691 bad=0 latest=1380
[uds-tcp] frames=1410 seq=1410 kept=704 dropped=706 bad=0 latest=1410
[uds-tcp] frames=1440 seq=1440 kept=719 dropped=721 bad=0 latest=1440
[uds-tcp] frames=1470 seq=1470 kept=734 dropped=736 bad=0 latest=1470
[uds-tcp] frames=1500 seq=1500 kept=749 dropped=751 bad=0 latest=1500
[uds-tcp] frames=1530 seq=1530 kept=764 dropped=766 bad=0 latest=1530
[uds-tcp] frames=1560 seq=1560 kept=779 dropped=781 bad=0 latest=1560
[uds-tcp] frames=1590 seq=1590 kept=794 dropped=796 bad=0 latest=1590
[uds-tcp] frames=1620 seq=1620 kept=809 dropped=811 bad=0 latest=1620
[uds-tcp] frames=1650 seq=1650 kept=824 dropped=826 bad=0 latest=1650
[uds-tcp] frames=1680 seq=1680 kept=839 dropped=841 bad=0 latest=1680
[uds-tcp] frames=1710 seq=1710 kept=854 dropped=856 bad=0 latest=1710
[uds-tcp] frames=1740 seq=1740 kept=869 dropped=871 bad=0 latest=1740
[uds-tcp] frames=1770 seq=1770 kept=884 dropped=886 bad=0 latest=1770
[uds-tcp] frames=1800 seq=1800 kept=899 dropped=901 bad=0 latest=1800
[uds-tcp] frames=1830 seq=1830 kept=914 dropped=916 bad=0 latest=1830
[uds-tcp] frames=1860 seq=1860 kept=929 dropped=931 bad=0 latest=1860
[uds-tcp] frames=1890 seq=1890 kept=944 dropped=946 bad=0 latest=1890
[uds-tcp] frames=1920 seq=1920 kept=959 dropped=961 bad=0 latest=1920
[uds-tcp] frames=1950 seq=1950 kept=974 dropped=976 bad=0 latest=1950
[uds-tcp] frames=1980 seq=1980 kept=989 dropped=991 bad=0 latest=1980
[uds-tcp] frames=2010 seq=2010 kept=1004 dropped=1006 bad=0 latest=2010
[uds-tcp] frames=2040 seq=2040 kept=1019 dropped=1021 bad=0 latest=2040
[uds-tcp] frames=2070 seq=2070 kept=1034 dropped=1036 bad=0 latest=2070
[uds-tcp] frames=2100 seq=2100 kept=1049 dropped=1051 bad=0 latest=2100
[uds-tcp] frames=2130 seq=2130 kept=1064 dropped=1066 bad=0 latest=2130
[uds-tcp] frames=2160 seq=2160 kept=1079 dropped=1081 bad=0 latest=2160
[uds-tcp] frames=2190 seq=2190 kept=1094 dropped=1096 bad=0 latest=2190
[uds-tcp] frames=2220 seq=2220 kept=1109 dropped=1111 bad=0 latest=2220
[uds-tcp] frames=2250 seq=2250 kept=1124 dropped=1126 bad=0 latest=2250
[uds-tcp] frames=2280 seq=2280 kept=1139 dropped=1141 bad=0 latest=2280
[uds-tcp] frames=2310 seq=2310 kept=1154 dropped=1156 bad=0 latest=2310
[uds-tcp] frames=2340 seq=2340 kept=1169 dropped=1171 bad=0 latest=2340
[uds-tcp] frames=2370 seq=2370 kept=1184 dropped=1186 bad=0 latest=2370
[uds-tcp] renode client disconnected
