
SentAI EMU REPL B8.3
S233_PREP_INIT
S233_GZ_CAM_START 0
MicroPython embed ready
S233_BEGIN
0
-4
-4
False
-3
S233_SETUP 0 1 1 30 0 0 0
-3
-3
-3
-3
-3
-3
S233_FLOW_BASELINE 70 77 69
-3
-3
0
0
0
0
0
S233_CRAZY_SETUP 0 2 0 0 0
-3
-3
-3
-3
0
S233_SAMPLE 71 200 -430 -22 255 3
0
S233_SAMPLE 72 221 0 0 50 0
0
S233_SAMPLE 73 242 0 0 255 0
0
S233_SAMPLE 74 261 0 0 255 0
0
S233_SAMPLE 75 281 0 0 255 0
0
S233_SAMPLE 76 301 0 0 255 0
0
S233_SAMPLE 77 321 0 0 255 0
0
S233_SAMPLE 78 341 0 0 255 0
0
S233_SAMPLE 79 360 0 0 255 0
0
S233_SAMPLE 80 380 0 0 255 0
0
S233_SAMPLE 81 401 0 0 255 0
0
S233_SAMPLE 82 422 0 0 255 0
S233_CRAZY_DONE 0 0
0
0
0
0
S233_SUMMARY 17034 461 2706 438 2571 12 1 3 422
-3
-3
-3
-3
-3
-3
-3
-3
-3
-3
0
False
False
S233_DONE
