$ /usr/bin/python3 emu/host/sentai_gazebo_uds_to_tcp_bridge.py --uds /tmp/sentai_emu_cam.sock --tcp-host 127.0.0.1 --tcp-port 30233 --max-fps 15.0 --out-width 640 --out-height 480 --out-format rgb888
[uds-tcp] listening /tmp/sentai_emu_cam.sock
[uds-tcp] pull server 127.0.0.1:30233
[uds-tcp] renode client connected
[uds-tcp] renode client disconnected
[uds-tcp] gz client connected
[uds-tcp] frames=30 seq=30 kept=14 dropped=16 bad=0 latest=29
[uds-tcp] frames=60 seq=60 kept=29 dropped=31 bad=0 latest=59
[uds-tcp] frames=90 seq=90 kept=44 dropped=46 bad=0 latest=89
[uds-tcp] frames=120 seq=120 kept=59 dropped=61 bad=0 latest=119
[uds-tcp] renode client connected
[uds-tcp] frames=150 seq=150 kept=74 dropped=76 bad=0 latest=149
[uds-tcp] frames=180 seq=180 kept=89 dropped=91 bad=0 latest=179
[uds-tcp] frames=210 seq=210 kept=104 dropped=106 bad=0 latest=209
[uds-tcp] frames=240 seq=240 kept=119 dropped=121 bad=0 latest=239
[uds-tcp] frames=270 seq=270 kept=134 dropped=136 bad=0 latest=269
[uds-tcp] frames=300 seq=300 kept=149 dropped=151 bad=0 latest=299
[uds-tcp] frames=330 seq=330 kept=164 dropped=166 bad=0 latest=329
[uds-tcp] frames=360 seq=360 kept=179 dropped=181 bad=0 latest=359
[uds-tcp] frames=390 seq=390 kept=194 dropped=196 bad=0 latest=389
[uds-tcp] frames=420 seq=420 kept=209 dropped=211 bad=0 latest=419
[uds-tcp] frames=450 seq=450 kept=224 dropped=226 bad=0 latest=449
[uds-tcp] frames=480 seq=480 kept=239 dropped=241 bad=0 latest=479
[uds-tcp] frames=510 seq=510 kept=254 dropped=256 bad=0 latest=509
[uds-tcp] frames=540 seq=540 kept=270 dropped=270 bad=0 latest=540
[uds-tcp] frames=570 seq=570 kept=285 dropped=285 bad=0 latest=570
[uds-tcp] frames=600 seq=600 kept=300 dropped=300 bad=0 latest=600
[uds-tcp] frames=630 seq=630 kept=315 dropped=315 bad=0 latest=630
[uds-tcp] frames=660 seq=660 kept=330 dropped=330 bad=0 latest=660
[uds-tcp] frames=690 seq=690 kept=345 dropped=345 bad=0 latest=690
[uds-tcp] frames=720 seq=720 kept=360 dropped=360 bad=0 latest=720
[uds-tcp] frames=750 seq=750 kept=375 dropped=375 bad=0 latest=749
[uds-tcp] frames=780 seq=780 kept=390 dropped=390 bad=0 latest=779
[uds-tcp] frames=810 seq=810 kept=405 dropped=405 bad=0 latest=809
[uds-tcp] frames=840 seq=840 kept=420 dropped=420 bad=0 latest=839
[uds-tcp] frames=870 seq=870 kept=435 dropped=435 bad=0 latest=869
[uds-tcp] frames=900 seq=900 kept=450 dropped=450 bad=0 latest=899
[uds-tcp] frames=930 seq=930 kept=465 dropped=465 bad=0 latest=929
[uds-tcp] frames=960 seq=960 kept=480 dropped=480 bad=0 latest=959
[uds-tcp] frames=990 seq=990 kept=495 dropped=495 bad=0 latest=989
[uds-tcp] frames=1020 seq=1020 kept=510 dropped=510 bad=0 latest=1019
[uds-tcp] frames=1050 seq=1050 kept=525 dropped=525 bad=0 latest=1049
[uds-tcp] frames=1080 seq=1080 kept=540 dropped=540 bad=0 latest=1079
[uds-tcp] frames=1110 seq=1110 kept=555 dropped=555 bad=0 latest=1109
[uds-tcp] frames=1140 seq=1140 kept=570 dropped=570 bad=0 latest=1139
[uds-tcp] frames=1170 seq=1170 kept=585 dropped=585 bad=0 latest=1169
[uds-tcp] frames=1200 seq=1200 kept=600 dropped=600 bad=0 latest=1199
[uds-tcp] frames=1230 seq=1230 kept=615 dropped=615 bad=0 latest=1229
[uds-tcp] frames=1260 seq=1260 kept=630 dropped=630 bad=0 latest=1259
[uds-tcp] frames=1290 seq=1290 kept=645 dropped=645 bad=0 latest=1289
[uds-tcp] frames=1320 seq=1320 kept=660 dropped=660 bad=0 latest=1319
[uds-tcp] frames=1350 seq=1350 kept=675 dropped=675 bad=0 latest=1349
