Could not save cache, no writable directory
Could not save cache, no writable directory
/home/bogdan/work/coralmicro/venv/lib/python3.12/site-packages/cflib/crazyflie/commander.py:181: DeprecationWarning: Using legacy TYPE_HOVER_LEGACY. Please update your crazyflie-firmware.
  warnings.warn(
/home/bogdan/work/coralmicro/venv/lib/python3.12/site-packages/cflib/crazyflie/commander.py:181: DeprecationWarning: Using legacy TYPE_HOVER_LEGACY. Please update your crazyflie-firmware.
  warnings.warn(
/home/bogdan/work/coralmicro/venv/lib/python3.12/site-packages/cflib/crazyflie/commander.py:181: DeprecationWarning: Using legacy TYPE_HOVER_LEGACY. Please update your crazyflie-firmware.
  warnings.warn(
/home/bogdan/work/coralmicro/venv/lib/python3.12/site-packages/cflib/crazyflie/commander.py:181: DeprecationWarning: Using legacy TYPE_HOVER_LEGACY. Please update your crazyflie-firmware.
  warnings.warn(
/home/bogdan/work/coralmicro/venv/lib/python3.12/site-packages/cflib/crazyflie/commander.py:181: DeprecationWarning: Using legacy TYPE_HOVER_LEGACY. Please update your crazyflie-firmware.
  warnings.warn(
/home/bogdan/work/coralmicro/venv/lib/python3.12/site-packages/cflib/crazyflie/commander.py:181: DeprecationWarning: Using legacy TYPE_HOVER_LEGACY. Please update your crazyflie-firmware.
  warnings.warn(
/home/bogdan/work/coralmicro/venv/lib/python3.12/site-packages/cflib/crazyflie/commander.py:181: DeprecationWarning: Using legacy TYPE_HOVER_LEGACY. Please update your crazyflie-firmware.
  warnings.warn(
/home/bogdan/work/coralmicro/venv/lib/python3.12/site-packages/cflib/crazyflie/commander.py:181: DeprecationWarning: Using legacy TYPE_HOVER_LEGACY. Please update your crazyflie-firmware.
  warnings.warn(
/home/bogdan/work/coralmicro/venv/lib/python3.12/site-packages/cflib/crazyflie/commander.py:181: DeprecationWarning: Using legacy TYPE_HOVER_LEGACY. Please update your crazyflie-firmware.
  warnings.warn(
/home/bogdan/work/coralmicro/venv/lib/python3.12/site-packages/cflib/crazyflie/commander.py:181: DeprecationWarning: Using legacy TYPE_HOVER_LEGACY. Please update your crazyflie-firmware.
  warnings.warn(
/home/bogdan/work/coralmicro/venv/lib/python3.12/site-packages/cflib/crazyflie/commander.py:181: DeprecationWarning: Using legacy TYPE_HOVER_LEGACY. Please update your crazyflie-firmware.
  warnings.warn(
/home/bogdan/work/coralmicro/venv/lib/python3.12/site-packages/cflib/crazyflie/commander.py:181: DeprecationWarning: Using legacy TYPE_HOVER_LEGACY. Please update your crazyflie-firmware.
  warnings.warn(
/home/bogdan/work/coralmicro/venv/lib/python3.12/site-packages/cflib/crazyflie/commander.py:181: DeprecationWarning: Using legacy TYPE_HOVER_LEGACY. Please update your crazyflie-firmware.
  warnings.warn(
/home/bogdan/work/coralmicro/venv/lib/python3.12/site-packages/cflib/crazyflie/commander.py:181: DeprecationWarning: Using legacy TYPE_HOVER_LEGACY. Please update your crazyflie-firmware.
  warnings.warn(
/home/bogdan/work/coralmicro/venv/lib/python3.12/site-packages/cflib/crazyflie/commander.py:181: DeprecationWarning: Using legacy TYPE_HOVER_LEGACY. Please update your crazyflie-firmware.
  warnings.warn(
/home/bogdan/work/coralmicro/venv/lib/python3.12/site-packages/cflib/crazyflie/commander.py:181: DeprecationWarning: Using legacy TYPE_HOVER_LEGACY. Please update your crazyflie-firmware.
  warnings.warn(
/home/bogdan/work/coralmicro/venv/lib/python3.12/site-packages/cflib/crazyflie/commander.py:181: DeprecationWarning: Using legacy TYPE_HOVER_LEGACY. Please update your crazyflie-firmware.
  warnings.warn(
/home/bogdan/work/coralmicro/venv/lib/python3.12/site-packages/cflib/crazyflie/commander.py:181: DeprecationWarning: Using legacy TYPE_HOVER_LEGACY. Please update your crazyflie-firmware.
  warnings.warn(
/home/bogdan/work/coralmicro/venv/lib/python3.12/site-packages/cflib/crazyflie/commander.py:181: DeprecationWarning: Using legacy TYPE_HOVER_LEGACY. Please update your crazyflie-firmware.
  warnings.warn(
/home/bogdan/work/coralmicro/venv/lib/python3.12/site-packages/cflib/crazyflie/commander.py:181: DeprecationWarning: Using legacy TYPE_HOVER_LEGACY. Please update your crazyflie-firmware.
  warnings.warn(
/home/bogdan/work/coralmicro/venv/lib/python3.12/site-packages/cflib/crazyflie/commander.py:181: DeprecationWarning: Using legacy TYPE_HOVER_LEGACY. Please update your crazyflie-firmware.
  warnings.warn(
/home/bogdan/work/coralmicro/venv/lib/python3.12/site-packages/cflib/crazyflie/commander.py:181: DeprecationWarning: Using legacy TYPE_HOVER_LEGACY. Please update your crazyflie-firmware.
  warnings.warn(
/home/bogdan/work/coralmicro/venv/lib/python3.12/site-packages/cflib/crazyflie/commander.py:181: DeprecationWarning: Using legacy TYPE_HOVER_LEGACY. Please update your crazyflie-firmware.
  warnings.warn(
/home/bogdan/work/coralmicro/venv/lib/python3.12/site-packages/cflib/crazyflie/commander.py:181: DeprecationWarning: Using legacy TYPE_HOVER_LEGACY. Please update your crazyflie-firmware.
  warnings.warn(
/home/bogdan/work/coralmicro/venv/lib/python3.12/site-packages/cflib/crazyflie/commander.py:181: DeprecationWarning: Using legacy TYPE_HOVER_LEGACY. Please update your crazyflie-firmware.
  warnings.warn(
/home/bogdan/work/coralmicro/venv/lib/python3.12/site-packages/cflib/crazyflie/commander.py:181: DeprecationWarning: Using legacy TYPE_HOVER_LEGACY. Please update your crazyflie-firmware.
  warnings.warn(
/home/bogdan/work/coralmicro/venv/lib/python3.12/site-packages/cflib/crazyflie/commander.py:181: DeprecationWarning: Using legacy TYPE_HOVER_LEGACY. Please update your crazyflie-firmware.
  warnings.warn(
/home/bogdan/work/coralmicro/venv/lib/python3.12/site-packages/cflib/crazyflie/commander.py:181: DeprecationWarning: Using legacy TYPE_HOVER_LEGACY. Please update your crazyflie-firmware.
  warnings.warn(
/home/bogdan/work/coralmicro/venv/lib/python3.12/site-packages/cflib/crazyflie/commander.py:181: DeprecationWarning: Using legacy TYPE_HOVER_LEGACY. Please update your crazyflie-firmware.
  warnings.warn(
/home/bogdan/work/coralmicro/venv/lib/python3.12/site-packages/cflib/crazyflie/commander.py:181: DeprecationWarning: Using legacy TYPE_HOVER_LEGACY. Please update your crazyflie-firmware.
  warnings.warn(
/home/bogdan/work/coralmicro/venv/lib/python3.12/site-packages/cflib/crazyflie/commander.py:181: DeprecationWarning: Using legacy TYPE_HOVER_LEGACY. Please update your crazyflie-firmware.
  warnings.warn(
/home/bogdan/work/coralmicro/venv/lib/python3.12/site-packages/cflib/crazyflie/commander.py:181: DeprecationWarning: Using legacy TYPE_HOVER_LEGACY. Please update your crazyflie-firmware.
  warnings.warn(
/home/bogdan/work/coralmicro/venv/lib/python3.12/site-packages/cflib/crazyflie/commander.py:181: DeprecationWarning: Using legacy TYPE_HOVER_LEGACY. Please update your crazyflie-firmware.
  warnings.warn(
/home/bogdan/work/coralmicro/venv/lib/python3.12/site-packages/cflib/crazyflie/commander.py:181: DeprecationWarning: Using legacy TYPE_HOVER_LEGACY. Please update your crazyflie-firmware.
  warnings.warn(
/home/bogdan/work/coralmicro/venv/lib/python3.12/site-packages/cflib/crazyflie/commander.py:181: DeprecationWarning: Using legacy TYPE_HOVER_LEGACY. Please update your crazyflie-firmware.
  warnings.warn(
/home/bogdan/work/coralmicro/venv/lib/python3.12/site-packages/cflib/crazyflie/commander.py:181: DeprecationWarning: Using legacy TYPE_HOVER_LEGACY. Please update your crazyflie-firmware.
  warnings.warn(
/home/bogdan/work/coralmicro/venv/lib/python3.12/site-packages/cflib/crazyflie/commander.py:181: DeprecationWarning: Using legacy TYPE_HOVER_LEGACY. Please update your crazyflie-firmware.
  warnings.warn(
/home/bogdan/work/coralmicro/venv/lib/python3.12/site-packages/cflib/crazyflie/commander.py:181: DeprecationWarning: Using legacy TYPE_HOVER_LEGACY. Please update your crazyflie-firmware.
  warnings.warn(
/home/bogdan/work/coralmicro/venv/lib/python3.12/site-packages/cflib/crazyflie/commander.py:181: DeprecationWarning: Using legacy TYPE_HOVER_LEGACY. Please update your crazyflie-firmware.
  warnings.warn(
/home/bogdan/work/coralmicro/venv/lib/python3.12/site-packages/cflib/crazyflie/commander.py:181: DeprecationWarning: Using legacy TYPE_HOVER_LEGACY. Please update your crazyflie-firmware.
  warnings.warn(
/home/bogdan/work/coralmicro/venv/lib/python3.12/site-packages/cflib/crazyflie/commander.py:181: DeprecationWarning: Using legacy TYPE_HOVER_LEGACY. Please update your crazyflie-firmware.
  warnings.warn(
/home/bogdan/work/coralmicro/venv/lib/python3.12/site-packages/cflib/crazyflie/commander.py:181: DeprecationWarning: Using legacy TYPE_HOVER_LEGACY. Please update your crazyflie-firmware.
  warnings.warn(
/home/bogdan/work/coralmicro/venv/lib/python3.12/site-packages/cflib/crazyflie/commander.py:181: DeprecationWarning: Using legacy TYPE_HOVER_LEGACY. Please update your crazyflie-firmware.
  warnings.warn(
/home/bogdan/work/coralmicro/venv/lib/python3.12/site-packages/cflib/crazyflie/commander.py:181: DeprecationWarning: Using legacy TYPE_HOVER_LEGACY. Please update your crazyflie-firmware.
  warnings.warn(
/home/bogdan/work/coralmicro/venv/lib/python3.12/site-packages/cflib/crazyflie/commander.py:181: DeprecationWarning: Using legacy TYPE_HOVER_LEGACY. Please update your crazyflie-firmware.
  warnings.warn(
/home/bogdan/work/coralmicro/venv/lib/python3.12/site-packages/cflib/crazyflie/commander.py:181: DeprecationWarning: Using legacy TYPE_HOVER_LEGACY. Please update your crazyflie-firmware.
  warnings.warn(
/home/bogdan/work/coralmicro/venv/lib/python3.12/site-packages/cflib/crazyflie/commander.py:181: DeprecationWarning: Using legacy TYPE_HOVER_LEGACY. Please update your crazyflie-firmware.
  warnings.warn(
/home/bogdan/work/coralmicro/venv/lib/python3.12/site-packages/cflib/crazyflie/commander.py:181: DeprecationWarning: Using legacy TYPE_HOVER_LEGACY. Please update your crazyflie-firmware.
  warnings.warn(
/home/bogdan/work/coralmicro/venv/lib/python3.12/site-packages/cflib/crazyflie/commander.py:181: DeprecationWarning: Using legacy TYPE_HOVER_LEGACY. Please update your crazyflie-firmware.
  warnings.warn(
/home/bogdan/work/coralmicro/venv/lib/python3.12/site-packages/cflib/crazyflie/commander.py:181: DeprecationWarning: Using legacy TYPE_HOVER_LEGACY. Please update your crazyflie-firmware.
  warnings.warn(
/home/bogdan/work/coralmicro/venv/lib/python3.12/site-packages/cflib/crazyflie/commander.py:181: DeprecationWarning: Using legacy TYPE_HOVER_LEGACY. Please update your crazyflie-firmware.
  warnings.warn(
/home/bogdan/work/coralmicro/venv/lib/python3.12/site-packages/cflib/crazyflie/commander.py:181: DeprecationWarning: Using legacy TYPE_HOVER_LEGACY. Please update your crazyflie-firmware.
  warnings.warn(
/home/bogdan/work/coralmicro/venv/lib/python3.12/site-packages/cflib/crazyflie/commander.py:181: DeprecationWarning: Using legacy TYPE_HOVER_LEGACY. Please update your crazyflie-firmware.
  warnings.warn(
/home/bogdan/work/coralmicro/venv/lib/python3.12/site-packages/cflib/crazyflie/commander.py:181: DeprecationWarning: Using legacy TYPE_HOVER_LEGACY. Please update your crazyflie-firmware.
  warnings.warn(
/home/bogdan/work/coralmicro/venv/lib/python3.12/site-packages/cflib/crazyflie/commander.py:181: DeprecationWarning: Using legacy TYPE_HOVER_LEGACY. Please update your crazyflie-firmware.
  warnings.warn(
/home/bogdan/work/coralmicro/venv/lib/python3.12/site-packages/cflib/crazyflie/commander.py:181: DeprecationWarning: Using legacy TYPE_HOVER_LEGACY. Please update your crazyflie-firmware.
  warnings.warn(
/home/bogdan/work/coralmicro/venv/lib/python3.12/site-packages/cflib/crazyflie/commander.py:181: DeprecationWarning: Using legacy TYPE_HOVER_LEGACY. Please update your crazyflie-firmware.
  warnings.warn(
/home/bogdan/work/coralmicro/venv/lib/python3.12/site-packages/cflib/crazyflie/commander.py:181: DeprecationWarning: Using legacy TYPE_HOVER_LEGACY. Please update your crazyflie-firmware.
  warnings.warn(
/home/bogdan/work/coralmicro/venv/lib/python3.12/site-packages/cflib/crazyflie/commander.py:181: DeprecationWarning: Using legacy TYPE_HOVER_LEGACY. Please update your crazyflie-firmware.
  warnings.warn(
/home/bogdan/work/coralmicro/venv/lib/python3.12/site-packages/cflib/crazyflie/commander.py:181: DeprecationWarning: Using legacy TYPE_HOVER_LEGACY. Please update your crazyflie-firmware.
  warnings.warn(
/home/bogdan/work/coralmicro/venv/lib/python3.12/site-packages/cflib/crazyflie/commander.py:181: DeprecationWarning: Using legacy TYPE_HOVER_LEGACY. Please update your crazyflie-firmware.
  warnings.warn(
/home/bogdan/work/coralmicro/venv/lib/python3.12/site-packages/cflib/crazyflie/commander.py:181: DeprecationWarning: Using legacy TYPE_HOVER_LEGACY. Please update your crazyflie-firmware.
  warnings.warn(
/home/bogdan/work/coralmicro/venv/lib/python3.12/site-packages/cflib/crazyflie/commander.py:181: DeprecationWarning: Using legacy TYPE_HOVER_LEGACY. Please update your crazyflie-firmware.
  warnings.warn(
/home/bogdan/work/coralmicro/venv/lib/python3.12/site-packages/cflib/crazyflie/commander.py:181: DeprecationWarning: Using legacy TYPE_HOVER_LEGACY. Please update your crazyflie-firmware.
  warnings.warn(
/home/bogdan/work/coralmicro/venv/lib/python3.12/site-packages/cflib/crazyflie/commander.py:181: DeprecationWarning: Using legacy TYPE_HOVER_LEGACY. Please update your crazyflie-firmware.
  warnings.warn(
/home/bogdan/work/coralmicro/venv/lib/python3.12/site-packages/cflib/crazyflie/commander.py:181: DeprecationWarning: Using legacy TYPE_HOVER_LEGACY. Please update your crazyflie-firmware.
  warnings.warn(
/home/bogdan/work/coralmicro/venv/lib/python3.12/site-packages/cflib/crazyflie/commander.py:181: DeprecationWarning: Using legacy TYPE_HOVER_LEGACY. Please update your crazyflie-firmware.
  warnings.warn(
/home/bogdan/work/coralmicro/venv/lib/python3.12/site-packages/cflib/crazyflie/commander.py:181: DeprecationWarning: Using legacy TYPE_HOVER_LEGACY. Please update your crazyflie-firmware.
  warnings.warn(
/home/bogdan/work/coralmicro/venv/lib/python3.12/site-packages/cflib/crazyflie/commander.py:181: DeprecationWarning: Using legacy TYPE_HOVER_LEGACY. Please update your crazyflie-firmware.
  warnings.warn(
/home/bogdan/work/coralmicro/venv/lib/python3.12/site-packages/cflib/crazyflie/commander.py:181: DeprecationWarning: Using legacy TYPE_HOVER_LEGACY. Please update your crazyflie-firmware.
  warnings.warn(
/home/bogdan/work/coralmicro/venv/lib/python3.12/site-packages/cflib/crazyflie/commander.py:181: DeprecationWarning: Using legacy TYPE_HOVER_LEGACY. Please update your crazyflie-firmware.
  warnings.warn(
/home/bogdan/work/coralmicro/venv/lib/python3.12/site-packages/cflib/crazyflie/commander.py:181: DeprecationWarning: Using legacy TYPE_HOVER_LEGACY. Please update your crazyflie-firmware.
  warnings.warn(
/home/bogdan/work/coralmicro/venv/lib/python3.12/site-packages/cflib/crazyflie/commander.py:181: DeprecationWarning: Using legacy TYPE_HOVER_LEGACY. Please update your crazyflie-firmware.
  warnings.warn(
/home/bogdan/work/coralmicro/venv/lib/python3.12/site-packages/cflib/crazyflie/commander.py:181: DeprecationWarning: Using legacy TYPE_HOVER_LEGACY. Please update your crazyflie-firmware.
  warnings.warn(
/home/bogdan/work/coralmicro/venv/lib/python3.12/site-packages/cflib/crazyflie/commander.py:181: DeprecationWarning: Using legacy TYPE_HOVER_LEGACY. Please update your crazyflie-firmware.
  warnings.warn(
/home/bogdan/work/coralmicro/venv/lib/python3.12/site-packages/cflib/crazyflie/commander.py:181: DeprecationWarning: Using legacy TYPE_HOVER_LEGACY. Please update your crazyflie-firmware.
  warnings.warn(
/home/bogdan/work/coralmicro/venv/lib/python3.12/site-packages/cflib/crazyflie/commander.py:181: DeprecationWarning: Using legacy TYPE_HOVER_LEGACY. Please update your crazyflie-firmware.
  warnings.warn(
/home/bogdan/work/coralmicro/venv/lib/python3.12/site-packages/cflib/crazyflie/commander.py:181: DeprecationWarning: Using legacy TYPE_HOVER_LEGACY. Please update your crazyflie-firmware.
  warnings.warn(
/home/bogdan/work/coralmicro/venv/lib/python3.12/site-packages/cflib/crazyflie/commander.py:181: DeprecationWarning: Using legacy TYPE_HOVER_LEGACY. Please update your crazyflie-firmware.
  warnings.warn(
/home/bogdan/work/coralmicro/venv/lib/python3.12/site-packages/cflib/crazyflie/commander.py:181: DeprecationWarning: Using legacy TYPE_HOVER_LEGACY. Please update your crazyflie-firmware.
  warnings.warn(
/home/bogdan/work/coralmicro/venv/lib/python3.12/site-packages/cflib/crazyflie/commander.py:181: DeprecationWarning: Using legacy TYPE_HOVER_LEGACY. Please update your crazyflie-firmware.
  warnings.warn(
/home/bogdan/work/coralmicro/venv/lib/python3.12/site-packages/cflib/crazyflie/commander.py:181: DeprecationWarning: Using legacy TYPE_HOVER_LEGACY. Please update your crazyflie-firmware.
  warnings.warn(
/home/bogdan/work/coralmicro/venv/lib/python3.12/site-packages/cflib/crazyflie/commander.py:181: DeprecationWarning: Using legacy TYPE_HOVER_LEGACY. Please update your crazyflie-firmware.
  warnings.warn(
/home/bogdan/work/coralmicro/venv/lib/python3.12/site-packages/cflib/crazyflie/commander.py:181: DeprecationWarning: Using legacy TYPE_HOVER_LEGACY. Please update your crazyflie-firmware.
  warnings.warn(
/home/bogdan/work/coralmicro/venv/lib/python3.12/site-packages/cflib/crazyflie/commander.py:181: DeprecationWarning: Using legacy TYPE_HOVER_LEGACY. Please update your crazyflie-firmware.
  warnings.warn(
/home/bogdan/work/coralmicro/venv/lib/python3.12/site-packages/cflib/crazyflie/commander.py:181: DeprecationWarning: Using legacy TYPE_HOVER_LEGACY. Please update your crazyflie-firmware.
  warnings.warn(
/home/bogdan/work/coralmicro/venv/lib/python3.12/site-packages/cflib/crazyflie/commander.py:181: DeprecationWarning: Using legacy TYPE_HOVER_LEGACY. Please update your crazyflie-firmware.
  warnings.warn(
/home/bogdan/work/coralmicro/venv/lib/python3.12/site-packages/cflib/crazyflie/commander.py:181: DeprecationWarning: Using legacy TYPE_HOVER_LEGACY. Please update your crazyflie-firmware.
  warnings.warn(
/home/bogdan/work/coralmicro/venv/lib/python3.12/site-packages/cflib/crazyflie/commander.py:181: DeprecationWarning: Using legacy TYPE_HOVER_LEGACY. Please update your crazyflie-firmware.
  warnings.warn(
/home/bogdan/work/coralmicro/venv/lib/python3.12/site-packages/cflib/crazyflie/commander.py:181: DeprecationWarning: Using legacy TYPE_HOVER_LEGACY. Please update your crazyflie-firmware.
  warnings.warn(
/home/bogdan/work/coralmicro/venv/lib/python3.12/site-packages/cflib/crazyflie/commander.py:181: DeprecationWarning: Using legacy TYPE_HOVER_LEGACY. Please update your crazyflie-firmware.
  warnings.warn(
/home/bogdan/work/coralmicro/venv/lib/python3.12/site-packages/cflib/crazyflie/commander.py:181: DeprecationWarning: Using legacy TYPE_HOVER_LEGACY. Please update your crazyflie-firmware.
  warnings.warn(
/home/bogdan/work/coralmicro/venv/lib/python3.12/site-packages/cflib/crazyflie/commander.py:181: DeprecationWarning: Using legacy TYPE_HOVER_LEGACY. Please update your crazyflie-firmware.
  warnings.warn(
/home/bogdan/work/coralmicro/venv/lib/python3.12/site-packages/cflib/crazyflie/commander.py:181: DeprecationWarning: Using legacy TYPE_HOVER_LEGACY. Please update your crazyflie-firmware.
  warnings.warn(
/home/bogdan/work/coralmicro/venv/lib/python3.12/site-packages/cflib/crazyflie/commander.py:181: DeprecationWarning: Using legacy TYPE_HOVER_LEGACY. Please update your crazyflie-firmware.
  warnings.warn(
/home/bogdan/work/coralmicro/venv/lib/python3.12/site-packages/cflib/crazyflie/commander.py:181: DeprecationWarning: Using legacy TYPE_HOVER_LEGACY. Please update your crazyflie-firmware.
  warnings.warn(
/home/bogdan/work/coralmicro/venv/lib/python3.12/site-packages/cflib/crazyflie/commander.py:181: DeprecationWarning: Using legacy TYPE_HOVER_LEGACY. Please update your crazyflie-firmware.
  warnings.warn(
/home/bogdan/work/coralmicro/venv/lib/python3.12/site-packages/cflib/crazyflie/commander.py:181: DeprecationWarning: Using legacy TYPE_HOVER_LEGACY. Please update your crazyflie-firmware.
  warnings.warn(
/home/bogdan/work/coralmicro/venv/lib/python3.12/site-packages/cflib/crazyflie/commander.py:181: DeprecationWarning: Using legacy TYPE_HOVER_LEGACY. Please update your crazyflie-firmware.
  warnings.warn(
/home/bogdan/work/coralmicro/venv/lib/python3.12/site-packages/cflib/crazyflie/commander.py:181: DeprecationWarning: Using legacy TYPE_HOVER_LEGACY. Please update your crazyflie-firmware.
  warnings.warn(
/home/bogdan/work/coralmicro/venv/lib/python3.12/site-packages/cflib/crazyflie/commander.py:181: DeprecationWarning: Using legacy TYPE_HOVER_LEGACY. Please update your crazyflie-firmware.
  warnings.warn(
/home/bogdan/work/coralmicro/venv/lib/python3.12/site-packages/cflib/crazyflie/commander.py:181: DeprecationWarning: Using legacy TYPE_HOVER_LEGACY. Please update your crazyflie-firmware.
  warnings.warn(
/home/bogdan/work/coralmicro/venv/lib/python3.12/site-packages/cflib/crazyflie/commander.py:181: DeprecationWarning: Using legacy TYPE_HOVER_LEGACY. Please update your crazyflie-firmware.
  warnings.warn(
/home/bogdan/work/coralmicro/venv/lib/python3.12/site-packages/cflib/crazyflie/commander.py:181: DeprecationWarning: Using legacy TYPE_HOVER_LEGACY. Please update your crazyflie-firmware.
  warnings.warn(
/home/bogdan/work/coralmicro/venv/lib/python3.12/site-packages/cflib/crazyflie/commander.py:181: DeprecationWarning: Using legacy TYPE_HOVER_LEGACY. Please update your crazyflie-firmware.
  warnings.warn(
/home/bogdan/work/coralmicro/venv/lib/python3.12/site-packages/cflib/crazyflie/commander.py:181: DeprecationWarning: Using legacy TYPE_HOVER_LEGACY. Please update your crazyflie-firmware.
  warnings.warn(
/home/bogdan/work/coralmicro/venv/lib/python3.12/site-packages/cflib/crazyflie/commander.py:181: DeprecationWarning: Using legacy TYPE_HOVER_LEGACY. Please update your crazyflie-firmware.
  warnings.warn(
/home/bogdan/work/coralmicro/venv/lib/python3.12/site-packages/cflib/crazyflie/commander.py:181: DeprecationWarning: Using legacy TYPE_HOVER_LEGACY. Please update your crazyflie-firmware.
  warnings.warn(
/home/bogdan/work/coralmicro/venv/lib/python3.12/site-packages/cflib/crazyflie/commander.py:181: DeprecationWarning: Using legacy TYPE_HOVER_LEGACY. Please update your crazyflie-firmware.
  warnings.warn(
/home/bogdan/work/coralmicro/venv/lib/python3.12/site-packages/cflib/crazyflie/commander.py:181: DeprecationWarning: Using legacy TYPE_HOVER_LEGACY. Please update your crazyflie-firmware.
  warnings.warn(
/home/bogdan/work/coralmicro/venv/lib/python3.12/site-packages/cflib/crazyflie/commander.py:181: DeprecationWarning: Using legacy TYPE_HOVER_LEGACY. Please update your crazyflie-firmware.
  warnings.warn(
/home/bogdan/work/coralmicro/venv/lib/python3.12/site-packages/cflib/crazyflie/commander.py:181: DeprecationWarning: Using legacy TYPE_HOVER_LEGACY. Please update your crazyflie-firmware.
  warnings.warn(
/home/bogdan/work/coralmicro/venv/lib/python3.12/site-packages/cflib/crazyflie/commander.py:181: DeprecationWarning: Using legacy TYPE_HOVER_LEGACY. Please update your crazyflie-firmware.
  warnings.warn(
/home/bogdan/work/coralmicro/venv/lib/python3.12/site-packages/cflib/crazyflie/commander.py:181: DeprecationWarning: Using legacy TYPE_HOVER_LEGACY. Please update your crazyflie-firmware.
  warnings.warn(
/home/bogdan/work/coralmicro/venv/lib/python3.12/site-packages/cflib/crazyflie/commander.py:181: DeprecationWarning: Using legacy TYPE_HOVER_LEGACY. Please update your crazyflie-firmware.
  warnings.warn(
/home/bogdan/work/coralmicro/venv/lib/python3.12/site-packages/cflib/crazyflie/commander.py:181: DeprecationWarning: Using legacy TYPE_HOVER_LEGACY. Please update your crazyflie-firmware.
  warnings.warn(
/home/bogdan/work/coralmicro/venv/lib/python3.12/site-packages/cflib/crazyflie/commander.py:181: DeprecationWarning: Using legacy TYPE_HOVER_LEGACY. Please update your crazyflie-firmware.
  warnings.warn(
/home/bogdan/work/coralmicro/venv/lib/python3.12/site-packages/cflib/crazyflie/commander.py:181: DeprecationWarning: Using legacy TYPE_HOVER_LEGACY. Please update your crazyflie-firmware.
  warnings.warn(
/home/bogdan/work/coralmicro/venv/lib/python3.12/site-packages/cflib/crazyflie/commander.py:181: DeprecationWarning: Using legacy TYPE_HOVER_LEGACY. Please update your crazyflie-firmware.
  warnings.warn(
/home/bogdan/work/coralmicro/venv/lib/python3.12/site-packages/cflib/crazyflie/commander.py:181: DeprecationWarning: Using legacy TYPE_HOVER_LEGACY. Please update your crazyflie-firmware.
  warnings.warn(
/home/bogdan/work/coralmicro/venv/lib/python3.12/site-packages/cflib/crazyflie/commander.py:181: DeprecationWarning: Using legacy TYPE_HOVER_LEGACY. Please update your crazyflie-firmware.
  warnings.warn(
/home/bogdan/work/coralmicro/venv/lib/python3.12/site-packages/cflib/crazyflie/commander.py:181: DeprecationWarning: Using legacy TYPE_HOVER_LEGACY. Please update your crazyflie-firmware.
  warnings.warn(
/home/bogdan/work/coralmicro/venv/lib/python3.12/site-packages/cflib/crazyflie/commander.py:181: DeprecationWarning: Using legacy TYPE_HOVER_LEGACY. Please update your crazyflie-firmware.
  warnings.warn(
/home/bogdan/work/coralmicro/venv/lib/python3.12/site-packages/cflib/crazyflie/commander.py:181: DeprecationWarning: Using legacy TYPE_HOVER_LEGACY. Please update your crazyflie-firmware.
  warnings.warn(
/home/bogdan/work/coralmicro/venv/lib/python3.12/site-packages/cflib/crazyflie/commander.py:181: DeprecationWarning: Using legacy TYPE_HOVER_LEGACY. Please update your crazyflie-firmware.
  warnings.warn(
/home/bogdan/work/coralmicro/venv/lib/python3.12/site-packages/cflib/crazyflie/commander.py:181: DeprecationWarning: Using legacy TYPE_HOVER_LEGACY. Please update your crazyflie-firmware.
  warnings.warn(
[takeoff] hovering
[takeoff] landing
[takeoff] done
