t=65ms listening 127.0.0.1:30233
t=93ms client connected
t=104ms client disconnected
t=444ms client connected
t=809ms mmio exception invalid integer number literal
t=982ms mmio exception invalid integer number literal
t=1092ms mmio exception invalid integer number literal
t=1228ms mmio exception invalid integer number literal
t=1338ms mmio exception invalid integer number literal
t=1483ms mmio exception invalid integer number literal
t=1639ms mmio exception invalid integer number literal
t=1792ms mmio exception invalid integer number literal
t=1902ms mmio exception invalid integer number literal
t=2017ms mmio exception invalid integer number literal
t=2019ms frame seq=30 dropped=29
t=2151ms mmio exception invalid integer number literal
t=2331ms mmio exception invalid integer number literal
t=2549ms mmio exception invalid integer number literal
t=2812ms mmio exception invalid integer number literal
t=3040ms mmio exception invalid integer number literal
t=3290ms mmio exception invalid integer number literal
t=3540ms mmio exception invalid integer number literal
t=3551ms frame seq=60 dropped=59
t=3766ms mmio exception invalid integer number literal
t=3944ms mmio exception invalid integer number literal
t=4046ms mmio exception invalid integer number literal
t=4118ms mmio exception invalid integer number literal
t=4283ms mmio exception invalid integer number literal
t=4420ms mmio exception invalid integer number literal
t=4528ms mmio exception invalid integer number literal
t=4655ms mmio exception invalid integer number literal
t=4782ms mmio exception invalid integer number literal
t=4875ms mmio exception invalid integer number literal
t=4957ms mmio exception invalid integer number literal
t=5078ms mmio exception invalid integer number literal
t=5131ms frame seq=90 dropped=89
t=5224ms mmio exception invalid integer number literal
t=5361ms mmio exception invalid integer number literal
t=5475ms mmio exception invalid integer number literal
t=5652ms mmio exception invalid integer number literal
t=5730ms mmio exception invalid integer number literal
t=5828ms mmio exception invalid integer number literal
t=5959ms mmio exception invalid integer number literal
t=6044ms mmio exception invalid integer number literal
t=6193ms mmio exception invalid integer number literal
t=6362ms mmio exception invalid integer number literal
t=6445ms mmio exception invalid integer number literal
t=6606ms mmio exception invalid integer number literal
t=6608ms frame seq=120 dropped=119
t=6702ms mmio exception invalid integer number literal
t=6792ms mmio exception invalid integer number literal
t=6912ms mmio exception invalid integer number literal
t=7003ms mmio exception invalid integer number literal
t=7179ms mmio exception invalid integer number literal
t=7309ms mmio exception invalid integer number literal
t=7412ms mmio exception invalid integer number literal
t=7561ms mmio exception invalid integer number literal
t=7685ms mmio exception invalid integer number literal
t=7779ms mmio exception invalid integer number literal
t=7887ms mmio exception invalid integer number literal
t=8043ms mmio exception invalid integer number literal
t=8141ms mmio exception invalid integer number literal
t=8183ms frame seq=150 dropped=149
t=8287ms mmio exception invalid integer number literal
t=8428ms mmio exception invalid integer number literal
t=8510ms mmio exception invalid integer number literal
t=8621ms mmio exception invalid integer number literal
t=8741ms mmio exception invalid integer number literal
t=8903ms mmio exception invalid integer number literal
t=9012ms mmio exception invalid integer number literal
t=9162ms mmio exception invalid integer number literal
t=9256ms mmio exception invalid integer number literal
t=9359ms mmio exception invalid integer number literal
t=9486ms mmio exception invalid integer number literal
t=9585ms mmio exception invalid integer number literal
t=9711ms frame seq=180 dropped=179
t=9767ms mmio exception invalid integer number literal
t=9872ms mmio exception invalid integer number literal
t=9950ms mmio exception invalid integer number literal
t=10064ms mmio exception invalid integer number literal
t=10238ms mmio exception invalid integer number literal
t=10321ms mmio exception invalid integer number literal
t=10455ms mmio exception invalid integer number literal
t=10621ms mmio exception invalid integer number literal
t=10721ms mmio exception invalid integer number literal
t=10857ms mmio exception invalid integer number literal
t=10975ms mmio exception invalid integer number literal
t=11076ms mmio exception invalid integer number literal
t=11184ms frame seq=210 dropped=209
t=11254ms mmio exception invalid integer number literal
t=11368ms mmio exception invalid integer number literal
t=11492ms mmio exception invalid integer number literal
t=11668ms mmio exception invalid integer number literal
t=11781ms mmio exception invalid integer number literal
t=11856ms mmio exception invalid integer number literal
t=11979ms mmio exception invalid integer number literal
t=12148ms mmio exception invalid integer number literal
t=12224ms mmio exception invalid integer number literal
t=12358ms mmio exception invalid integer number literal
t=12514ms mmio exception invalid integer number literal
t=12584ms mmio exception invalid integer number literal
t=12699ms mmio exception invalid integer number literal
t=12702ms frame seq=240 dropped=239
t=12811ms mmio exception invalid integer number literal
t=12914ms mmio exception invalid integer number literal
t=13059ms mmio exception invalid integer number literal
t=13186ms mmio exception invalid integer number literal
t=13306ms mmio exception invalid integer number literal
t=13411ms mmio exception invalid integer number literal
t=13487ms mmio exception invalid integer number literal
t=13597ms mmio exception invalid integer number literal
t=13707ms mmio exception invalid integer number literal
t=13835ms mmio exception invalid integer number literal
t=13949ms mmio exception invalid integer number literal
t=14075ms mmio exception invalid integer number literal
t=14153ms frame seq=270 dropped=269
t=14204ms mmio exception invalid integer number literal
t=14315ms mmio exception invalid integer number literal
t=14450ms mmio exception invalid integer number literal
t=14563ms mmio exception invalid integer number literal
t=14668ms mmio exception invalid integer number literal
t=14847ms mmio exception invalid integer number literal
t=14921ms mmio exception invalid integer number literal
t=15076ms mmio exception invalid integer number literal
t=15249ms mmio exception invalid integer number literal
t=15324ms mmio exception invalid integer number literal
t=15461ms mmio exception invalid integer number literal
t=15631ms mmio exception invalid integer number literal
t=15705ms frame seq=300 dropped=299
t=15713ms mmio exception invalid integer number literal
t=15835ms mmio exception invalid integer number literal
t=15955ms mmio exception invalid integer number literal
t=16075ms mmio exception invalid integer number literal
t=16232ms mmio exception invalid integer number literal
t=16397ms mmio exception invalid integer number literal
t=16544ms mmio exception invalid integer number literal
t=16669ms mmio exception invalid integer number literal
t=16793ms mmio exception invalid integer number literal
t=16880ms mmio exception invalid integer number literal
t=17021ms mmio exception invalid integer number literal
t=17202ms mmio exception invalid integer number literal
t=17281ms frame seq=330 dropped=329
t=17305ms mmio exception invalid integer number literal
t=17427ms mmio exception invalid integer number literal
t=17606ms mmio exception invalid integer number literal
t=17679ms mmio exception invalid integer number literal
t=17837ms mmio exception invalid integer number literal
t=17949ms mmio exception invalid integer number literal
t=18079ms mmio exception invalid integer number literal
t=18186ms mmio exception invalid integer number literal
t=18314ms mmio exception invalid integer number literal
t=18423ms mmio exception invalid integer number literal
t=18536ms mmio exception invalid integer number literal
t=18704ms mmio exception invalid integer number literal
t=18754ms frame seq=360 dropped=359
t=18778ms mmio exception invalid integer number literal
t=18924ms mmio exception invalid integer number literal
t=19083ms mmio exception invalid integer number literal
t=19172ms mmio exception invalid integer number literal
t=19363ms mmio exception invalid integer number literal
t=19485ms mmio exception invalid integer number literal
t=19571ms mmio exception invalid integer number literal
t=19692ms mmio exception invalid integer number literal
t=19803ms mmio exception invalid integer number literal
t=19924ms mmio exception invalid integer number literal
t=20061ms mmio exception invalid integer number literal
t=20162ms mmio exception invalid integer number literal
t=20239ms frame seq=390 dropped=389
t=20283ms mmio exception invalid integer number literal
t=20413ms mmio exception invalid integer number literal
t=20529ms mmio exception invalid integer number literal
t=20608ms mmio exception invalid integer number literal
t=20737ms mmio exception invalid integer number literal
t=20896ms mmio exception invalid integer number literal
t=21025ms mmio exception invalid integer number literal
t=21168ms mmio exception invalid integer number literal
t=21282ms mmio exception invalid integer number literal
t=21376ms mmio exception invalid integer number literal
t=21524ms mmio exception invalid integer number literal
t=21648ms mmio exception invalid integer number literal
t=21770ms frame seq=420 dropped=419
t=21775ms mmio exception invalid integer number literal
t=21946ms mmio exception invalid integer number literal
t=22013ms mmio exception invalid integer number literal
t=22160ms mmio exception invalid integer number literal
t=22297ms mmio exception invalid integer number literal
t=22381ms mmio exception invalid integer number literal
t=22540ms mmio exception invalid integer number literal
t=22648ms mmio exception invalid integer number literal
t=22777ms mmio exception invalid integer number literal
t=22893ms mmio exception invalid integer number literal
t=23037ms mmio exception invalid integer number literal
t=23159ms mmio exception invalid integer number literal
t=23277ms mmio exception invalid integer number literal
t=23278ms frame seq=450 dropped=449
t=23420ms mmio exception invalid integer number literal
t=23552ms mmio exception invalid integer number literal
t=23647ms mmio exception invalid integer number literal
t=23792ms mmio exception invalid integer number literal
t=23915ms mmio exception invalid integer number literal
t=24004ms mmio exception invalid integer number literal
t=24141ms mmio exception invalid integer number literal
t=24275ms mmio exception invalid integer number literal
t=24380ms mmio exception invalid integer number literal
t=24502ms mmio exception invalid integer number literal
t=24652ms mmio exception invalid integer number literal
t=24767ms frame seq=480 dropped=479
t=24768ms mmio exception invalid integer number literal
t=24906ms mmio exception invalid integer number literal
t=25021ms mmio exception invalid integer number literal
t=25142ms mmio exception invalid integer number literal
t=25309ms mmio exception invalid integer number literal
t=25380ms mmio exception invalid integer number literal
t=25511ms mmio exception invalid integer number literal
t=25670ms mmio exception invalid integer number literal
t=25737ms mmio exception invalid integer number literal
t=25864ms mmio exception invalid integer number literal
t=26035ms mmio exception invalid integer number literal
t=26098ms mmio exception invalid integer number literal
t=26239ms mmio exception invalid integer number literal
t=26252ms frame seq=510 dropped=509
t=26384ms mmio exception invalid integer number literal
t=26469ms mmio exception invalid integer number literal
t=26631ms mmio exception invalid integer number literal
t=26720ms mmio exception invalid integer number literal
t=26844ms mmio exception invalid integer number literal
t=26976ms mmio exception invalid integer number literal
t=27110ms mmio exception invalid integer number literal
t=27239ms mmio exception invalid integer number literal
t=27361ms mmio exception invalid integer number literal
t=27500ms mmio exception invalid integer number literal
t=27625ms mmio exception invalid integer number literal
t=27746ms mmio exception invalid integer number literal
t=27746ms frame seq=540 dropped=539
t=27913ms mmio exception invalid integer number literal
t=27973ms mmio exception invalid integer number literal
t=28103ms mmio exception invalid integer number literal
t=28263ms mmio exception invalid integer number literal
t=28333ms mmio exception invalid integer number literal
t=28474ms mmio exception invalid integer number literal
t=28625ms mmio exception invalid integer number literal
t=28709ms mmio exception invalid integer number literal
t=28842ms mmio exception invalid integer number literal
t=29017ms mmio exception invalid integer number literal
t=29105ms mmio exception invalid integer number literal
t=29238ms frame seq=570 dropped=569
t=29239ms mmio exception invalid integer number literal
t=29389ms mmio exception invalid integer number literal
t=29460ms mmio exception invalid integer number literal
t=29588ms mmio exception invalid integer number literal
t=29719ms mmio exception invalid integer number literal
t=29818ms mmio exception invalid integer number literal
t=29936ms mmio exception invalid integer number literal
t=30069ms mmio exception invalid integer number literal
t=30173ms mmio exception invalid integer number literal
t=30299ms mmio exception invalid integer number literal
t=30428ms mmio exception invalid integer number literal
t=30530ms mmio exception invalid integer number literal
t=30672ms mmio exception invalid integer number literal
t=30741ms frame seq=600 dropped=599
t=30801ms mmio exception invalid integer number literal
t=30918ms mmio exception invalid integer number literal
t=31054ms mmio exception invalid integer number literal
t=31180ms mmio exception invalid integer number literal
t=31297ms mmio exception invalid integer number literal
t=31466ms mmio exception invalid integer number literal
t=31547ms mmio exception invalid integer number literal
t=31669ms mmio exception invalid integer number literal
t=31784ms mmio exception invalid integer number literal
t=31866ms mmio exception invalid integer number literal
t=32021ms mmio exception invalid integer number literal
t=32156ms mmio exception invalid integer number literal
t=32218ms frame seq=630 dropped=629
t=32283ms mmio exception invalid integer number literal
t=32416ms mmio exception invalid integer number literal
t=32549ms mmio exception invalid integer number literal
t=32682ms mmio exception invalid integer number literal
t=32801ms mmio exception invalid integer number literal
t=32948ms mmio exception invalid integer number literal
t=33086ms mmio exception invalid integer number literal
t=33208ms mmio exception invalid integer number literal
t=33344ms mmio exception invalid integer number literal
t=33481ms mmio exception invalid integer number literal
t=33591ms mmio exception invalid integer number literal
t=33725ms mmio exception invalid integer number literal
t=33727ms frame seq=660 dropped=659
t=33833ms mmio exception invalid integer number literal
t=33939ms mmio exception invalid integer number literal
t=34099ms mmio exception invalid integer number literal
t=34168ms mmio exception invalid integer number literal
t=34287ms mmio exception invalid integer number literal
t=34404ms mmio exception invalid integer number literal
t=34487ms mmio exception invalid integer number literal
t=34621ms mmio exception invalid integer number literal
t=34806ms mmio exception invalid integer number literal
t=34893ms mmio exception invalid integer number literal
t=35057ms mmio exception invalid integer number literal
t=35169ms mmio exception invalid integer number literal
t=35239ms frame seq=690 dropped=689
t=35249ms mmio exception invalid integer number literal
t=35370ms mmio exception invalid integer number literal
t=35478ms mmio exception invalid integer number literal
t=35647ms mmio exception invalid integer number literal
t=35770ms mmio exception invalid integer number literal
t=35893ms mmio exception invalid integer number literal
t=36020ms mmio exception invalid integer number literal
t=36120ms mmio exception invalid integer number literal
t=36243ms mmio exception invalid integer number literal
t=36368ms mmio exception invalid integer number literal
t=36479ms mmio exception invalid integer number literal
t=36648ms mmio exception invalid integer number literal
t=36731ms mmio exception invalid integer number literal
t=36731ms frame seq=720 dropped=719
t=36842ms mmio exception invalid integer number literal
t=36953ms mmio exception invalid integer number literal
t=37046ms mmio exception invalid integer number literal
t=37209ms mmio exception invalid integer number literal
t=37379ms mmio exception invalid integer number literal
t=37461ms mmio exception invalid integer number literal
t=37621ms mmio exception invalid integer number literal
t=37738ms mmio exception invalid integer number literal
t=37869ms mmio exception invalid integer number literal
t=38046ms mmio exception invalid integer number literal
t=38125ms mmio exception invalid integer number literal
t=38276ms mmio exception invalid integer number literal
t=38354ms frame seq=750 dropped=749
t=38401ms mmio exception invalid integer number literal
t=38493ms mmio exception invalid integer number literal
t=38663ms mmio exception invalid integer number literal
t=38781ms mmio exception invalid integer number literal
t=38952ms mmio exception invalid integer number literal
t=39055ms mmio exception invalid integer number literal
t=39161ms mmio exception invalid integer number literal
t=39240ms mmio exception invalid integer number literal
t=39363ms mmio exception invalid integer number literal
t=39528ms mmio exception invalid integer number literal
t=39626ms mmio exception invalid integer number literal
t=39771ms mmio exception invalid integer number literal
t=39866ms frame seq=780 dropped=779
t=39917ms mmio exception invalid integer number literal
t=39994ms mmio exception invalid integer number literal
t=40136ms mmio exception invalid integer number literal
t=40257ms mmio exception invalid integer number literal
t=40349ms mmio exception invalid integer number literal
t=40518ms mmio exception invalid integer number literal
t=40608ms mmio exception invalid integer number literal
t=40729ms mmio exception invalid integer number literal
t=40873ms mmio exception invalid integer number literal
t=40982ms mmio exception invalid integer number literal
t=41126ms mmio exception invalid integer number literal
t=41239ms mmio exception invalid integer number literal
t=41374ms mmio exception invalid integer number literal
t=41382ms frame seq=810 dropped=809
t=41503ms mmio exception invalid integer number literal
t=41604ms mmio exception invalid integer number literal
t=41731ms mmio exception invalid integer number literal
t=41852ms mmio exception invalid integer number literal
t=41960ms mmio exception invalid integer number literal
t=42130ms mmio exception invalid integer number literal
t=42202ms mmio exception invalid integer number literal
t=42335ms mmio exception invalid integer number literal
t=42495ms mmio exception invalid integer number literal
t=42571ms mmio exception invalid integer number literal
t=42705ms mmio exception invalid integer number literal
t=42862ms mmio exception invalid integer number literal
t=42870ms frame seq=840 dropped=839
t=42932ms mmio exception invalid integer number literal
t=43069ms mmio exception invalid integer number literal
t=43205ms mmio exception invalid integer number literal
t=43281ms mmio exception invalid integer number literal
t=43414ms mmio exception invalid integer number literal
t=43572ms mmio exception invalid integer number literal
t=43651ms mmio exception invalid integer number literal
t=43782ms mmio exception invalid integer number literal
t=43931ms mmio exception invalid integer number literal
t=44000ms mmio exception invalid integer number literal
t=44132ms mmio exception invalid integer number literal
t=44289ms mmio exception invalid integer number literal
t=44361ms frame seq=870 dropped=869
t=44366ms mmio exception invalid integer number literal
t=44506ms mmio exception invalid integer number literal
t=44676ms mmio exception invalid integer number literal
t=44757ms mmio exception invalid integer number literal
t=44891ms mmio exception invalid integer number literal
t=45064ms mmio exception invalid integer number literal
t=45135ms mmio exception invalid integer number literal
t=45270ms mmio exception invalid integer number literal
t=45388ms mmio exception invalid integer number literal
t=45507ms mmio exception invalid integer number literal
t=45673ms mmio exception invalid integer number literal
t=45750ms mmio exception invalid integer number literal
t=45817ms frame seq=900 dropped=899
t=45860ms mmio exception invalid integer number literal
t=45973ms mmio exception invalid integer number literal
t=46062ms mmio exception invalid integer number literal
t=46227ms mmio exception invalid integer number literal
t=46357ms mmio exception invalid integer number literal
t=46459ms mmio exception invalid integer number literal
t=46586ms mmio exception invalid integer number literal
t=46700ms mmio exception invalid integer number literal
t=46855ms mmio exception invalid integer number literal
t=46950ms mmio exception invalid integer number literal
t=47064ms mmio exception invalid integer number literal
t=47137ms mmio exception invalid integer number literal
t=47258ms mmio exception invalid integer number literal
t=47335ms frame seq=930 dropped=929
t=47411ms mmio exception invalid integer number literal
t=47562ms mmio exception invalid integer number literal
t=47696ms mmio exception invalid integer number literal
t=47863ms mmio exception invalid integer number literal
t=47938ms mmio exception invalid integer number literal
t=48090ms mmio exception invalid integer number literal
t=48237ms mmio exception invalid integer number literal
t=48323ms mmio exception invalid integer number literal
t=48492ms mmio exception invalid integer number literal
t=48619ms mmio exception invalid integer number literal
t=48712ms mmio exception invalid integer number literal
t=48800ms frame seq=960 dropped=959
t=48863ms mmio exception invalid integer number literal
t=48971ms mmio exception invalid integer number literal
t=49104ms mmio exception invalid integer number literal
t=49220ms mmio exception invalid integer number literal
t=49333ms mmio exception invalid integer number literal
t=49400ms mmio exception invalid integer number literal
t=49517ms mmio exception invalid integer number literal
t=49657ms mmio exception invalid integer number literal
t=49783ms mmio exception invalid integer number literal
t=49891ms mmio exception invalid integer number literal
t=50050ms mmio exception invalid integer number literal
t=50130ms mmio exception invalid integer number literal
t=50240ms mmio exception invalid integer number literal
t=50312ms frame seq=990 dropped=989
t=50349ms mmio exception invalid integer number literal
t=50443ms mmio exception invalid integer number literal
t=50586ms mmio exception invalid integer number literal
t=50767ms mmio exception invalid integer number literal
t=50889ms mmio exception invalid integer number literal
t=51047ms mmio exception invalid integer number literal
t=51171ms mmio exception invalid integer number literal
t=51242ms mmio exception invalid integer number literal
t=51363ms mmio exception invalid integer number literal
t=51490ms mmio exception invalid integer number literal
t=51633ms mmio exception invalid integer number literal
t=51763ms mmio exception invalid integer number literal
t=51773ms frame seq=1020 dropped=1019
t=51933ms mmio exception invalid integer number literal
t=52002ms mmio exception invalid integer number literal
t=52131ms mmio exception invalid integer number literal
t=52289ms mmio exception invalid integer number literal
t=52362ms mmio exception invalid integer number literal
t=52503ms mmio exception invalid integer number literal
t=52636ms mmio exception invalid integer number literal
t=52749ms mmio exception invalid integer number literal
t=52887ms mmio exception invalid integer number literal
t=53018ms mmio exception invalid integer number literal
t=53127ms mmio exception invalid integer number literal
t=53269ms mmio exception invalid integer number literal
t=53353ms frame seq=1050 dropped=1049
t=53409ms mmio exception invalid integer number literal
t=53531ms mmio exception invalid integer number literal
t=53684ms mmio exception invalid integer number literal
t=53828ms mmio exception invalid integer number literal
t=53938ms mmio exception invalid integer number literal
t=54081ms mmio exception invalid integer number literal
t=54221ms mmio exception invalid integer number literal
t=54321ms mmio exception invalid integer number literal
t=54452ms mmio exception invalid integer number literal
t=54581ms mmio exception invalid integer number literal
t=54684ms mmio exception invalid integer number literal
t=54828ms mmio exception invalid integer number literal
t=54897ms frame seq=1080 dropped=1079
t=54946ms mmio exception invalid integer number literal
t=55073ms mmio exception invalid integer number literal
t=55218ms mmio exception invalid integer number literal
t=55341ms mmio exception invalid integer number literal
t=55470ms mmio exception invalid integer number literal
t=55643ms mmio exception invalid integer number literal
t=55736ms mmio exception invalid integer number literal
t=55845ms mmio exception invalid integer number literal
t=55961ms mmio exception invalid integer number literal
t=56061ms mmio exception invalid integer number literal
t=56221ms mmio exception invalid integer number literal
t=56352ms mmio exception invalid integer number literal
t=56358ms frame seq=1110 dropped=1109
t=56465ms mmio exception invalid integer number literal
t=56607ms mmio exception invalid integer number literal
t=56729ms mmio exception invalid integer number literal
t=56857ms mmio exception invalid integer number literal
t=56986ms mmio exception invalid integer number literal
t=57122ms mmio exception invalid integer number literal
t=57248ms mmio exception invalid integer number literal
t=57351ms mmio exception invalid integer number literal
t=57476ms mmio exception invalid integer number literal
t=57599ms mmio exception invalid integer number literal
t=57712ms mmio exception invalid integer number literal
t=57851ms mmio exception invalid integer number literal
t=57851ms frame seq=1140 dropped=1139
t=57957ms mmio exception invalid integer number literal
t=58059ms mmio exception invalid integer number literal
t=58191ms mmio exception invalid integer number literal
t=58305ms mmio exception invalid integer number literal
t=58409ms mmio exception invalid integer number literal
t=58537ms mmio exception invalid integer number literal
t=58657ms mmio exception invalid integer number literal
t=58756ms mmio exception invalid integer number literal
t=58893ms mmio exception invalid integer number literal
t=59023ms mmio exception invalid integer number literal
t=59139ms mmio exception invalid integer number literal
t=59280ms mmio exception invalid integer number literal
t=59362ms frame seq=1170 dropped=1169
t=59414ms mmio exception invalid integer number literal
t=59547ms mmio exception invalid integer number literal
t=59672ms mmio exception invalid integer number literal
t=59807ms mmio exception invalid integer number literal
t=59918ms mmio exception invalid integer number literal
t=60094ms mmio exception invalid integer number literal
t=60156ms mmio exception invalid integer number literal
t=60304ms mmio exception invalid integer number literal
t=60440ms mmio exception invalid integer number literal
t=60525ms mmio exception invalid integer number literal
t=60687ms mmio exception invalid integer number literal
t=60796ms mmio exception invalid integer number literal
t=60867ms frame seq=1200 dropped=1199
t=60942ms mmio exception invalid integer number literal
t=61060ms mmio exception invalid integer number literal
t=61166ms mmio exception invalid integer number literal
t=61240ms mmio exception invalid integer number literal
t=61363ms mmio exception invalid integer number literal
t=61493ms mmio exception invalid integer number literal
t=61623ms mmio exception invalid integer number literal
t=61731ms mmio exception invalid integer number literal
t=61896ms mmio exception invalid integer number literal
t=61974ms mmio exception invalid integer number literal
t=62103ms mmio exception invalid integer number literal
t=62246ms mmio exception invalid integer number literal
t=62322ms mmio exception invalid integer number literal
t=62377ms frame seq=1230 dropped=1229
t=62475ms mmio exception invalid integer number literal
t=62558ms mmio exception invalid integer number literal
t=62667ms mmio exception invalid integer number literal
t=62813ms mmio exception invalid integer number literal
t=62901ms mmio exception invalid integer number literal
t=63063ms mmio exception invalid integer number literal
t=63175ms mmio exception invalid integer number literal
t=63279ms mmio exception invalid integer number literal
t=63450ms mmio exception invalid integer number literal
t=63561ms mmio exception invalid integer number literal
t=63707ms mmio exception invalid integer number literal
t=63819ms mmio exception invalid integer number literal
t=63888ms frame seq=1260 dropped=1259
t=63946ms mmio exception invalid integer number literal
t=64064ms mmio exception invalid integer number literal
t=64178ms mmio exception invalid integer number literal
t=64335ms mmio exception invalid integer number literal
t=64410ms mmio exception invalid integer number literal
t=64516ms mmio exception invalid integer number literal
t=64641ms mmio exception invalid integer number literal
t=64738ms mmio exception invalid integer number literal
t=64889ms mmio exception invalid integer number literal
t=65045ms mmio exception invalid integer number literal
t=65164ms mmio exception invalid integer number literal
t=65326ms mmio exception invalid integer number literal
t=65428ms mmio exception invalid integer number literal
t=65433ms frame seq=1290 dropped=1289
t=65573ms mmio exception invalid integer number literal
t=65681ms mmio exception invalid integer number literal
t=65817ms mmio exception invalid integer number literal
t=65953ms mmio exception invalid integer number literal
t=66051ms mmio exception invalid integer number literal
t=66185ms mmio exception invalid integer number literal
t=66315ms mmio exception invalid integer number literal
t=66429ms mmio exception invalid integer number literal
t=66568ms mmio exception invalid integer number literal
t=66700ms mmio exception invalid integer number literal
t=66824ms mmio exception invalid integer number literal
t=66920ms frame seq=1320 dropped=1319
t=66963ms mmio exception invalid integer number literal
t=67091ms mmio exception invalid integer number literal
t=67216ms mmio exception invalid integer number literal
t=67350ms mmio exception invalid integer number literal
t=67478ms mmio exception invalid integer number literal
t=67598ms mmio exception invalid integer number literal
t=67785ms mmio exception invalid integer number literal
t=67860ms mmio exception invalid integer number literal
t=68000ms mmio exception invalid integer number literal
t=68153ms mmio exception invalid integer number literal
t=68237ms mmio exception invalid integer number literal
t=68393ms mmio exception invalid integer number literal
t=68441ms frame seq=1350 dropped=1349
t=68502ms mmio exception invalid integer number literal
t=68643ms mmio exception invalid integer number literal
t=68758ms mmio exception invalid integer number literal
t=68890ms mmio exception invalid integer number literal
t=69024ms mmio exception invalid integer number literal
t=69131ms mmio exception invalid integer number literal
t=69307ms mmio exception invalid integer number literal
t=69382ms mmio exception invalid integer number literal
t=69528ms mmio exception invalid integer number literal
t=69675ms mmio exception invalid integer number literal
t=69763ms mmio exception invalid integer number literal
t=69918ms mmio exception invalid integer number literal
t=69922ms frame seq=1380 dropped=1379
t=70019ms mmio exception invalid integer number literal
t=70120ms mmio exception invalid integer number literal
t=70269ms mmio exception invalid integer number literal
t=70391ms mmio exception invalid integer number literal
t=70511ms mmio exception invalid integer number literal
t=70626ms mmio exception invalid integer number literal
t=70760ms mmio exception invalid integer number literal
t=70892ms mmio exception invalid integer number literal
t=71000ms mmio exception invalid integer number literal
t=71139ms mmio exception invalid integer number literal
t=71268ms mmio exception invalid integer number literal
t=71373ms mmio exception invalid integer number literal
t=71442ms frame seq=1410 dropped=1409
t=71467ms mmio exception invalid integer number literal
t=71639ms mmio exception invalid integer number literal
t=71756ms mmio exception invalid integer number literal
t=71854ms mmio exception invalid integer number literal
t=72011ms mmio exception invalid integer number literal
t=72119ms mmio exception invalid integer number literal
t=72248ms mmio exception invalid integer number literal
t=72350ms mmio exception invalid integer number literal
t=72503ms mmio exception invalid integer number literal
t=72632ms mmio exception invalid integer number literal
t=72752ms mmio exception invalid integer number literal
t=72923ms mmio exception invalid integer number literal
t=72932ms frame seq=1440 dropped=1439
t=73003ms mmio exception invalid integer number literal
t=73126ms mmio exception invalid integer number literal
t=73244ms mmio exception invalid integer number literal
t=73328ms mmio exception invalid integer number literal
t=73497ms mmio exception invalid integer number literal
t=73622ms mmio exception invalid integer number literal
t=73723ms mmio exception invalid integer number literal
t=73882ms mmio exception invalid integer number literal
t=73971ms mmio exception invalid integer number literal
t=74088ms mmio exception invalid integer number literal
t=74223ms mmio exception invalid integer number literal
t=74349ms mmio exception invalid integer number literal
t=74359ms frame seq=1470 dropped=1469
t=74469ms mmio exception invalid integer number literal
t=74560ms mmio exception invalid integer number literal
t=74706ms mmio exception invalid integer number literal
t=74827ms mmio exception invalid integer number literal
t=74943ms mmio exception invalid integer number literal
t=75107ms mmio exception invalid integer number literal
t=75184ms mmio exception invalid integer number literal
t=75326ms mmio exception invalid integer number literal
t=75474ms mmio exception invalid integer number literal
t=75579ms mmio exception invalid integer number literal
t=75732ms mmio exception invalid integer number literal
t=75833ms mmio exception invalid integer number literal
t=75856ms frame seq=1500 dropped=1499
t=75971ms mmio exception invalid integer number literal
t=76069ms mmio exception invalid integer number literal
t=76202ms mmio exception invalid integer number literal
t=76304ms mmio exception invalid integer number literal
t=76424ms mmio exception invalid integer number literal
t=76605ms mmio exception invalid integer number literal
t=76695ms mmio exception invalid integer number literal
t=76832ms mmio exception invalid integer number literal
t=77010ms mmio exception invalid integer number literal
t=77082ms mmio exception invalid integer number literal
t=77251ms mmio exception invalid integer number literal
t=77353ms mmio exception invalid integer number literal
t=77357ms frame seq=1530 dropped=1529
t=77490ms mmio exception invalid integer number literal
t=77597ms mmio exception invalid integer number literal
t=77742ms mmio exception invalid integer number literal
t=77856ms mmio exception invalid integer number literal
t=77958ms mmio exception invalid integer number literal
t=78102ms mmio exception invalid integer number literal
t=78180ms mmio exception invalid integer number literal
t=78324ms mmio exception invalid integer number literal
t=78459ms mmio exception invalid integer number literal
t=78540ms mmio exception invalid integer number literal
t=78695ms mmio exception invalid integer number literal
t=78809ms mmio exception invalid integer number literal
t=78829ms frame seq=1560 dropped=1559
t=78944ms mmio exception invalid integer number literal
t=79049ms mmio exception invalid integer number literal
t=79184ms mmio exception invalid integer number literal
t=79321ms mmio exception invalid integer number literal
t=79434ms mmio exception invalid integer number literal
t=79617ms mmio exception invalid integer number literal
t=79705ms mmio exception invalid integer number literal
t=79817ms mmio exception invalid integer number literal
t=79899ms mmio exception invalid integer number literal
t=80033ms mmio exception invalid integer number literal
t=80166ms mmio exception invalid integer number literal
t=80317ms mmio exception invalid integer number literal
t=80359ms frame seq=1590 dropped=1589
t=80438ms mmio exception invalid integer number literal
t=80599ms mmio exception invalid integer number literal
t=80681ms mmio exception invalid integer number literal
t=80800ms mmio exception invalid integer number literal
t=80971ms mmio exception invalid integer number literal
t=81042ms mmio exception invalid integer number literal
t=81196ms mmio exception invalid integer number literal
t=81326ms mmio exception invalid integer number literal
t=81438ms mmio exception invalid integer number literal
t=81539ms mmio exception invalid integer number literal
t=81680ms mmio exception invalid integer number literal
t=81799ms mmio exception invalid integer number literal
t=81841ms frame seq=1620 dropped=1619
t=81922ms mmio exception invalid integer number literal
t=82061ms mmio exception invalid integer number literal
t=82182ms mmio exception invalid integer number literal
t=82289ms mmio exception invalid integer number literal
t=82451ms mmio exception invalid integer number literal
t=82517ms mmio exception invalid integer number literal
t=82658ms mmio exception invalid integer number literal
t=82791ms mmio exception invalid integer number literal
t=82896ms mmio exception invalid integer number literal
t=83056ms mmio exception invalid integer number literal
t=83170ms mmio exception invalid integer number literal
t=83313ms frame seq=1650 dropped=1649
t=83336ms mmio exception invalid integer number literal
t=83448ms mmio exception invalid integer number literal
t=83577ms mmio exception invalid integer number literal
t=83715ms mmio exception invalid integer number literal
t=83827ms mmio exception invalid integer number literal
t=83958ms mmio exception invalid integer number literal
t=84085ms mmio exception invalid integer number literal
t=84199ms mmio exception invalid integer number literal
t=84347ms mmio exception invalid integer number literal
t=84489ms mmio exception invalid integer number literal
t=84609ms mmio exception invalid integer number literal
t=84750ms mmio exception invalid integer number literal
t=84761ms frame seq=1680 dropped=1679
t=84890ms mmio exception invalid integer number literal
t=85000ms mmio exception invalid integer number literal
t=85149ms mmio exception invalid integer number literal
t=85272ms mmio exception invalid integer number literal
t=85387ms mmio exception invalid integer number literal
t=85547ms mmio exception invalid integer number literal
t=85617ms mmio exception invalid integer number literal
t=85739ms mmio exception invalid integer number literal
t=85921ms mmio exception invalid integer number literal
t=85984ms mmio exception invalid integer number literal
t=86146ms mmio exception invalid integer number literal
t=86230ms frame seq=1710 dropped=1709
t=86273ms mmio exception invalid integer number literal
t=86408ms mmio exception invalid integer number literal
t=86506ms mmio exception invalid integer number literal
t=86638ms mmio exception invalid integer number literal
t=86766ms mmio exception invalid integer number literal
t=86868ms mmio exception invalid integer number literal
t=87005ms mmio exception invalid integer number literal
t=87120ms mmio exception invalid integer number literal
t=87238ms mmio exception invalid integer number literal
t=87407ms mmio exception invalid integer number literal
t=87493ms mmio exception invalid integer number literal
t=87606ms mmio exception invalid integer number literal
t=87739ms frame seq=1740 dropped=1739
t=87812ms mmio exception invalid integer number literal
t=87882ms mmio exception invalid integer number literal
t=88034ms mmio exception invalid integer number literal
t=88155ms mmio exception invalid integer number literal
t=88246ms mmio exception invalid integer number literal
t=88404ms mmio exception invalid integer number literal
t=88509ms mmio exception invalid integer number literal
t=88635ms mmio exception invalid integer number literal
t=88783ms mmio exception invalid integer number literal
t=88901ms mmio exception invalid integer number literal
t=89030ms mmio exception invalid integer number literal
t=89161ms mmio exception invalid integer number literal
t=89261ms frame seq=1770 dropped=1769
er number literal
t=89388ms mmio exception invalid integer number literal
t=89513ms mmio exception invalid integer number literal
t=89585ms mmio exception invalid integer number literal
t=89754ms mmio exception invalid integer number literal
t=89874ms mmio exception invalid integer number literal
t=90036ms mmio exception invalid integer number literal
t=90104ms mmio exception invalid integer number literal
t=90217ms mmio exception invalid integer number literal
t=90356ms mmio exception invalid integer number literal
t=90472ms mmio exception invalid integer number literal
t=90621ms mmio exception invalid integer number literal
t=90683ms frame seq=1800 dropped=1799
t=90731ms mmio exception invalid integer number literal
t=90845ms mmio exception invalid integer number literal
t=91022ms mmio exception invalid integer number literal
t=91102ms mmio exception invalid integer number literal
t=91265ms mmio exception invalid integer number literal
t=91382ms mmio exception invalid integer number literal
t=91487ms mmio exception invalid integer number literal
t=91673ms mmio exception invalid integer number literal
t=91787ms mmio exception invalid integer number literal
t=91867ms mmio exception invalid integer number literal
t=91978ms mmio exception invalid integer number literal
t=92084ms mmio exception invalid integer number literal
t=92180ms frame seq=1830 dropped=1829
t=92242ms mmio exception invalid integer number literal
t=92342ms mmio exception invalid integer number literal
t=92482ms mmio exception invalid integer number literal
t=92620ms mmio exception invalid integer number literal
t=92736ms mmio exception invalid integer number literal
t=92904ms mmio exception invalid integer number literal
t=93016ms mmio exception invalid integer number literal
t=93128ms mmio exception invalid integer number literal
t=93298ms mmio exception invalid integer number literal
t=93369ms mmio exception invalid integer number literal
t=93499ms mmio exception invalid integer number literal
t=93668ms mmio exception invalid integer number literal
t=93672ms frame seq=1860 dropped=1859
t=93735ms mmio exception invalid integer number literal
t=93887ms mmio exception invalid integer number literal
t=94005ms mmio exception invalid integer number literal
t=94090ms mmio exception invalid integer number literal
t=94244ms mmio exception invalid integer number literal
t=94350ms mmio exception invalid integer number literal
t=94487ms mmio exception invalid integer number literal
t=94596ms mmio exception invalid integer number literal
t=94730ms mmio exception invalid integer number literal
t=94860ms mmio exception invalid integer number literal
t=94974ms mmio exception invalid integer number literal
t=95121ms mmio exception invalid integer number literal
t=95144ms frame seq=1890 dropped=1889
t=95234ms mmio exception invalid integer number literal
t=95345ms mmio exception invalid integer number literal
t=95502ms mmio exception invalid integer number literal
t=95597ms mmio exception invalid integer number literal
t=95717ms mmio exception invalid integer number literal
t=95890ms mmio exception invalid integer number literal
t=95961ms mmio exception invalid integer number literal
t=96090ms mmio exception invalid integer number literal
t=96244ms mmio exception invalid integer number literal
t=96308ms mmio exception invalid integer number literal
t=96473ms mmio exception invalid integer number literal
t=96601ms mmio exception invalid integer number literal
t=96682ms frame seq=1920 dropped=1919
t=96703ms mmio exception invalid integer number literal
t=96864ms mmio exception invalid integer number literal
t=96979ms mmio exception invalid integer number literal
t=97106ms mmio exception invalid integer number literal
t=97229ms mmio exception invalid integer number literal
t=97338ms mmio exception invalid integer number literal
t=97475ms mmio exception invalid integer number literal
t=97599ms mmio exception invalid integer number literal
t=97755ms mmio exception invalid integer number literal
t=97844ms mmio exception invalid integer number literal
t=97954ms mmio exception invalid integer number literal
t=98117ms mmio exception invalid integer number literal
t=98124ms frame seq=1950 dropped=1949
t=98188ms mmio exception invalid integer number literal
t=98343ms mmio exception invalid integer number literal
t=98448ms mmio exception invalid integer number literal
t=98544ms mmio exception invalid integer number literal
t=98696ms mmio exception invalid integer number literal
t=98772ms mmio exception invalid integer number literal
t=98938ms mmio exception invalid integer number literal
t=99051ms mmio exception invalid integer number literal
t=99171ms mmio exception invalid integer number literal
t=99304ms mmio exception invalid integer number literal
t=99430ms mmio exception invalid integer number literal
t=99556ms mmio exception invalid integer number literal
t=99621ms frame seq=1980 dropped=1979
t=99666ms mmio exception invalid integer number literal
t=99825ms mmio exception invalid integer number literal
t=99926ms mmio exception invalid integer number literal
t=100104ms mmio exception invalid integer number literal
t=100220ms mmio exception invalid integer number literal
t=100308ms mmio exception invalid integer number literal
t=100468ms mmio exception invalid integer number literal
t=100577ms mmio exception invalid integer number literal
t=100723ms mmio exception invalid integer number literal
t=100828ms mmio exception invalid integer number literal
t=100970ms mmio exception invalid integer number literal
t=101101ms frame seq=2010 dropped=2009
t=101109ms mmio exception invalid integer number literal
t=101228ms mmio exception invalid integer number literal
t=101394ms mmio exception invalid integer number literal
t=101511ms mmio exception invalid integer number literal
t=101628ms mmio exception invalid integer number literal
t=101794ms mmio exception invalid integer number literal
t=101861ms mmio exception invalid integer number literal
t=102021ms mmio exception invalid integer number literal
t=102123ms mmio exception invalid integer number literal
t=102257ms mmio exception invalid integer number literal
t=102359ms mmio exception invalid integer number literal
t=102513ms mmio exception invalid integer number literal
t=102575ms frame seq=2040 dropped=2039
t=102602ms mmio exception invalid integer number literal
t=102733ms mmio exception invalid integer number literal
t=102866ms mmio exception invalid integer number literal
t=102996ms mmio exception invalid integer number literal
t=103109ms mmio exception invalid integer number literal
t=103261ms mmio exception invalid integer number literal
t=103359ms mmio exception invalid integer number literal
t=103482ms mmio exception invalid integer number literal
t=103653ms mmio exception invalid integer number literal
t=103730ms mmio exception invalid integer number literal
t=103844ms mmio exception invalid integer number literal
t=104018ms mmio exception invalid integer number literal
t=104083ms frame seq=2070 dropped=2069
t=104093ms mmio exception invalid integer number literal
t=104253ms mmio exception invalid integer number literal
t=104378ms mmio exception invalid integer number literal
t=104492ms mmio exception invalid integer number literal
t=104634ms mmio exception invalid integer number literal
t=104769ms mmio exception invalid integer number literal
t=104909ms mmio exception invalid integer number literal
t=105028ms mmio exception invalid integer number literal
t=105182ms mmio exception invalid integer number literal
t=105272ms mmio exception invalid integer number literal
t=105435ms mmio exception invalid integer number literal
t=105529ms mmio exception invalid integer number literal
t=105533ms frame seq=2100 dropped=2099
t=105667ms mmio exception invalid integer number literal
t=105771ms mmio exception invalid integer number literal
t=105923ms mmio exception invalid integer number literal
t=106018ms mmio exception invalid integer number literal
t=106138ms mmio exception invalid integer number literal
t=106306ms mmio exception invalid integer number literal
t=106381ms mmio exception invalid integer number literal
t=106533ms mmio exception invalid integer number literal
t=106634ms mmio exception invalid integer number literal
t=106774ms mmio exception invalid integer number literal
t=106880ms mmio exception invalid integer number literal
t=106977ms frame seq=2130 dropped=2129
t=107042ms mmio exception invalid integer number literal
t=107143ms mmio exception invalid integer number literal
t=107258ms mmio exception invalid integer number literal
t=107448ms mmio exception invalid integer number literal
t=107531ms mmio exception invalid integer number literal
t=107685ms mmio exception invalid integer number literal
t=107841ms mmio exception invalid integer number literal
t=107907ms mmio exception invalid integer number literal
t=108067ms mmio exception invalid integer number literal
t=108196ms mmio exception invalid integer number literal
t=108323ms mmio exception invalid integer number literal
t=108446ms mmio exception invalid integer number literal
t=108518ms frame seq=2160 dropped=2159
t=108582ms mmio exception invalid integer number literal
t=108727ms mmio exception invalid integer number literal
t=108851ms mmio exception invalid integer number literal
t=108985ms mmio exception invalid integer number literal
t=109111ms mmio exception invalid integer number literal
t=109236ms mmio exception invalid integer number literal
t=109375ms mmio exception invalid integer number literal
t=109480ms mmio exception invalid integer number literal
t=109652ms mmio exception invalid integer number literal
t=109770ms mmio exception invalid integer number literal
t=109884ms mmio exception invalid integer number literal
t=110046ms mmio exception invalid integer number literal
t=110052ms frame seq=2190 dropped=2189
t=110117ms mmio exception invalid integer number literal
t=110272ms mmio exception invalid integer number literal
t=110375ms mmio exception invalid integer number literal
t=110496ms mmio exception invalid integer number literal
t=110626ms mmio exception invalid integer number literal
t=110733ms mmio exception invalid integer number literal
t=110898ms mmio exception invalid integer number literal
t=111010ms mmio exception invalid integer number literal
t=111149ms mmio exception invalid integer number literal
t=111283ms mmio exception invalid integer number literal
t=111405ms mmio exception invalid integer number literal
t=111512ms frame seq=2220 dropped=2219
t=111563ms mmio exception invalid integer number literal
t=111661ms mmio exception invalid integer number literal
t=111824ms mmio exception invalid integer number literal
t=111937ms mmio exception invalid integer number literal
t=112068ms mmio exception invalid integer number literal
t=112179ms mmio exception invalid integer number literal
t=112349ms mmio exception invalid integer number literal
t=112447ms mmio exception invalid integer number literal
t=112564ms mmio exception invalid integer number literal
t=112741ms mmio exception invalid integer number literal
t=112815ms mmio exception invalid integer number literal
t=112978ms mmio exception invalid integer number literal
t=113054ms frame seq=2250 dropped=2249
t=113100ms mmio exception invalid integer number literal
t=113208ms mmio exception invalid integer number literal
t=113346ms mmio exception invalid integer number literal
t=113461ms mmio exception invalid integer number literal
t=113612ms mmio exception invalid integer number literal
t=113727ms mmio exception invalid integer number literal
t=113831ms mmio exception invalid integer number literal
t=113965ms mmio exception invalid integer number literal
t=114081ms mmio exception invalid integer number literal
t=114226ms mmio exception invalid integer number literal
t=114335ms mmio exception invalid integer number literal
t=114447ms mmio exception invalid integer number literal
t=114452ms frame seq=2280 dropped=2279
t=114610ms mmio exception invalid integer number literal
t=114683ms mmio exception invalid integer number literal
t=114811ms mmio exception invalid integer number literal
t=114979ms mmio exception invalid integer number literal
t=115058ms mmio exception invalid integer number literal
t=115201ms mmio exception invalid integer number literal
t=115373ms mmio exception invalid integer number literal
t=115442ms mmio exception invalid integer number literal
t=115618ms mmio exception invalid integer number literal
t=115754ms mmio exception invalid integer number literal
t=115834ms mmio exception invalid integer number literal
t=115986ms mmio exception invalid integer number literal
t=115992ms frame seq=2310 dropped=2309
t=116086ms mmio exception invalid integer number literal
t=116225ms mmio exception invalid integer number literal
t=116335ms mmio exception invalid integer number literal
t=116469ms mmio exception invalid integer number literal
t=116618ms mmio exception invalid integer number literal
t=116712ms mmio exception invalid integer number literal
t=116852ms mmio exception invalid integer number literal
t=116989ms mmio exception invalid integer number literal
t=117109ms mmio exception invalid integer number literal
t=117279ms mmio exception invalid integer number literal
t=117369ms mmio exception invalid integer number literal
t=117483ms frame seq=2340 dropped=2339
t=117489ms mmio exception invalid integer number literal
t=117664ms mmio exception invalid integer number literal
t=117748ms mmio exception invalid integer number literal
t=117886ms mmio exception invalid integer number literal
t=118046ms mmio exception invalid integer number literal
t=118113ms mmio exception invalid integer number literal
t=118268ms mmio exception invalid integer number literal
t=118387ms mmio exception invalid integer number literal
t=118462ms mmio exception invalid integer number literal
t=118624ms mmio exception invalid integer number literal
t=118696ms mmio exception invalid integer number literal
t=118868ms mmio exception invalid integer number literal
t=118989ms mmio exception invalid integer number literal
t=118994ms frame seq=2370 dropped=2369
t=119116ms mmio exception invalid integer number literal
t=119246ms mmio exception invalid integer number literal
t=119378ms mmio exception invalid integer number literal
t=119517ms mmio exception invalid integer number literal
t=119633ms mmio exception invalid integer number literal
t=119783ms mmio exception invalid integer number literal
t=119877ms mmio exception invalid integer number literal
t=119978ms mmio exception invalid integer number literal
t=120143ms mmio exception invalid integer number literal
t=120209ms mmio exception invalid integer number literal
t=120373ms mmio exception invalid integer number literal
t=120501ms frame seq=2400 dropped=2399
t=120504ms mmio exception invalid integer number literal
t=120652ms mmio exception invalid integer number literal
t=120767ms mmio exception invalid integer number literal
t=120925ms mmio exception invalid integer number literal
t=121023ms mmio exception invalid integer number literal
t=121141ms mmio exception invalid integer number literal
t=121315ms mmio exception invalid integer number literal
t=121396ms mmio exception invalid integer number literal
t=121554ms mmio exception invalid integer number literal
t=121672ms mmio exception invalid integer number literal
t=121778ms mmio exception invalid integer number literal
t=121909ms mmio exception invalid integer number literal
t=121957ms frame seq=2430 dropped=2429
t=122048ms mmio exception invalid integer number literal
t=122156ms mmio exception invalid integer number literal
t=122261ms mmio exception invalid integer number literal
t=122437ms mmio exception invalid integer number literal
t=122509ms mmio exception invalid integer number literal
t=122667ms mmio exception invalid integer number literal
t=122794ms mmio exception invalid integer number literal
t=122911ms mmio exception invalid integer number literal
t=123064ms mmio exception invalid integer number literal
t=123183ms mmio exception invalid integer number literal
t=123326ms mmio exception invalid integer number literal
t=123446ms mmio exception invalid integer number literal
t=123450ms frame seq=2460 dropped=2459
t=123597ms mmio exception invalid integer number literal
t=123697ms mmio exception invalid integer number literal
t=123816ms mmio exception invalid integer number literal
t=123969ms mmio exception invalid integer number literal
t=124046ms mmio exception invalid integer number literal
t=124202ms mmio exception invalid integer number literal
t=124324ms mmio exception invalid integer number literal
t=124411ms mmio exception invalid integer number literal
t=124585ms mmio exception invalid integer number literal
t=124712ms mmio exception invalid integer number literal
t=124880ms mmio exception invalid integer number literal
t=124955ms frame seq=2490 dropped=2489
t=125001ms mmio exception invalid integer number literal
t=125120ms mmio exception invalid integer number literal
t=125267ms mmio exception invalid integer number literal
t=125393ms mmio exception invalid integer number literal
t=125544ms mmio exception invalid integer number literal
t=125630ms mmio exception invalid integer number literal
t=125789ms mmio exception invalid integer number literal
t=125903ms mmio exception invalid integer number literal
t=126052ms mmio exception invalid integer number literal
t=126165ms mmio exception invalid integer number literal
t=126291ms mmio exception invalid integer number literal
t=126380ms frame seq=2520 dropped=2519
t=126423ms mmio exception invalid integer number literal
t=126531ms mmio exception invalid integer number literal
t=126704ms mmio exception invalid integer number literal
t=126804ms mmio exception invalid integer number literal
t=126919ms mmio exception invalid integer number literal
t=127105ms mmio exception invalid integer number literal
t=127182ms mmio exception invalid integer number literal
t=127357ms mmio exception invalid integer number literal
t=127475ms mmio exception invalid integer number literal
t=127603ms mmio exception invalid integer number literal
t=127732ms mmio exception invalid integer number literal
t=127854ms mmio exception invalid integer number literal
t=127868ms frame seq=2550 dropped=2549
t=127984ms mmio exception invalid integer number literal
t=128105ms mmio exception invalid integer number literal
t=128230ms mmio exception invalid integer number literal
t=128379ms mmio exception invalid integer number literal
t=128479ms mmio exception invalid integer number literal
t=128646ms mmio exception invalid integer number literal
t=128761ms mmio exception invalid integer number literal
t=128923ms mmio exception invalid integer number literal
t=129019ms mmio exception invalid integer number literal
t=129180ms mmio exception invalid integer number literal
t=129313ms mmio exception invalid integer number literal
t=129383ms frame seq=2580 dropped=2579
t=129439ms mmio exception invalid integer number literal
t=129551ms mmio exception invalid integer number literal
t=129713ms mmio exception invalid integer number literal
t=129801ms mmio exception invalid integer number literal
t=129962ms mmio exception invalid integer number literal
t=130081ms mmio exception invalid integer number literal
t=130213ms mmio exception invalid integer number literal
t=130327ms mmio exception invalid integer number literal
t=130478ms mmio exception invalid integer number literal
t=130568ms mmio exception invalid integer number literal
t=130725ms mmio exception invalid integer number literal
t=130818ms frame seq=2610 dropped=2609
t=130866ms mmio exception invalid integer number literal
t=131009ms mmio exception invalid integer number literal
t=131125ms mmio exception invalid integer number literal
t=131289ms mmio exception invalid integer number literal
t=131387ms mmio exception invalid integer number literal
t=131491ms mmio exception invalid integer number literal
t=131681ms mmio exception invalid integer number literal
t=131759ms mmio exception invalid integer number literal
t=131932ms mmio exception invalid integer number literal
t=132043ms mmio exception invalid integer number literal
t=132156ms mmio exception invalid integer number literal
t=132275ms mmio exception invalid integer number literal
t=132336ms frame seq=2640 dropped=2639
t=132393ms mmio exception invalid integer number literal
t=132554ms mmio exception invalid integer number literal
t=132679ms mmio exception invalid integer number literal
t=132828ms mmio exception invalid integer number literal
t=132933ms mmio exception invalid integer number literal
t=133065ms mmio exception invalid integer number literal
t=133241ms mmio exception invalid integer number literal
t=133315ms mmio exception invalid integer number literal
t=133482ms mmio exception invalid integer number literal
t=133594ms mmio exception invalid integer number literal
t=133714ms mmio exception invalid integer number literal
t=133835ms mmio exception invalid integer number literal
t=133836ms frame seq=2670 dropped=2669
t=133943ms mmio exception invalid integer number literal
t=134090ms mmio exception invalid integer number literal
t=134199ms mmio exception invalid integer number literal
t=134342ms mmio exception invalid integer number literal
t=134428ms mmio exception invalid integer number literal
t=134573ms mmio exception invalid integer number literal
t=134696ms mmio exception invalid integer number literal
t=134834ms mmio exception invalid integer number literal
t=134951ms mmio exception invalid integer number literal
t=135114ms mmio exception invalid integer number literal
t=135208ms mmio exception invalid integer number literal
t=135367ms frame seq=2700 dropped=2699
t=135369ms mmio exception invalid integer number literal
t=135490ms mmio exception invalid integer number literal
t=135630ms mmio exception invalid integer number literal
t=135757ms mmio exception invalid integer number literal
t=135925ms mmio exception invalid integer number literal
t=136036ms mmio exception invalid integer number literal
t=136145ms mmio exception invalid integer number literal
t=136313ms mmio exception invalid integer number literal
t=136386ms mmio exception invalid integer number literal
t=136519ms mmio exception invalid integer number literal
t=136702ms mmio exception invalid integer number literal
t=136782ms mmio exception invalid integer number literal
t=136833ms frame seq=2730 dropped=2729
t=136949ms mmio exception invalid integer number literal
t=137086ms mmio exception invalid integer number literal
t=137189ms mmio exception invalid integer number literal
t=137356ms mmio exception invalid integer number literal
t=137465ms mmio exception invalid integer number literal
t=137599ms mmio exception invalid integer number literal
t=137722ms mmio exception invalid integer number literal
t=137873ms mmio exception invalid integer number literal
t=137961ms mmio exception invalid integer number literal
t=138117ms mmio exception invalid integer number literal
t=138289ms mmio exception invalid integer number literal
t=138340ms frame seq=2760 dropped=2759
t=138373ms mmio exception invalid integer number literal
t=138546ms mmio exception invalid integer number literal
t=138623ms mmio exception invalid integer number literal
t=138796ms mmio exception invalid integer number literal
t=138922ms mmio exception invalid integer number literal
t=139050ms mmio exception invalid integer number literal
t=139172ms mmio exception invalid integer number literal
t=139290ms mmio exception invalid integer number literal
t=139440ms mmio exception invalid integer number literal
t=139558ms mmio exception invalid integer number literal
t=139722ms mmio exception invalid integer number literal
t=139813ms frame seq=2790 dropped=2789
t=139814ms mmio exception invalid integer number literal
t=139917ms mmio exception invalid integer number literal
t=140087ms mmio exception invalid integer number literal
t=140150ms mmio exception invalid integer number literal
t=140324ms mmio exception invalid integer number literal
t=140443ms mmio exception invalid integer number literal
t=140569ms mmio exception invalid integer number literal
t=140682ms mmio exception invalid integer number literal
t=140846ms mmio exception invalid integer number literal
t=140945ms mmio exception invalid integer number literal
t=141105ms mmio exception invalid integer number literal
t=141226ms mmio exception invalid integer number literal
t=141301ms frame seq=2820 dropped=2819
t=141319ms mmio exception invalid integer number literal
t=141495ms mmio exception invalid integer number literal
t=141612ms mmio exception invalid integer number literal
t=141761ms mmio exception invalid integer number literal
t=141879ms mmio exception invalid integer number literal
t=142002ms mmio exception invalid integer number literal
t=142153ms mmio exception invalid integer number literal
t=142263ms mmio exception invalid integer number literal
t=142415ms mmio exception invalid integer number literal
t=142508ms mmio exception invalid integer number literal
t=142623ms mmio exception invalid integer number literal
t=142807ms frame seq=2850 dropped=2849
er number literal
t=142880ms mmio exception invalid integer number literal
t=143050ms mmio exception invalid integer number literal
t=143170ms mmio exception invalid integer number literal
t=143296ms mmio exception invalid integer number literal
t=143423ms mmio exception invalid integer number literal
t=143537ms mmio exception invalid integer number literal
t=143683ms mmio exception invalid integer number literal
t=143812ms mmio exception invalid integer number literal
t=143952ms mmio exception invalid integer number literal
t=144067ms mmio exception invalid integer number literal
t=144180ms mmio exception invalid integer number literal
t=144272ms frame seq=2880 dropped=2879
t=144371ms mmio exception invalid integer number literal
t=144455ms mmio exception invalid integer number literal
t=144626ms mmio exception invalid integer number literal
t=144776ms mmio exception invalid integer number literal
t=144909ms mmio exception invalid integer number literal
t=145038ms mmio exception invalid integer number literal
t=145206ms mmio exception invalid integer number literal
t=145291ms mmio exception invalid integer number literal
t=145441ms mmio exception invalid integer number literal
t=145568ms mmio exception invalid integer number literal
t=145698ms mmio exception invalid integer number literal
t=145808ms frame seq=2910 dropped=2909
t=145810ms mmio exception invalid integer number literal
t=145960ms mmio exception invalid integer number literal
t=146049ms mmio exception invalid integer number literal
t=146159ms mmio exception invalid integer number literal
t=146326ms mmio exception invalid integer number literal
t=146403ms mmio exception invalid integer number literal
t=146516ms mmio exception invalid integer number literal
t=146690ms mmio exception invalid integer number literal
t=146766ms mmio exception invalid integer number literal
t=146929ms mmio exception invalid integer number literal
t=147061ms mmio exception invalid integer number literal
t=147171ms mmio exception invalid integer number literal
t=147310ms frame seq=2940 dropped=2939
t=147312ms mmio exception invalid integer number literal
t=147444ms mmio exception invalid integer number literal
t=147580ms mmio exception invalid integer number literal
t=147716ms mmio exception invalid integer number literal
t=147877ms mmio exception invalid integer number literal
t=147962ms mmio exception invalid integer number literal
t=148118ms mmio exception invalid integer number literal
t=148238ms mmio exception invalid integer number literal
t=148373ms mmio exception invalid integer number literal
t=148492ms mmio exception invalid integer number literal
t=148671ms mmio exception invalid integer number literal
t=148769ms mmio exception invalid integer number literal
t=148837ms frame seq=2970 dropped=2969
t=148887ms mmio exception invalid integer number literal
t=149045ms mmio exception invalid integer number literal
t=149178ms mmio exception invalid integer number literal
t=149310ms mmio exception invalid integer number literal
t=149468ms mmio exception invalid integer number literal
t=149583ms mmio exception invalid integer number literal
t=149735ms mmio exception invalid integer number literal
t=149831ms mmio exception invalid integer number literal
t=149935ms mmio exception invalid integer number literal
t=150105ms mmio exception invalid integer number literal
t=150185ms mmio exception invalid integer number literal
t=150344ms frame seq=3000 dropped=2999
t=150351ms mmio exception invalid integer number literal
t=150466ms mmio exception invalid integer number literal
t=150599ms mmio exception invalid integer number literal
t=150706ms mmio exception invalid integer number literal
t=150866ms mmio exception invalid integer number literal
t=150966ms mmio exception invalid integer number literal
t=151084ms mmio exception invalid integer number literal
t=151263ms mmio exception invalid integer number literal
t=151351ms mmio exception invalid integer number literal
t=151544ms mmio exception invalid integer number literal
t=151661ms mmio exception invalid integer number literal
t=151779ms mmio exception invalid integer number literal
t=151848ms frame seq=3030 dropped=3029
t=151911ms mmio exception invalid integer number literal
t=152057ms mmio exception invalid integer number literal
t=152179ms mmio exception invalid integer number literal
t=152286ms mmio exception invalid integer number literal
t=152457ms mmio exception invalid integer number literal
t=152532ms mmio exception invalid integer number literal
t=152702ms mmio exception invalid integer number literal
t=152832ms mmio exception invalid integer number literal
t=152957ms mmio exception invalid integer number literal
t=153053ms mmio exception invalid integer number literal
t=153220ms mmio exception invalid integer number literal
t=153305ms frame seq=3060 dropped=3059
t=153306ms mmio exception invalid integer number literal
t=153465ms mmio exception invalid integer number literal
t=153586ms mmio exception invalid integer number literal
t=153748ms mmio exception invalid integer number literal
t=153867ms mmio exception invalid integer number literal
t=154040ms mmio exception invalid integer number literal
t=154141ms mmio exception invalid integer number literal
t=154268ms mmio exception invalid integer number literal
t=154457ms mmio exception invalid integer number literal
t=154559ms mmio exception invalid integer number literal
t=154691ms mmio exception invalid integer number literal
t=154897ms mmio exception invalid integer number literal
t=154908ms frame seq=3090 dropped=3089
t=154972ms mmio exception invalid integer number literal
t=155140ms mmio exception invalid integer number literal
t=155265ms mmio exception invalid integer number literal
t=155375ms mmio exception invalid integer number literal
t=155523ms mmio exception invalid integer number literal
t=155633ms mmio exception invalid integer number literal
t=155788ms mmio exception invalid integer number literal
t=155901ms mmio exception invalid integer number literal
t=156059ms mmio exception invalid integer number literal
t=156162ms mmio exception invalid integer number literal
t=156320ms mmio exception invalid integer number literal
t=156403ms frame seq=3120 dropped=3119
t=156439ms mmio exception invalid integer number literal
t=156534ms mmio exception invalid integer number literal
t=156722ms mmio exception invalid integer number literal
t=156842ms mmio exception invalid integer number literal
t=156981ms mmio exception invalid integer number literal
t=157098ms mmio exception invalid integer number literal
t=157256ms mmio exception invalid integer number literal
t=157339ms mmio exception invalid integer number literal
t=157500ms mmio exception invalid integer number literal
t=157629ms mmio exception invalid integer number literal
t=157733ms mmio exception invalid integer number literal
t=157866ms frame seq=3150 dropped=3149
t=157907ms mmio exception invalid integer number literal
t=158021ms mmio exception invalid integer number literal
t=158114ms mmio exception invalid integer number literal
t=158284ms mmio exception invalid integer number literal
t=158406ms mmio exception invalid integer number literal
t=158532ms mmio exception invalid integer number literal
t=158630ms mmio exception invalid integer number literal
t=158799ms mmio exception invalid integer number literal
t=158899ms mmio exception invalid integer number literal
t=159064ms mmio exception invalid integer number literal
t=159191ms mmio exception invalid integer number literal
t=159286ms mmio exception invalid integer number literal
t=159369ms frame seq=3180 dropped=3179
t=159465ms mmio exception invalid integer number literal
t=159567ms mmio exception invalid integer number literal
t=159736ms mmio exception invalid integer number literal
t=159874ms mmio exception invalid integer number literal
t=160015ms mmio exception invalid integer number literal
t=160128ms mmio exception invalid integer number literal
t=160300ms mmio exception invalid integer number literal
t=160395ms mmio exception invalid integer number literal
t=160574ms mmio exception invalid integer number literal
t=160711ms mmio exception invalid integer number literal
t=160822ms mmio exception invalid integer number literal
t=160905ms frame seq=3210 dropped=3209
t=161001ms mmio exception invalid integer number literal
t=161113ms mmio exception invalid integer number literal
t=161280ms mmio exception invalid integer number literal
t=161385ms mmio exception invalid integer number literal
t=161554ms mmio exception invalid integer number literal
t=161644ms mmio exception invalid integer number literal
t=161757ms mmio exception invalid integer number literal
t=161919ms mmio exception invalid integer number literal
t=161984ms mmio exception invalid integer number literal
t=162143ms mmio exception invalid integer number literal
t=162263ms mmio exception invalid integer number literal
t=162367ms mmio exception invalid integer number literal
t=162423ms frame seq=3240 dropped=3239
t=162497ms mmio exception invalid integer number literal
t=162627ms mmio exception invalid integer number literal
t=162752ms mmio exception invalid integer number literal
t=162870ms mmio exception invalid integer number literal
t=163045ms mmio exception invalid integer number literal
t=163130ms mmio exception invalid integer number literal
t=163300ms mmio exception invalid integer number literal
t=163428ms mmio exception invalid integer number literal
t=163562ms mmio exception invalid integer number literal
t=163748ms mmio exception invalid integer number literal
t=163877ms mmio exception invalid integer number literal
t=163949ms frame seq=3270 dropped=3269
t=164018ms mmio exception invalid integer number literal
t=164133ms mmio exception invalid integer number literal
t=164281ms mmio exception invalid integer number literal
t=164367ms mmio exception invalid integer number literal
t=164516ms mmio exception invalid integer number literal
t=164659ms mmio exception invalid integer number literal
t=164795ms mmio exception invalid integer number literal
t=164904ms mmio exception invalid integer number literal
t=165055ms mmio exception invalid integer number literal
t=165147ms mmio exception invalid integer number literal
t=165295ms mmio exception invalid integer number literal
t=165418ms mmio exception invalid integer number literal
t=165462ms frame seq=3300 dropped=3299
t=165511ms mmio exception invalid integer number literal
t=165675ms mmio exception invalid integer number literal
t=165783ms mmio exception invalid integer number literal
t=165923ms mmio exception invalid integer number literal
t=166030ms mmio exception invalid integer number literal
t=166182ms mmio exception invalid integer number literal
t=166287ms mmio exception invalid integer number literal
t=166401ms mmio exception invalid integer number literal
t=166566ms mmio exception invalid integer number literal
t=166658ms mmio exception invalid integer number literal
t=166771ms mmio exception invalid integer number literal
t=166977ms mmio exception invalid integer number literal
t=166982ms frame seq=3330 dropped=3329
t=167052ms mmio exception invalid integer number literal
t=167225ms mmio exception invalid integer number literal
t=167357ms mmio exception invalid integer number literal
t=167470ms mmio exception invalid integer number literal
t=167622ms mmio exception invalid integer number literal
t=167741ms mmio exception invalid integer number literal
t=167877ms mmio exception invalid integer number literal
t=168005ms mmio exception invalid integer number literal
t=168148ms mmio exception invalid integer number literal
t=168240ms mmio exception invalid integer number literal
t=168353ms mmio exception invalid integer number literal
t=168465ms frame seq=3360 dropped=3359
t=168489ms mmio exception invalid integer number literal
t=168590ms mmio exception invalid integer number literal
t=168757ms mmio exception invalid integer number literal
t=168863ms mmio exception invalid integer number literal
t=169003ms mmio exception invalid integer number literal
t=169188ms mmio exception invalid integer number literal
t=169274ms mmio exception invalid integer number literal
t=169446ms mmio exception invalid integer number literal
t=169595ms mmio exception invalid integer number literal
t=169716ms mmio exception invalid integer number literal
t=169867ms mmio exception invalid integer number literal
t=169979ms mmio exception invalid integer number literal
t=170061ms frame seq=3390 dropped=3389
t=170133ms mmio exception invalid integer number literal
t=170247ms mmio exception invalid integer number literal
t=170410ms mmio exception invalid integer number literal
t=170517ms mmio exception invalid integer number literal
t=170637ms mmio exception invalid integer number literal
t=170821ms mmio exception invalid integer number literal
t=170904ms mmio exception invalid integer number literal
t=171078ms mmio exception invalid integer number literal
t=171202ms mmio exception invalid integer number literal
t=171343ms mmio exception invalid integer number literal
t=171468ms mmio exception invalid integer number literal
t=171560ms frame seq=3420 dropped=3419
t=171643ms mmio exception invalid integer number literal
t=171736ms mmio exception invalid integer number literal
t=171892ms mmio exception invalid integer number literal
t=172016ms mmio exception invalid integer number literal
t=172107ms mmio exception invalid integer number literal
t=172275ms mmio exception invalid integer number literal
t=172379ms mmio exception invalid integer number literal
t=172514ms mmio exception invalid integer number literal
t=172630ms mmio exception invalid integer number literal
t=172784ms mmio exception invalid integer number literal
t=172874ms mmio exception invalid integer number literal
t=172982ms mmio exception invalid integer number literal
t=173041ms frame seq=3450 dropped=3449
t=173147ms mmio exception invalid integer number literal
t=173223ms mmio exception invalid integer number literal
t=173382ms mmio exception invalid integer number literal
t=173491ms mmio exception invalid integer number literal
t=173629ms mmio exception invalid integer number literal
t=173736ms mmio exception invalid integer number literal
t=173885ms mmio exception invalid integer number literal
t=173974ms mmio exception invalid integer number literal
t=174134ms mmio exception invalid integer number literal
t=174252ms mmio exception invalid integer number literal
t=174341ms mmio exception invalid integer number literal
t=174525ms mmio exception invalid integer number literal
t=174573ms frame seq=3480 dropped=3479
t=174638ms mmio exception invalid integer number literal
t=174783ms mmio exception invalid integer number literal
t=174905ms mmio exception invalid integer number literal
t=175007ms mmio exception invalid integer number literal
t=175187ms mmio exception invalid integer number literal
t=175306ms mmio exception invalid integer number literal
t=175458ms mmio exception invalid integer number literal
t=175555ms mmio exception invalid integer number literal
t=175671ms mmio exception invalid integer number literal
t=175854ms mmio exception invalid integer number literal
t=175945ms mmio exception invalid integer number literal
t=176040ms frame seq=3510 dropped=3509
t=176107ms mmio exception invalid integer number literal
t=176224ms mmio exception invalid integer number literal
t=176355ms mmio exception invalid integer number literal
t=176481ms mmio exception invalid integer number literal
t=176601ms mmio exception invalid integer number literal
t=176731ms mmio exception invalid integer number literal
t=176886ms mmio exception invalid integer number literal
t=176971ms mmio exception invalid integer number literal
t=177133ms mmio exception invalid integer number literal
t=177250ms mmio exception invalid integer number literal
t=177383ms mmio exception invalid integer number literal
t=177490ms mmio exception invalid integer number literal
t=177532ms frame seq=3540 dropped=3539
t=177632ms mmio exception invalid integer number literal
t=177739ms mmio exception invalid integer number literal
t=177871ms mmio exception invalid integer number literal
t=178028ms mmio exception invalid integer number literal
t=178107ms mmio exception invalid integer number literal
t=178280ms mmio exception invalid integer number literal
t=178402ms mmio exception invalid integer number literal
t=178530ms mmio exception invalid integer number literal
t=178683ms mmio exception invalid integer number literal
t=178793ms mmio exception invalid integer number literal
t=178945ms mmio exception invalid integer number literal
t=179059ms mmio exception invalid integer number literal
t=179063ms frame seq=3570 dropped=3569
t=179222ms mmio exception invalid integer number literal
t=179325ms mmio exception invalid integer number literal
t=179512ms mmio exception invalid integer number literal
t=179638ms mmio exception invalid integer number literal
t=179745ms mmio exception invalid integer number literal
t=179905ms mmio exception invalid integer number literal
t=180006ms mmio exception invalid integer number literal
t=180152ms mmio exception invalid integer number literal
t=180254ms mmio exception invalid integer number literal
