$ /usr/bin/python3 emu/host/sentai_gazebo_uds_to_tcp_bridge.py --uds /tmp/sentai_emu_cam.sock --tcp-host 127.0.0.1 --tcp-port 30233
[uds-tcp] listening /tmp/sentai_emu_cam.sock
[uds-tcp] gz client connected
[uds-tcp] tcp connected 127.0.0.1:30233
[uds-tcp] frames=30 seq=30
[uds-tcp] frames=60 seq=60
[uds-tcp] frames=90 seq=90
[uds-tcp] frames=120 seq=120
[uds-tcp] frames=150 seq=150
[uds-tcp] frames=180 seq=180
[uds-tcp] frames=210 seq=210
[uds-tcp] frames=240 seq=240
[uds-tcp] frames=270 seq=270
[uds-tcp] frames=300 seq=300
[uds-tcp] frames=330 seq=330
[uds-tcp] frames=360 seq=360
[uds-tcp] frames=390 seq=390
[uds-tcp] frames=420 seq=420
[uds-tcp] frames=450 seq=450
[uds-tcp] frames=480 seq=480
[uds-tcp] frames=510 seq=510
[uds-tcp] frames=540 seq=540
[uds-tcp] frames=570 seq=570
[uds-tcp] frames=600 seq=600
[uds-tcp] frames=630 seq=630
[uds-tcp] frames=660 seq=660
[uds-tcp] frames=690 seq=690
[uds-tcp] frames=720 seq=720
[uds-tcp] frames=750 seq=750
[uds-tcp] frames=780 seq=780
[uds-tcp] frames=810 seq=810
[uds-tcp] frames=840 seq=840
[uds-tcp] frames=870 seq=870
[uds-tcp] frames=900 seq=900
[uds-tcp] frames=930 seq=930
[uds-tcp] frames=960 seq=960
[uds-tcp] frames=990 seq=990
[uds-tcp] frames=1020 seq=1020
[uds-tcp] frames=1050 seq=1050
[uds-tcp] frames=1080 seq=1080
[uds-tcp] frames=1110 seq=1110
[uds-tcp] frames=1140 seq=1140
[uds-tcp] frames=1170 seq=1170
[uds-tcp] frames=1200 seq=1200
[uds-tcp] frames=1230 seq=1230
[uds-tcp] frames=1260 seq=1260
[uds-tcp] frames=1290 seq=1290
[uds-tcp] frames=1320 seq=1320
[uds-tcp] frames=1350 seq=1350
[uds-tcp] frames=1380 seq=1380
[uds-tcp] frames=1410 seq=1410
[uds-tcp] frames=1440 seq=1440
[uds-tcp] frames=1470 seq=1470
[uds-tcp] frames=1500 seq=1500
[uds-tcp] frames=1530 seq=1530
[uds-tcp] frames=1560 seq=1560
[uds-tcp] frames=1590 seq=1590
[uds-tcp] frames=1620 seq=1620
[uds-tcp] frames=1650 seq=1650
[uds-tcp] frames=1680 seq=1680
[uds-tcp] frames=1710 seq=1710
[uds-tcp] frames=1740 seq=1740
[uds-tcp] frames=1770 seq=1770
[uds-tcp] frames=1800 seq=1800
[uds-tcp] frames=1830 seq=1830
[uds-tcp] frames=1860 seq=1860
[uds-tcp] frames=1890 seq=1890
[uds-tcp] frames=1920 seq=1920
[uds-tcp] frames=1950 seq=1950
[uds-tcp] frames=1980 seq=1980
[uds-tcp] frames=2010 seq=2010
[uds-tcp] frames=2040 seq=2040
[uds-tcp] frames=2070 seq=2070
[uds-tcp] frames=2100 seq=2100
[uds-tcp] frames=2130 seq=2130
[uds-tcp] frames=2160 seq=2160
[uds-tcp] frames=2190 seq=2190
[uds-tcp] frames=2220 seq=2220
[uds-tcp] frames=2250 seq=2250
[uds-tcp] frames=2280 seq=2280
[uds-tcp] frames=2310 seq=2310
[uds-tcp] frames=2340 seq=2340
[uds-tcp] frames=2370 seq=2370
[uds-tcp] frames=2400 seq=2400
[uds-tcp] frames=2430 seq=2430
[uds-tcp] frames=2460 seq=2460
[uds-tcp] frames=2490 seq=2490
[uds-tcp] frames=2520 seq=2520
[uds-tcp] frames=2550 seq=2550
[uds-tcp] frames=2580 seq=2580
[uds-tcp] frames=2610 seq=2610
[uds-tcp] frames=2640 seq=2640
[uds-tcp] frames=2670 seq=2670
[uds-tcp] frames=2700 seq=2700
[uds-tcp] frames=2730 seq=2730
[uds-tcp] frames=2760 seq=2760
[uds-tcp] frames=2790 seq=2790
[uds-tcp] frames=2820 seq=2820
[uds-tcp] frames=2850 seq=2850
[uds-tcp] frames=2880 seq=2880
[uds-tcp] frames=2910 seq=2910
[uds-tcp] frames=2940 seq=2940
[uds-tcp] frames=2970 seq=2970
[uds-tcp] frames=3000 seq=3000
[uds-tcp] frames=3030 seq=3030
[uds-tcp] frames=3060 seq=3060
[uds-tcp] frames=3090 seq=3090
[uds-tcp] frames=3120 seq=3120
[uds-tcp] frames=3150 seq=3150
[uds-tcp] frames=3180 seq=3180
[uds-tcp] frames=3210 seq=3210
[uds-tcp] frames=3240 seq=3240
[uds-tcp] frames=3270 seq=3270
[uds-tcp] frames=3300 seq=3300
[uds-tcp] frames=3330 seq=3330
[uds-tcp] frames=3360 seq=3360
[uds-tcp] frames=3390 seq=3390
[uds-tcp] frames=3420 seq=3420
[uds-tcp] frames=3450 seq=3450
[uds-tcp] frames=3480 seq=3480
[uds-tcp] frames=3510 seq=3510
[uds-tcp] frames=3540 seq=3540
[uds-tcp] frames=3570 seq=3570
[uds-tcp] client error: timed out
