[bridge] topic=/downward_cam/image in=/tmp/sentai_cam.sock out=/tmp/sentai_flow_out.sock
[bridge] connected to sentai_sim on /tmp/sentai_cam.sock
[bridge] listening flow-out on /tmp/sentai_flow_out.sock
[bridge] subscribed; Ctrl-C to stop
[bridge_recv] seq=30 stamp=3.500000000 data_crc=0x3d1f336a size=921600
[bridge] seq=30  dx=   +0 dy=   +0 dz=   +0 conf=0 lat=0 us  (in=30 pub=0)
[bridge_recv] seq=60 stamp=4.492000000 data_crc=0xad9c09c6 size=921600
[bridge] seq=60  dx=   +0 dy=   +0 dz=   +0 conf=0 lat=0 us  (in=60 pub=0)
[bridge_recv] seq=90 stamp=5.480000000 data_crc=0x9b1c341e size=921600
[bridge] seq=90  dx=   +0 dy=   +0 dz=   +0 conf=0 lat=0 us  (in=90 pub=0)
[bridge_recv] seq=120 stamp=6.472000000 data_crc=0x9c5a72da size=921600
[bridge] seq=120  dx=   +0 dy=   +0 dz=   +0 conf=0 lat=0 us  (in=120 pub=0)
[bridge_recv] seq=150 stamp=7.460000000 data_crc=0x9c5a72da size=921600
[bridge] seq=150  dx=   +0 dy=   +0 dz=   +0 conf=0 lat=0 us  (in=150 pub=0)
[bridge_recv] seq=180 stamp=8.452000000 data_crc=0x9c5a72da size=921600
[bridge] seq=180  dx=   +0 dy=   +0 dz=   +0 conf=0 lat=0 us  (in=180 pub=0)
[bridge_recv] seq=210 stamp=9.440000000 data_crc=0x9c5a72da size=921600
[bridge] seq=210  dx=   +0 dy=   +0 dz=   +0 conf=0 lat=0 us  (in=210 pub=0)
[bridge_recv] seq=240 stamp=10.432000000 data_crc=0x9c5a72da size=921600
[bridge] seq=240  dx=   +0 dy=   +0 dz=   +0 conf=0 lat=0 us  (in=240 pub=0)
[bridge_recv] seq=270 stamp=11.420000000 data_crc=0x9c5a72da size=921600
[bridge] seq=270  dx=   +0 dy=   +0 dz=   +0 conf=0 lat=0 us  (in=270 pub=0)
[bridge_recv] seq=300 stamp=12.412000000 data_crc=0x9c5a72da size=921600
[bridge] seq=300  dx=   +0 dy=   +0 dz=   +0 conf=0 lat=0 us  (in=300 pub=0)
[bridge_recv] seq=330 stamp=13.400000000 data_crc=0x9c5a72da size=921600
[bridge] seq=330  dx=   +0 dy=   +0 dz=   +0 conf=0 lat=0 us  (in=330 pub=0)
[bridge_recv] seq=360 stamp=14.392000000 data_crc=0x9c5a72da size=921600
[bridge] seq=360  dx=   +0 dy=   +0 dz=   +0 conf=0 lat=0 us  (in=360 pub=0)
[bridge_recv] seq=390 stamp=15.380000000 data_crc=0x9c5a72da size=921600
[bridge] seq=390  dx=   +0 dy=   +0 dz=   +0 conf=0 lat=0 us  (in=390 pub=0)
[bridge_recv] seq=420 stamp=16.372000000 data_crc=0x9c5a72da size=921600
[bridge] seq=420  dx=   +0 dy=   +0 dz=   +0 conf=0 lat=0 us  (in=420 pub=0)
[bridge_recv] seq=450 stamp=17.360000000 data_crc=0x9c5a72da size=921600
[bridge] seq=450  dx=   +0 dy=   +0 dz=   +0 conf=0 lat=0 us  (in=450 pub=0)
[bridge_recv] seq=480 stamp=18.352000000 data_crc=0xdfd3fcb5 size=921600
[bridge] seq=480  dx=   +0 dy=   +0 dz=   +0 conf=0 lat=0 us  (in=480 pub=0)
[bridge_recv] seq=510 stamp=19.340000000 data_crc=0x6f53ae16 size=921600
[bridge] seq=510  dx=   +0 dy=   +0 dz=   +0 conf=0 lat=0 us  (in=510 pub=0)
[bridge_recv] seq=540 stamp=20.332000000 data_crc=0x6f53ae16 size=921600
[bridge] seq=540  dx=   +0 dy=   +0 dz=   +0 conf=0 lat=0 us  (in=540 pub=0)
[bridge_recv] seq=570 stamp=21.320000000 data_crc=0x4cd56685 size=921600
[bridge] seq=570  dx=   +0 dy=   +0 dz=   +0 conf=0 lat=0 us  (in=570 pub=0)
[bridge_recv] seq=600 stamp=22.312000000 data_crc=0xc9caf3ca size=921600
[bridge] seq=600  dx=   +0 dy=   +0 dz=   +0 conf=0 lat=0 us  (in=600 pub=0)
[bridge_recv] seq=630 stamp=23.300000000 data_crc=0x6e2248a1 size=921600
[bridge] seq=630  dx=   +0 dy=   +0 dz=   +0 conf=0 lat=0 us  (in=630 pub=0)
[bridge_recv] seq=660 stamp=24.292000000 data_crc=0xf1d12561 size=921600
[bridge] seq=660  dx=   +0 dy=   +0 dz=   +0 conf=0 lat=0 us  (in=660 pub=0)
[bridge_recv] seq=690 stamp=25.280000000 data_crc=0x7975df18 size=921600
[bridge] seq=690  dx=   +0 dy=   +0 dz=   +0 conf=0 lat=0 us  (in=690 pub=0)
[bridge_recv] seq=720 stamp=26.272000000 data_crc=0xe401aab2 size=921600
[bridge] seq=720  dx=   +0 dy=   +0 dz=   +0 conf=0 lat=0 us  (in=720 pub=0)
[bridge_recv] seq=750 stamp=27.260000000 data_crc=0x2523a553 size=921600
[bridge] seq=750  dx=   +0 dy=   +0 dz=   +0 conf=0 lat=0 us  (in=750 pub=0)
[bridge_recv] seq=780 stamp=28.252000000 data_crc=0xa95c6aac size=921600
[bridge] seq=780  dx=   +0 dy=   +0 dz=   +0 conf=0 lat=0 us  (in=780 pub=0)
[bridge_recv] seq=810 stamp=29.240000000 data_crc=0xc3f52843 size=921600
[bridge] seq=810  dx=   +0 dy=   +0 dz=   +0 conf=0 lat=0 us  (in=810 pub=0)
[bridge_recv] seq=840 stamp=30.232000000 data_crc=0xa3c772bc size=921600
[bridge] seq=840  dx=   +0 dy=   +0 dz=   +0 conf=0 lat=0 us  (in=840 pub=0)
[bridge_recv] seq=870 stamp=31.220000000 data_crc=0x8dea5b96 size=921600
[bridge] seq=870  dx=   +0 dy=   +0 dz=   +0 conf=0 lat=0 us  (in=870 pub=0)
[bridge_recv] seq=900 stamp=32.212000000 data_crc=0xe5b40147 size=921600
[bridge] seq=900  dx=   +0 dy=   +0 dz=   +0 conf=0 lat=0 us  (in=900 pub=0)
[bridge_recv] seq=930 stamp=33.200000000 data_crc=0xf5f7044c size=921600
[bridge] seq=930  dx=   +0 dy=   +0 dz=   +0 conf=0 lat=0 us  (in=930 pub=0)
[bridge_recv] seq=960 stamp=34.192000000 data_crc=0x333ff836 size=921600
[bridge] seq=960  dx=   +0 dy=   +0 dz=   +0 conf=0 lat=0 us  (in=960 pub=0)
[bridge_recv] seq=990 stamp=35.180000000 data_crc=0x1a9a90e8 size=921600
[bridge] seq=990  dx=   +0 dy=   +0 dz=   +0 conf=0 lat=0 us  (in=990 pub=0)
[bridge_recv] seq=1020 stamp=36.172000000 data_crc=0xdbc9f42a size=921600
[bridge] seq=1020  dx=   +0 dy=   +0 dz=   +0 conf=0 lat=0 us  (in=1020 pub=0)
[bridge_recv] seq=1050 stamp=37.160000000 data_crc=0x790e82df size=921600
[bridge] seq=1050  dx=   +0 dy=   +0 dz=   +0 conf=0 lat=0 us  (in=1050 pub=0)
[bridge_recv] seq=1080 stamp=38.152000000 data_crc=0xff708715 size=921600
[bridge] seq=1080  dx=   +0 dy=   +0 dz=   +0 conf=0 lat=0 us  (in=1080 pub=0)
[bridge_recv] seq=1110 stamp=39.140000000 data_crc=0x64318793 size=921600
[bridge] seq=1110  dx=   +0 dy=   +0 dz=   +0 conf=0 lat=0 us  (in=1110 pub=0)
[bridge_recv] seq=1140 stamp=40.132000000 data_crc=0x8a5ed6be size=921600
[bridge] seq=1140  dx=   +0 dy=   +0 dz=   +0 conf=0 lat=0 us  (in=1140 pub=0)
[bridge_recv] seq=1170 stamp=41.120000000 data_crc=0xe7e4de53 size=921600
[bridge] seq=1170  dx=   +0 dy=   +0 dz=   +0 conf=0 lat=0 us  (in=1170 pub=0)
[bridge_recv] seq=1200 stamp=42.112000000 data_crc=0x157a1ca5 size=921600
[bridge] seq=1200  dx=   +0 dy=   +0 dz=   +0 conf=0 lat=0 us  (in=1200 pub=0)
[bridge_recv] seq=1230 stamp=43.100000000 data_crc=0x55adae5e size=921600
[bridge] seq=1230  dx=   +0 dy=   +0 dz=   +0 conf=0 lat=0 us  (in=1230 pub=0)
[bridge_recv] seq=1260 stamp=44.092000000 data_crc=0x3fc48bca size=921600
[bridge] seq=1260  dx=   +0 dy=   +0 dz=   +0 conf=0 lat=0 us  (in=1260 pub=0)
