[offboard] connecting udp:127.0.0.1:14550
[offboard] HB sys=1 comp=1 (type=2 autopilot=12)
[offboard] streaming setpoints @ 20 Hz to (0.0, 0.0, -1.5) NED
[offboard] 40 setpoints sent, switching mode...
[offboard] arming...
[offboard] ARM ACK: MAV_RESULT_ACCEPTED
[offboard] hovering 20.0s at z=1.50m...
  [  0.0s] x=-0.05 y=-0.00 z=+0.39  vz=+0.01
  [  0.0s] x=-0.05 y=-0.00 z=+0.39  vz=+0.01
  [  0.1s] x=-0.04 y=-0.00 z=+0.39  vz=+0.01
  [  0.1s] x=-0.04 y=-0.00 z=+0.39  vz=+0.01
  [  0.1s] x=-0.04 y=-0.00 z=+0.39  vz=+0.01
  [  0.1s] x=-0.04 y=-0.00 z=+0.39  vz=+0.01
  [  0.1s] x=-0.05 y=-0.00 z=+0.39  vz=+0.01
  [  0.2s] x=-0.05 y=-0.01 z=+0.39  vz=+0.01
  [  0.2s] x=-0.05 y=-0.01 z=+0.39  vz=+0.01
  [  0.2s] x=-0.05 y=-0.01 z=+0.40  vz=+0.01
  [  0.2s] x=-0.05 y=-0.01 z=+0.40  vz=+0.02
  [  0.2s] x=-0.05 y=-0.01 z=+0.40  vz=+0.01
  [  0.3s] x=-0.05 y=-0.01 z=+0.40  vz=+0.01
  [  0.3s] x=-0.05 y=-0.01 z=+0.40  vz=+0.01
  [  0.3s] x=-0.05 y=-0.01 z=+0.40  vz=+0.01
  [  0.3s] x=-0.05 y=-0.01 z=+0.40  vz=+0.01
  [  0.3s] x=-0.05 y=-0.01 z=+0.40  vz=+0.01
  [  0.4s] x=-0.05 y=-0.01 z=+0.40  vz=+0.01
  [  0.4s] x=-0.05 y=-0.01 z=+0.40  vz=+0.01
  [  0.4s] x=-0.05 y=-0.01 z=+0.40  vz=+0.01
  [  0.4s] x=-0.06 y=-0.01 z=+0.40  vz=+0.01
  [  0.4s] x=-0.06 y=-0.01 z=+0.40  vz=+0.01
  [  0.5s] x=-0.06 y=-0.01 z=+0.40  vz=+0.01
  [  0.5s] x=-0.06 y=-0.01 z=+0.40  vz=+0.01
  [  0.5s] x=-0.06 y=-0.01 z=+0.40  vz=+0.01
  [  0.5s] x=-0.06 y=-0.01 z=+0.40  vz=+0.01
  [  0.5s] x=-0.06 y=-0.01 z=+0.40  vz=+0.01
  [  0.6s] x=-0.06 y=-0.01 z=+0.39  vz=+0.01
  [  0.6s] x=-0.06 y=-0.01 z=+0.39  vz=+0.01
  [  0.6s] x=-0.06 y=-0.01 z=+0.39  vz=+0.01
  [  0.6s] x=-0.07 y=-0.01 z=+0.39  vz=+0.01
  [  0.6s] x=-0.07 y=-0.01 z=+0.39  vz=+0.01
  [  0.7s] x=-0.07 y=-0.01 z=+0.39  vz=+0.01
  [  0.7s] x=-0.07 y=-0.01 z=+0.38  vz=+0.00
  [  0.7s] x=-0.07 y=-0.01 z=+0.38  vz=+0.00
  [  0.7s] x=-0.07 y=-0.01 z=+0.38  vz=-0.00
  [  0.7s] x=-0.07 y=-0.01 z=+0.38  vz=+0.00
  [  0.8s] x=-0.07 y=-0.00 z=+0.38  vz=-0.00
  [  0.8s] x=-0.07 y=-0.00 z=+0.38  vz=-0.00
  [  0.8s] x=-0.07 y=-0.00 z=+0.37  vz=-0.00
  [  0.8s] x=-0.07 y=-0.00 z=+0.37  vz=-0.00
  [  0.8s] x=-0.07 y=-0.00 z=+0.37  vz=-0.01
  [  0.9s] x=-0.07 y=-0.00 z=+0.37  vz=-0.01
  [  0.9s] x=-0.07 y=-0.00 z=+0.37  vz=-0.01
  [  0.9s] x=-0.07 y=+0.00 z=+0.37  vz=-0.01
  [  0.9s] x=-0.06 y=+0.00 z=+0.37  vz=-0.01
  [  0.9s] x=-0.06 y=+0.00 z=+0.37  vz=-0.01
  [  1.0s] x=-0.06 y=+0.00 z=+0.37  vz=-0.01
  [  1.0s] x=-0.06 y=+0.01 z=+0.37  vz=-0.01
  [  1.0s] x=-0.06 y=+0.01 z=+0.36  vz=-0.01
  [  1.0s] x=-0.06 y=+0.01 z=+0.36  vz=-0.01
  [  1.0s] x=-0.06 y=+0.01 z=+0.36  vz=-0.01
  [  1.1s] x=-0.06 y=+0.01 z=+0.36  vz=-0.01
  [  1.1s] x=-0.06 y=+0.01 z=+0.35  vz=-0.01
  [  1.1s] x=-0.06 y=+0.01 z=+0.35  vz=-0.01
  [  1.1s] x=-0.05 y=+0.01 z=+0.35  vz=-0.01
  [  1.1s] x=-0.05 y=+0.01 z=+0.35  vz=-0.01
  [  1.2s] x=-0.05 y=+0.02 z=+0.35  vz=-0.02
  [  1.2s] x=-0.04 y=+0.02 z=+0.35  vz=-0.02
  [  1.2s] x=-0.04 y=+0.02 z=+0.35  vz=-0.02
  [  1.2s] x=-0.04 y=+0.02 z=+0.35  vz=-0.02
  [  1.2s] x=-0.04 y=+0.02 z=+0.35  vz=-0.02
  [  1.3s] x=-0.03 y=+0.02 z=+0.35  vz=-0.02
  [  1.3s] x=-0.03 y=+0.02 z=+0.35  vz=-0.02
  [  1.3s] x=-0.03 y=+0.02 z=+0.35  vz=-0.02
  [  1.3s] x=-0.03 y=+0.02 z=+0.36  vz=-0.02
  [  1.3s] x=-0.03 y=+0.02 z=+0.36  vz=-0.02
  [  1.4s] x=-0.02 y=+0.02 z=+0.36  vz=-0.02
  [  1.4s] x=-0.02 y=+0.02 z=+0.36  vz=-0.02
  [  1.4s] x=-0.02 y=+0.02 z=+0.36  vz=-0.02
  [  1.4s] x=-0.02 y=+0.02 z=+0.36  vz=-0.02
  [  1.4s] x=-0.02 y=+0.02 z=+0.36  vz=-0.02
  [  1.5s] x=-0.02 y=+0.02 z=+0.36  vz=-0.02
  [  1.5s] x=-0.02 y=+0.02 z=+0.36  vz=-0.02
  [  1.5s] x=-0.02 y=+0.02 z=+0.37  vz=-0.02
  [  1.5s] x=-0.02 y=+0.02 z=+0.37  vz=-0.02
  [  1.5s] x=-0.02 y=+0.02 z=+0.37  vz=-0.02
  [  1.6s] x=-0.02 y=+0.02 z=+0.37  vz=-0.02
  [  1.6s] x=-0.02 y=+0.02 z=+0.37  vz=-0.02
  [  1.6s] x=-0.02 y=+0.02 z=+0.37  vz=-0.02
  [  1.6s] x=-0.02 y=+0.02 z=+0.37  vz=-0.02
  [  1.6s] x=-0.02 y=+0.02 z=+0.37  vz=-0.02
  [  1.7s] x=-0.03 y=+0.03 z=+0.37  vz=-0.02
  [  1.7s] x=-0.03 y=+0.03 z=+0.37  vz=-0.02
  [  1.7s] x=-0.03 y=+0.03 z=+0.37  vz=-0.02
  [  1.7s] x=-0.03 y=+0.03 z=+0.37  vz=-0.02
  [  1.7s] x=-0.03 y=+0.03 z=+0.37  vz=-0.02
  [  1.8s] x=-0.03 y=+0.03 z=+0.37  vz=-0.02
  [  1.8s] x=-0.03 y=+0.03 z=+0.36  vz=-0.02
  [  1.8s] x=-0.03 y=+0.03 z=+0.36  vz=-0.02
  [  1.8s] x=-0.04 y=+0.03 z=+0.36  vz=-0.02
  [  1.8s] x=-0.04 y=+0.03 z=+0.36  vz=-0.02
  [  1.9s] x=-0.04 y=+0.03 z=+0.36  vz=-0.02
  [  1.9s] x=-0.04 y=+0.03 z=+0.36  vz=-0.02
  [  1.9s] x=-0.04 y=+0.03 z=+0.36  vz=-0.02
  [  1.9s] x=-0.04 y=+0.03 z=+0.35  vz=-0.02
  [  1.9s] x=-0.05 y=+0.03 z=+0.35  vz=-0.02
  [  2.0s] x=-0.05 y=+0.03 z=+0.35  vz=-0.02
  [  2.0s] x=-0.05 y=+0.03 z=+0.35  vz=-0.02
  [  2.0s] x=-0.05 y=+0.03 z=+0.35  vz=-0.02
  [  2.0s] x=-0.05 y=+0.03 z=+0.35  vz=-0.02
  [  2.0s] x=-0.05 y=+0.03 z=+0.35  vz=-0.02
  [  2.1s] x=-0.05 y=+0.04 z=+0.35  vz=-0.02
  [  2.1s] x=-0.05 y=+0.04 z=+0.35  vz=-0.02
  [  2.1s] x=-0.05 y=+0.04 z=+0.35  vz=-0.02
  [  2.1s] x=-0.05 y=+0.04 z=+0.35  vz=-0.02
  [  2.1s] x=-0.05 y=+0.04 z=+0.35  vz=-0.02
  [  2.2s] x=-0.05 y=+0.04 z=+0.34  vz=-0.02
  [  2.2s] x=-0.05 y=+0.04 z=+0.34  vz=-0.02
  [  2.2s] x=-0.05 y=+0.03 z=+0.34  vz=-0.02
  [  2.2s] x=-0.05 y=+0.03 z=+0.34  vz=-0.02
  [  2.2s] x=-0.05 y=+0.03 z=+0.34  vz=-0.01
  [  2.3s] x=-0.05 y=+0.03 z=+0.34  vz=-0.01
  [  2.3s] x=-0.05 y=+0.03 z=+0.34  vz=-0.01
  [  2.3s] x=-0.06 y=+0.03 z=+0.34  vz=-0.01
  [  2.3s] x=-0.06 y=+0.03 z=+0.34  vz=-0.01
  [  2.3s] x=-0.06 y=+0.03 z=+0.34  vz=-0.02
  [  2.4s] x=-0.06 y=+0.03 z=+0.33  vz=-0.02
  [  2.4s] x=-0.06 y=+0.03 z=+0.33  vz=-0.02
  [  2.4s] x=-0.06 y=+0.03 z=+0.33  vz=-0.01
  [  2.4s] x=-0.06 y=+0.03 z=+0.33  vz=-0.01
  [  2.4s] x=-0.06 y=+0.03 z=+0.33  vz=-0.01
  [  2.5s] x=-0.07 y=+0.04 z=+0.33  vz=-0.02
  [  2.5s] x=-0.07 y=+0.04 z=+0.33  vz=-0.01
  [  2.5s] x=-0.07 y=+0.04 z=+0.33  vz=-0.01
  [  2.5s] x=-0.07 y=+0.04 z=+0.33  vz=-0.01
  [  2.5s] x=-0.07 y=+0.03 z=+0.33  vz=-0.01
  [  2.6s] x=-0.07 y=+0.03 z=+0.33  vz=-0.01
  [  2.6s] x=-0.07 y=+0.03 z=+0.33  vz=-0.01
  [  2.6s] x=-0.07 y=+0.03 z=+0.33  vz=-0.01
  [  2.6s] x=-0.07 y=+0.03 z=+0.33  vz=-0.01
  [  2.6s] x=-0.08 y=+0.04 z=+0.33  vz=-0.01
  [  2.7s] x=-0.08 y=+0.04 z=+0.33  vz=-0.01
  [  2.7s] x=-0.08 y=+0.04 z=+0.32  vz=-0.01
  [  2.7s] x=-0.08 y=+0.04 z=+0.32  vz=-0.01
  [  2.7s] x=-0.08 y=+0.04 z=+0.32  vz=-0.01
  [  2.8s] x=-0.08 y=+0.04 z=+0.32  vz=-0.01
  [  2.8s] x=-0.08 y=+0.04 z=+0.32  vz=-0.01
  [  2.8s] x=-0.08 y=+0.04 z=+0.32  vz=-0.01
  [  2.8s] x=-0.08 y=+0.04 z=+0.32  vz=-0.01
  [  2.8s] x=-0.08 y=+0.04 z=+0.32  vz=-0.01
  [  2.9s] x=-0.08 y=+0.04 z=+0.32  vz=-0.01
  [  2.9s] x=-0.09 y=+0.04 z=+0.32  vz=-0.01
  [  2.9s] x=-0.09 y=+0.04 z=+0.32  vz=-0.01
  [  2.9s] x=-0.09 y=+0.04 z=+0.32  vz=-0.01
  [  2.9s] x=-0.09 y=+0.04 z=+0.32  vz=-0.01
  [  3.0s] x=-0.09 y=+0.04 z=+0.32  vz=-0.01
  [  3.0s] x=-0.09 y=+0.04 z=+0.32  vz=-0.01
  [  3.0s] x=-0.09 y=+0.04 z=+0.32  vz=-0.01
  [  3.0s] x=-0.09 y=+0.04 z=+0.32  vz=-0.02
  [  3.0s] x=-0.09 y=+0.04 z=+0.32  vz=-0.02
  [  3.1s] x=-0.09 y=+0.03 z=+0.32  vz=-0.02
  [  3.1s] x=-0.09 y=+0.03 z=+0.32  vz=-0.03
  [  3.1s] x=-0.09 y=+0.03 z=+0.32  vz=-0.03
  [  3.1s] x=-0.09 y=+0.03 z=+0.32  vz=-0.04
  [  3.1s] x=-0.09 y=+0.03 z=+0.32  vz=-0.05
  [  3.2s] x=-0.09 y=+0.03 z=+0.32  vz=-0.06
  [  3.2s] x=-0.09 y=+0.02 z=+0.32  vz=-0.09
  [  3.2s] x=-0.08 y=+0.02 z=+0.32  vz=-0.11
  [  3.2s] x=-0.08 y=+0.02 z=+0.32  vz=-0.13
  [  3.2s] x=-0.08 y=+0.02 z=+0.32  vz=-0.16
  [  3.3s] x=-0.08 y=+0.02 z=+0.32  vz=-0.20
  [  3.3s] x=-0.08 y=+0.02 z=+0.32  vz=-0.22
  [  3.3s] x=-0.07 y=+0.01 z=+0.31  vz=-0.27
  [  3.3s] x=-0.07 y=+0.01 z=+0.31  vz=-0.30
  [  3.3s] x=-0.07 y=+0.01 z=+0.30  vz=-0.35
  [  3.4s] x=-0.07 y=+0.01 z=+0.30  vz=-0.38
  [  3.4s] x=-0.06 y=+0.01 z=+0.29  vz=-0.43
  [  3.4s] x=-0.06 y=+0.00 z=+0.28  vz=-0.47
  [  3.4s] x=-0.06 y=+0.00 z=+0.27  vz=-0.52
  [  3.4s] x=-0.06 y=+0.00 z=+0.26  vz=-0.55
  [  3.5s] x=-0.05 y=-0.00 z=+0.25  vz=-0.60
  [  3.5s] x=-0.05 y=-0.00 z=+0.24  vz=-0.62
  [  3.5s] x=-0.05 y=-0.01 z=+0.22  vz=-0.66
  [  3.5s] x=-0.04 y=-0.01 z=+0.21  vz=-0.68
  [  3.5s] x=-0.04 y=-0.01 z=+0.20  vz=-0.70
  [  3.6s] x=-0.03 y=-0.01 z=+0.19  vz=-0.72
  [  3.6s] x=-0.03 y=-0.02 z=+0.17  vz=-0.74
  [  3.6s] x=-0.02 y=-0.02 z=+0.16  vz=-0.75
  [  3.6s] x=-0.02 y=-0.02 z=+0.14  vz=-0.76
  [  3.6s] x=-0.02 y=-0.02 z=+0.13  vz=-0.77
  [  3.7s] x=-0.01 y=-0.02 z=+0.11  vz=-0.78
  [  3.7s] x=-0.01 y=-0.03 z=+0.10  vz=-0.79
  [  3.7s] x=-0.00 y=-0.03 z=+0.08  vz=-0.79
  [  3.7s] x=-0.00 y=-0.03 z=+0.07  vz=-0.79
  [  3.7s] x=+0.00 y=-0.03 z=+0.05  vz=-0.80
  [  3.8s] x=+0.01 y=-0.03 z=+0.03  vz=-0.80
  [  3.8s] x=+0.01 y=-0.04 z=+0.01  vz=-0.79
  [  3.8s] x=+0.01 y=-0.04 z=-0.00  vz=-0.79
  [  3.8s] x=+0.02 y=-0.04 z=-0.02  vz=-0.79
  [  3.8s] x=+0.02 y=-0.04 z=-0.03  vz=-0.78
  [  3.9s] x=+0.02 y=-0.04 z=-0.05  vz=-0.78
  [  3.9s] x=+0.02 y=-0.04 z=-0.07  vz=-0.78
  [  3.9s] x=+0.03 y=-0.04 z=-0.09  vz=-0.77
  [  3.9s] x=+0.03 y=-0.04 z=-0.10  vz=-0.77
  [  3.9s] x=+0.03 y=-0.04 z=-0.12  vz=-0.76
  [  4.0s] x=+0.03 y=-0.04 z=-0.14  vz=-0.75
  [  4.0s] x=+0.03 y=-0.04 z=-0.16  vz=-0.74
  [  4.0s] x=+0.03 y=-0.05 z=-0.17  vz=-0.73
  [  4.0s] x=+0.04 y=-0.04 z=-0.19  vz=-0.72
  [  4.0s] x=+0.04 y=-0.04 z=-0.20  vz=-0.72
  [  4.1s] x=+0.04 y=-0.04 z=-0.22  vz=-0.71
  [  4.1s] x=+0.04 y=-0.04 z=-0.23  vz=-0.70
  [  4.1s] x=+0.04 y=-0.04 z=-0.25  vz=-0.69
  [  4.1s] x=+0.05 y=-0.04 z=-0.26  vz=-0.68
  [  4.1s] x=+0.05 y=-0.04 z=-0.28  vz=-0.67
  [  4.2s] x=+0.05 y=-0.04 z=-0.29  vz=-0.66
  [  4.2s] x=+0.04 y=-0.04 z=-0.31  vz=-0.64
  [  4.2s] x=+0.04 y=-0.04 z=-0.32  vz=-0.64
  [  4.2s] x=+0.03 y=-0.04 z=-0.34  vz=-0.62
  [  4.2s] x=+0.03 y=-0.04 z=-0.35  vz=-0.62
  [  4.3s] x=+0.03 y=-0.04 z=-0.36  vz=-0.60
  [  4.3s] x=+0.02 y=-0.04 z=-0.37  vz=-0.60
  [  4.3s] x=+0.02 y=-0.04 z=-0.38  vz=-0.58
  [  4.3s] x=+0.01 y=-0.04 z=-0.39  vz=-0.58
  [  4.3s] x=+0.00 y=-0.04 z=-0.41  vz=-0.57
  [  4.4s] x=-0.00 y=-0.04 z=-0.41  vz=-0.56
  [  4.4s] x=-0.01 y=-0.04 z=-0.43  vz=-0.55
  [  4.4s] x=-0.02 y=-0.04 z=-0.44  vz=-0.55
  [  4.4s] x=-0.03 y=-0.04 z=-0.45  vz=-0.54
  [  4.4s] x=-0.03 y=-0.04 z=-0.46  vz=-0.53
  [  4.5s] x=-0.04 y=-0.04 z=-0.47  vz=-0.52
  [  4.5s] x=-0.05 y=-0.04 z=-0.48  vz=-0.52
  [  4.5s] x=-0.06 y=-0.04 z=-0.49  vz=-0.51
  [  4.5s] x=-0.06 y=-0.04 z=-0.50  vz=-0.51
  [  4.5s] x=-0.07 y=-0.04 z=-0.51  vz=-0.50
  [  4.6s] x=-0.07 y=-0.04 z=-0.52  vz=-0.50
  [  4.6s] x=-0.08 y=-0.03 z=-0.53  vz=-0.49
  [  4.6s] x=-0.09 y=-0.03 z=-0.54  vz=-0.49
  [  4.6s] x=-0.09 y=-0.03 z=-0.55  vz=-0.48
  [  4.6s] x=-0.09 y=-0.03 z=-0.56  vz=-0.48
  [  4.7s] x=-0.10 y=-0.03 z=-0.57  vz=-0.47
  [  4.7s] x=-0.10 y=-0.03 z=-0.58  vz=-0.47
  [  4.7s] x=-0.11 y=-0.03 z=-0.59  vz=-0.46
  [  4.7s] x=-0.11 y=-0.03 z=-0.60  vz=-0.46
  [  4.7s] x=-0.12 y=-0.02 z=-0.61  vz=-0.45
  [  4.8s] x=-0.12 y=-0.02 z=-0.61  vz=-0.44
  [  4.8s] x=-0.12 y=-0.01 z=-0.63  vz=-0.44
  [  4.8s] x=-0.12 y=-0.01 z=-0.63  vz=-0.43
  [  4.8s] x=-0.12 y=-0.00 z=-0.64  vz=-0.43
  [  4.8s] x=-0.12 y=+0.00 z=-0.65  vz=-0.42
  [  4.9s] x=-0.13 y=+0.01 z=-0.66  vz=-0.42
  [  4.9s] x=-0.13 y=+0.02 z=-0.67  vz=-0.41
  [  4.9s] x=-0.13 y=+0.02 z=-0.68  vz=-0.41
  [  4.9s] x=-0.13 y=+0.03 z=-0.68  vz=-0.40
  [  4.9s] x=-0.12 y=+0.04 z=-0.69  vz=-0.39
  [  5.0s] x=-0.12 y=+0.04 z=-0.70  vz=-0.39
  [  5.0s] x=-0.12 y=+0.05 z=-0.71  vz=-0.38
  [  5.0s] x=-0.12 y=+0.05 z=-0.72  vz=-0.38
  [  5.0s] x=-0.12 y=+0.06 z=-0.73  vz=-0.38
  [  5.0s] x=-0.12 y=+0.07 z=-0.73  vz=-0.37
  [  5.1s] x=-0.12 y=+0.07 z=-0.74  vz=-0.37
  [  5.1s] x=-0.11 y=+0.08 z=-0.75  vz=-0.37
  [  5.1s] x=-0.11 y=+0.09 z=-0.76  vz=-0.36
  [  5.1s] x=-0.11 y=+0.09 z=-0.76  vz=-0.36
  [  5.1s] x=-0.10 y=+0.10 z=-0.77  vz=-0.35
  [  5.2s] x=-0.10 y=+0.10 z=-0.78  vz=-0.35
  [  5.2s] x=-0.10 y=+0.11 z=-0.79  vz=-0.34
  [  5.2s] x=-0.10 y=+0.11 z=-0.79  vz=-0.34
  [  5.2s] x=-0.09 y=+0.12 z=-0.80  vz=-0.34
  [  5.2s] x=-0.09 y=+0.12 z=-0.81  vz=-0.33
  [  5.3s] x=-0.09 y=+0.12 z=-0.81  vz=-0.33
  [  5.3s] x=-0.09 y=+0.13 z=-0.82  vz=-0.33
  [  5.3s] x=-0.08 y=+0.13 z=-0.83  vz=-0.32
  [  5.3s] x=-0.08 y=+0.13 z=-0.83  vz=-0.32
  [  5.3s] x=-0.08 y=+0.13 z=-0.84  vz=-0.31
  [  5.4s] x=-0.08 y=+0.13 z=-0.85  vz=-0.31
  [  5.4s] x=-0.07 y=+0.14 z=-0.86  vz=-0.31
  [  5.4s] x=-0.07 y=+0.14 z=-0.86  vz=-0.30
  [  5.4s] x=-0.07 y=+0.14 z=-0.87  vz=-0.30
  [  5.5s] x=-0.07 y=+0.14 z=-0.87  vz=-0.30
  [  5.5s] x=-0.06 y=+0.14 z=-0.88  vz=-0.30
  [  5.5s] x=-0.06 y=+0.14 z=-0.89  vz=-0.29
  [  5.5s] x=-0.06 y=+0.14 z=-0.90  vz=-0.29
  [  5.5s] x=-0.06 y=+0.14 z=-0.90  vz=-0.29
  [  5.6s] x=-0.06 y=+0.14 z=-0.91  vz=-0.28
  [  5.6s] x=-0.06 y=+0.14 z=-0.91  vz=-0.28
  [  5.6s] x=-0.06 y=+0.14 z=-0.92  vz=-0.27
  [  5.6s] x=-0.06 y=+0.13 z=-0.93  vz=-0.27
  [  5.6s] x=-0.06 y=+0.13 z=-0.93  vz=-0.27
  [  5.7s] x=-0.05 y=+0.13 z=-0.94  vz=-0.26
  [  5.7s] x=-0.05 y=+0.13 z=-0.94  vz=-0.26
  [  5.7s] x=-0.05 y=+0.13 z=-0.95  vz=-0.26
  [  5.7s] x=-0.05 y=+0.13 z=-0.95  vz=-0.25
  [  5.7s] x=-0.05 y=+0.12 z=-0.96  vz=-0.25
  [  5.8s] x=-0.05 y=+0.12 z=-0.97  vz=-0.25
  [  5.8s] x=-0.05 y=+0.12 z=-0.97  vz=-0.25
  [  5.8s] x=-0.05 y=+0.12 z=-0.98  vz=-0.24
  [  5.8s] x=-0.05 y=+0.11 z=-0.98  vz=-0.24
  [  5.8s] x=-0.05 y=+0.11 z=-0.99  vz=-0.24
  [  5.9s] x=-0.05 y=+0.11 z=-0.99  vz=-0.24
  [  5.9s] x=-0.05 y=+0.11 z=-1.00  vz=-0.23
  [  5.9s] x=-0.06 y=+0.11 z=-1.00  vz=-0.23
  [  5.9s] x=-0.06 y=+0.10 z=-1.01  vz=-0.22
  [  5.9s] x=-0.06 y=+0.10 z=-1.01  vz=-0.22
  [  6.0s] x=-0.06 y=+0.10 z=-1.02  vz=-0.22
  [  6.0s] x=-0.06 y=+0.10 z=-1.02  vz=-0.22
  [  6.0s] x=-0.06 y=+0.10 z=-1.03  vz=-0.22
  [  6.0s] x=-0.06 y=+0.10 z=-1.04  vz=-0.22
  [  6.0s] x=-0.06 y=+0.09 z=-1.04  vz=-0.21
  [  6.1s] x=-0.06 y=+0.09 z=-1.05  vz=-0.21
  [  6.1s] x=-0.07 y=+0.09 z=-1.05  vz=-0.21
  [  6.1s] x=-0.07 y=+0.09 z=-1.06  vz=-0.21
  [  6.1s] x=-0.07 y=+0.09 z=-1.06  vz=-0.20
  [  6.1s] x=-0.07 y=+0.08 z=-1.07  vz=-0.20
  [  6.2s] x=-0.07 y=+0.08 z=-1.07  vz=-0.20
  [  6.2s] x=-0.07 y=+0.08 z=-1.08  vz=-0.20
  [  6.2s] x=-0.08 y=+0.08 z=-1.08  vz=-0.19
  [  6.2s] x=-0.08 y=+0.07 z=-1.09  vz=-0.19
  [  6.2s] x=-0.08 y=+0.07 z=-1.09  vz=-0.19
  [  6.3s] x=-0.08 y=+0.07 z=-1.10  vz=-0.18
  [  6.3s] x=-0.09 y=+0.07 z=-1.10  vz=-0.18
  [  6.3s] x=-0.09 y=+0.06 z=-1.11  vz=-0.18
  [  6.3s] x=-0.09 y=+0.06 z=-1.11  vz=-0.18
  [  6.3s] x=-0.09 y=+0.06 z=-1.12  vz=-0.17
  [  6.4s] x=-0.09 y=+0.06 z=-1.12  vz=-0.17
  [  6.4s] x=-0.09 y=+0.05 z=-1.13  vz=-0.17
  [  6.4s] x=-0.09 y=+0.05 z=-1.13  vz=-0.16
  [  6.4s] x=-0.09 y=+0.04 z=-1.14  vz=-0.16
  [  6.4s] x=-0.09 y=+0.04 z=-1.14  vz=-0.16
  [  6.5s] x=-0.09 y=+0.03 z=-1.15  vz=-0.16
  [  6.5s] x=-0.09 y=+0.03 z=-1.15  vz=-0.15
  [  6.5s] x=-0.09 y=+0.02 z=-1.15  vz=-0.15
  [  6.5s] x=-0.09 y=+0.02 z=-1.16  vz=-0.14
  [  6.5s] x=-0.09 y=+0.01 z=-1.16  vz=-0.14
  [  6.6s] x=-0.09 y=+0.01 z=-1.17  vz=-0.14
  [  6.6s] x=-0.09 y=+0.00 z=-1.17  vz=-0.14
  [  6.6s] x=-0.09 y=-0.00 z=-1.17  vz=-0.14
  [  6.6s] x=-0.09 y=-0.01 z=-1.18  vz=-0.13
  [  6.6s] x=-0.09 y=-0.01 z=-1.18  vz=-0.13
  [  6.7s] x=-0.09 y=-0.02 z=-1.18  vz=-0.13
  [  6.7s] x=-0.09 y=-0.02 z=-1.19  vz=-0.13
  [  6.7s] x=-0.09 y=-0.03 z=-1.19  vz=-0.13
  [  6.7s] x=-0.09 y=-0.03 z=-1.20  vz=-0.13
  [  6.7s] x=-0.08 y=-0.04 z=-1.20  vz=-0.12
  [  6.8s] x=-0.08 y=-0.04 z=-1.20  vz=-0.12
  [  6.8s] x=-0.08 y=-0.04 z=-1.21  vz=-0.12
  [  6.8s] x=-0.08 y=-0.05 z=-1.21  vz=-0.12
  [  6.8s] x=-0.08 y=-0.05 z=-1.22  vz=-0.11
  [  6.8s] x=-0.08 y=-0.05 z=-1.22  vz=-0.11
  [  6.9s] x=-0.08 y=-0.05 z=-1.22  vz=-0.11
  [  6.9s] x=-0.08 y=-0.06 z=-1.23  vz=-0.11
  [  6.9s] x=-0.07 y=-0.06 z=-1.23  vz=-0.11
  [  6.9s] x=-0.07 y=-0.06 z=-1.23  vz=-0.10
  [  6.9s] x=-0.07 y=-0.06 z=-1.23  vz=-0.10
  [  7.0s] x=-0.07 y=-0.06 z=-1.24  vz=-0.10
  [  7.0s] x=-0.07 y=-0.06 z=-1.24  vz=-0.10
  [  7.0s] x=-0.07 y=-0.06 z=-1.24  vz=-0.10
  [  7.0s] x=-0.07 y=-0.06 z=-1.25  vz=-0.10
  [  7.0s] x=-0.06 y=-0.06 z=-1.25  vz=-0.09
  [  7.1s] x=-0.06 y=-0.06 z=-1.25  vz=-0.09
  [  7.1s] x=-0.06 y=-0.06 z=-1.25  vz=-0.09
  [  7.1s] x=-0.06 y=-0.06 z=-1.26  vz=-0.09
  [  7.1s] x=-0.06 y=-0.05 z=-1.26  vz=-0.08
  [  7.1s] x=-0.06 y=-0.05 z=-1.26  vz=-0.08
  [  7.2s] x=-0.06 y=-0.05 z=-1.26  vz=-0.08
  [  7.2s] x=-0.06 y=-0.05 z=-1.27  vz=-0.08
  [  7.2s] x=-0.06 y=-0.05 z=-1.27  vz=-0.08
  [  7.2s] x=-0.06 y=-0.05 z=-1.27  vz=-0.08
  [  7.2s] x=-0.06 y=-0.05 z=-1.27  vz=-0.08
  [  7.3s] x=-0.06 y=-0.04 z=-1.27  vz=-0.07
  [  7.3s] x=-0.05 y=-0.04 z=-1.28  vz=-0.08
  [  7.3s] x=-0.05 y=-0.04 z=-1.28  vz=-0.07
  [  7.3s] x=-0.05 y=-0.04 z=-1.28  vz=-0.07
  [  7.3s] x=-0.05 y=-0.04 z=-1.28  vz=-0.07
  [  7.4s] x=-0.04 y=-0.04 z=-1.28  vz=-0.07
  [  7.4s] x=-0.04 y=-0.03 z=-1.29  vz=-0.07
  [  7.4s] x=-0.04 y=-0.03 z=-1.29  vz=-0.07
  [  7.4s] x=-0.03 y=-0.03 z=-1.29  vz=-0.07
  [  7.4s] x=-0.03 y=-0.03 z=-1.29  vz=-0.07
  [  7.5s] x=-0.03 y=-0.03 z=-1.29  vz=-0.07
  [  7.5s] x=-0.02 y=-0.03 z=-1.29  vz=-0.07
  [  7.5s] x=-0.02 y=-0.03 z=-1.29  vz=-0.07
  [  7.5s] x=-0.01 y=-0.03 z=-1.30  vz=-0.07
  [  7.5s] x=-0.01 y=-0.02 z=-1.30  vz=-0.07
  [  7.6s] x=-0.00 y=-0.02 z=-1.30  vz=-0.07
  [  7.6s] x=+0.00 y=-0.02 z=-1.30  vz=-0.07
  [  7.6s] x=+0.01 y=-0.02 z=-1.30  vz=-0.07
  [  7.6s] x=+0.01 y=-0.02 z=-1.30  vz=-0.07
  [  7.6s] x=+0.01 y=-0.02 z=-1.30  vz=-0.07
  [  7.7s] x=+0.02 y=-0.02 z=-1.30  vz=-0.07
  [  7.7s] x=+0.02 y=-0.02 z=-1.30  vz=-0.07
  [  7.7s] x=+0.03 y=-0.02 z=-1.31  vz=-0.07
  [  7.7s] x=+0.03 y=-0.02 z=-1.31  vz=-0.07
  [  7.7s] x=+0.03 y=-0.02 z=-1.31  vz=-0.07
  [  7.8s] x=+0.04 y=-0.02 z=-1.31  vz=-0.07
  [  7.8s] x=+0.04 y=-0.02 z=-1.31  vz=-0.07
  [  7.8s] x=+0.04 y=-0.02 z=-1.31  vz=-0.07
  [  7.8s] x=+0.04 y=-0.02 z=-1.31  vz=-0.07
  [  7.8s] x=+0.04 y=-0.02 z=-1.32  vz=-0.07
  [  7.9s] x=+0.04 y=-0.02 z=-1.32  vz=-0.07
  [  7.9s] x=+0.04 y=-0.02 z=-1.32  vz=-0.07
  [  7.9s] x=+0.04 y=-0.02 z=-1.32  vz=-0.07
  [  7.9s] x=+0.04 y=-0.03 z=-1.32  vz=-0.07
  [  7.9s] x=+0.04 y=-0.03 z=-1.32  vz=-0.07
  [  8.0s] x=+0.04 y=-0.03 z=-1.32  vz=-0.07
  [  8.0s] x=+0.04 y=-0.03 z=-1.33  vz=-0.07
  [  8.0s] x=+0.04 y=-0.03 z=-1.33  vz=-0.07
  [  8.0s] x=+0.04 y=-0.03 z=-1.33  vz=-0.07
  [  8.1s] x=+0.04 y=-0.03 z=-1.33  vz=-0.07
  [  8.1s] x=+0.04 y=-0.03 z=-1.33  vz=-0.06
  [  8.1s] x=+0.04 y=-0.03 z=-1.33  vz=-0.06
  [  8.1s] x=+0.03 y=-0.03 z=-1.33  vz=-0.06
  [  8.1s] x=+0.03 y=-0.03 z=-1.34  vz=-0.06
  [  8.2s] x=+0.03 y=-0.03 z=-1.34  vz=-0.06
  [  8.2s] x=+0.03 y=-0.03 z=-1.34  vz=-0.06
  [  8.2s] x=+0.03 y=-0.03 z=-1.34  vz=-0.06
  [  8.2s] x=+0.03 y=-0.03 z=-1.34  vz=-0.06
  [  8.2s] x=+0.03 y=-0.03 z=-1.34  vz=-0.06
  [  8.3s] x=+0.02 y=-0.03 z=-1.34  vz=-0.06
  [  8.3s] x=+0.02 y=-0.03 z=-1.34  vz=-0.06
  [  8.3s] x=+0.02 y=-0.03 z=-1.35  vz=-0.06
  [  8.3s] x=+0.02 y=-0.03 z=-1.35  vz=-0.06
  [  8.3s] x=+0.02 y=-0.03 z=-1.35  vz=-0.06
  [  8.4s] x=+0.02 y=-0.03 z=-1.35  vz=-0.06
  [  8.4s] x=+0.02 y=-0.03 z=-1.35  vz=-0.06
  [  8.4s] x=+0.02 y=-0.03 z=-1.35  vz=-0.06
  [  8.4s] x=+0.02 y=-0.03 z=-1.35  vz=-0.06
  [  8.4s] x=+0.02 y=-0.03 z=-1.35  vz=-0.06
  [  8.5s] x=+0.02 y=-0.03 z=-1.36  vz=-0.05
  [  8.5s] x=+0.02 y=-0.03 z=-1.36  vz=-0.05
  [  8.5s] x=+0.02 y=-0.03 z=-1.36  vz=-0.05
  [  8.5s] x=+0.02 y=-0.03 z=-1.36  vz=-0.06
  [  8.5s] x=+0.02 y=-0.03 z=-1.36  vz=-0.06
  [  8.6s] x=+0.02 y=-0.03 z=-1.36  vz=-0.06
  [  8.6s] x=+0.02 y=-0.03 z=-1.36  vz=-0.05
  [  8.6s] x=+0.03 y=-0.03 z=-1.36  vz=-0.06
  [  8.6s] x=+0.03 y=-0.03 z=-1.37  vz=-0.05
  [  8.6s] x=+0.03 y=-0.03 z=-1.37  vz=-0.06
  [  8.7s] x=+0.03 y=-0.03 z=-1.37  vz=-0.06
  [  8.7s] x=+0.03 y=-0.03 z=-1.37  vz=-0.05
  [  8.7s] x=+0.03 y=-0.03 z=-1.37  vz=-0.05
  [  8.7s] x=+0.03 y=-0.04 z=-1.37  vz=-0.06
  [  8.7s] x=+0.03 y=-0.04 z=-1.37  vz=-0.05
  [  8.8s] x=+0.04 y=-0.04 z=-1.37  vz=-0.05
  [  8.8s] x=+0.04 y=-0.04 z=-1.37  vz=-0.05
  [  8.8s] x=+0.04 y=-0.04 z=-1.38  vz=-0.05
  [  8.8s] x=+0.04 y=-0.04 z=-1.38  vz=-0.05
  [  8.8s] x=+0.04 y=-0.04 z=-1.38  vz=-0.05
  [  8.9s] x=+0.04 y=-0.04 z=-1.38  vz=-0.05
  [  8.9s] x=+0.04 y=-0.04 z=-1.38  vz=-0.05
  [  8.9s] x=+0.04 y=-0.04 z=-1.38  vz=-0.05
  [  8.9s] x=+0.04 y=-0.04 z=-1.38  vz=-0.05
  [  8.9s] x=+0.03 y=-0.04 z=-1.38  vz=-0.05
  [  9.0s] x=+0.03 y=-0.04 z=-1.38  vz=-0.05
  [  9.0s] x=+0.03 y=-0.04 z=-1.38  vz=-0.05
  [  9.0s] x=+0.03 y=-0.04 z=-1.38  vz=-0.05
  [  9.0s] x=+0.03 y=-0.04 z=-1.38  vz=-0.05
  [  9.0s] x=+0.03 y=-0.04 z=-1.38  vz=-0.05
  [  9.1s] x=+0.03 y=-0.04 z=-1.38  vz=-0.05
  [  9.1s] x=+0.03 y=-0.04 z=-1.38  vz=-0.05
  [  9.1s] x=+0.03 y=-0.04 z=-1.38  vz=-0.05
  [  9.1s] x=+0.03 y=-0.04 z=-1.38  vz=-0.05
  [  9.1s] x=+0.03 y=-0.04 z=-1.38  vz=-0.05
  [  9.2s] x=+0.03 y=-0.04 z=-1.38  vz=-0.05
  [  9.2s] x=+0.03 y=-0.04 z=-1.38  vz=-0.05
  [  9.2s] x=+0.03 y=-0.04 z=-1.39  vz=-0.05
  [  9.2s] x=+0.03 y=-0.04 z=-1.39  vz=-0.05
  [  9.2s] x=+0.03 y=-0.04 z=-1.39  vz=-0.05
  [  9.3s] x=+0.02 y=-0.04 z=-1.39  vz=-0.05
  [  9.3s] x=+0.02 y=-0.04 z=-1.39  vz=-0.05
  [  9.3s] x=+0.03 y=-0.04 z=-1.39  vz=-0.05
  [  9.3s] x=+0.03 y=-0.04 z=-1.39  vz=-0.05
  [  9.3s] x=+0.03 y=-0.05 z=-1.39  vz=-0.05
  [  9.4s] x=+0.03 y=-0.05 z=-1.39  vz=-0.06
  [  9.4s] x=+0.03 y=-0.05 z=-1.40  vz=-0.06
  [  9.4s] x=+0.03 y=-0.05 z=-1.40  vz=-0.05
  [  9.4s] x=+0.03 y=-0.05 z=-1.40  vz=-0.06
  [  9.4s] x=+0.03 y=-0.05 z=-1.40  vz=-0.05
  [  9.5s] x=+0.03 y=-0.05 z=-1.40  vz=-0.05
  [  9.5s] x=+0.03 y=-0.05 z=-1.40  vz=-0.05
  [  9.5s] x=+0.03 y=-0.05 z=-1.40  vz=-0.05
  [  9.5s] x=+0.04 y=-0.05 z=-1.40  vz=-0.05
  [  9.5s] x=+0.04 y=-0.06 z=-1.41  vz=-0.05
  [  9.6s] x=+0.04 y=-0.06 z=-1.41  vz=-0.05
  [  9.6s] x=+0.04 y=-0.06 z=-1.41  vz=-0.05
  [  9.6s] x=+0.04 y=-0.06 z=-1.41  vz=-0.05
  [  9.6s] x=+0.04 y=-0.06 z=-1.41  vz=-0.04
  [  9.6s] x=+0.04 y=-0.06 z=-1.41  vz=-0.04
  [  9.7s] x=+0.04 y=-0.06 z=-1.41  vz=-0.04
  [  9.7s] x=+0.04 y=-0.06 z=-1.41  vz=-0.04
  [  9.7s] x=+0.04 y=-0.06 z=-1.41  vz=-0.04
  [  9.7s] x=+0.04 y=-0.06 z=-1.41  vz=-0.04
  [  9.7s] x=+0.04 y=-0.06 z=-1.41  vz=-0.04
  [  9.8s] x=+0.04 y=-0.06 z=-1.41  vz=-0.04
  [  9.8s] x=+0.04 y=-0.06 z=-1.41  vz=-0.04
  [  9.8s] x=+0.04 y=-0.06 z=-1.41  vz=-0.04
  [  9.8s] x=+0.04 y=-0.06 z=-1.41  vz=-0.04
  [  9.8s] x=+0.04 y=-0.06 z=-1.41  vz=-0.04
  [  9.9s] x=+0.04 y=-0.06 z=-1.41  vz=-0.04
  [  9.9s] x=+0.04 y=-0.06 z=-1.41  vz=-0.04
  [  9.9s] x=+0.04 y=-0.06 z=-1.41  vz=-0.04
  [  9.9s] x=+0.04 y=-0.06 z=-1.41  vz=-0.04
  [  9.9s] x=+0.04 y=-0.05 z=-1.41  vz=-0.04
  [ 10.0s] x=+0.04 y=-0.05 z=-1.41  vz=-0.04
  [ 10.0s] x=+0.04 y=-0.04 z=-1.41  vz=-0.04
  [ 10.0s] x=+0.04 y=-0.04 z=-1.41  vz=-0.04
  [ 10.0s] x=+0.04 y=-0.03 z=-1.41  vz=-0.04
  [ 10.0s] x=+0.04 y=-0.02 z=-1.41  vz=-0.04
  [ 10.1s] x=+0.04 y=-0.01 z=-1.41  vz=-0.04
  [ 10.1s] x=+0.04 y=-0.01 z=-1.41  vz=-0.04
  [ 10.1s] x=+0.04 y=+0.00 z=-1.41  vz=-0.04
  [ 10.1s] x=+0.04 y=+0.01 z=-1.41  vz=-0.04
  [ 10.1s] x=+0.04 y=+0.02 z=-1.41  vz=-0.04
  [ 10.2s] x=+0.04 y=+0.03 z=-1.41  vz=-0.04
  [ 10.2s] x=+0.04 y=+0.04 z=-1.41  vz=-0.05
  [ 10.2s] x=+0.04 y=+0.04 z=-1.41  vz=-0.05
  [ 10.2s] x=+0.04 y=+0.05 z=-1.41  vz=-0.05
  [ 10.2s] x=+0.04 y=+0.06 z=-1.41  vz=-0.05
  [ 10.3s] x=+0.04 y=+0.07 z=-1.41  vz=-0.05
  [ 10.3s] x=+0.04 y=+0.07 z=-1.41  vz=-0.05
  [ 10.3s] x=+0.04 y=+0.08 z=-1.41  vz=-0.05
  [ 10.3s] x=+0.04 y=+0.09 z=-1.41  vz=-0.05
  [ 10.3s] x=+0.04 y=+0.10 z=-1.41  vz=-0.05
  [ 10.4s] x=+0.04 y=+0.10 z=-1.41  vz=-0.05
  [ 10.4s] x=+0.04 y=+0.10 z=-1.41  vz=-0.05
  [ 10.4s] x=+0.04 y=+0.11 z=-1.41  vz=-0.05
  [ 10.4s] x=+0.04 y=+0.11 z=-1.41  vz=-0.05
  [ 10.4s] x=+0.04 y=+0.11 z=-1.41  vz=-0.05
  [ 10.5s] x=+0.04 y=+0.12 z=-1.41  vz=-0.05
  [ 10.5s] x=+0.04 y=+0.12 z=-1.41  vz=-0.06
  [ 10.5s] x=+0.04 y=+0.12 z=-1.41  vz=-0.06
  [ 10.5s] x=+0.04 y=+0.12 z=-1.41  vz=-0.06
  [ 10.5s] x=+0.04 y=+0.12 z=-1.42  vz=-0.05
  [ 10.6s] x=+0.04 y=+0.12 z=-1.42  vz=-0.05
  [ 10.6s] x=+0.05 y=+0.12 z=-1.42  vz=-0.05
  [ 10.6s] x=+0.05 y=+0.11 z=-1.42  vz=-0.05
  [ 10.6s] x=+0.05 y=+0.11 z=-1.42  vz=-0.05
  [ 10.6s] x=+0.05 y=+0.11 z=-1.42  vz=-0.05
  [ 10.7s] x=+0.05 y=+0.10 z=-1.42  vz=-0.05
  [ 10.7s] x=+0.05 y=+0.10 z=-1.42  vz=-0.05
  [ 10.7s] x=+0.05 y=+0.10 z=-1.42  vz=-0.05
  [ 10.7s] x=+0.05 y=+0.09 z=-1.42  vz=-0.05
  [ 10.7s] x=+0.05 y=+0.09 z=-1.42  vz=-0.05
  [ 10.8s] x=+0.05 y=+0.09 z=-1.42  vz=-0.05
  [ 10.8s] x=+0.05 y=+0.08 z=-1.42  vz=-0.05
  [ 10.8s] x=+0.05 y=+0.08 z=-1.42  vz=-0.05
  [ 10.8s] x=+0.05 y=+0.07 z=-1.42  vz=-0.05
  [ 10.9s] x=+0.05 y=+0.07 z=-1.42  vz=-0.05
  [ 10.9s] x=+0.05 y=+0.06 z=-1.43  vz=-0.05
  [ 10.9s] x=+0.05 y=+0.06 z=-1.43  vz=-0.05
  [ 10.9s] x=+0.06 y=+0.05 z=-1.43  vz=-0.05
  [ 10.9s] x=+0.06 y=+0.05 z=-1.43  vz=-0.05
  [ 11.0s] x=+0.06 y=+0.05 z=-1.43  vz=-0.05
  [ 11.0s] x=+0.06 y=+0.04 z=-1.43  vz=-0.05
  [ 11.0s] x=+0.06 y=+0.04 z=-1.43  vz=-0.05
  [ 11.0s] x=+0.06 y=+0.04 z=-1.43  vz=-0.05
  [ 11.0s] x=+0.06 y=+0.03 z=-1.43  vz=-0.05
  [ 11.1s] x=+0.06 y=+0.03 z=-1.43  vz=-0.05
  [ 11.1s] x=+0.06 y=+0.03 z=-1.43  vz=-0.05
  [ 11.1s] x=+0.07 y=+0.02 z=-1.43  vz=-0.05
  [ 11.1s] x=+0.07 y=+0.02 z=-1.43  vz=-0.05
  [ 11.1s] x=+0.07 y=+0.02 z=-1.43  vz=-0.05
  [ 11.2s] x=+0.07 y=+0.02 z=-1.43  vz=-0.05
  [ 11.2s] x=+0.07 y=+0.02 z=-1.43  vz=-0.05
  [ 11.2s] x=+0.07 y=+0.01 z=-1.43  vz=-0.05
  [ 11.2s] x=+0.07 y=+0.01 z=-1.43  vz=-0.05
  [ 11.2s] x=+0.07 y=+0.01 z=-1.43  vz=-0.05
  [ 11.3s] x=+0.07 y=+0.01 z=-1.43  vz=-0.05
  [ 11.3s] x=+0.08 y=+0.01 z=-1.43  vz=-0.05
  [ 11.3s] x=+0.08 y=+0.01 z=-1.43  vz=-0.05
  [ 11.3s] x=+0.08 y=+0.01 z=-1.43  vz=-0.05
  [ 11.3s] x=+0.08 y=+0.01 z=-1.43  vz=-0.05
  [ 11.4s] x=+0.08 y=+0.01 z=-1.43  vz=-0.05
  [ 11.4s] x=+0.08 y=+0.01 z=-1.43  vz=-0.05
  [ 11.4s] x=+0.08 y=+0.01 z=-1.43  vz=-0.05
  [ 11.4s] x=+0.08 y=+0.01 z=-1.43  vz=-0.05
  [ 11.4s] x=+0.08 y=+0.01 z=-1.43  vz=-0.05
  [ 11.5s] x=+0.07 y=+0.01 z=-1.44  vz=-0.05
  [ 11.5s] x=+0.07 y=+0.01 z=-1.44  vz=-0.05
  [ 11.5s] x=+0.07 y=+0.01 z=-1.44  vz=-0.05
  [ 11.5s] x=+0.07 y=+0.01 z=-1.44  vz=-0.05
  [ 11.5s] x=+0.07 y=+0.02 z=-1.44  vz=-0.05
  [ 11.6s] x=+0.06 y=+0.02 z=-1.44  vz=-0.04
  [ 11.6s] x=+0.06 y=+0.02 z=-1.44  vz=-0.04
  [ 11.6s] x=+0.06 y=+0.02 z=-1.44  vz=-0.04
  [ 11.6s] x=+0.05 y=+0.02 z=-1.44  vz=-0.04
  [ 11.6s] x=+0.05 y=+0.03 z=-1.44  vz=-0.04
  [ 11.7s] x=+0.05 y=+0.03 z=-1.44  vz=-0.04
  [ 11.7s] x=+0.04 y=+0.03 z=-1.44  vz=-0.04
  [ 11.7s] x=+0.04 y=+0.03 z=-1.44  vz=-0.04
  [ 11.7s] x=+0.04 y=+0.03 z=-1.44  vz=-0.04
  [ 11.7s] x=+0.03 y=+0.03 z=-1.44  vz=-0.04
  [ 11.8s] x=+0.03 y=+0.03 z=-1.45  vz=-0.04
  [ 11.8s] x=+0.03 y=+0.03 z=-1.45  vz=-0.04
  [ 11.8s] x=+0.02 y=+0.03 z=-1.45  vz=-0.04
  [ 11.8s] x=+0.02 y=+0.03 z=-1.45  vz=-0.04
  [ 11.8s] x=+0.01 y=+0.03 z=-1.45  vz=-0.04
  [ 11.9s] x=+0.01 y=+0.03 z=-1.45  vz=-0.04
  [ 11.9s] x=+0.01 y=+0.03 z=-1.45  vz=-0.04
  [ 11.9s] x=+0.00 y=+0.03 z=-1.45  vz=-0.04
  [ 11.9s] x=-0.00 y=+0.03 z=-1.45  vz=-0.04
  [ 11.9s] x=-0.00 y=+0.03 z=-1.45  vz=-0.04
  [ 12.0s] x=-0.01 y=+0.03 z=-1.45  vz=-0.04
  [ 12.0s] x=-0.01 y=+0.03 z=-1.45  vz=-0.04
  [ 12.0s] x=-0.01 y=+0.03 z=-1.45  vz=-0.03
  [ 12.0s] x=-0.01 y=+0.03 z=-1.46  vz=-0.03
  [ 12.0s] x=-0.02 y=+0.03 z=-1.46  vz=-0.03
  [ 12.1s] x=-0.02 y=+0.03 z=-1.46  vz=-0.03
  [ 12.1s] x=-0.02 y=+0.03 z=-1.46  vz=-0.03
  [ 12.1s] x=-0.02 y=+0.02 z=-1.46  vz=-0.03
  [ 12.1s] x=-0.02 y=+0.02 z=-1.46  vz=-0.03
  [ 12.1s] x=-0.02 y=+0.02 z=-1.46  vz=-0.03
  [ 12.2s] x=-0.02 y=+0.02 z=-1.46  vz=-0.03
  [ 12.2s] x=-0.02 y=+0.02 z=-1.46  vz=-0.03
  [ 12.2s] x=-0.02 y=+0.02 z=-1.46  vz=-0.03
  [ 12.2s] x=-0.02 y=+0.01 z=-1.46  vz=-0.03
  [ 12.2s] x=-0.01 y=+0.01 z=-1.46  vz=-0.03
  [ 12.3s] x=-0.01 y=+0.01 z=-1.46  vz=-0.03
  [ 12.3s] x=-0.01 y=+0.01 z=-1.46  vz=-0.03
  [ 12.3s] x=-0.01 y=+0.01 z=-1.47  vz=-0.03
  [ 12.3s] x=-0.00 y=+0.01 z=-1.47  vz=-0.03
  [ 12.3s] x=-0.00 y=+0.01 z=-1.47  vz=-0.03
  [ 12.4s] x=+0.00 y=+0.01 z=-1.47  vz=-0.02
  [ 12.4s] x=+0.01 y=+0.01 z=-1.47  vz=-0.02
  [ 12.4s] x=+0.01 y=+0.01 z=-1.47  vz=-0.03
  [ 12.4s] x=+0.01 y=+0.01 z=-1.47  vz=-0.03
  [ 12.4s] x=+0.02 y=+0.01 z=-1.47  vz=-0.03
  [ 12.5s] x=+0.02 y=+0.01 z=-1.47  vz=-0.02
  [ 12.5s] x=+0.02 y=+0.01 z=-1.47  vz=-0.02
  [ 12.5s] x=+0.03 y=+0.01 z=-1.47  vz=-0.02
  [ 12.5s] x=+0.03 y=+0.01 z=-1.47  vz=-0.02
  [ 12.5s] x=+0.03 y=+0.01 z=-1.47  vz=-0.02
  [ 12.6s] x=+0.04 y=+0.00 z=-1.47  vz=-0.02
  [ 12.6s] x=+0.04 y=+0.00 z=-1.47  vz=-0.02
  [ 12.6s] x=+0.04 y=+0.00 z=-1.47  vz=-0.01
  [ 12.6s] x=+0.04 y=+0.00 z=-1.47  vz=-0.01
  [ 12.6s] x=+0.05 y=+0.00 z=-1.47  vz=-0.01
  [ 12.7s] x=+0.05 y=-0.00 z=-1.47  vz=-0.01
  [ 12.7s] x=+0.05 y=-0.00 z=-1.47  vz=-0.02
  [ 12.7s] x=+0.05 y=-0.00 z=-1.47  vz=-0.01
  [ 12.7s] x=+0.06 y=-0.00 z=-1.47  vz=-0.02
  [ 12.7s] x=+0.06 y=-0.01 z=-1.47  vz=-0.02
  [ 12.8s] x=+0.06 y=-0.01 z=-1.47  vz=-0.02
  [ 12.8s] x=+0.06 y=-0.01 z=-1.47  vz=-0.02
  [ 12.8s] x=+0.06 y=-0.01 z=-1.47  vz=-0.01
  [ 12.8s] x=+0.06 y=-0.01 z=-1.47  vz=-0.01
  [ 12.8s] x=+0.06 y=-0.01 z=-1.47  vz=-0.01
  [ 12.9s] x=+0.07 y=-0.01 z=-1.47  vz=-0.02
  [ 12.9s] x=+0.07 y=-0.01 z=-1.47  vz=-0.01
  [ 12.9s] x=+0.07 y=-0.01 z=-1.47  vz=-0.01
  [ 12.9s] x=+0.07 y=-0.01 z=-1.47  vz=-0.01
  [ 12.9s] x=+0.07 y=-0.01 z=-1.47  vz=-0.01
  [ 13.0s] x=+0.07 y=-0.01 z=-1.47  vz=-0.01
  [ 13.0s] x=+0.07 y=-0.01 z=-1.47  vz=-0.01
  [ 13.0s] x=+0.07 y=-0.01 z=-1.47  vz=-0.01
  [ 13.0s] x=+0.07 y=-0.01 z=-1.47  vz=-0.01
  [ 13.0s] x=+0.07 y=-0.02 z=-1.47  vz=-0.01
  [ 13.1s] x=+0.07 y=-0.02 z=-1.47  vz=-0.01
  [ 13.1s] x=+0.07 y=-0.02 z=-1.47  vz=-0.01
  [ 13.1s] x=+0.07 y=-0.02 z=-1.47  vz=-0.01
  [ 13.1s] x=+0.07 y=-0.02 z=-1.47  vz=-0.02
  [ 13.1s] x=+0.07 y=-0.02 z=-1.47  vz=-0.02
  [ 13.2s] x=+0.07 y=-0.02 z=-1.47  vz=-0.02
  [ 13.2s] x=+0.07 y=-0.03 z=-1.47  vz=-0.01
  [ 13.2s] x=+0.07 y=-0.03 z=-1.47  vz=-0.01
  [ 13.2s] x=+0.07 y=-0.03 z=-1.47  vz=-0.02
  [ 13.2s] x=+0.07 y=-0.03 z=-1.47  vz=-0.02
  [ 13.3s] x=+0.07 y=-0.03 z=-1.47  vz=-0.01
  [ 13.3s] x=+0.06 y=-0.04 z=-1.47  vz=-0.02
  [ 13.3s] x=+0.06 y=-0.04 z=-1.47  vz=-0.01
  [ 13.3s] x=+0.06 y=-0.04 z=-1.47  vz=-0.01
  [ 13.3s] x=+0.06 y=-0.04 z=-1.47  vz=-0.02
  [ 13.4s] x=+0.06 y=-0.04 z=-1.48  vz=-0.02
  [ 13.4s] x=+0.06 y=-0.04 z=-1.48  vz=-0.02
  [ 13.4s] x=+0.06 y=-0.04 z=-1.48  vz=-0.02
  [ 13.4s] x=+0.06 y=-0.04 z=-1.48  vz=-0.02
  [ 13.4s] x=+0.06 y=-0.04 z=-1.48  vz=-0.02
  [ 13.5s] x=+0.06 y=-0.05 z=-1.48  vz=-0.02
  [ 13.5s] x=+0.06 y=-0.05 z=-1.48  vz=-0.02
  [ 13.5s] x=+0.06 y=-0.05 z=-1.48  vz=-0.02
  [ 13.5s] x=+0.06 y=-0.05 z=-1.48  vz=-0.02
  [ 13.6s] x=+0.06 y=-0.05 z=-1.48  vz=-0.02
  [ 13.6s] x=+0.06 y=-0.05 z=-1.48  vz=-0.01
  [ 13.6s] x=+0.06 y=-0.05 z=-1.48  vz=-0.01
  [ 13.6s] x=+0.06 y=-0.05 z=-1.48  vz=-0.01
  [ 13.6s] x=+0.06 y=-0.05 z=-1.48  vz=-0.01
  [ 13.7s] x=+0.06 y=-0.05 z=-1.48  vz=-0.01
  [ 13.7s] x=+0.06 y=-0.05 z=-1.48  vz=-0.01
  [ 13.7s] x=+0.06 y=-0.04 z=-1.48  vz=-0.01
  [ 13.7s] x=+0.06 y=-0.04 z=-1.48  vz=-0.01
  [ 13.7s] x=+0.06 y=-0.04 z=-1.48  vz=-0.01
  [ 13.8s] x=+0.06 y=-0.04 z=-1.48  vz=-0.01
  [ 13.8s] x=+0.07 y=-0.04 z=-1.49  vz=-0.01
  [ 13.8s] x=+0.07 y=-0.03 z=-1.49  vz=-0.01
  [ 13.8s] x=+0.07 y=-0.03 z=-1.49  vz=-0.01
  [ 13.8s] x=+0.07 y=-0.02 z=-1.49  vz=-0.01
  [ 13.9s] x=+0.07 y=-0.02 z=-1.49  vz=-0.01
  [ 13.9s] x=+0.07 y=-0.01 z=-1.49  vz=-0.01
  [ 13.9s] x=+0.08 y=-0.01 z=-1.49  vz=-0.01
  [ 13.9s] x=+0.08 y=-0.00 z=-1.49  vz=-0.01
  [ 13.9s] x=+0.08 y=+0.01 z=-1.49  vz=-0.01
  [ 14.0s] x=+0.08 y=+0.01 z=-1.49  vz=-0.01
  [ 14.0s] x=+0.08 y=+0.02 z=-1.49  vz=-0.01
  [ 14.0s] x=+0.09 y=+0.02 z=-1.49  vz=-0.01
  [ 14.0s] x=+0.09 y=+0.03 z=-1.49  vz=-0.01
  [ 14.0s] x=+0.09 y=+0.04 z=-1.49  vz=-0.01
  [ 14.1s] x=+0.09 y=+0.04 z=-1.49  vz=-0.01
  [ 14.1s] x=+0.10 y=+0.05 z=-1.49  vz=-0.01
  [ 14.1s] x=+0.10 y=+0.05 z=-1.49  vz=-0.01
  [ 14.1s] x=+0.10 y=+0.06 z=-1.49  vz=-0.01
  [ 14.1s] x=+0.10 y=+0.07 z=-1.49  vz=-0.01
  [ 14.2s] x=+0.10 y=+0.07 z=-1.49  vz=-0.01
  [ 14.2s] x=+0.11 y=+0.07 z=-1.49  vz=-0.01
  [ 14.2s] x=+0.11 y=+0.08 z=-1.49  vz=-0.01
  [ 14.2s] x=+0.11 y=+0.08 z=-1.49  vz=-0.01
  [ 14.2s] x=+0.11 y=+0.09 z=-1.49  vz=-0.01
  [ 14.3s] x=+0.11 y=+0.09 z=-1.49  vz=-0.01
  [ 14.3s] x=+0.11 y=+0.09 z=-1.48  vz=-0.01
  [ 14.3s] x=+0.12 y=+0.09 z=-1.48  vz=-0.01
  [ 14.3s] x=+0.12 y=+0.10 z=-1.48  vz=-0.01
  [ 14.3s] x=+0.12 y=+0.10 z=-1.48  vz=-0.01
  [ 14.4s] x=+0.12 y=+0.10 z=-1.48  vz=-0.01
  [ 14.4s] x=+0.12 y=+0.10 z=-1.48  vz=-0.01
  [ 14.4s] x=+0.12 y=+0.10 z=-1.48  vz=-0.01
  [ 14.4s] x=+0.12 y=+0.10 z=-1.48  vz=-0.01
  [ 14.4s] x=+0.12 y=+0.10 z=-1.48  vz=-0.01
  [ 14.5s] x=+0.12 y=+0.10 z=-1.48  vz=-0.01
  [ 14.5s] x=+0.12 y=+0.10 z=-1.48  vz=-0.01
  [ 14.5s] x=+0.12 y=+0.10 z=-1.48  vz=-0.01
  [ 14.5s] x=+0.13 y=+0.09 z=-1.48  vz=-0.01
  [ 14.5s] x=+0.13 y=+0.09 z=-1.48  vz=-0.01
  [ 14.6s] x=+0.13 y=+0.09 z=-1.48  vz=-0.01
  [ 14.6s] x=+0.13 y=+0.09 z=-1.48  vz=-0.01
  [ 14.6s] x=+0.13 y=+0.08 z=-1.48  vz=-0.01
  [ 14.6s] x=+0.13 y=+0.08 z=-1.48  vz=-0.01
  [ 14.6s] x=+0.13 y=+0.08 z=-1.48  vz=-0.01
  [ 14.7s] x=+0.13 y=+0.07 z=-1.48  vz=-0.01
  [ 14.7s] x=+0.13 y=+0.07 z=-1.48  vz=-0.01
  [ 14.7s] x=+0.13 y=+0.07 z=-1.48  vz=-0.01
  [ 14.7s] x=+0.13 y=+0.07 z=-1.48  vz=-0.01
  [ 14.7s] x=+0.13 y=+0.06 z=-1.48  vz=-0.01
  [ 14.8s] x=+0.13 y=+0.06 z=-1.48  vz=-0.01
  [ 14.8s] x=+0.13 y=+0.05 z=-1.48  vz=-0.01
  [ 14.8s] x=+0.13 y=+0.05 z=-1.48  vz=-0.01
  [ 14.8s] x=+0.13 y=+0.05 z=-1.48  vz=-0.01
  [ 14.8s] x=+0.13 y=+0.04 z=-1.48  vz=-0.02
  [ 14.9s] x=+0.13 y=+0.04 z=-1.48  vz=-0.02
  [ 14.9s] x=+0.13 y=+0.04 z=-1.48  vz=-0.02
  [ 14.9s] x=+0.13 y=+0.04 z=-1.49  vz=-0.02
  [ 14.9s] x=+0.13 y=+0.03 z=-1.49  vz=-0.02
  [ 14.9s] x=+0.13 y=+0.03 z=-1.49  vz=-0.02
  [ 15.0s] x=+0.13 y=+0.03 z=-1.49  vz=-0.02
  [ 15.0s] x=+0.13 y=+0.02 z=-1.49  vz=-0.02
  [ 15.0s] x=+0.12 y=+0.02 z=-1.49  vz=-0.02
  [ 15.0s] x=+0.12 y=+0.02 z=-1.49  vz=-0.02
  [ 15.0s] x=+0.12 y=+0.02 z=-1.49  vz=-0.01
  [ 15.1s] x=+0.12 y=+0.02 z=-1.49  vz=-0.01
  [ 15.1s] x=+0.11 y=+0.01 z=-1.50  vz=-0.01
  [ 15.1s] x=+0.11 y=+0.01 z=-1.50  vz=-0.01
  [ 15.1s] x=+0.11 y=+0.01 z=-1.50  vz=-0.01
  [ 15.1s] x=+0.10 y=+0.01 z=-1.50  vz=-0.01
  [ 15.2s] x=+0.10 y=+0.01 z=-1.50  vz=-0.01
  [ 15.2s] x=+0.09 y=+0.01 z=-1.50  vz=-0.01
  [ 15.2s] x=+0.09 y=+0.01 z=-1.51  vz=-0.01
  [ 15.2s] x=+0.08 y=+0.01 z=-1.51  vz=-0.01
  [ 15.2s] x=+0.08 y=+0.01 z=-1.51  vz=-0.01
  [ 15.3s] x=+0.08 y=+0.01 z=-1.51  vz=-0.00
  [ 15.3s] x=+0.07 y=+0.01 z=-1.51  vz=-0.00
  [ 15.3s] x=+0.07 y=+0.01 z=-1.51  vz=-0.00
  [ 15.3s] x=+0.07 y=+0.01 z=-1.51  vz=+0.00
  [ 15.3s] x=+0.06 y=+0.01 z=-1.51  vz=+0.00
  [ 15.4s] x=+0.06 y=+0.01 z=-1.51  vz=+0.01
  [ 15.4s] x=+0.06 y=+0.01 z=-1.51  vz=+0.01
  [ 15.4s] x=+0.05 y=+0.01 z=-1.51  vz=+0.01
  [ 15.4s] x=+0.05 y=+0.02 z=-1.51  vz=+0.01
  [ 15.4s] x=+0.05 y=+0.02 z=-1.52  vz=+0.01
  [ 15.5s] x=+0.04 y=+0.02 z=-1.52  vz=+0.01
  [ 15.5s] x=+0.04 y=+0.02 z=-1.52  vz=+0.02
  [ 15.5s] x=+0.03 y=+0.02 z=-1.52  vz=+0.02
  [ 15.5s] x=+0.03 y=+0.02 z=-1.52  vz=+0.02
  [ 15.5s] x=+0.02 y=+0.03 z=-1.52  vz=+0.02
  [ 15.6s] x=+0.02 y=+0.03 z=-1.52  vz=+0.02
  [ 15.6s] x=+0.01 y=+0.03 z=-1.52  vz=+0.02
  [ 15.6s] x=+0.00 y=+0.03 z=-1.52  vz=+0.02
  [ 15.6s] x=-0.01 y=+0.03 z=-1.52  vz=+0.02
  [ 15.6s] x=-0.01 y=+0.04 z=-1.52  vz=+0.02
  [ 15.7s] x=-0.02 y=+0.04 z=-1.52  vz=+0.02
  [ 15.7s] x=-0.02 y=+0.04 z=-1.52  vz=+0.02
  [ 15.7s] x=-0.03 y=+0.04 z=-1.52  vz=+0.02
  [ 15.7s] x=-0.04 y=+0.05 z=-1.52  vz=+0.02
  [ 15.7s] x=-0.05 y=+0.05 z=-1.52  vz=+0.02
  [ 15.8s] x=-0.05 y=+0.05 z=-1.52  vz=+0.02
  [ 15.8s] x=-0.06 y=+0.06 z=-1.52  vz=+0.02
  [ 15.8s] x=-0.07 y=+0.06 z=-1.52  vz=+0.02
  [ 15.8s] x=-0.08 y=+0.06 z=-1.52  vz=+0.02
  [ 15.8s] x=-0.08 y=+0.07 z=-1.52  vz=+0.02
  [ 15.9s] x=-0.10 y=+0.07 z=-1.52  vz=+0.02
  [ 15.9s] x=-0.10 y=+0.08 z=-1.52  vz=+0.02
  [ 15.9s] x=-0.11 y=+0.08 z=-1.52  vz=+0.02
  [ 15.9s] x=-0.12 y=+0.08 z=-1.52  vz=+0.02
  [ 15.9s] x=-0.13 y=+0.09 z=-1.52  vz=+0.02
  [ 16.0s] x=-0.13 y=+0.09 z=-1.52  vz=+0.02
  [ 16.0s] x=-0.15 y=+0.09 z=-1.52  vz=+0.02
  [ 16.0s] x=-0.15 y=+0.10 z=-1.52  vz=+0.02
  [ 16.0s] x=-0.16 y=+0.10 z=-1.52  vz=+0.02
  [ 16.0s] x=-0.17 y=+0.11 z=-1.52  vz=+0.02
  [ 16.1s] x=-0.18 y=+0.11 z=-1.52  vz=+0.02
  [ 16.1s] x=-0.19 y=+0.11 z=-1.52  vz=+0.02
  [ 16.1s] x=-0.20 y=+0.12 z=-1.52  vz=+0.02
  [ 16.1s] x=-0.20 y=+0.12 z=-1.52  vz=+0.02
  [ 16.2s] x=-0.21 y=+0.13 z=-1.52  vz=+0.02
  [ 16.2s] x=-0.22 y=+0.13 z=-1.52  vz=+0.01
  [ 16.2s] x=-0.23 y=+0.13 z=-1.52  vz=+0.01
  [ 16.2s] x=-0.23 y=+0.13 z=-1.52  vz=+0.02
  [ 16.2s] x=-0.25 y=+0.14 z=-1.52  vz=+0.02
  [ 16.3s] x=-0.25 y=+0.14 z=-1.52  vz=+0.02
  [ 16.3s] x=-0.26 y=+0.15 z=-1.52  vz=+0.02
  [ 16.3s] x=-0.27 y=+0.15 z=-1.52  vz=+0.02
  [ 16.3s] x=-0.27 y=+0.15 z=-1.52  vz=+0.02
  [ 16.3s] x=-0.28 y=+0.16 z=-1.52  vz=+0.02
  [ 16.4s] x=-0.28 y=+0.16 z=-1.51  vz=+0.02
  [ 16.4s] x=-0.29 y=+0.16 z=-1.51  vz=+0.02
  [ 16.4s] x=-0.30 y=+0.17 z=-1.51  vz=+0.02
  [ 16.4s] x=-0.30 y=+0.17 z=-1.51  vz=+0.02
  [ 16.4s] x=-0.31 y=+0.17 z=-1.51  vz=+0.02
  [ 16.5s] x=-0.31 y=+0.18 z=-1.51  vz=+0.02
  [ 16.5s] x=-0.32 y=+0.18 z=-1.51  vz=+0.02
  [ 16.5s] x=-0.33 y=+0.18 z=-1.51  vz=+0.02
  [ 16.5s] x=-0.33 y=+0.19 z=-1.51  vz=+0.02
  [ 16.5s] x=-0.34 y=+0.19 z=-1.51  vz=+0.02
  [ 16.6s] x=-0.34 y=+0.19 z=-1.51  vz=+0.02
  [ 16.6s] x=-0.35 y=+0.19 z=-1.51  vz=+0.02
  [ 16.6s] x=-0.35 y=+0.20 z=-1.51  vz=+0.02
  [ 16.6s] x=-0.36 y=+0.20 z=-1.51  vz=+0.02
  [ 16.6s] x=-0.36 y=+0.20 z=-1.51  vz=+0.02
  [ 16.7s] x=-0.36 y=+0.21 z=-1.51  vz=+0.02
  [ 16.7s] x=-0.37 y=+0.21 z=-1.50  vz=+0.02
  [ 16.7s] x=-0.37 y=+0.21 z=-1.50  vz=+0.01
  [ 16.7s] x=-0.37 y=+0.21 z=-1.50  vz=+0.01
  [ 16.7s] x=-0.38 y=+0.21 z=-1.50  vz=+0.01
  [ 16.8s] x=-0.38 y=+0.22 z=-1.50  vz=+0.01
  [ 16.8s] x=-0.39 y=+0.22 z=-1.50  vz=+0.01
  [ 16.8s] x=-0.39 y=+0.22 z=-1.50  vz=+0.01
  [ 16.8s] x=-0.39 y=+0.22 z=-1.50  vz=+0.01
  [ 16.8s] x=-0.39 y=+0.22 z=-1.49  vz=+0.01
  [ 16.9s] x=-0.40 y=+0.22 z=-1.49  vz=+0.01
  [ 16.9s] x=-0.40 y=+0.22 z=-1.49  vz=+0.01
  [ 16.9s] x=-0.40 y=+0.23 z=-1.49  vz=+0.01
  [ 16.9s] x=-0.41 y=+0.23 z=-1.49  vz=+0.00
  [ 16.9s] x=-0.41 y=+0.23 z=-1.49  vz=+0.00
  [ 17.0s] x=-0.41 y=+0.23 z=-1.49  vz=-0.00
  [ 17.0s] x=-0.41 y=+0.23 z=-1.49  vz=-0.00
  [ 17.0s] x=-0.41 y=+0.23 z=-1.49  vz=-0.00
  [ 17.0s] x=-0.41 y=+0.23 z=-1.49  vz=-0.00
  [ 17.0s] x=-0.41 y=+0.23 z=-1.49  vz=-0.00
  [ 17.1s] x=-0.41 y=+0.23 z=-1.49  vz=-0.00
  [ 17.1s] x=-0.41 y=+0.23 z=-1.49  vz=-0.00
  [ 17.1s] x=-0.41 y=+0.23 z=-1.49  vz=-0.01
  [ 17.1s] x=-0.41 y=+0.23 z=-1.49  vz=-0.01
  [ 17.1s] x=-0.41 y=+0.23 z=-1.48  vz=-0.01
  [ 17.2s] x=-0.41 y=+0.23 z=-1.48  vz=-0.01
  [ 17.2s] x=-0.41 y=+0.23 z=-1.48  vz=-0.01
  [ 17.2s] x=-0.41 y=+0.23 z=-1.48  vz=-0.01
  [ 17.2s] x=-0.41 y=+0.22 z=-1.48  vz=-0.01
  [ 17.2s] x=-0.41 y=+0.22 z=-1.48  vz=-0.01
  [ 17.3s] x=-0.41 y=+0.22 z=-1.48  vz=-0.01
  [ 17.3s] x=-0.40 y=+0.22 z=-1.48  vz=-0.01
  [ 17.3s] x=-0.40 y=+0.22 z=-1.48  vz=-0.01
  [ 17.3s] x=-0.40 y=+0.22 z=-1.48  vz=-0.02
  [ 17.3s] x=-0.39 y=+0.22 z=-1.48  vz=-0.02
  [ 17.4s] x=-0.39 y=+0.22 z=-1.48  vz=-0.02
  [ 17.4s] x=-0.39 y=+0.22 z=-1.48  vz=-0.02
  [ 17.4s] x=-0.39 y=+0.22 z=-1.48  vz=-0.02
  [ 17.4s] x=-0.39 y=+0.22 z=-1.48  vz=-0.02
  [ 17.4s] x=-0.39 y=+0.21 z=-1.47  vz=-0.02
  [ 17.5s] x=-0.38 y=+0.21 z=-1.47  vz=-0.02
  [ 17.5s] x=-0.38 y=+0.21 z=-1.47  vz=-0.02
  [ 17.5s] x=-0.38 y=+0.21 z=-1.47  vz=-0.02
  [ 17.5s] x=-0.38 y=+0.21 z=-1.47  vz=-0.02
  [ 17.5s] x=-0.38 y=+0.21 z=-1.47  vz=-0.02
  [ 17.6s] x=-0.37 y=+0.20 z=-1.47  vz=-0.02
  [ 17.6s] x=-0.37 y=+0.20 z=-1.47  vz=-0.02
  [ 17.6s] x=-0.36 y=+0.20 z=-1.47  vz=-0.03
  [ 17.6s] x=-0.36 y=+0.20 z=-1.47  vz=-0.02
  [ 17.6s] x=-0.36 y=+0.19 z=-1.47  vz=-0.02
  [ 17.7s] x=-0.35 y=+0.19 z=-1.47  vz=-0.02
  [ 17.7s] x=-0.35 y=+0.19 z=-1.47  vz=-0.02
  [ 17.7s] x=-0.34 y=+0.19 z=-1.47  vz=-0.02
  [ 17.7s] x=-0.34 y=+0.18 z=-1.47  vz=-0.02
  [ 17.7s] x=-0.34 y=+0.18 z=-1.47  vz=-0.02
  [ 17.8s] x=-0.33 y=+0.18 z=-1.47  vz=-0.03
  [ 17.8s] x=-0.33 y=+0.18 z=-1.47  vz=-0.02
  [ 17.8s] x=-0.32 y=+0.18 z=-1.48  vz=-0.03
  [ 17.8s] x=-0.32 y=+0.17 z=-1.48  vz=-0.03
  [ 17.8s] x=-0.32 y=+0.17 z=-1.48  vz=-0.03
  [ 17.9s] x=-0.31 y=+0.17 z=-1.48  vz=-0.03
  [ 17.9s] x=-0.31 y=+0.17 z=-1.48  vz=-0.03
  [ 17.9s] x=-0.31 y=+0.17 z=-1.48  vz=-0.03
  [ 17.9s] x=-0.30 y=+0.16 z=-1.48  vz=-0.03
  [ 17.9s] x=-0.30 y=+0.16 z=-1.48  vz=-0.03
  [ 18.0s] x=-0.29 y=+0.16 z=-1.48  vz=-0.03
  [ 18.0s] x=-0.29 y=+0.15 z=-1.48  vz=-0.03
  [ 18.0s] x=-0.29 y=+0.15 z=-1.48  vz=-0.03
  [ 18.0s] x=-0.28 y=+0.15 z=-1.48  vz=-0.02
  [ 18.0s] x=-0.28 y=+0.15 z=-1.48  vz=-0.02
  [ 18.1s] x=-0.27 y=+0.15 z=-1.48  vz=-0.02
  [ 18.1s] x=-0.27 y=+0.14 z=-1.49  vz=-0.02
  [ 18.1s] x=-0.26 y=+0.14 z=-1.49  vz=-0.02
  [ 18.1s] x=-0.26 y=+0.14 z=-1.49  vz=-0.02
  [ 18.1s] x=-0.25 y=+0.14 z=-1.49  vz=-0.02
  [ 18.2s] x=-0.25 y=+0.14 z=-1.48  vz=-0.01
  [ 18.2s] x=-0.24 y=+0.14 z=-1.48  vz=-0.01
  [ 18.2s] x=-0.24 y=+0.13 z=-1.48  vz=-0.01
  [ 18.2s] x=-0.23 y=+0.13 z=-1.48  vz=-0.01
  [ 18.2s] x=-0.23 y=+0.13 z=-1.48  vz=-0.01
  [ 18.3s] x=-0.23 y=+0.13 z=-1.48  vz=-0.01
  [ 18.3s] x=-0.22 y=+0.13 z=-1.48  vz=-0.01
  [ 18.3s] x=-0.22 y=+0.13 z=-1.48  vz=-0.01
  [ 18.3s] x=-0.22 y=+0.12 z=-1.48  vz=-0.01
  [ 18.3s] x=-0.21 y=+0.12 z=-1.48  vz=-0.01
  [ 18.4s] x=-0.21 y=+0.12 z=-1.48  vz=-0.01
  [ 18.4s] x=-0.21 y=+0.12 z=-1.47  vz=-0.01
  [ 18.4s] x=-0.21 y=+0.12 z=-1.47  vz=-0.01
  [ 18.4s] x=-0.21 y=+0.11 z=-1.47  vz=-0.01
  [ 18.4s] x=-0.20 y=+0.11 z=-1.47  vz=-0.02
  [ 18.5s] x=-0.20 y=+0.11 z=-1.46  vz=-0.02
  [ 18.5s] x=-0.20 y=+0.11 z=-1.46  vz=-0.02
  [ 18.5s] x=-0.20 y=+0.11 z=-1.46  vz=-0.02
  [ 18.5s] x=-0.20 y=+0.11 z=-1.46  vz=-0.02
  [ 18.5s] x=-0.21 y=+0.11 z=-1.46  vz=-0.02
  [ 18.6s] x=-0.21 y=+0.11 z=-1.46  vz=-0.02
  [ 18.6s] x=-0.21 y=+0.11 z=-1.45  vz=-0.02
  [ 18.6s] x=-0.21 y=+0.11 z=-1.45  vz=-0.03
  [ 18.6s] x=-0.21 y=+0.11 z=-1.45  vz=-0.03
  [ 18.6s] x=-0.21 y=+0.11 z=-1.45  vz=-0.03
  [ 18.7s] x=-0.21 y=+0.11 z=-1.45  vz=-0.03
  [ 18.7s] x=-0.21 y=+0.11 z=-1.44  vz=-0.03
  [ 18.7s] x=-0.21 y=+0.11 z=-1.44  vz=-0.04
  [ 18.7s] x=-0.21 y=+0.11 z=-1.44  vz=-0.04
  [ 18.7s] x=-0.21 y=+0.11 z=-1.44  vz=-0.04
  [ 18.8s] x=-0.21 y=+0.11 z=-1.44  vz=-0.04
  [ 18.8s] x=-0.22 y=+0.11 z=-1.44  vz=-0.05
  [ 18.8s] x=-0.22 y=+0.11 z=-1.43  vz=-0.05
  [ 18.8s] x=-0.22 y=+0.11 z=-1.43  vz=-0.05
  [ 18.8s] x=-0.22 y=+0.11 z=-1.43  vz=-0.05
  [ 18.9s] x=-0.22 y=+0.11 z=-1.43  vz=-0.05
  [ 18.9s] x=-0.22 y=+0.11 z=-1.43  vz=-0.06
  [ 18.9s] x=-0.22 y=+0.12 z=-1.43  vz=-0.06
  [ 18.9s] x=-0.22 y=+0.12 z=-1.43  vz=-0.06
  [ 19.0s] x=-0.22 y=+0.12 z=-1.43  vz=-0.06
  [ 19.0s] x=-0.22 y=+0.12 z=-1.43  vz=-0.06
  [ 19.0s] x=-0.22 y=+0.12 z=-1.43  vz=-0.06
  [ 19.0s] x=-0.22 y=+0.12 z=-1.43  vz=-0.07
  [ 19.0s] x=-0.22 y=+0.12 z=-1.43  vz=-0.07
  [ 19.1s] x=-0.21 y=+0.12 z=-1.42  vz=-0.07
  [ 19.1s] x=-0.21 y=+0.12 z=-1.43  vz=-0.07
  [ 19.1s] x=-0.21 y=+0.12 z=-1.43  vz=-0.07
  [ 19.1s] x=-0.20 y=+0.12 z=-1.43  vz=-0.07
  [ 19.1s] x=-0.20 y=+0.12 z=-1.43  vz=-0.07
  [ 19.2s] x=-0.19 y=+0.12 z=-1.43  vz=-0.07
  [ 19.2s] x=-0.19 y=+0.12 z=-1.43  vz=-0.07
  [ 19.2s] x=-0.19 y=+0.12 z=-1.43  vz=-0.07
  [ 19.2s] x=-0.18 y=+0.12 z=-1.43  vz=-0.07
  [ 19.2s] x=-0.18 y=+0.12 z=-1.43  vz=-0.07
  [ 19.3s] x=-0.17 y=+0.13 z=-1.43  vz=-0.07
  [ 19.3s] x=-0.17 y=+0.13 z=-1.43  vz=-0.07
  [ 19.3s] x=-0.16 y=+0.12 z=-1.43  vz=-0.07
  [ 19.3s] x=-0.16 y=+0.12 z=-1.43  vz=-0.07
  [ 19.3s] x=-0.15 y=+0.12 z=-1.43  vz=-0.07
  [ 19.4s] x=-0.15 y=+0.11 z=-1.43  vz=-0.07
  [ 19.4s] x=-0.15 y=+0.11 z=-1.43  vz=-0.07
  [ 19.4s] x=-0.14 y=+0.10 z=-1.43  vz=-0.07
  [ 19.4s] x=-0.14 y=+0.09 z=-1.43  vz=-0.07
  [ 19.4s] x=-0.13 y=+0.09 z=-1.43  vz=-0.07
  [ 19.5s] x=-0.13 y=+0.08 z=-1.43  vz=-0.07
  [ 19.5s] x=-0.13 y=+0.07 z=-1.43  vz=-0.07
  [ 19.5s] x=-0.12 y=+0.06 z=-1.43  vz=-0.07
  [ 19.5s] x=-0.12 y=+0.06 z=-1.43  vz=-0.07
  [ 19.5s] x=-0.12 y=+0.05 z=-1.44  vz=-0.08
  [ 19.6s] x=-0.11 y=+0.04 z=-1.44  vz=-0.08
  [ 19.6s] x=-0.11 y=+0.03 z=-1.44  vz=-0.07
  [ 19.6s] x=-0.11 y=+0.02 z=-1.44  vz=-0.07
  [ 19.6s] x=-0.11 y=+0.01 z=-1.44  vz=-0.07
  [ 19.6s] x=-0.11 y=+0.00 z=-1.44  vz=-0.07
  [ 19.7s] x=-0.11 y=-0.01 z=-1.44  vz=-0.07
  [ 19.7s] x=-0.11 y=-0.01 z=-1.45  vz=-0.07
  [ 19.7s] x=-0.11 y=-0.02 z=-1.45  vz=-0.07
  [ 19.7s] x=-0.11 y=-0.02 z=-1.45  vz=-0.06
  [ 19.7s] x=-0.11 y=-0.03 z=-1.45  vz=-0.07
  [ 19.8s] x=-0.11 y=-0.04 z=-1.45  vz=-0.06
  [ 19.8s] x=-0.11 y=-0.04 z=-1.45  vz=-0.06
  [ 19.8s] x=-0.11 y=-0.04 z=-1.46  vz=-0.06
  [ 19.8s] x=-0.11 y=-0.05 z=-1.46  vz=-0.06
  [ 19.8s] x=-0.11 y=-0.05 z=-1.46  vz=-0.06
  [ 19.9s] x=-0.12 y=-0.05 z=-1.46  vz=-0.06
  [ 19.9s] x=-0.12 y=-0.05 z=-1.46  vz=-0.05
  [ 19.9s] x=-0.12 y=-0.05 z=-1.47  vz=-0.05
  [ 19.9s] x=-0.12 y=-0.05 z=-1.47  vz=-0.05
  [ 19.9s] x=-0.12 y=-0.05 z=-1.47  vz=-0.05
  [ 20.0s] x=-0.13 y=-0.05 z=-1.47  vz=-0.05
  [ 20.0s] x=-0.13 y=-0.05 z=-1.47  vz=-0.05
  [ 20.0s] x=-0.13 y=-0.05 z=-1.47  vz=-0.04
[offboard] descending to z=0.2m (landing)...
[offboard] disarming...
[offboard] done.  setpoints sent: 555
