SentAI EMU TPU physical Send* smoke boot
TPU_PHYSICAL_SEND BEGIN
RUNS=10
MODEL_BYTES=7077792
IMAGE_BYTES=921654
INPUT_BYTES=270000
OUTPUT_BYTES=182115
INVOKE 1 ms=26
INVOKE 2 ms=25
INVOKE 3 ms=26
INVOKE 4 ms=26
INVOKE 5 ms=25
INVOKE 6 ms=26
INVOKE 7 ms=26
INVOKE 8 ms=25
INVOKE 9 ms=26
INVOKE 10 ms=25
FIRST_INVOKE_MS=26
STEADY_INVOKE_MS=25
COMPLETED=10
OUTPUT_CHECKSUM=2273025060
BRIDGE_PARAMS_CALLS=1
BRIDGE_INPUT_CALLS=10
BRIDGE_INS_CALLS=11
BRIDGE_OUTPUT_CALLS=20
BRIDGE_EVENT_CALLS=11
BRIDGE_LAST_RESULT=0
TPU_PHYSICAL_SEND PASS
