19:00:18.4520 [INFO] Loaded monitor commands from: /home/bogdan/work/renode_portable/scripts/monitor.py
Renode, version 1.16.1 (d66b0c2a-202602160923)

(monitor) i $CWD/emu/renode/sentai_emu_namespace_inventory.resc
19:00:18.5910 [INFO] Including script(s): /home/bogdan/work/coralmicro/emu/renode/sentai_emu_namespace_inventory.resc
19:00:18.6034 [INFO] System bus created.
19:00:19.7518 [INFO] sysbus: Loading block of 3072 bytes length at 0x0.
19:00:19.7600 [INFO] sysbus: Loading block of 209360 bytes length at 0xC00.
19:00:19.7601 [INFO] sysbus: Loading block of 205496 bytes length at 0x33DD0.
19:00:19.7603 [INFO] sysbus: Loading block of 14680064 bytes length at 0x80000000.
19:00:19.7736 [INFO] sysbus: Loading block of 114012 bytes length at 0x80E00000.
19:00:20.3171 [INFO] cpu: Setting initial values: PC = 0xCBD, SP = 0x20040000.
19:00:20.3182 [INFO] machine-0: Machine started.
19:00:20.3743 [WARNING] nvic: Unhandled write to offset 0xF50 (ICacheInvalidateAllToPoUaIgnored), value 0x0.
19:00:20.3923 [WARNING] nvic: Trying to set the priority for interrupt 16 to 0xFF, but it should be maskable with 0xF0
19:00:26.6317 [INFO] machine-0: Machine paused.
sentai_emu_namespace_inventory PC:
0x15d6e
sentai_emu_namespace_inventory boot_state:
0x00000500
sentai_emu_namespace_inventory heartbeat:
0x0000001D
sentai_emu_namespace_inventory repl_lines:
0x00000001
sentai_emu_namespace_inventory last_tick:
0x00000B69
(machine-0) 19:00:26.7072 [INFO] machine-0: Disposed.
$ /home/bogdan/work/renode_portable/renode --plain --console --disable-xwt emu/renode/sentai_emu_namespace_inventory.resc

[elapsed_s] 10.082
