20:09:31.6704 [INFO] Loaded monitor commands from: /home/bogdan/work/renode_portable/scripts/monitor.py
Renode, version 1.16.1 (d66b0c2a-202602160923)


(monitor) i $CWD/emu/renode/sentai_emu_fs_asset_check.resc

20:09:31.8285 [INFO] Including script(s): /home/bogdan/work/coralmicro/emu/renode/sentai_emu_fs_asset_check.resc
20:09:31.8410 [INFO] System bus created.
20:09:33.0049 [INFO] Old file /home/bogdan/work/coralmicro/emu/output/sentai_emu_fs_asset_check.log moved to /home/bogdan/work/coralmicro/emu/output/sentai_emu_fs_asset_check.log.1
20:09:33.0212 [INFO] sysbus: Loading block of 3072 bytes length at 0x0.
20:09:33.0292 [INFO] sysbus: Loading block of 233520 bytes length at 0xC00.
20:09:33.0293 [INFO] sysbus: Loading block of 170400 bytes length at 0x39C30.
20:09:33.0294 [INFO] sysbus: Loading block of 16777216 bytes length at 0x80000000.
20:09:33.0399 [INFO] sysbus: Loading block of 54680 bytes length at 0x81000000.
20:09:33.5709 [INFO] cpu: Setting initial values: PC = 0xCBD, SP = 0x20040000.
20:09:33.5720 [INFO] machine-0: Machine started.
20:09:33.6301 [WARNING] nvic: Unhandled write to offset 0xF50 (ICacheInvalidateAllToPoUaIgnored), value 0x0.
20:09:33.6474 [WARNING] nvic: Trying to set the priority for interrupt 16 to 0xFF, but it should be maskable with 0xF0
20:09:44.3464 [INFO] machine-0: Machine paused.
sentai_emu_fs_asset_check PC:

0x15dbc

sentai_emu_fs_asset_check boot_state:

0x00000500

sentai_emu_fs_asset_check heartbeat:

0x00000033

sentai_emu_fs_asset_check repl_lines:

0x00000001

sentai_emu_fs_asset_check last_tick:

0x00001351

(machine-0) 20:09:44.4235 [INFO] machine-0: Disposed.
