13:53:00.0510 [INFO] Loaded monitor commands from: /home/bogdan/work/renode_portable/scripts/monitor.py
Renode, version 1.16.1 (ac18b5ac-202606020225)


(monitor) i $CWD/emu/renode/sentai_emu_tpu_fps_mem_invoke_repl.resc

13:53:00.1726 [INFO] Including script(s): /home/bogdan/work/coralmicro/emu/renode/sentai_emu_tpu_fps_mem_invoke_repl.resc
13:53:00.1889 [INFO] System bus created.
13:53:01.0443 [INFO] sysbus: Loading block of 3072 bytes length at 0x0.
13:53:01.0557 [INFO] sysbus: Loading block of 228928 bytes length at 0xC00.
13:53:01.0559 [INFO] sysbus: Loading block of 202440 bytes length at 0x38A40.
13:53:01.0562 [INFO] sysbus: Loading block of 16777216 bytes length at 0x80000000.
13:53:01.0766 [INFO] sysbus: Loading block of 54680 bytes length at 0x81000000.
13:53:01.5363 [INFO] cpu: Setting initial values: PC = 0xCBD, SP = 0x20040000.
13:53:01.5391 [INFO] machine-0: Machine started.
13:53:01.6176 [WARNING] nvic: Unhandled write to offset 0xF50 (ICacheInvalidateAllToPoUaIgnored), value 0x0.
13:53:01.6453 [WARNING] nvic: Trying to set the priority for interrupt 16 to 0xFF, but it should be maskable with 0xF0
13:54:17.2944 [INFO] machine-0: Machine paused.
sentai_emu_tpu_fps_mem_invoke_repl PC:

0x1cee

sentai_emu_tpu_fps_mem_invoke_repl boot_state:

0x00000500

sentai_emu_tpu_fps_mem_invoke_repl heartbeat:

0x00000001

sentai_emu_tpu_fps_mem_invoke_repl repl_lines:

0x00000001

sentai_emu_tpu_fps_mem_invoke_repl last_tick:

0x000007C7

(machine-0) 13:54:17.3565 [INFO] machine-0: Disposed.
