08:43:55.6352 [INFO] Loaded monitor commands from: /home/bogdan/work/renode_portable/scripts/monitor.py
Renode, version 1.16.1 (ac18b5ac-202606020225)


(monitor) i $CWD/emu/renode/sentai_emu_fs_stage_assets.resc

08:43:55.8190 [INFO] Including script(s): /home/bogdan/work/coralmicro/emu/renode/sentai_emu_fs_stage_assets.resc
08:43:55.8424 [INFO] System bus created.
08:43:57.2168 [INFO] Old file /home/bogdan/work/coralmicro/emu/output/sentai_emu_fs_stage_assets.log moved to /home/bogdan/work/coralmicro/emu/output/sentai_emu_fs_stage_assets.log.3
08:43:57.2476 [INFO] sysbus: Loading block of 3072 bytes length at 0x0.
08:43:57.2655 [INFO] sysbus: Loading block of 59524 bytes length at 0xC00.
08:43:57.2656 [INFO] sysbus: Loading block of 604 bytes length at 0xF484.
08:43:57.2656 [INFO] sysbus: Loading block of 87328 bytes length at 0xF6E8.
08:43:57.2658 [INFO] sysbus: Loading block of 16777216 bytes length at 0x80000000.
08:43:57.2973 [INFO] sysbus: Loading block of 54680 bytes length at 0x81000000.
08:43:57.9762 [INFO] cpu: Setting initial values: PC = 0xCBD, SP = 0x20040000.
08:43:57.9792 [INFO] machine-0: Machine started.
08:43:58.0872 [WARNING] nvic: Unhandled write to offset 0xF50 (ICacheInvalidateAllToPoUaIgnored), value 0x0.
08:43:58.1365 [WARNING] nvic: Trying to set the priority for interrupt 16 to 0xFF, but it should be maskable with 0xF0
08:44:08.3066 [INFO] machine-0: Machine paused.
sentai_emu_fs_stage_assets PC:

0x391a

sentai_emu_fs_stage_assets boot_state:

0x00000700

sentai_emu_fs_stage_assets heartbeat:

0x000000C4

sentai_emu_fs_stage_assets last_tick:

0x00001362

sentai_emu_fs_stage_assets stage_files:

0x00000003

sentai_emu_fs_stage_assets stage_bytes:

0x00000653

sentai_emu_fs_stage_assets stage_errors:

0x00000000

sentai_emu_fs_stage_assets stage_checksum:

0x0001EA2E

sentai_emu_fs_stage_assets fx_reads:

0x00000557

sentai_emu_fs_stage_assets fx_writes:

0x000001BC

sentai_emu_fs_stage_assets fx_erases:

0x00000006

sentai_emu_fs_stage_assets fx_errors:

0x00000000

(machine-0) 08:44:08.4044 [INFO] machine-0: Disposed.
