[sim] sentai_sim build #249 (2026-05-18 19:06:26)
[sim] FreeRTOS POSIX port: tick=1000 Hz, heap=4194304 bytes
[sim] MicroPython heap: 524288 bytes

MicroPython on SentAI SIM (FreeRTOS POSIX port + MicroPython embed)
Type expressions, end with Enter.  Ctrl-D or 'exit' to quit.
Try: sentai.version(), sentai.fs.write(...), help()

>>> >>> >>> 0
>>> === HORIZONTAL ===
>>> PGM_RESULT id=0 tvec=(+0.1898,+0.1703,+0.9488) rvec=(-0.1296,+3.1303,+0.0537) reproj=0.084 path=/home/bogdan/work/coralmicro/build-sim/sentai_fs_root/sub_horiz.pgm
PGM_RESULT id=1 tvec=(+0.2060,-0.0753,+0.9777) rvec=(-0.1430,+3.1300,-0.0608) reproj=0.035 path=/home/bogdan/work/coralmicro/build-sim/sentai_fs_root/sub_horiz.pgm
PGM_RESULT id=2 tvec=(-0.2102,-0.0920,+0.9777) rvec=(-0.1349,+3.1293,+0.1081) reproj=0.085 path=/home/bogdan/work/coralmicro/build-sim/sentai_fs_root/sub_horiz.pgm
PGM_RESULT id=3 tvec=(-0.2152,+0.1558,+0.9590) rvec=(-0.1095,+2.9423,+0.0842) reproj=0.321 path=/home/bogdan/work/coralmicro/build-sim/sentai_fs_root/sub_horiz.pgm
camera_bridge: listening on /tmp/sentai_cam.sock (waiting for Gazebo bridge)
4
>>> === ROTATED45 ===
>>> PGM_RESULT id=0 tvec=(+0.1017,+0.2672,+1.1047) rvec=(-1.9942,+2.8573,-0.4002) reproj=0.078 path=/home/bogdan/work/coralmicro/build-sim/sentai_fs_root/sub_rot45.pgm
PGM_RESULT id=1 tvec=(+0.2391,+0.0669,+1.0772) rvec=(+0.7510,-2.4453,-0.3898) reproj=0.674 path=/home/bogdan/work/coralmicro/build-sim/sentai_fs_root/sub_rot45.pgm
PGM_RESULT id=2 tvec=(-0.0806,-0.1582,+1.0196) rvec=(+1.0086,-2.7518,+0.4154) reproj=1.266 path=/home/bogdan/work/coralmicro/build-sim/sentai_fs_root/sub_rot45.pgm
PGM_RESULT id=3 tvec=(-0.2158,+0.0249,+1.0344) rvec=(+0.9113,-2.7962,+0.4948) reproj=1.109 path=/home/bogdan/work/coralmicro/build-sim/sentai_fs_root/sub_rot45.pgm
4
>>> >>> 
[sim] EOF on stdin, exiting
[sim] REPL task done, terminating process
