
=== HORIZONTAL ===
  id |     mode |     z (m) | reproj |  Δz vs NONE (mm) |  Δz vs CV2 (mm)
  --------------------------------------------------------------------------------
   1 |     NONE |   +1.0060 |  0.131 |            +0.00 |          +28.59
   1 |     OURS |   +0.9728 |  0.030 |           -33.16 |           -4.57
   1 |  CV2_REF |   +0.9774 |  0.007 |           -28.59 |           +0.00
   0 |     NONE |   +0.9799 |  0.196 |            +0.00 |          +30.80
   0 |     OURS |   +0.9513 |  0.016 |           -28.63 |           +2.18
   0 |  CV2_REF |   +0.9491 |  0.015 |           -30.80 |           +0.00
   3 |     NONE |   +0.9799 |  0.201 |            +0.00 |          +21.82
   3 |     OURS |   +0.9585 |  0.040 |           -21.42 |           +0.40
   3 |  CV2_REF |   +0.9581 |  0.062 |           -21.82 |           +0.00
   2 |     NONE |   +1.0026 |  0.249 |            +0.00 |          +26.68
   2 |     OURS |   +0.9733 |  0.023 |           -29.33 |           -2.65
   2 |  CV2_REF |   +0.9759 |  0.013 |           -26.68 |           +0.00

=== ROTATED45 ===
  id |     mode |     z (m) | reproj |  Δz vs NONE (mm) |  Δz vs CV2 (mm)
  --------------------------------------------------------------------------------
   1 |     NONE |   +1.1239 |  0.179 |            +0.00 |          +44.56
   1 |     OURS |   +1.1020 |  0.054 |           -21.94 |          +22.62
   1 |  CV2_REF |   +1.0793 |  0.257 |           -44.56 |           +0.00
   0 |     NONE |   +1.1323 |  0.285 |            +0.00 |          +31.14
   0 |     OURS |   +1.0879 |  0.150 |           -44.35 |          -13.21
   0 |  CV2_REF |   +1.1011 |  0.011 |           -31.14 |           +0.00
   3 |     NONE |   +1.1194 |  0.262 |            +0.00 |          +23.64
   3 |     OURS |   +1.0958 |  0.097 |           -23.62 |           +0.02
   3 |  CV2_REF |   +1.0957 |  0.136 |           -23.64 |           +0.00
   2 |     NONE |   +1.1591 |  0.256 |            +0.00 |          +62.69
   2 |     OURS |   +1.1011 |  0.084 |           -58.02 |           +4.67
   2 |  CV2_REF |   +1.0964 |  0.119 |           -62.69 |           +0.00
