
=== HORIZONTAL n=4 (frame_horiz_n4.pgm) ===
  shape: 320x240
  detect REFINE_NONE   : ids=[0, 1, 2, 3]
  detect REFINE_SUBPIX : ids=[0, 1, 2, 3]

  id | max_shift | mean_shift |  z_none (m) |  z_sub (m) |  dz (mm) |  rp_n |  rp_s
  -------------------------------------------------------------------------------------
   0 |     0.462 |      0.422 |     +0.9799 |    +0.9555 |   -24.49 |  0.20 |  0.03
   1 |     1.035 |      0.746 |     +1.0060 |    +0.9850 |   -21.01 |  0.13 |  0.04
   2 |     1.154 |      0.860 |     +1.0026 |    +0.9820 |   -20.60 |  0.25 |  0.07
   3 |     0.427 |      0.366 |     +0.9799 |    +0.9613 |   -18.64 |  0.20 |  0.06


=== ROTATED ~45° n=1 (frame_rot45_n1.pgm) ===
  shape: 320x240
  detect REFINE_NONE   : ids=[0, 1, 2, 3]
  detect REFINE_SUBPIX : ids=[0, 1, 2, 3]

  id | max_shift | mean_shift |  z_none (m) |  z_sub (m) |  dz (mm) |  rp_n |  rp_s
  -------------------------------------------------------------------------------------
   0 |     1.221 |      0.624 |     +1.1323 |    +1.1145 |   -17.83 |  0.28 |  0.04
   1 |     0.668 |      0.418 |     +1.1239 |    +1.1000 |   -23.95 |  0.18 |  0.26
   2 |     1.210 |      0.545 |     +1.1591 |    +1.1047 |   -54.44 |  0.26 |  0.28
   3 |     0.493 |      0.300 |     +1.1194 |    +1.0942 |   -25.20 |  0.26 |  0.25

