[  0%] Building C object emu/CMakeFiles/sentai_emu_usbhost_task.dir/sentai_emu_freertos_hooks.c.obj
[  0%] Building C object emu/CMakeFiles/sentai_emu_usbhost_task.dir/__/third_party/nxp/rt1176-sdk/middleware/usb/host/usb_host_hci.c.obj
[  0%] Building C object emu/CMakeFiles/sentai_emu_usbhost_task.dir/__/libs/nxp/rt1176-sdk/clock_config.c.obj
[  0%] Building C object emu/CMakeFiles/sentai_emu_usbhost_task.dir/__/third_party/nxp/rt1176-sdk/middleware/usb/host/usb_host_ehci.c.obj
[  0%] Building CXX object emu/CMakeFiles/sentai_emu_usbhost_task.dir/sentai_emu_usbhost_probe.cc.obj
[  0%] Building CXX object emu/CMakeFiles/sentai_emu_usbhost_task.dir/__/libs/usb/usb_host_task.cc.obj
[  0%] Building C object emu/CMakeFiles/sentai_emu_usbhost_task.dir/__/third_party/nxp/rt1176-sdk/middleware/usb/host/usb_host_devices.c.obj
[  0%] Building C object emu/CMakeFiles/sentai_emu_usbhost_task.dir/__/third_party/nxp/rt1176-sdk/middleware/usb/host/class/usb_host_hub.c.obj
[  0%] Building C object emu/CMakeFiles/sentai_emu_usbhost_task.dir/__/third_party/nxp/rt1176-sdk/middleware/usb/host/usb_host_framework.c.obj
[  0%] Building C object emu/CMakeFiles/sentai_emu_usbhost_task.dir/__/third_party/nxp/rt1176-sdk/middleware/usb/host/class/usb_host_hub_app.c.obj
[  0%] Building C object emu/CMakeFiles/sentai_emu_usbhost_task.dir/__/third_party/nxp/rt1176-sdk/middleware/usb/phy/usb_phy.c.obj
[  0%] Building C object emu/CMakeFiles/sentai_emu_usbhost_task.dir/__/third_party/nxp/rt1176-sdk/components/osa/fsl_os_abstraction_free_rtos.c.obj
[  0%] Building C object emu/CMakeFiles/sentai_emu_usbhost_task.dir/__/third_party/nxp/rt1176-sdk/devices/MIMXRT1176/drivers/fsl_clock.c.obj
[  0%] Building C object emu/CMakeFiles/sentai_emu_usbhost_task.dir/__/third_party/nxp/rt1176-sdk/components/lists/fsl_component_generic_list.c.obj
[  0%] Building C object emu/CMakeFiles/sentai_emu_usbhost_task.dir/__/third_party/nxp/rt1176-sdk/devices/MIMXRT1176/drivers/fsl_anatop_ai.c.obj
[  0%] Building C object emu/CMakeFiles/sentai_emu_usbhost_task.dir/__/third_party/nxp/rt1176-sdk/devices/MIMXRT1176/drivers/fsl_common.c.obj
cc1plus: warning: command line option '-Wno-old-style-definition' is valid for C/ObjC but not for C++
cc1plus: warning: command line option '-Wno-old-style-definition' is valid for C/ObjC but not for C++
cc1plus: warning: command line option '-Wno-missing-prototypes' is valid for C/ObjC but not for C++
cc1plus: warning: command line option '-Wno-missing-prototypes' is valid for C/ObjC but not for C++
[  0%] Building C object emu/CMakeFiles/sentai_emu_usbhost_task.dir/__/third_party/nxp/rt1176-sdk/devices/MIMXRT1176/drivers/fsl_common_arm.c.obj
/home/bogdan/work/coralmicro/third_party/nxp/rt1176-sdk/middleware/usb/host/usb_host_hci.c:30:2: warning: #warning USB_HOST_CONFIG_BUFFER_PROPERTY_CACHEABLE is not supported. [-Wcpp]
   30 | #warning USB_HOST_CONFIG_BUFFER_PROPERTY_CACHEABLE is not supported.
      |  ^~~~~~~
[  0%] Building C object emu/CMakeFiles/sentai_emu_usbhost_task.dir/__/third_party/nxp/rt1176-sdk/devices/MIMXRT1176/drivers/fsl_pmu.c.obj
[  0%] Building C object emu/CMakeFiles/sentai_emu_usbhost_task.dir/__/third_party/nxp/rt1176-sdk/devices/MIMXRT1176/drivers/fsl_dcdc.c.obj
[  0%] Building ASM object emu/CMakeFiles/sentai_emu_usbhost_task.dir/__/third_party/nxp/rt1176-sdk/devices/MIMXRT1176/gcc/startup_MIMXRT1176_cm7.S.obj
[  0%] Building C object emu/CMakeFiles/sentai_emu_usbhost_task.dir/__/third_party/nxp/rt1176-sdk/devices/MIMXRT1176/system_MIMXRT1176_cm7.c.obj
[  0%] Building C object emu/CMakeFiles/sentai_emu_usbhost_task.dir/__/third_party/freertos_kernel/event_groups.c.obj
[100%] Building C object emu/CMakeFiles/sentai_emu_usbhost_task.dir/__/third_party/freertos_kernel/list.c.obj
[100%] Building C object emu/CMakeFiles/sentai_emu_usbhost_task.dir/__/third_party/freertos_kernel/portable/GCC/ARM_CM4F/port.c.obj
[100%] Building C object emu/CMakeFiles/sentai_emu_usbhost_task.dir/__/third_party/freertos_kernel/queue.c.obj
[100%] Building C object emu/CMakeFiles/sentai_emu_usbhost_task.dir/__/third_party/freertos_kernel/stream_buffer.c.obj
[100%] Building C object emu/CMakeFiles/sentai_emu_usbhost_task.dir/__/third_party/freertos_kernel/tasks.c.obj
[100%] Building C object emu/CMakeFiles/sentai_emu_usbhost_task.dir/__/third_party/freertos_kernel/timers.c.obj
[100%] Building C object emu/CMakeFiles/sentai_emu_usbhost_task.dir/__/third_party/FreeRTOS_helpers/heap_useNewlib_NXP.c.obj
/home/bogdan/work/coralmicro/third_party/FreeRTOS_helpers/heap_useNewlib_NXP.c:68:4: warning: #warning "This wrapper was verified for newlib versions 2.5 - 3.1; please ensure newlib's external requirements for malloc-family are unchanged!" [-Wcpp]
   68 |   #warning "This wrapper was verified for newlib versions 2.5 - 3.1; please ensure newlib's external requirements for malloc-family are unchanged!"
      |    ^~~~~~~
[100%] Linking CXX executable sentai_emu_usbhost_task
/home/bogdan/work/coralmicro/third_party/toolchain-linux/gcc-arm-none-eabi-9-2020-q2-update/bin/../lib/gcc/arm-none-eabi/9.3.1/../../../../arm-none-eabi/bin/ld: CMakeFiles/sentai_emu_usbhost_task.dir/__/libs/usb/usb_host_task.cc.obj: in function `coralmicro::UsbHostTask::Init()':
/libs/usb/usb_host_task.cc:94: undefined reference to `coralmicro::ConsoleM7::EmergencyWrite(char const*, ...)'
/home/bogdan/work/coralmicro/third_party/toolchain-linux/gcc-arm-none-eabi-9-2020-q2-update/bin/../lib/gcc/arm-none-eabi/9.3.1/../../../../arm-none-eabi/bin/ld: CMakeFiles/sentai_emu_usbhost_task.dir/__/libs/usb/usb_host_task.cc.obj: in function `std::_Rb_tree_iterator<std::pair<void* const, coralmicro::CdcAcm*> >::_Rb_tree_iterator(std::_Rb_tree_node_base*)':
/third_party/toolchain-linux/gcc-arm-none-eabi-9-2020-q2-update/arm-none-eabi/include/c++/9.3.1/bits/stl_tree.h:273: undefined reference to `coralmicro::CdcAcm::handle_map_'
/home/bogdan/work/coralmicro/third_party/toolchain-linux/gcc-arm-none-eabi-9-2020-q2-update/bin/../lib/gcc/arm-none-eabi/9.3.1/../../../../arm-none-eabi/bin/ld: /third_party/toolchain-linux/gcc-arm-none-eabi-9-2020-q2-update/arm-none-eabi/include/c++/9.3.1/bits/stl_tree.h:273: undefined reference to `coralmicro::CdcAcm::handle_map_'
/home/bogdan/work/coralmicro/third_party/toolchain-linux/gcc-arm-none-eabi-9-2020-q2-update/bin/../lib/gcc/arm-none-eabi/9.3.1/../../../../arm-none-eabi/bin/ld: CMakeFiles/sentai_emu_usbhost_task.dir/__/libs/usb/usb_host_task.cc.obj: in function `coralmicro::CdcAcm::StaticHandler(void*, unsigned long, void*)':
/./libs/cdc_acm/cdc_acm.h:74: undefined reference to `coralmicro::CdcAcm::Handler(unsigned long, void*)'
/home/bogdan/work/coralmicro/third_party/toolchain-linux/gcc-arm-none-eabi-9-2020-q2-update/bin/../lib/gcc/arm-none-eabi/9.3.1/../../../../arm-none-eabi/bin/ld: CMakeFiles/sentai_emu_usbhost_task.dir/__/third_party/nxp/rt1176-sdk/middleware/usb/host/usb_host_hci.c.obj: in function `USB_HostSendSetup':
/third_party/nxp/rt1176-sdk/middleware/usb/host/usb_host_hci.c:460: undefined reference to `DCACHE_CleanByRange'
/home/bogdan/work/coralmicro/third_party/toolchain-linux/gcc-arm-none-eabi-9-2020-q2-update/bin/../lib/gcc/arm-none-eabi/9.3.1/../../../../arm-none-eabi/bin/ld: /third_party/nxp/rt1176-sdk/middleware/usb/host/usb_host_hci.c:463: undefined reference to `DCACHE_CleanInvalidateByRange'
/home/bogdan/work/coralmicro/third_party/toolchain-linux/gcc-arm-none-eabi-9-2020-q2-update/bin/../lib/gcc/arm-none-eabi/9.3.1/../../../../arm-none-eabi/bin/ld: CMakeFiles/sentai_emu_usbhost_task.dir/__/third_party/nxp/rt1176-sdk/middleware/usb/host/usb_host_hci.c.obj: in function `USB_HostRecv':
/third_party/nxp/rt1176-sdk/middleware/usb/host/usb_host_hci.c:501: undefined reference to `DCACHE_CleanInvalidateByRange'
/home/bogdan/work/coralmicro/third_party/toolchain-linux/gcc-arm-none-eabi-9-2020-q2-update/bin/../lib/gcc/arm-none-eabi/9.3.1/../../../../arm-none-eabi/bin/ld: CMakeFiles/sentai_emu_usbhost_task.dir/__/third_party/nxp/rt1176-sdk/middleware/usb/host/class/usb_host_hub_app.c.obj: in function `USB_HostHubDeviceEvent':
/third_party/nxp/rt1176-sdk/middleware/usb/host/class/usb_host_hub_app.c:1228: undefined reference to `DbgConsole_Printf'
/home/bogdan/work/coralmicro/third_party/toolchain-linux/gcc-arm-none-eabi-9-2020-q2-update/bin/../lib/gcc/arm-none-eabi/9.3.1/../../../../arm-none-eabi/bin/ld: /third_party/nxp/rt1176-sdk/middleware/usb/host/class/usb_host_hub_app.c:1231: undefined reference to `DbgConsole_Printf'
/home/bogdan/work/coralmicro/third_party/toolchain-linux/gcc-arm-none-eabi-9-2020-q2-update/bin/../lib/gcc/arm-none-eabi/9.3.1/../../../../arm-none-eabi/bin/ld: /third_party/nxp/rt1176-sdk/middleware/usb/host/class/usb_host_hub_app.c:1328: undefined reference to `DbgConsole_Printf'
/home/bogdan/work/coralmicro/third_party/toolchain-linux/gcc-arm-none-eabi-9-2020-q2-update/bin/../lib/gcc/arm-none-eabi/9.3.1/../../../../arm-none-eabi/bin/ld: /third_party/nxp/rt1176-sdk/middleware/usb/host/class/usb_host_hub_app.c:1331: undefined reference to `DbgConsole_Printf'
collect2: error: ld returned 1 exit status
gmake[3]: *** [emu/CMakeFiles/sentai_emu_usbhost_task.dir/build.make:544: emu/sentai_emu_usbhost_task] Error 1
gmake[2]: *** [CMakeFiles/Makefile2:3429: emu/CMakeFiles/sentai_emu_usbhost_task.dir/all] Error 2
gmake[1]: *** [CMakeFiles/Makefile2:3436: emu/CMakeFiles/sentai_emu_usbhost_task.dir/rule] Error 2
gmake: *** [Makefile:1242: sentai_emu_usbhost_task] Error 2
