[  0%] Building C object emu/CMakeFiles/sentai_emu_edgetpu_manager_probe.dir/__/third_party/freertos_kernel/queue.c.obj
[  0%] Building C object emu/CMakeFiles/sentai_emu_edgetpu_manager_probe.dir/__/third_party/freertos_kernel/portable/GCC/ARM_CM4F/port.c.obj
[  0%] Building CXX object emu/CMakeFiles/sentai_emu_edgetpu_manager_probe.dir/sentai_emu_usbhost_probe.cc.obj
[  0%] Building C object emu/CMakeFiles/sentai_emu_edgetpu_manager_probe.dir/__/third_party/nxp/rt1176-sdk/devices/MIMXRT1176/system_MIMXRT1176_cm7.c.obj
[  0%] Building C object emu/CMakeFiles/sentai_emu_edgetpu_manager_probe.dir/__/third_party/freertos_kernel/event_groups.c.obj
[  0%] Building C object emu/CMakeFiles/sentai_emu_edgetpu_manager_probe.dir/__/third_party/freertos_kernel/list.c.obj
[  0%] Building ASM object emu/CMakeFiles/sentai_emu_edgetpu_manager_probe.dir/__/third_party/nxp/rt1176-sdk/devices/MIMXRT1176/gcc/startup_MIMXRT1176_cm7.S.obj
[  0%] Building C object emu/CMakeFiles/sentai_emu_edgetpu_manager_probe.dir/__/third_party/freertos_kernel/stream_buffer.c.obj
[  0%] Building C object emu/CMakeFiles/sentai_emu_edgetpu_manager_probe.dir/__/third_party/freertos_kernel/timers.c.obj
[  0%] Building C object emu/CMakeFiles/sentai_emu_edgetpu_manager_probe.dir/__/third_party/freertos_kernel/tasks.c.obj
[  0%] Building C object emu/CMakeFiles/sentai_emu_edgetpu_manager_probe.dir/__/third_party/FreeRTOS_helpers/heap_useNewlib_NXP.c.obj
[  0%] Building CXX object emu/CMakeFiles/sentai_emu_edgetpu_manager_probe.dir/__/libs/tpu/edgetpu_manager.cc.obj
cc1plus: warning: command line option '-Wno-old-style-definition' is valid for C/ObjC but not for C++
cc1plus: warning: command line option '-Wno-missing-prototypes' is valid for C/ObjC but not for C++
cc1plus: warning: command line option '-Wno-old-style-definition' is valid for C/ObjC but not for C++
cc1plus: warning: command line option '-Wno-missing-prototypes' is valid for C/ObjC but not for C++
/home/bogdan/work/coralmicro/third_party/FreeRTOS_helpers/heap_useNewlib_NXP.c:68:4: warning: #warning "This wrapper was verified for newlib versions 2.5 - 3.1; please ensure newlib's external requirements for malloc-family are unchanged!" [-Wcpp]
   68 |   #warning "This wrapper was verified for newlib versions 2.5 - 3.1; please ensure newlib's external requirements for malloc-family are unchanged!"
      |    ^~~~~~~
In file included from /home/bogdan/work/coralmicro/./libs/tpu/edgetpu_executable.h:25,
                 from /home/bogdan/work/coralmicro/./libs/tpu/edgetpu_manager.h:26,
                 from /home/bogdan/work/coralmicro/libs/tpu/edgetpu_manager.cc:17:
/home/bogdan/work/coralmicro/./libs/tpu/executable_generated.h:23:10: fatal error: flatbuffers/flatbuffers.h: No such file or directory
   23 | #include "flatbuffers/flatbuffers.h"
      |          ^~~~~~~~~~~~~~~~~~~~~~~~~~~
compilation terminated.
In file included from /home/bogdan/work/coralmicro/./libs/tpu/edgetpu_executable.h:25,
                 from /home/bogdan/work/coralmicro/./libs/tpu/edgetpu_manager.h:26,
                 from /home/bogdan/work/coralmicro/emu/sentai_emu_usbhost_probe.cc:27:
/home/bogdan/work/coralmicro/./libs/tpu/executable_generated.h:23:10: fatal error: flatbuffers/flatbuffers.h: No such file or directory
   23 | #include "flatbuffers/flatbuffers.h"
      |          ^~~~~~~~~~~~~~~~~~~~~~~~~~~
compilation terminated.
gmake[3]: *** [emu/CMakeFiles/sentai_emu_edgetpu_manager_probe.dir/build.make:495: emu/CMakeFiles/sentai_emu_edgetpu_manager_probe.dir/__/libs/tpu/edgetpu_manager.cc.obj] Error 1
gmake[3]: *** Waiting for unfinished jobs....
gmake[3]: *** [emu/CMakeFiles/sentai_emu_edgetpu_manager_probe.dir/build.make:76: emu/CMakeFiles/sentai_emu_edgetpu_manager_probe.dir/sentai_emu_usbhost_probe.cc.obj] Error 1
gmake[2]: *** [CMakeFiles/Makefile2:3457: emu/CMakeFiles/sentai_emu_edgetpu_manager_probe.dir/all] Error 2
gmake[1]: *** [CMakeFiles/Makefile2:3464: emu/CMakeFiles/sentai_emu_edgetpu_manager_probe.dir/rule] Error 2
gmake: *** [Makefile:1255: sentai_emu_edgetpu_manager_probe] Error 2
