t=97ms server start argv=/home/bogdan/work/coralmicro/build-sim/sim/tpu_posix_send_server --server-cmd /tmp/sentai_emu_tpu_send_server.cmd --perf low --chunk-size 163840 --bulkin-chunk-size 1024 --outfeed-chunk-length 0x80
t=125ms server [tpu-posix] libusb_init
t=125ms server [tpu-posix] dfu/app probe
t=125ms server [tpu-posix] DFU loading EdgeTPU firmware len=10783
t=207ms server [tpu-posix] DFU firmware verified; resetting USB device
t=1022ms server [tpu-posix] open app device
t=1022ms server [tpu-posix] opened Coral USB interface=0 out=01,02,03 in=81,82 irq=83
t=1022ms server [TPU init] read omc0_00
t=1024ms server [TPU init] check chip id
t=1024ms server [TPU init] write test reg
t=1025ms server [TPU init] read test reg
t=1027ms server [TPU init] disable inactive mode
t=1030ms server [TPU init] disable clock gating
t=1034ms server [TPU init] enter reset
t=1040ms server [TPU init] exit reset
t=1044ms server [TPU init] check scalar run control
t=1045ms server [TPU init] write idle register
t=1047ms server [TPU init] write tile config
t=1049ms server [TPU init] write deep sleep
t=1050ms server [TPU init] enable clock gating
t=1054ms server [TPU init] configure usb csr
t=1058ms server [TPU init] enable tempsense clock
t=1062ms server [TPU init] enable tempsense input ports
t=1065ms server [TPU init] enable tempsense flow
t=1067ms server [TPU init] move to run
t=1092ms server [TPU init] done
t=1092ms server SEND_SERVER_READY perf=low chunk_size=163840 bulkin_chunk_size=1024 outfeed_chunk_length=0x80 bulkin_queue_depth=0
t=1096ms server command ins /tmp/sentai_emu_tpu_send_payloads/payload_1_ins.bin
t=1104ms server SEND_STATS cmd=ins ok=1 ms=5 params_calls=0 params_bytes=0 input_calls=0 input_bytes=0 ins_calls=1 ins_bytes=10448 usb_out_calls=2 usb_out_req=10456 usb_out_done=10456 usb_out_us=1314 usb_in_calls=0 usb_in_req=0 usb_in_done=0 usb_in_us=0 usb_event_calls=0 usb_event_req=0 usb_event_done=0 usb_event_us=0 usb_intr_calls=0 usb_intr_req=0 usb_intr_done=0 usb_intr_us=0 usb_timeouts=0 usb_failed=0
t=1104ms server SEND_SERVER_DONE cmd=ins rc=0 bytes=10448 ms=5
t=1109ms bridge cmd=ins seq=1 data_len=10448 out_len=0 ok=True ms=1028
t=1122ms server command params /tmp/sentai_emu_tpu_send_payloads/payload_2_params.bin
t=1317ms server SEND_STATS cmd=params ok=1 ms=193 params_calls=1 params_bytes=6703232 input_calls=0 input_bytes=0 ins_calls=0 ins_bytes=0 usb_out_calls=42 usb_out_req=6703240 usb_out_done=6703240 usb_out_us=89524 usb_in_calls=0 usb_in_req=0 usb_in_done=0 usb_in_us=0 usb_event_calls=0 usb_event_req=0 usb_event_done=0 usb_event_us=0 usb_intr_calls=0 usb_intr_req=0 usb_intr_done=0 usb_intr_us=0 usb_timeouts=0 usb_failed=0
t=1317ms server SEND_SERVER_DONE cmd=params rc=0 bytes=6703232 ms=193
t=1317ms bridge cmd=params seq=2 data_len=6703232 out_len=0 ok=True ms=207
t=1319ms server command event
t=1320ms server SEND_STATS cmd=event ok=1 ms=0 params_calls=0 params_bytes=0 input_calls=0 input_bytes=0 ins_calls=0 ins_bytes=0 usb_out_calls=0 usb_out_req=0 usb_out_done=0 usb_out_us=0 usb_in_calls=0 usb_in_req=0 usb_in_done=0 usb_in_us=0 usb_event_calls=1 usb_event_req=16 usb_event_done=16 usb_event_us=89 usb_intr_calls=0 usb_intr_req=0 usb_intr_done=0 usb_intr_us=0 usb_timeouts=0 usb_failed=0
t=1321ms server SEND_SERVER_DONE cmd=event rc=0 bytes=0 ms=0
t=1324ms bridge cmd=event seq=3 data_len=0 out_len=0 ok=True ms=5
t=1326ms server command ins /tmp/sentai_emu_tpu_send_payloads/payload_4_ins.bin
t=1337ms server SEND_STATS cmd=ins ok=1 ms=10 params_calls=0 params_bytes=0 input_calls=0 input_bytes=0 ins_calls=1 ins_bytes=254304 usb_out_calls=3 usb_out_req=254312 usb_out_done=254312 usb_out_us=3078 usb_in_calls=0 usb_in_req=0 usb_in_done=0 usb_in_us=0 usb_event_calls=0 usb_event_req=0 usb_event_done=0 usb_event_us=0 usb_intr_calls=0 usb_intr_req=0 usb_intr_done=0 usb_intr_us=0 usb_timeouts=0 usb_failed=0
t=1338ms server SEND_SERVER_DONE cmd=ins rc=0 bytes=254304 ms=10
t=1342ms bridge cmd=ins seq=4 data_len=254304 out_len=0 ok=True ms=17
t=1343ms server command inputs /tmp/sentai_emu_tpu_send_payloads/payload_5_inputs.bin
t=1356ms server SEND_STATS cmd=inputs ok=1 ms=10 params_calls=0 params_bytes=0 input_calls=1 input_bytes=270000 ins_calls=0 ins_bytes=0 usb_out_calls=3 usb_out_req=270008 usb_out_done=270008 usb_out_us=4092 usb_in_calls=0 usb_in_req=0 usb_in_done=0 usb_in_us=0 usb_event_calls=0 usb_event_req=0 usb_event_done=0 usb_event_us=0 usb_intr_calls=0 usb_intr_req=0 usb_intr_done=0 usb_intr_us=0 usb_timeouts=0 usb_failed=0
t=1356ms server SEND_SERVER_DONE cmd=inputs rc=0 bytes=270000 ms=10
t=1359ms bridge cmd=inputs seq=5 data_len=270000 out_len=0 ok=True ms=16
t=1360ms server command output 7672 /tmp/sentai_emu_tpu_send_payloads/output_6.bin
t=1377ms server SEND_STATS cmd=output ok=1 ms=16 params_calls=0 params_bytes=0 input_calls=0 input_bytes=0 ins_calls=0 ins_bytes=0 usb_out_calls=0 usb_out_req=0 usb_out_done=0 usb_out_us=0 usb_in_calls=8 usb_in_req=7672 usb_in_done=7672 usb_in_us=16233 usb_event_calls=0 usb_event_req=0 usb_event_done=0 usb_event_us=0 usb_intr_calls=0 usb_intr_req=0 usb_intr_done=0 usb_intr_us=0 usb_timeouts=0 usb_failed=0
t=1378ms server SEND_SERVER_DONE cmd=output rc=0 bytes=7672 ms=16
t=1384ms bridge cmd=output seq=6 data_len=0 out_len=7672 ok=True ms=24
t=1388ms server command output 176368 /tmp/sentai_emu_tpu_send_payloads/output_7.bin
t=1398ms server SEND_STATS cmd=output ok=1 ms=8 params_calls=0 params_bytes=0 input_calls=0 input_bytes=0 ins_calls=0 ins_bytes=0 usb_out_calls=0 usb_out_req=0 usb_out_done=0 usb_out_us=0 usb_in_calls=174 usb_in_req=177712 usb_in_done=176368 usb_in_us=7467 usb_event_calls=0 usb_event_req=0 usb_event_done=0 usb_event_us=0 usb_intr_calls=0 usb_intr_req=0 usb_intr_done=0 usb_intr_us=0 usb_timeouts=0 usb_failed=0
t=1398ms server SEND_SERVER_DONE cmd=output rc=0 bytes=176368 ms=8
t=1401ms bridge cmd=output seq=7 data_len=0 out_len=176368 ok=True ms=12
t=1401ms server command event
t=1402ms server SEND_STATS cmd=event ok=1 ms=0 params_calls=0 params_bytes=0 input_calls=0 input_bytes=0 ins_calls=0 ins_bytes=0 usb_out_calls=0 usb_out_req=0 usb_out_done=0 usb_out_us=0 usb_in_calls=0 usb_in_req=0 usb_in_done=0 usb_in_us=0 usb_event_calls=1 usb_event_req=16 usb_event_done=16 usb_event_us=61 usb_intr_calls=0 usb_intr_req=0 usb_intr_done=0 usb_intr_us=0 usb_timeouts=0 usb_failed=0
t=1402ms server SEND_SERVER_DONE cmd=event rc=0 bytes=0 ms=0
t=1407ms bridge cmd=event seq=8 data_len=0 out_len=0 ok=True ms=6
t=1421ms server command ins /tmp/sentai_emu_tpu_send_payloads/payload_9_ins.bin
t=1433ms server SEND_STATS cmd=ins ok=1 ms=10 params_calls=0 params_bytes=0 input_calls=0 input_bytes=0 ins_calls=1 ins_bytes=254304 usb_out_calls=3 usb_out_req=254312 usb_out_done=254312 usb_out_us=3939 usb_in_calls=0 usb_in_req=0 usb_in_done=0 usb_in_us=0 usb_event_calls=0 usb_event_req=0 usb_event_done=0 usb_event_us=0 usb_intr_calls=0 usb_intr_req=0 usb_intr_done=0 usb_intr_us=0 usb_timeouts=0 usb_failed=0
t=1433ms server SEND_SERVER_DONE cmd=ins rc=0 bytes=254304 ms=10
t=1437ms bridge cmd=ins seq=9 data_len=254304 out_len=0 ok=True ms=17
t=1438ms server command inputs /tmp/sentai_emu_tpu_send_payloads/payload_10_inputs.bin
t=1448ms server SEND_STATS cmd=inputs ok=1 ms=9 params_calls=0 params_bytes=0 input_calls=1 input_bytes=270000 ins_calls=0 ins_bytes=0 usb_out_calls=3 usb_out_req=270008 usb_out_done=270008 usb_out_us=3130 usb_in_calls=0 usb_in_req=0 usb_in_done=0 usb_in_us=0 usb_event_calls=0 usb_event_req=0 usb_event_done=0 usb_event_us=0 usb_intr_calls=0 usb_intr_req=0 usb_intr_done=0 usb_intr_us=0 usb_timeouts=0 usb_failed=0
t=1449ms server SEND_SERVER_DONE cmd=inputs rc=0 bytes=270000 ms=9
t=1453ms bridge cmd=inputs seq=10 data_len=270000 out_len=0 ok=True ms=16
t=1454ms server command output 7672 /tmp/sentai_emu_tpu_send_payloads/output_11.bin
t=1472ms server SEND_STATS cmd=output ok=1 ms=16 params_calls=0 params_bytes=0 input_calls=0 input_bytes=0 ins_calls=0 ins_bytes=0 usb_out_calls=0 usb_out_req=0 usb_out_done=0 usb_out_us=0 usb_in_calls=8 usb_in_req=7672 usb_in_done=7672 usb_in_us=16373 usb_event_calls=0 usb_event_req=0 usb_event_done=0 usb_event_us=0 usb_intr_calls=0 usb_intr_req=0 usb_intr_done=0 usb_intr_us=0 usb_timeouts=0 usb_failed=0
t=1472ms server SEND_SERVER_DONE cmd=output rc=0 bytes=7672 ms=16
t=1475ms bridge cmd=output seq=11 data_len=0 out_len=7672 ok=True ms=21
t=1476ms server command output 176368 /tmp/sentai_emu_tpu_send_payloads/output_12.bin
t=1485ms server SEND_STATS cmd=output ok=1 ms=8 params_calls=0 params_bytes=0 input_calls=0 input_bytes=0 ins_calls=0 ins_bytes=0 usb_out_calls=0 usb_out_req=0 usb_out_done=0 usb_out_us=0 usb_in_calls=174 usb_in_req=177712 usb_in_done=176368 usb_in_us=6975 usb_event_calls=0 usb_event_req=0 usb_event_done=0 usb_event_us=0 usb_intr_calls=0 usb_intr_req=0 usb_intr_done=0 usb_intr_us=0 usb_timeouts=0 usb_failed=0
t=1485ms server SEND_SERVER_DONE cmd=output rc=0 bytes=176368 ms=8
t=1487ms bridge cmd=output seq=12 data_len=0 out_len=176368 ok=True ms=11
t=1488ms server command event
t=1488ms server SEND_STATS cmd=event ok=1 ms=0 params_calls=0 params_bytes=0 input_calls=0 input_bytes=0 ins_calls=0 ins_bytes=0 usb_out_calls=0 usb_out_req=0 usb_out_done=0 usb_out_us=0 usb_in_calls=0 usb_in_req=0 usb_in_done=0 usb_in_us=0 usb_event_calls=1 usb_event_req=16 usb_event_done=16 usb_event_us=52 usb_intr_calls=0 usb_intr_req=0 usb_intr_done=0 usb_intr_us=0 usb_timeouts=0 usb_failed=0
t=1488ms server SEND_SERVER_DONE cmd=event rc=0 bytes=0 ms=0
t=1493ms bridge cmd=event seq=13 data_len=0 out_len=0 ok=True ms=6
t=1505ms server command ins /tmp/sentai_emu_tpu_send_payloads/payload_14_ins.bin
t=1515ms server SEND_STATS cmd=ins ok=1 ms=9 params_calls=0 params_bytes=0 input_calls=0 input_bytes=0 ins_calls=1 ins_bytes=254304 usb_out_calls=3 usb_out_req=254312 usb_out_done=254312 usb_out_us=3054 usb_in_calls=0 usb_in_req=0 usb_in_done=0 usb_in_us=0 usb_event_calls=0 usb_event_req=0 usb_event_done=0 usb_event_us=0 usb_intr_calls=0 usb_intr_req=0 usb_intr_done=0 usb_intr_us=0 usb_timeouts=0 usb_failed=0
t=1515ms server SEND_SERVER_DONE cmd=ins rc=0 bytes=254304 ms=9
t=1520ms bridge cmd=ins seq=14 data_len=254304 out_len=0 ok=True ms=16
t=1522ms server command inputs /tmp/sentai_emu_tpu_send_payloads/payload_15_inputs.bin
t=1532ms server SEND_STATS cmd=inputs ok=1 ms=10 params_calls=0 params_bytes=0 input_calls=1 input_bytes=270000 ins_calls=0 ins_bytes=0 usb_out_calls=3 usb_out_req=270008 usb_out_done=270008 usb_out_us=3205 usb_in_calls=0 usb_in_req=0 usb_in_done=0 usb_in_us=0 usb_event_calls=0 usb_event_req=0 usb_event_done=0 usb_event_us=0 usb_intr_calls=0 usb_intr_req=0 usb_intr_done=0 usb_intr_us=0 usb_timeouts=0 usb_failed=0
t=1533ms server SEND_SERVER_DONE cmd=inputs rc=0 bytes=270000 ms=10
t=1537ms bridge cmd=inputs seq=15 data_len=270000 out_len=0 ok=True ms=16
t=1538ms server command output 7672 /tmp/sentai_emu_tpu_send_payloads/output_16.bin
t=1556ms server SEND_STATS cmd=output ok=1 ms=18 params_calls=0 params_bytes=0 input_calls=0 input_bytes=0 ins_calls=0 ins_bytes=0 usb_out_calls=0 usb_out_req=0 usb_out_done=0 usb_out_us=0 usb_in_calls=8 usb_in_req=7672 usb_in_done=7672 usb_in_us=17867 usb_event_calls=0 usb_event_req=0 usb_event_done=0 usb_event_us=0 usb_intr_calls=0 usb_intr_req=0 usb_intr_done=0 usb_intr_us=0 usb_timeouts=0 usb_failed=0
t=1556ms server SEND_SERVER_DONE cmd=output rc=0 bytes=7672 ms=18
t=1559ms bridge cmd=output seq=16 data_len=0 out_len=7672 ok=True ms=21
t=1559ms server command output 176368 /tmp/sentai_emu_tpu_send_payloads/output_17.bin
t=1568ms server SEND_STATS cmd=output ok=1 ms=8 params_calls=0 params_bytes=0 input_calls=0 input_bytes=0 ins_calls=0 ins_bytes=0 usb_out_calls=0 usb_out_req=0 usb_out_done=0 usb_out_us=0 usb_in_calls=174 usb_in_req=177712 usb_in_done=176368 usb_in_us=6769 usb_event_calls=0 usb_event_req=0 usb_event_done=0 usb_event_us=0 usb_intr_calls=0 usb_intr_req=0 usb_intr_done=0 usb_intr_us=0 usb_timeouts=0 usb_failed=0
t=1568ms server SEND_SERVER_DONE cmd=output rc=0 bytes=176368 ms=8
t=1570ms bridge cmd=output seq=17 data_len=0 out_len=176368 ok=True ms=11
t=1570ms server command event
t=1571ms server SEND_STATS cmd=event ok=1 ms=0 params_calls=0 params_bytes=0 input_calls=0 input_bytes=0 ins_calls=0 ins_bytes=0 usb_out_calls=0 usb_out_req=0 usb_out_done=0 usb_out_us=0 usb_in_calls=0 usb_in_req=0 usb_in_done=0 usb_in_us=0 usb_event_calls=1 usb_event_req=16 usb_event_done=16 usb_event_us=39 usb_intr_calls=0 usb_intr_req=0 usb_intr_done=0 usb_intr_us=0 usb_timeouts=0 usb_failed=0
t=1571ms server SEND_SERVER_DONE cmd=event rc=0 bytes=0 ms=0
t=1576ms bridge cmd=event seq=18 data_len=0 out_len=0 ok=True ms=6
t=1588ms server command ins /tmp/sentai_emu_tpu_send_payloads/payload_19_ins.bin
t=1599ms server SEND_STATS cmd=ins ok=1 ms=9 params_calls=0 params_bytes=0 input_calls=0 input_bytes=0 ins_calls=1 ins_bytes=254304 usb_out_calls=3 usb_out_req=254312 usb_out_done=254312 usb_out_us=3038 usb_in_calls=0 usb_in_req=0 usb_in_done=0 usb_in_us=0 usb_event_calls=0 usb_event_req=0 usb_event_done=0 usb_event_us=0 usb_intr_calls=0 usb_intr_req=0 usb_intr_done=0 usb_intr_us=0 usb_timeouts=0 usb_failed=0
t=1599ms server SEND_SERVER_DONE cmd=ins rc=0 bytes=254304 ms=9
t=1604ms bridge cmd=ins seq=19 data_len=254304 out_len=0 ok=True ms=16
t=1605ms server command inputs /tmp/sentai_emu_tpu_send_payloads/payload_20_inputs.bin
t=1615ms server SEND_STATS cmd=inputs ok=1 ms=9 params_calls=0 params_bytes=0 input_calls=1 input_bytes=270000 ins_calls=0 ins_bytes=0 usb_out_calls=3 usb_out_req=270008 usb_out_done=270008 usb_out_us=3111 usb_in_calls=0 usb_in_req=0 usb_in_done=0 usb_in_us=0 usb_event_calls=0 usb_event_req=0 usb_event_done=0 usb_event_us=0 usb_intr_calls=0 usb_intr_req=0 usb_intr_done=0 usb_intr_us=0 usb_timeouts=0 usb_failed=0
t=1616ms server SEND_SERVER_DONE cmd=inputs rc=0 bytes=270000 ms=9
t=1621ms bridge cmd=inputs seq=20 data_len=270000 out_len=0 ok=True ms=16
t=1621ms server command output 7672 /tmp/sentai_emu_tpu_send_payloads/output_21.bin
t=1639ms server SEND_STATS cmd=output ok=1 ms=16 params_calls=0 params_bytes=0 input_calls=0 input_bytes=0 ins_calls=0 ins_bytes=0 usb_out_calls=0 usb_out_req=0 usb_out_done=0 usb_out_us=0 usb_in_calls=8 usb_in_req=7672 usb_in_done=7672 usb_in_us=16320 usb_event_calls=0 usb_event_req=0 usb_event_done=0 usb_event_us=0 usb_intr_calls=0 usb_intr_req=0 usb_intr_done=0 usb_intr_us=0 usb_timeouts=0 usb_failed=0
t=1639ms server SEND_SERVER_DONE cmd=output rc=0 bytes=7672 ms=16
t=1643ms bridge cmd=output seq=21 data_len=0 out_len=7672 ok=True ms=22
t=1643ms server command output 176368 /tmp/sentai_emu_tpu_send_payloads/output_22.bin
t=1653ms server SEND_STATS cmd=output ok=1 ms=8 params_calls=0 params_bytes=0 input_calls=0 input_bytes=0 ins_calls=0 ins_bytes=0 usb_out_calls=0 usb_out_req=0 usb_out_done=0 usb_out_us=0 usb_in_calls=174 usb_in_req=177712 usb_in_done=176368 usb_in_us=6877 usb_event_calls=0 usb_event_req=0 usb_event_done=0 usb_event_us=0 usb_intr_calls=0 usb_intr_req=0 usb_intr_done=0 usb_intr_us=0 usb_timeouts=0 usb_failed=0
t=1653ms server SEND_SERVER_DONE cmd=output rc=0 bytes=176368 ms=8
t=1654ms bridge cmd=output seq=22 data_len=0 out_len=176368 ok=True ms=11
t=1655ms server command event
t=1656ms server SEND_STATS cmd=event ok=1 ms=0 params_calls=0 params_bytes=0 input_calls=0 input_bytes=0 ins_calls=0 ins_bytes=0 usb_out_calls=0 usb_out_req=0 usb_out_done=0 usb_out_us=0 usb_in_calls=0 usb_in_req=0 usb_in_done=0 usb_in_us=0 usb_event_calls=1 usb_event_req=16 usb_event_done=16 usb_event_us=46 usb_intr_calls=0 usb_intr_req=0 usb_intr_done=0 usb_intr_us=0 usb_timeouts=0 usb_failed=0
t=1656ms server SEND_SERVER_DONE cmd=event rc=0 bytes=0 ms=0
t=1660ms bridge cmd=event seq=23 data_len=0 out_len=0 ok=True ms=5
t=1672ms server command ins /tmp/sentai_emu_tpu_send_payloads/payload_24_ins.bin
t=1682ms server SEND_STATS cmd=ins ok=1 ms=9 params_calls=0 params_bytes=0 input_calls=0 input_bytes=0 ins_calls=1 ins_bytes=254304 usb_out_calls=3 usb_out_req=254312 usb_out_done=254312 usb_out_us=3028 usb_in_calls=0 usb_in_req=0 usb_in_done=0 usb_in_us=0 usb_event_calls=0 usb_event_req=0 usb_event_done=0 usb_event_us=0 usb_intr_calls=0 usb_intr_req=0 usb_intr_done=0 usb_intr_us=0 usb_timeouts=0 usb_failed=0
t=1682ms server SEND_SERVER_DONE cmd=ins rc=0 bytes=254304 ms=9
t=1687ms bridge cmd=ins seq=24 data_len=254304 out_len=0 ok=True ms=16
t=1688ms server command inputs /tmp/sentai_emu_tpu_send_payloads/payload_25_inputs.bin
t=1700ms server SEND_STATS cmd=inputs ok=1 ms=10 params_calls=0 params_bytes=0 input_calls=1 input_bytes=270000 ins_calls=0 ins_bytes=0 usb_out_calls=3 usb_out_req=270008 usb_out_done=270008 usb_out_us=4100 usb_in_calls=0 usb_in_req=0 usb_in_done=0 usb_in_us=0 usb_event_calls=0 usb_event_req=0 usb_event_done=0 usb_event_us=0 usb_intr_calls=0 usb_intr_req=0 usb_intr_done=0 usb_intr_us=0 usb_timeouts=0 usb_failed=0
t=1700ms server SEND_SERVER_DONE cmd=inputs rc=0 bytes=270000 ms=10
t=1704ms bridge cmd=inputs seq=25 data_len=270000 out_len=0 ok=True ms=16
t=1704ms server command output 7672 /tmp/sentai_emu_tpu_send_payloads/output_26.bin
t=1722ms server SEND_STATS cmd=output ok=1 ms=16 params_calls=0 params_bytes=0 input_calls=0 input_bytes=0 ins_calls=0 ins_bytes=0 usb_out_calls=0 usb_out_req=0 usb_out_done=0 usb_out_us=0 usb_in_calls=8 usb_in_req=7672 usb_in_done=7672 usb_in_us=16300 usb_event_calls=0 usb_event_req=0 usb_event_done=0 usb_event_us=0 usb_intr_calls=0 usb_intr_req=0 usb_intr_done=0 usb_intr_us=0 usb_timeouts=0 usb_failed=0
t=1722ms server SEND_SERVER_DONE cmd=output rc=0 bytes=7672 ms=16
t=1725ms bridge cmd=output seq=26 data_len=0 out_len=7672 ok=True ms=21
t=1726ms server command output 176368 /tmp/sentai_emu_tpu_send_payloads/output_27.bin
t=1734ms server SEND_STATS cmd=output ok=1 ms=7 params_calls=0 params_bytes=0 input_calls=0 input_bytes=0 ins_calls=0 ins_bytes=0 usb_out_calls=0 usb_out_req=0 usb_out_done=0 usb_out_us=0 usb_in_calls=174 usb_in_req=177712 usb_in_done=176368 usb_in_us=6456 usb_event_calls=0 usb_event_req=0 usb_event_done=0 usb_event_us=0 usb_intr_calls=0 usb_intr_req=0 usb_intr_done=0 usb_intr_us=0 usb_timeouts=0 usb_failed=0
t=1734ms server SEND_SERVER_DONE cmd=output rc=0 bytes=176368 ms=7
t=1736ms bridge cmd=output seq=27 data_len=0 out_len=176368 ok=True ms=11
t=1737ms server command event
t=1738ms server SEND_STATS cmd=event ok=1 ms=0 params_calls=0 params_bytes=0 input_calls=0 input_bytes=0 ins_calls=0 ins_bytes=0 usb_out_calls=0 usb_out_req=0 usb_out_done=0 usb_out_us=0 usb_in_calls=0 usb_in_req=0 usb_in_done=0 usb_in_us=0 usb_event_calls=1 usb_event_req=16 usb_event_done=16 usb_event_us=35 usb_intr_calls=0 usb_intr_req=0 usb_intr_done=0 usb_intr_us=0 usb_timeouts=0 usb_failed=0
t=1738ms server SEND_SERVER_DONE cmd=event rc=0 bytes=0 ms=0
t=1743ms bridge cmd=event seq=28 data_len=0 out_len=0 ok=True ms=6
t=1771ms server command ins /tmp/sentai_emu_tpu_send_payloads/payload_29_ins.bin
t=1783ms server SEND_STATS cmd=ins ok=1 ms=10 params_calls=0 params_bytes=0 input_calls=0 input_bytes=0 ins_calls=1 ins_bytes=254304 usb_out_calls=3 usb_out_req=254312 usb_out_done=254312 usb_out_us=3104 usb_in_calls=0 usb_in_req=0 usb_in_done=0 usb_in_us=0 usb_event_calls=0 usb_event_req=0 usb_event_done=0 usb_event_us=0 usb_intr_calls=0 usb_intr_req=0 usb_intr_done=0 usb_intr_us=0 usb_timeouts=0 usb_failed=0
t=1783ms server SEND_SERVER_DONE cmd=ins rc=0 bytes=254304 ms=10
t=1787ms bridge cmd=ins seq=29 data_len=254304 out_len=0 ok=True ms=16
t=1788ms server command inputs /tmp/sentai_emu_tpu_send_payloads/payload_30_inputs.bin
t=1800ms server SEND_STATS cmd=inputs ok=1 ms=10 params_calls=0 params_bytes=0 input_calls=1 input_bytes=270000 ins_calls=0 ins_bytes=0 usb_out_calls=3 usb_out_req=270008 usb_out_done=270008 usb_out_us=3180 usb_in_calls=0 usb_in_req=0 usb_in_done=0 usb_in_us=0 usb_event_calls=0 usb_event_req=0 usb_event_done=0 usb_event_us=0 usb_intr_calls=0 usb_intr_req=0 usb_intr_done=0 usb_intr_us=0 usb_timeouts=0 usb_failed=0
t=1800ms server SEND_SERVER_DONE cmd=inputs rc=0 bytes=270000 ms=10
t=1804ms bridge cmd=inputs seq=30 data_len=270000 out_len=0 ok=True ms=16
t=1805ms server command output 7672 /tmp/sentai_emu_tpu_send_payloads/output_31.bin
t=1823ms server SEND_STATS cmd=output ok=1 ms=17 params_calls=0 params_bytes=0 input_calls=0 input_bytes=0 ins_calls=0 ins_bytes=0 usb_out_calls=0 usb_out_req=0 usb_out_done=0 usb_out_us=0 usb_in_calls=8 usb_in_req=7672 usb_in_done=7672 usb_in_us=17680 usb_event_calls=0 usb_event_req=0 usb_event_done=0 usb_event_us=0 usb_intr_calls=0 usb_intr_req=0 usb_intr_done=0 usb_intr_us=0 usb_timeouts=0 usb_failed=0
t=1823ms server SEND_SERVER_DONE cmd=output rc=0 bytes=7672 ms=17
t=1826ms bridge cmd=output seq=31 data_len=0 out_len=7672 ok=True ms=21
t=1827ms server command output 176368 /tmp/sentai_emu_tpu_send_payloads/output_32.bin
t=1836ms server SEND_STATS cmd=output ok=1 ms=8 params_calls=0 params_bytes=0 input_calls=0 input_bytes=0 ins_calls=0 ins_bytes=0 usb_out_calls=0 usb_out_req=0 usb_out_done=0 usb_out_us=0 usb_in_calls=174 usb_in_req=177712 usb_in_done=176368 usb_in_us=6976 usb_event_calls=0 usb_event_req=0 usb_event_done=0 usb_event_us=0 usb_intr_calls=0 usb_intr_req=0 usb_intr_done=0 usb_intr_us=0 usb_timeouts=0 usb_failed=0
t=1836ms server SEND_SERVER_DONE cmd=output rc=0 bytes=176368 ms=8
t=1838ms bridge cmd=output seq=32 data_len=0 out_len=176368 ok=True ms=12
t=1838ms server command event
t=1839ms server SEND_STATS cmd=event ok=1 ms=0 params_calls=0 params_bytes=0 input_calls=0 input_bytes=0 ins_calls=0 ins_bytes=0 usb_out_calls=0 usb_out_req=0 usb_out_done=0 usb_out_us=0 usb_in_calls=0 usb_in_req=0 usb_in_done=0 usb_in_us=0 usb_event_calls=1 usb_event_req=16 usb_event_done=16 usb_event_us=57 usb_intr_calls=0 usb_intr_req=0 usb_intr_done=0 usb_intr_us=0 usb_timeouts=0 usb_failed=0
t=1839ms server SEND_SERVER_DONE cmd=event rc=0 bytes=0 ms=0
t=1844ms bridge cmd=event seq=33 data_len=0 out_len=0 ok=True ms=6
t=1858ms server command ins /tmp/sentai_emu_tpu_send_payloads/payload_34_ins.bin
t=1869ms server SEND_STATS cmd=ins ok=1 ms=9 params_calls=0 params_bytes=0 input_calls=0 input_bytes=0 ins_calls=1 ins_bytes=254304 usb_out_calls=3 usb_out_req=254312 usb_out_done=254312 usb_out_us=3004 usb_in_calls=0 usb_in_req=0 usb_in_done=0 usb_in_us=0 usb_event_calls=0 usb_event_req=0 usb_event_done=0 usb_event_us=0 usb_intr_calls=0 usb_intr_req=0 usb_intr_done=0 usb_intr_us=0 usb_timeouts=0 usb_failed=0
t=1870ms server SEND_SERVER_DONE cmd=ins rc=0 bytes=254304 ms=9
t=1874ms bridge cmd=ins seq=34 data_len=254304 out_len=0 ok=True ms=16
t=1876ms server command inputs /tmp/sentai_emu_tpu_send_payloads/payload_35_inputs.bin
t=1887ms server SEND_STATS cmd=inputs ok=1 ms=9 params_calls=0 params_bytes=0 input_calls=1 input_bytes=270000 ins_calls=0 ins_bytes=0 usb_out_calls=3 usb_out_req=270008 usb_out_done=270008 usb_out_us=3038 usb_in_calls=0 usb_in_req=0 usb_in_done=0 usb_in_us=0 usb_event_calls=0 usb_event_req=0 usb_event_done=0 usb_event_us=0 usb_intr_calls=0 usb_intr_req=0 usb_intr_done=0 usb_intr_us=0 usb_timeouts=0 usb_failed=0
t=1887ms server SEND_SERVER_DONE cmd=inputs rc=0 bytes=270000 ms=9
t=1891ms bridge cmd=inputs seq=35 data_len=270000 out_len=0 ok=True ms=16
t=1892ms server command output 7672 /tmp/sentai_emu_tpu_send_payloads/output_36.bin
t=1911ms server SEND_STATS cmd=output ok=1 ms=17 params_calls=0 params_bytes=0 input_calls=0 input_bytes=0 ins_calls=0 ins_bytes=0 usb_out_calls=0 usb_out_req=0 usb_out_done=0 usb_out_us=0 usb_in_calls=8 usb_in_req=7672 usb_in_done=7672 usb_in_us=17525 usb_event_calls=0 usb_event_req=0 usb_event_done=0 usb_event_us=0 usb_intr_calls=0 usb_intr_req=0 usb_intr_done=0 usb_intr_us=0 usb_timeouts=0 usb_failed=0
t=1911ms server SEND_SERVER_DONE cmd=output rc=0 bytes=7672 ms=17
t=1913ms bridge cmd=output seq=36 data_len=0 out_len=7672 ok=True ms=21
t=1913ms server command output 176368 /tmp/sentai_emu_tpu_send_payloads/output_37.bin
t=1920ms server SEND_STATS cmd=output ok=1 ms=6 params_calls=0 params_bytes=0 input_calls=0 input_bytes=0 ins_calls=0 ins_bytes=0 usb_out_calls=0 usb_out_req=0 usb_out_done=0 usb_out_us=0 usb_in_calls=174 usb_in_req=177712 usb_in_done=176368 usb_in_us=5022 usb_event_calls=0 usb_event_req=0 usb_event_done=0 usb_event_us=0 usb_intr_calls=0 usb_intr_req=0 usb_intr_done=0 usb_intr_us=0 usb_timeouts=0 usb_failed=0
t=1920ms server SEND_SERVER_DONE cmd=output rc=0 bytes=176368 ms=6
t=1924ms bridge cmd=output seq=37 data_len=0 out_len=176368 ok=True ms=11
t=1925ms server command event
t=1926ms server SEND_STATS cmd=event ok=1 ms=0 params_calls=0 params_bytes=0 input_calls=0 input_bytes=0 ins_calls=0 ins_bytes=0 usb_out_calls=0 usb_out_req=0 usb_out_done=0 usb_out_us=0 usb_in_calls=0 usb_in_req=0 usb_in_done=0 usb_in_us=0 usb_event_calls=1 usb_event_req=16 usb_event_done=16 usb_event_us=43 usb_intr_calls=0 usb_intr_req=0 usb_intr_done=0 usb_intr_us=0 usb_timeouts=0 usb_failed=0
t=1926ms server SEND_SERVER_DONE cmd=event rc=0 bytes=0 ms=0
t=1930ms bridge cmd=event seq=38 data_len=0 out_len=0 ok=True ms=5
t=1943ms server command ins /tmp/sentai_emu_tpu_send_payloads/payload_39_ins.bin
t=1953ms server SEND_STATS cmd=ins ok=1 ms=9 params_calls=0 params_bytes=0 input_calls=0 input_bytes=0 ins_calls=1 ins_bytes=254304 usb_out_calls=3 usb_out_req=254312 usb_out_done=254312 usb_out_us=2873 usb_in_calls=0 usb_in_req=0 usb_in_done=0 usb_in_us=0 usb_event_calls=0 usb_event_req=0 usb_event_done=0 usb_event_us=0 usb_intr_calls=0 usb_intr_req=0 usb_intr_done=0 usb_intr_us=0 usb_timeouts=0 usb_failed=0
t=1953ms server SEND_SERVER_DONE cmd=ins rc=0 bytes=254304 ms=9
t=1953ms bridge cmd=ins seq=39 data_len=254304 out_len=0 ok=True ms=11
t=1954ms server command inputs /tmp/sentai_emu_tpu_send_payloads/payload_40_inputs.bin
t=1964ms server SEND_STATS cmd=inputs ok=1 ms=9 params_calls=0 params_bytes=0 input_calls=1 input_bytes=270000 ins_calls=0 ins_bytes=0 usb_out_calls=3 usb_out_req=270008 usb_out_done=270008 usb_out_us=3040 usb_in_calls=0 usb_in_req=0 usb_in_done=0 usb_in_us=0 usb_event_calls=0 usb_event_req=0 usb_event_done=0 usb_event_us=0 usb_intr_calls=0 usb_intr_req=0 usb_intr_done=0 usb_intr_us=0 usb_timeouts=0 usb_failed=0
t=1964ms server SEND_SERVER_DONE cmd=inputs rc=0 bytes=270000 ms=9
t=1969ms bridge cmd=inputs seq=40 data_len=270000 out_len=0 ok=True ms=16
t=1970ms server command output 7672 /tmp/sentai_emu_tpu_send_payloads/output_41.bin
t=1988ms server SEND_STATS cmd=output ok=1 ms=16 params_calls=0 params_bytes=0 input_calls=0 input_bytes=0 ins_calls=0 ins_bytes=0 usb_out_calls=0 usb_out_req=0 usb_out_done=0 usb_out_us=0 usb_in_calls=8 usb_in_req=7672 usb_in_done=7672 usb_in_us=16468 usb_event_calls=0 usb_event_req=0 usb_event_done=0 usb_event_us=0 usb_intr_calls=0 usb_intr_req=0 usb_intr_done=0 usb_intr_us=0 usb_timeouts=0 usb_failed=0
t=1988ms server SEND_SERVER_DONE cmd=output rc=0 bytes=7672 ms=16
t=1991ms bridge cmd=output seq=41 data_len=0 out_len=7672 ok=True ms=21
t=1991ms server command output 176368 /tmp/sentai_emu_tpu_send_payloads/output_42.bin
t=1999ms server SEND_STATS cmd=output ok=1 ms=6 params_calls=0 params_bytes=0 input_calls=0 input_bytes=0 ins_calls=0 ins_bytes=0 usb_out_calls=0 usb_out_req=0 usb_out_done=0 usb_out_us=0 usb_in_calls=174 usb_in_req=177712 usb_in_done=176368 usb_in_us=5737 usb_event_calls=0 usb_event_req=0 usb_event_done=0 usb_event_us=0 usb_intr_calls=0 usb_intr_req=0 usb_intr_done=0 usb_intr_us=0 usb_timeouts=0 usb_failed=0
t=1999ms server SEND_SERVER_DONE cmd=output rc=0 bytes=176368 ms=6
t=2002ms bridge cmd=output seq=42 data_len=0 out_len=176368 ok=True ms=11
t=2003ms server command event
t=2003ms server SEND_STATS cmd=event ok=1 ms=0 params_calls=0 params_bytes=0 input_calls=0 input_bytes=0 ins_calls=0 ins_bytes=0 usb_out_calls=0 usb_out_req=0 usb_out_done=0 usb_out_us=0 usb_in_calls=0 usb_in_req=0 usb_in_done=0 usb_in_us=0 usb_event_calls=1 usb_event_req=16 usb_event_done=16 usb_event_us=51 usb_intr_calls=0 usb_intr_req=0 usb_intr_done=0 usb_intr_us=0 usb_timeouts=0 usb_failed=0
t=2004ms server SEND_SERVER_DONE cmd=event rc=0 bytes=0 ms=0
t=2008ms bridge cmd=event seq=43 data_len=0 out_len=0 ok=True ms=5
t=2021ms server command ins /tmp/sentai_emu_tpu_send_payloads/payload_44_ins.bin
t=2032ms server SEND_STATS cmd=ins ok=1 ms=9 params_calls=0 params_bytes=0 input_calls=0 input_bytes=0 ins_calls=1 ins_bytes=254304 usb_out_calls=3 usb_out_req=254312 usb_out_done=254312 usb_out_us=3073 usb_in_calls=0 usb_in_req=0 usb_in_done=0 usb_in_us=0 usb_event_calls=0 usb_event_req=0 usb_event_done=0 usb_event_us=0 usb_intr_calls=0 usb_intr_req=0 usb_intr_done=0 usb_intr_us=0 usb_timeouts=0 usb_failed=0
t=2032ms server SEND_SERVER_DONE cmd=ins rc=0 bytes=254304 ms=9
t=2037ms bridge cmd=ins seq=44 data_len=254304 out_len=0 ok=True ms=16
t=2038ms server command inputs /tmp/sentai_emu_tpu_send_payloads/payload_45_inputs.bin
t=2048ms server SEND_STATS cmd=inputs ok=1 ms=9 params_calls=0 params_bytes=0 input_calls=1 input_bytes=270000 ins_calls=0 ins_bytes=0 usb_out_calls=3 usb_out_req=270008 usb_out_done=270008 usb_out_us=3079 usb_in_calls=0 usb_in_req=0 usb_in_done=0 usb_in_us=0 usb_event_calls=0 usb_event_req=0 usb_event_done=0 usb_event_us=0 usb_intr_calls=0 usb_intr_req=0 usb_intr_done=0 usb_intr_us=0 usb_timeouts=0 usb_failed=0
t=2048ms server SEND_SERVER_DONE cmd=inputs rc=0 bytes=270000 ms=9
t=2048ms bridge cmd=inputs seq=45 data_len=270000 out_len=0 ok=True ms=11
t=2049ms server command output 7672 /tmp/sentai_emu_tpu_send_payloads/output_46.bin
t=2072ms server SEND_STATS cmd=output ok=1 ms=22 params_calls=0 params_bytes=0 input_calls=0 input_bytes=0 ins_calls=0 ins_bytes=0 usb_out_calls=0 usb_out_req=0 usb_out_done=0 usb_out_us=0 usb_in_calls=8 usb_in_req=7672 usb_in_done=7672 usb_in_us=21849 usb_event_calls=0 usb_event_req=0 usb_event_done=0 usb_event_us=0 usb_intr_calls=0 usb_intr_req=0 usb_intr_done=0 usb_intr_us=0 usb_timeouts=0 usb_failed=0
t=2072ms server SEND_SERVER_DONE cmd=output rc=0 bytes=7672 ms=22
t=2075ms bridge cmd=output seq=46 data_len=0 out_len=7672 ok=True ms=26
t=2076ms server command output 176368 /tmp/sentai_emu_tpu_send_payloads/output_47.bin
t=2083ms server SEND_STATS cmd=output ok=1 ms=6 params_calls=0 params_bytes=0 input_calls=0 input_bytes=0 ins_calls=0 ins_bytes=0 usb_out_calls=0 usb_out_req=0 usb_out_done=0 usb_out_us=0 usb_in_calls=174 usb_in_req=177712 usb_in_done=176368 usb_in_us=5805 usb_event_calls=0 usb_event_req=0 usb_event_done=0 usb_event_us=0 usb_intr_calls=0 usb_intr_req=0 usb_intr_done=0 usb_intr_us=0 usb_timeouts=0 usb_failed=0
t=2084ms server SEND_SERVER_DONE cmd=output rc=0 bytes=176368 ms=6
t=2087ms bridge cmd=output seq=47 data_len=0 out_len=176368 ok=True ms=11
t=2087ms server command event
t=2088ms server SEND_STATS cmd=event ok=1 ms=0 params_calls=0 params_bytes=0 input_calls=0 input_bytes=0 ins_calls=0 ins_bytes=0 usb_out_calls=0 usb_out_req=0 usb_out_done=0 usb_out_us=0 usb_in_calls=0 usb_in_req=0 usb_in_done=0 usb_in_us=0 usb_event_calls=1 usb_event_req=16 usb_event_done=16 usb_event_us=57 usb_intr_calls=0 usb_intr_req=0 usb_intr_done=0 usb_intr_us=0 usb_timeouts=0 usb_failed=0
t=2088ms server SEND_SERVER_DONE cmd=event rc=0 bytes=0 ms=0
t=2092ms bridge cmd=event seq=48 data_len=0 out_len=0 ok=True ms=5
t=2111ms server command ins /tmp/sentai_emu_tpu_send_payloads/payload_49_ins.bin
t=2121ms server SEND_STATS cmd=ins ok=1 ms=9 params_calls=0 params_bytes=0 input_calls=0 input_bytes=0 ins_calls=1 ins_bytes=254304 usb_out_calls=3 usb_out_req=254312 usb_out_done=254312 usb_out_us=2935 usb_in_calls=0 usb_in_req=0 usb_in_done=0 usb_in_us=0 usb_event_calls=0 usb_event_req=0 usb_event_done=0 usb_event_us=0 usb_intr_calls=0 usb_intr_req=0 usb_intr_done=0 usb_intr_us=0 usb_timeouts=0 usb_failed=0
t=2121ms server SEND_SERVER_DONE cmd=ins rc=0 bytes=254304 ms=9
t=2126ms bridge cmd=ins seq=49 data_len=254304 out_len=0 ok=True ms=16
t=2128ms server command inputs /tmp/sentai_emu_tpu_send_payloads/payload_50_inputs.bin
t=2138ms server SEND_STATS cmd=inputs ok=1 ms=9 params_calls=0 params_bytes=0 input_calls=1 input_bytes=270000 ins_calls=0 ins_bytes=0 usb_out_calls=3 usb_out_req=270008 usb_out_done=270008 usb_out_us=3043 usb_in_calls=0 usb_in_req=0 usb_in_done=0 usb_in_us=0 usb_event_calls=0 usb_event_req=0 usb_event_done=0 usb_event_us=0 usb_intr_calls=0 usb_intr_req=0 usb_intr_done=0 usb_intr_us=0 usb_timeouts=0 usb_failed=0
t=2138ms server SEND_SERVER_DONE cmd=inputs rc=0 bytes=270000 ms=9
t=2143ms bridge cmd=inputs seq=50 data_len=270000 out_len=0 ok=True ms=16
t=2144ms server command output 7672 /tmp/sentai_emu_tpu_send_payloads/output_51.bin
t=2163ms server SEND_STATS cmd=output ok=1 ms=17 params_calls=0 params_bytes=0 input_calls=0 input_bytes=0 ins_calls=0 ins_bytes=0 usb_out_calls=0 usb_out_req=0 usb_out_done=0 usb_out_us=0 usb_in_calls=8 usb_in_req=7672 usb_in_done=7672 usb_in_us=17659 usb_event_calls=0 usb_event_req=0 usb_event_done=0 usb_event_us=0 usb_intr_calls=0 usb_intr_req=0 usb_intr_done=0 usb_intr_us=0 usb_timeouts=0 usb_failed=0
t=2163ms server SEND_SERVER_DONE cmd=output rc=0 bytes=7672 ms=17
t=2165ms bridge cmd=output seq=51 data_len=0 out_len=7672 ok=True ms=21
t=2165ms server command output 176368 /tmp/sentai_emu_tpu_send_payloads/output_52.bin
t=2173ms server SEND_STATS cmd=output ok=1 ms=7 params_calls=0 params_bytes=0 input_calls=0 input_bytes=0 ins_calls=0 ins_bytes=0 usb_out_calls=0 usb_out_req=0 usb_out_done=0 usb_out_us=0 usb_in_calls=174 usb_in_req=177712 usb_in_done=176368 usb_in_us=6026 usb_event_calls=0 usb_event_req=0 usb_event_done=0 usb_event_us=0 usb_intr_calls=0 usb_intr_req=0 usb_intr_done=0 usb_intr_us=0 usb_timeouts=0 usb_failed=0
t=2173ms server SEND_SERVER_DONE cmd=output rc=0 bytes=176368 ms=7
t=2176ms bridge cmd=output seq=52 data_len=0 out_len=176368 ok=True ms=11
t=2177ms server command event
t=2177ms server SEND_STATS cmd=event ok=1 ms=0 params_calls=0 params_bytes=0 input_calls=0 input_bytes=0 ins_calls=0 ins_bytes=0 usb_out_calls=0 usb_out_req=0 usb_out_done=0 usb_out_us=0 usb_in_calls=0 usb_in_req=0 usb_in_done=0 usb_in_us=0 usb_event_calls=1 usb_event_req=16 usb_event_done=16 usb_event_us=59 usb_intr_calls=0 usb_intr_req=0 usb_intr_done=0 usb_intr_us=0 usb_timeouts=0 usb_failed=0
t=2178ms server SEND_SERVER_DONE cmd=event rc=0 bytes=0 ms=0
t=2182ms bridge cmd=event seq=53 data_len=0 out_len=0 ok=True ms=5
