14:35:58.1030 [INFO] Loaded monitor commands from: /home/bogdan/work/renode_portable/scripts/monitor.py
Renode, version 1.16.1 (ac18b5ac-202606020225)


(monitor) i $CWD/emu/renode/sentai_emu_tpu_fps_mem_session_repl.resc

14:35:58.2244 [INFO] Including script(s): /home/bogdan/work/coralmicro/emu/renode/sentai_emu_tpu_fps_mem_session_repl.resc
14:35:58.2402 [INFO] System bus created.
14:35:59.0734 [INFO] Old file /home/bogdan/work/coralmicro/emu/output/sentai_emu_tpu_fps_mem_session_repl.log moved to /home/bogdan/work/coralmicro/emu/output/sentai_emu_tpu_fps_mem_session_repl.log.2
14:35:59.0907 [INFO] sysbus: Loading block of 3072 bytes length at 0x0.
14:35:59.1012 [INFO] sysbus: Loading block of 229160 bytes length at 0xC00.
14:35:59.1015 [INFO] sysbus: Loading block of 202440 bytes length at 0x38B28.
14:35:59.1018 [INFO] sysbus: Loading block of 16777216 bytes length at 0x80000000.
14:35:59.1266 [INFO] sysbus: Loading block of 54680 bytes length at 0x81000000.
14:35:59.6013 [INFO] cpu: Setting initial values: PC = 0xCBD, SP = 0x20040000.
14:35:59.6040 [INFO] machine-0: Machine started.
14:35:59.6849 [WARNING] nvic: Unhandled write to offset 0xF50 (ICacheInvalidateAllToPoUaIgnored), value 0x0.
14:35:59.7096 [WARNING] nvic: Trying to set the priority for interrupt 16 to 0xFF, but it should be maskable with 0xF0
14:37:15.8293 [INFO] machine-0: Machine paused.
sentai_emu_tpu_fps_mem_session_repl PC:

0x1cf2

sentai_emu_tpu_fps_mem_session_repl boot_state:

0x00000500

sentai_emu_tpu_fps_mem_session_repl heartbeat:

0x00000001

sentai_emu_tpu_fps_mem_session_repl repl_lines:

0x00000001

sentai_emu_tpu_fps_mem_session_repl last_tick:

0x000007D9

(machine-0) 14:37:15.8973 [INFO] machine-0: Disposed.
