[sim] FS root: /home/bogdan/work/coralmicro/examples/sentai_runtime/experiments/s209_virtual_camera_tpu_e2e/iter288_virtual_camera_flow_tpu_shift/fs_root
[sim] sentai_sim build #1116 (2026-06-01 19:31:35)
[sim] FreeRTOS POSIX port: tick=1000 Hz, heap=4194304 bytes
[sim] MicroPython heap: 2097152 bytes
[sim] sentai.fr auto-start: dir=/home/bogdan/work/coralmicro/examples/sentai_runtime/experiments/s209_virtual_camera_tpu_e2e/iter288_virtual_camera_flow_tpu_shift/fs_root/fr init=0 events=0 scalars=0 debug=0 task=0

MicroPython on SentAI SIM (FreeRTOS POSIX port + MicroPython embed)
Type expressions, end with Enter.  Ctrl-D or 'exit' to quit.
Try: sentai.version(), sentai.fs.write(...), help()

>>> [sentai_fr] worker START
camera_bridge: listening on /tmp/sentai_cam.sock (waiting for Gazebo bridge)
>>> MODEL_SIZE 7077792
IMG0_SIZE 921654
IMGN_SIZE 921654
READY
[tpu-pycoral] connected helper pid=419229 sock=/tmp/sentai_tpu_pycoral_419221.sock
CMD LOAD slot=0 path=/home/bogdan/work/coralmicro/examples/sentai_runtime/experiments/s209_virtual_camera_tpu_e2e/iter288_virtual_camera_flow_tpu_shift/fs_root/models/tf2_ssd_mobilenet_v2_coco17_ptq_edgetpu.tflite
CMD LOAD made_interpreter slot=0
CMD LOAD allocated slot=0
CMD LOAD done slot=0 outputs=4
[tpu-pycoral] LOAD reply: OK LOAD 0 3 270000 4 1 300 300 3 0.00784313772 127 4
[tpu-pycoral] OUT[0]: bytes=80 shape=1x20x0x0
[tpu-pycoral] OUT[1]: bytes=320 shape=1x20x4x0
[tpu-pycoral] OUT[2]: bytes=4 shape=1x0x0x0
[tpu-pycoral] OUT[3]: bytes=80 shape=1x20x0x0
[tpu-pycoral] loaded slot=0 input=300x300x3 outputs=4
TPU_LOAD 0
TPU_READY True
FLOW_START 0
PIPE_DIRECT_TENSOR_PREV 1
PIPE_TARGET_FPS 0
PIPE_PREP_FPS 0
[det_prep] start
[det_prep] grab idx=-2 raw=(nil)
[det_infer] start
E:0480:100
PIPE_START 0
FRAME 0 SELECT_BEGIN
FRAME 0 SELECT_RC 0
FRAME 0 PIPE_GET_BEGIN
[det_prep] grab idx=0 raw=0x59fb62faa680
[det_prep] fire_mask=0x00000010
[det_prep] pxp begin 300x300
[det_prep] pxp rc=0 ms=1
[det_prep] flow publish begin
[det_prep] flow publish done
[det_prep] frame signaled seq=1
[det_infer] frame ready direct=0
CMD INVOKE slot=0 nbytes=270000
[det_prep] grab idx=-2 raw=(nil)
[det_prep] grab idx=-2 raw=(nil)
[det_prep] grab idx=-2 raw=(nil)
[det_prep] grab idx=-2 raw=(nil)
CMD INVOKE done slot=0 ms=29 outputs=4 total=484
[det_infer] invoke_ms=29
[det_infer] nms det_count=20
[det_infer] queued frame=1 dets=20
FRAME 0 PIPE_DONE True
FRAME 0 FLOW (True, 1, 0, 0, 0, 1, -1)
FRAME_RECORD (0, 0, (True, 1, 0, 0, 0, 1, -1), 0, 29, ((25, 95, 145, 204, 758, 71), (33, 108, 113, 191, 500, 16), (8, 72, 153, 239, 313, 71), (52, 96, 135, 145, 293, 62), (65, 99, 111, 178, 293, 16), (30, 109, 81, 190, 285, 61), (69, 103, 101, 131, 234, 74), (43, 104, 126, 156, 215, 62), (87, 94, 140, 166, 203, 69), (28, 96, 75, 161, 195, 61), (8, 44, 275, 271, 172, 71), (25, 119, 66, 197, 172, 61), (36, 95, 50, 135, 168, 83), (66, 110, 81, 131, 160, 74), (5, 82, 243, 229, 156, 71), (107, 116, 138, 150, 156, 50), (31, 94, 94, 142, 148, 61), (38, 153, 136, 196, 145, 61), (100, 31, 299, 300, 145, 0), (73, 113, 100, 155, 145, 16)))
FRAME 1 SELECT_BEGIN
FRAME 1 SELECT_RC 0
FRAME 1 PIPE_GET_BEGIN
[det_prep] grab idx=0 raw=0x59fb62faa680
[det_prep] fire_mask=0x00000010
[det_prep] pxp begin 300x300
[det_prep] pxp rc=0 ms=1
[det_prep] flow publish begin
[det_prep] flow publish done
[det_prep] frame signaled seq=2
[det_infer] frame ready direct=0
CMD INVOKE slot=0 nbytes=270000
[det_prep] grab idx=-2 raw=(nil)
CMD INVOKE done slot=0 ms=12 outputs=4 total=484
[det_infer] invoke_ms=12
[det_infer] nms det_count=20
[det_infer] queued frame=2 dets=20
FRAME 1 PIPE_DONE True
FRAME 1 FLOW (True, 1, -145, 8, 252, 2, -1)
FRAME_RECORD (1, 0, (True, 1, -145, 8, 252, 2, -1), 0, 12, ((27, 94, 145, 203, 758, 71), (33, 108, 113, 191, 523, 0), (19, 84, 176, 222, 293, 71), (30, 106, 82, 189, 293, 61), (75, 105, 101, 127, 266, 74), (66, 102, 111, 180, 258, 16), (88, 93, 141, 164, 250, 69), (46, 96, 137, 143, 242, 62), (13, 71, 240, 244, 227, 71), (69, 111, 82, 130, 195, 74), (40, 107, 124, 158, 168, 62), (29, 97, 77, 163, 168, 61), (94, 32, 299, 297, 160, 0), (37, 95, 50, 136, 156, 83), (107, 116, 139, 152, 156, 50), (38, 154, 138, 195, 145, 0), (26, 118, 67, 198, 145, 61), (33, 94, 98, 143, 133, 61), (75, 113, 102, 156, 133, 16), (48, 94, 62, 122, 121, 83)))
FRAME 2 SELECT_BEGIN
FRAME 2 SELECT_RC 0
FRAME 2 PIPE_GET_BEGIN
[det_prep] fire_mask=0x00000010
[det_prep] pxp begin 300x300
[det_prep] pxp rc=0 ms=1
[det_prep] flow publish begin
[det_prep] flow publish done
[det_prep] frame signaled seq=3
[det_infer] frame ready direct=0
CMD INVOKE slot=0 nbytes=270000
CMD INVOKE done slot=0 ms=12 outputs=4 total=484
[det_infer] invoke_ms=12
[det_infer] nms det_count=20
[det_infer] queued frame=3 dets=20
FRAME 2 PIPE_DONE True
FRAME 2 FLOW (True, 1, -120, 7, 252, 3, -1)
FRAME_RECORD (2, 0, (True, 1, -120, 7, 252, 3, -1), 0, 12, ((25, 95, 147, 204, 773, 71), (35, 108, 113, 191, 547, 0), (8, 69, 153, 239, 324, 71), (29, 106, 83, 190, 285, 61), (66, 102, 111, 182, 266, 16), (87, 94, 142, 163, 250, 69), (73, 104, 100, 127, 242, 74), (48, 95, 137, 141, 234, 62), (10, 43, 273, 269, 211, 71), (40, 107, 122, 161, 203, 62), (29, 95, 78, 162, 180, 61), (69, 111, 82, 130, 172, 74), (39, 95, 48, 138, 172, 83), (97, 25, 299, 298, 160, 0), (6, 79, 242, 229, 160, 71), (26, 121, 67, 198, 156, 61), (107, 114, 140, 153, 148, 50), (51, 93, 61, 123, 148, 83), (39, 152, 135, 195, 145, 61), (23, 87, 149, 159, 137, 71)))
FRAME 3 SELECT_BEGIN
FRAME 3 SELECT_RC 0
FRAME 3 PIPE_GET_BEGIN
[det_prep] fire_mask=0x00000010
[det_prep] pxp begin 300x300
[det_prep] pxp rc=0 ms=1
[det_prep] flow publish begin
[det_prep] flow publish done
[det_prep] frame signaled seq=4
[det_infer] frame ready direct=0
CMD INVOKE slot=0 nbytes=270000
CMD INVOKE done slot=0 ms=12 outputs=4 total=484
[det_infer] invoke_ms=12
[det_infer] nms det_count=20
[det_infer] queued frame=4 dets=20
FRAME 3 PIPE_DONE True
FRAME 3 FLOW (True, 1, -132, 7, 252, 4, -1)
FRAME_RECORD (3, 0, (True, 1, -132, 7, 252, 4, -1), 0, 12, ((29, 95, 147, 203, 785, 71), (38, 108, 115, 192, 512, 0), (16, 79, 174, 222, 375, 71), (66, 96, 140, 153, 277, 50), (11, 73, 238, 243, 266, 71), (34, 120, 80, 194, 266, 61), (71, 102, 102, 131, 258, 74), (62, 102, 111, 182, 211, 0), (69, 113, 80, 131, 188, 74), (39, 85, 148, 167, 188, 71), (21, 42, 278, 291, 172, 71), (35, 92, 120, 146, 172, 61), (31, 96, 78, 159, 168, 61), (7, 20, 156, 210, 148, 71), (48, 92, 62, 124, 148, 83), (41, 152, 140, 194, 148, 61), (95, 102, 141, 182, 145, 69), (72, 117, 82, 148, 137, 45), (43, 145, 71, 192, 133, 61), (104, 94, 145, 167, 133, 69)))
OVERLAY_WRITTEN 0
[det_infer] frame ready direct=0
E:0481:4
PIPE_STOP 0
FLOW_STOP 0
FLOW_TPU_RESULTS {'flow_pub_stats': {'grab_fail_total': 0, 'grab_fail_streak': 0, 'running': False, 'frames': 4}, 'records': [(0, 0, (True, 1, 0, 0, 0, 1, -1), 0, 29, ((25, 95, 145, 204, 758, 71), (33, 108, 113, 191, 500, 16), (8, 72, 153, 239, 313, 71), (52, 96, 135, 145, 293, 62), (65, 99, 111, 178, 293, 16), (30, 109, 81, 190, 285, 61), (69, 103, 101, 131, 234, 74), (43, 104, 126, 156, 215, 62), (87, 94, 140, 166, 203, 69), (28, 96, 75, 161, 195, 61), (8, 44, 275, 271, 172, 71), (25, 119, 66, 197, 172, 61), (36, 95, 50, 135, 168, 83), (66, 110, 81, 131, 160, 74), (5, 82, 243, 229, 156, 71), (107, 116, 138, 150, 156, 50), (31, 94, 94, 142, 148, 61), (38, 153, 136, 196, 145, 61), (100, 31, 299, 300, 145, 0), (73, 113, 100, 155, 145, 16))), (1, 0, (True, 1, -145, 8, 252, 2, -1), 0, 12, ((27, 94, 145, 203, 758, 71), (33, 108, 113, 191, 523, 0), (19, 84, 176, 222, 293, 71), (30, 106, 82, 189, 293, 61), (75, 105, 101, 127, 266, 74), (66, 102, 111, 180, 258, 16), (88, 93, 141, 164, 250, 69), (46, 96, 137, 143, 242, 62), (13, 71, 240, 244, 227, 71), (69, 111, 82, 130, 195, 74), (40, 107, 124, 158, 168, 62), (29, 97, 77, 163, 168, 61), (94, 32, 299, 297, 160, 0), (37, 95, 50, 136, 156, 83), (107, 116, 139, 152, 156, 50), (38, 154, 138, 195, 145, 0), (26, 118, 67, 198, 145, 61), (33, 94, 98, 143, 133, 61), (75, 113, 102, 156, 133, 16), (48, 94, 62, 122, 121, 83))), (2, 0, (True, 1, -120, 7, 252, 3, -1), 0, 12, ((25, 95, 147, 204, 773, 71), (35, 108, 113, 191, 547, 0), (8, 69, 153, 239, 324, 71), (29, 106, 83, 190, 285, 61), (66, 102, 111, 182, 266, 16), (87, 94, 142, 163, 250, 69), (73, 104, 100, 127, 242, 74), (48, 95, 137, 141, 234, 62), (10, 43, 273, 269, 211, 71), (40, 107, 122, 161, 203, 62), (29, 95, 78, 162, 180, 61), (69, 111, 82, 130, 172, 74), (39, 95, 48, 138, 172, 83), (97, 25, 299, 298, 160, 0), (6, 79, 242, 229, 160, 71), (26, 121, 67, 198, 156, 61), (107, 114, 140, 153, 148, 50), (51, 93, 61, 123, 148, 83), (39, 152, 135, 195, 145, 61), (23, 87, 149, 159, 137, 71))), (3, 0, (True, 1, -132, 7, 252, 4, -1), 0, 12, ((29, 95, 147, 203, 785, 71), (38, 108, 115, 192, 512, 0), (16, 79, 174, 222, 375, 71), (66, 96, 140, 153, 277, 50), (11, 73, 238, 243, 266, 71), (34, 120, 80, 194, 266, 61), (71, 102, 102, 131, 258, 74), (62, 102, 111, 182, 211, 0), (69, 113, 80, 131, 188, 74), (39, 85, 148, 167, 188, 71), (21, 42, 278, 291, 172, 71), (35, 92, 120, 146, 172, 61), (31, 96, 78, 159, 168, 61), (7, 20, 156, 210, 148, 71), (48, 92, 62, 124, 148, 83), (41, 152, 140, 194, 148, 61), (95, 102, 141, 182, 145, 69), (72, 117, 82, 148, 137, 45), (43, 145, 71, 192, 133, 61), (104, 94, 145, 167, 133, 69)))]}
FLOW_TPU_RESULTS_WRITTEN True
0
>>> [sim] user exit
[sim] REPL task done, terminating process
