14:32:18.6729 [INFO] Loaded monitor commands from: /home/bogdan/work/renode_portable/scripts/monitor.py
Renode, version 1.16.1 (ac18b5ac-202606020225)


(monitor) i $CWD/emu/renode/sentai_emu_tpu_fps_mem_session_repl.resc

14:32:18.7935 [INFO] Including script(s): /home/bogdan/work/coralmicro/emu/renode/sentai_emu_tpu_fps_mem_session_repl.resc
14:32:18.8090 [INFO] System bus created.
14:32:19.6616 [INFO] sysbus: Loading block of 3072 bytes length at 0x0.
14:32:19.6723 [INFO] sysbus: Loading block of 229160 bytes length at 0xC00.
14:32:19.6726 [INFO] sysbus: Loading block of 202440 bytes length at 0x38B28.
14:32:19.6728 [INFO] sysbus: Loading block of 16777216 bytes length at 0x80000000.
14:32:19.6931 [INFO] sysbus: Loading block of 54680 bytes length at 0x81000000.
14:32:20.1243 [INFO] cpu: Setting initial values: PC = 0xCBD, SP = 0x20040000.
14:32:20.1270 [INFO] machine-0: Machine started.
14:32:20.2042 [WARNING] nvic: Unhandled write to offset 0xF50 (ICacheInvalidateAllToPoUaIgnored), value 0x0.
14:32:20.2300 [WARNING] nvic: Trying to set the priority for interrupt 16 to 0xFF, but it should be maskable with 0xF0
14:33:34.6464 [INFO] machine-0: Machine paused.
sentai_emu_tpu_fps_mem_session_repl PC:

0x1cf2

sentai_emu_tpu_fps_mem_session_repl boot_state:

0x00000500

sentai_emu_tpu_fps_mem_session_repl heartbeat:

0x00000001

sentai_emu_tpu_fps_mem_session_repl repl_lines:

0x00000001

sentai_emu_tpu_fps_mem_session_repl last_tick:

0x000007D9

(machine-0) 14:33:34.7136 [INFO] machine-0: Disposed.
