12:56:19.7230 [INFO] Loaded monitor commands from: /home/bogdan/work/renode_portable/scripts/monitor.py
Renode, version 1.16.1 (ac18b5ac-202606020225)


(monitor) i $CWD/emu/renode/sentai_emu_tpu_cat_repl.resc

12:56:19.9137 [INFO] Including script(s): /home/bogdan/work/coralmicro/emu/renode/sentai_emu_tpu_cat_repl.resc
12:56:19.9352 [INFO] System bus created.
12:56:21.2833 [INFO] Old file /home/bogdan/work/coralmicro/emu/output/sentai_emu_tpu_cat_repl.log moved to /home/bogdan/work/coralmicro/emu/output/sentai_emu_tpu_cat_repl.log.9
12:56:21.3099 [INFO] sysbus: Loading block of 3072 bytes length at 0x0.
12:56:21.3245 [INFO] sysbus: Loading block of 228288 bytes length at 0xC00.
12:56:21.3249 [INFO] sysbus: Loading block of 202432 bytes length at 0x387C0.
12:56:21.3253 [INFO] sysbus: Loading block of 16777216 bytes length at 0x80000000.
12:56:21.3543 [INFO] sysbus: Loading block of 54680 bytes length at 0x81000000.
12:56:21.9968 [INFO] cpu: Setting initial values: PC = 0xCBD, SP = 0x20040000.
12:56:22.0004 [INFO] machine-0: Machine started.
12:56:22.1016 [WARNING] nvic: Unhandled write to offset 0xF50 (ICacheInvalidateAllToPoUaIgnored), value 0x0.
12:56:22.1358 [WARNING] nvic: Trying to set the priority for interrupt 16 to 0xFF, but it should be maskable with 0xF0
12:57:55.2259 [INFO] machine-0: Machine paused.
sentai_emu_tpu_cat_repl PC:

0x1cf2

sentai_emu_tpu_cat_repl boot_state:

0x00000500

sentai_emu_tpu_cat_repl heartbeat:

0x00000001

sentai_emu_tpu_cat_repl repl_lines:

0x00000001

sentai_emu_tpu_cat_repl last_tick:

0x000007B0

(machine-0) 12:57:55.3142 [INFO] machine-0: Disposed.
