07:52:34.8045 [INFO] Loaded monitor commands from: /home/bogdan/work/renode_portable/scripts/monitor.py
Renode, version 1.16.1 (ac18b5ac-202606020225)


(monitor) i $CWD/emu/renode/sentai_emu_tpu_cat_repl.resc

07:52:34.9230 [INFO] Including script(s): /home/bogdan/work/coralmicro/emu/renode/sentai_emu_tpu_cat_repl.resc
07:52:34.9384 [INFO] System bus created.
07:52:35.7605 [INFO] Old file /home/bogdan/work/coralmicro/emu/output/sentai_emu_tpu_cat_repl.log moved to /home/bogdan/work/coralmicro/emu/output/sentai_emu_tpu_cat_repl.log.7
07:52:35.7801 [INFO] sysbus: Loading block of 3072 bytes length at 0x0.
07:52:35.7907 [INFO] sysbus: Loading block of 228032 bytes length at 0xC00.
07:52:35.7911 [INFO] sysbus: Loading block of 202432 bytes length at 0x386C0.
07:52:35.7913 [INFO] sysbus: Loading block of 16777216 bytes length at 0x80000000.
07:52:35.8120 [INFO] sysbus: Loading block of 54680 bytes length at 0x81000000.
07:52:36.2598 [INFO] cpu: Setting initial values: PC = 0xCBD, SP = 0x20040000.
07:52:36.2625 [INFO] machine-0: Machine started.
07:52:36.3378 [WARNING] nvic: Unhandled write to offset 0xF50 (ICacheInvalidateAllToPoUaIgnored), value 0x0.
07:52:36.3629 [WARNING] nvic: Trying to set the priority for interrupt 16 to 0xFF, but it should be maskable with 0xF0
07:53:46.9211 [INFO] machine-0: Machine paused.
sentai_emu_tpu_cat_repl PC:

0x1cf0

sentai_emu_tpu_cat_repl boot_state:

0x00000500

sentai_emu_tpu_cat_repl heartbeat:

0x00000001

sentai_emu_tpu_cat_repl repl_lines:

0x00000001

sentai_emu_tpu_cat_repl last_tick:

0x000007B8

(machine-0) 07:53:46.9832 [INFO] machine-0: Disposed.
