14:30:51.5000 [INFO] Loaded monitor commands from: /home/bogdan/work/renode_portable/scripts/monitor.py
Renode, version 1.16.1 (ac18b5ac-202606020225)


(monitor) i $CWD/emu/renode/sentai_emu_edgetpu_synth_enum_probe.resc

14:30:51.6658 [INFO] Including script(s): /home/bogdan/work/coralmicro/emu/renode/sentai_emu_edgetpu_synth_enum_probe.resc
14:30:51.6829 [INFO] System bus created.
14:30:52.5502 [INFO] Old file /home/bogdan/work/coralmicro/emu/output/sentai_emu_edgetpu_synth_enum_probe.log moved to /home/bogdan/work/coralmicro/emu/output/sentai_emu_edgetpu_synth_enum_probe.log.1
14:30:52.5674 [INFO] sysbus: Loading block of 3072 bytes length at 0x0.
14:30:52.5788 [INFO] sysbus: Loading block of 54352 bytes length at 0xC00.
14:30:52.5788 [INFO] sysbus: Loading block of 484 bytes length at 0xE050.
14:30:52.5789 [INFO] sysbus: Loading block of 9296 bytes length at 0xE260.
14:30:52.5789 [INFO] sysbus: Loading block of 8192 bytes length at 0x20000000.
14:30:52.5789 [INFO] sysbus: Loading block of 16777216 bytes length at 0x80000000.
14:30:53.0891 [INFO] cpu: Setting initial values: PC = 0xCBD, SP = 0x20040000.
14:30:53.0917 [INFO] machine-0: Machine started.
14:30:53.1703 [WARNING] nvic: Unhandled write to offset 0xF50 (ICacheInvalidateAllToPoUaIgnored), value 0x0.
14:30:53.2039 [WARNING] nvic: Trying to set the priority for interrupt 16 to 0xFF, but it should be maskable with 0xF0
14:30:56.0945 [INFO] machine-0: Machine paused.
sentai_emu_edgetpu_synth_enum_probe PC:

0x6cd8

sentai_emu_edgetpu_synth_enum_probe boot_state:

0x00000600

sentai_emu_edgetpu_synth_enum_probe step:

0x00000010

sentai_emu_edgetpu_synth_enum_probe heartbeat:

0x00000129

sentai_emu_edgetpu_synth_enum_probe last_tick:

0x00000B90

(machine-0) 14:30:56.1751 [INFO] machine-0: Disposed.
