[sim] FS root: /home/bogdan/work/coralmicro/examples/sentai_runtime/experiments/s209_virtual_camera_tpu_e2e/iter324_virtual_camera_flow_tpu_shift/fs_root
[sim] sentai_sim build #1145 (2026-06-01 21:55:42)
[sim] FreeRTOS POSIX port: tick=1000 Hz, heap=4194304 bytes
[sim] MicroPython heap: 2097152 bytes
camera_bridge: listening on /tmp/sentai_cam.sock (waiting for Gazebo bridge)
[sentai_fr] worker START
[sim] sentai.fr auto-start: dir=/home/bogdan/work/coralmicro/examples/sentai_runtime/experiments/s209_virtual_camera_tpu_e2e/iter324_virtual_camera_flow_tpu_shift/fs_root/fr init=0 events=0 scalars=0 debug=0 task=0

MicroPython on SentAI SIM (FreeRTOS POSIX port + MicroPython embed)
Type expressions, end with Enter.  Ctrl-D or 'exit' to quit.
Try: sentai.version(), sentai.fs.write(...), help()

>>> >>> MODEL_SIZE 7077792
IMG0_SIZE 921654
IMGN_SIZE 921654
READY
[tpu-pycoral] connected helper pid=451334 sock=/tmp/sentai_tpu_pycoral_451326.sock
CMD LOAD slot=0 path=/home/bogdan/work/coralmicro/examples/sentai_runtime/experiments/s209_virtual_camera_tpu_e2e/iter324_virtual_camera_flow_tpu_shift/fs_root/models/tf2_ssd_mobilenet_v2_coco17_ptq_edgetpu.tflite
CMD LOAD made_interpreter slot=0
CMD LOAD allocated slot=0
CMD LOAD done slot=0 outputs=4
[tpu-pycoral] LOAD reply: OK LOAD 0 3 270000 4 1 300 300 3 0.00784313772 127 4
[tpu-pycoral] OUT[0]: bytes=80 shape=1x20x0x0
[tpu-pycoral] OUT[1]: bytes=320 shape=1x20x4x0
[tpu-pycoral] OUT[2]: bytes=4 shape=1x0x0x0
[tpu-pycoral] OUT[3]: bytes=80 shape=1x20x0x0
[tpu-pycoral] loaded slot=0 input=300x300x3 outputs=4
TPU_LOAD 0
TPU_READY True
FLOW_START 0
PIPE_DIRECT_TENSOR_PREV 1
PIPE_TARGET_FPS 0
PIPE_PREP_FPS 0
[det_prep] start
[det_prep] grab idx=-2 raw=(nil)
[det_infer] start
E:0480:100
PIPE_START 0
[virt_cam] START dir=/images/shift frames=3 fps=10 limit=4
[det_prep] grab idx=0 raw=0x5ace84e17840
[det_prep] fire_mask=0x00000010
[det_prep] pxp begin 300x300
[det_prep] pxp rc=0 ms=1
[det_prep] flow publish begin
[det_prep] flow publish done
[det_infer] frame ready direct=1
CMD INVOKE slot=0 nbytes=270000
CMD INVOKE done slot=0 ms=29 outputs=4 total=484
[det_infer] invoke_ms=29
[det_infer] nms det_count=20
[det_infer] queued frame=1 dets=20
[det_prep] frame signaled seq=1
[det_prep] grab idx=-2 raw=(nil)
[virt_cam] publish idx=0 rc=0 path=/images/shift/frame_000.bmp
CAM_PLAY 3 DIR /images/shift FPS 10 COUNT 4
FRAME 0 PIPE_GET_BEGIN
[det_get_after] after=0 rc=20 latest_seq=1 word=2
FRAME 0 PIPE_DONE True
FRAME 0 FLOW (True, 1, 0, 0, 0, 1, -1)
FRAME_RECORD (0, 0, (True, 1, 0, 0, 0, 1, -1), 0, 29, ((25, 95, 145, 204, 758, 71), (33, 108, 113, 191, 500, 16), (8, 72, 153, 239, 313, 71), (52, 96, 135, 145, 293, 62), (65, 99, 111, 178, 293, 16), (30, 109, 81, 190, 285, 61), (69, 103, 101, 131, 234, 74), (43, 104, 126, 156, 215, 62), (87, 94, 140, 166, 203, 69), (28, 96, 75, 161, 195, 61), (8, 44, 275, 271, 172, 71), (25, 119, 66, 197, 172, 61), (36, 95, 50, 135, 168, 83), (66, 110, 81, 131, 160, 74), (5, 82, 243, 229, 156, 71), (107, 116, 138, 150, 156, 50), (31, 94, 94, 142, 148, 61), (38, 153, 136, 196, 145, 61), (100, 31, 299, 300, 145, 0), (73, 113, 100, 155, 145, 16)))
FRAME 1 PIPE_GET_BEGIN
[det_get_after] after=1 rc=-1 latest_seq=1 word=2
[det_get_after] after=1 rc=-1 latest_seq=1 word=2
[det_get_after] after=1 rc=-1 latest_seq=1 word=2
[det_get_after] after=1 rc=-1 latest_seq=1 word=2
[det_get_after] after=1 rc=-1 latest_seq=1 word=2
[det_get_after] after=1 rc=-1 latest_seq=1 word=2
[det_get_after] after=1 rc=-1 latest_seq=1 word=2
[det_prep] grab idx=0 raw=0x5ace84e17840
[det_prep] fire_mask=0x00000010
[virt_cam] publish idx=1 rc=0 path=/images/shift/frame_001.bmp
[det_prep] pxp begin 300x300
[det_prep] pxp rc=0 ms=2
[det_prep] flow publish begin
[det_prep] flow publish done
[det_infer] frame ready direct=1
CMD INVOKE slot=0 nbytes=270000
CMD INVOKE done slot=0 ms=13 outputs=4 total=484
[det_infer] invoke_ms=13
[det_infer] nms det_count=20
[det_get_after] after=1 rc=20 latest_seq=2 word=4
FRAME 1 PIPE_DONE [det_infer] queued frame=2 dets=20
True
FRAME 1 FLOW (True, 1, -145, 8, 252, 2, -1)
FRAME_RECORD (1, 0, (True, 1, -145, 8, 252, 2, -1), 0, 13, ((27, 94, 145, 203, 758, 71), (33, 108, 113, 191, 523, 0), (19, 84, 176, 222, 293, 71), (30, 106, 82, 189, 293, 61), (75, 105, 101, 127, 266, 74), (66, 102, 111, 180, 258, 16), (88, 93, 141, 164, 250, 69), (46, 96, 137, 143, 242, 62), (13, 71, 240, 244, 227, 71), (69, 111, 82, 130, 195, 74), (40, 107, 124, 158, 168, 62), (29, 97, 77, 163, 168, 61), (94, 32, 299, 297, 160, 0), (37, 95, 50, 136, 156, 83), (107, 116, 139, 152, 156, 50), (38, 154, 138, 195, 145, 0), (26, 118, 67, 198, 145, 61), (33, 94, 98, 143, 133, 61), (75, 113, 102, 156, 133, 16), (48, 94, 62, 122, 121, 83)))
FRAME 2 PIPE_GET_BEGIN
[det_prep] frame signaled seq=2
[det_prep] grab idx=-2 raw=(nil)
PIPE_TIMEOUT_AFTER 2 LAST None
FRAME 2 PIPE_DONE False
FLOW_TIMEOUT_AFTER 2 LAST (True, 1, -145, 8, 252, 2, -1)
FRAME 2 FLOW (True, 1, -145, 8, 252, 2, -1)
FRAME_RECORD (2, 0, (True, 1, -145, 8, 252, 2, -1), -1, -1, ())
OVERLAY_WRITTEN 0
[virt_cam] STOP published=2 last_rc=0
CAM_PLAY_STOP 0
[det_infer] frame ready direct=1
