20:48:54.6784 [INFO] Loaded monitor commands from: /home/bogdan/work/renode_portable/scripts/monitor.py
Renode, version 1.16.1 (ac18b5ac-202606020225)


(monitor) i $CWD/emu/renode/sentai_emu_fs_stage_assets.resc

20:48:54.8013 [INFO] Including script(s): /home/bogdan/work/coralmicro/emu/renode/sentai_emu_fs_stage_assets.resc
20:48:54.8171 [INFO] System bus created.
20:48:55.6554 [INFO] Old file /home/bogdan/work/coralmicro/emu/output/sentai_emu_fs_stage_assets.log moved to /home/bogdan/work/coralmicro/emu/output/sentai_emu_fs_stage_assets.log.10
20:48:55.6720 [INFO] sysbus: Loading block of 3072 bytes length at 0x0.
20:48:55.6828 [INFO] sysbus: Loading block of 59524 bytes length at 0xC00.
20:48:55.6828 [INFO] sysbus: Loading block of 604 bytes length at 0xF484.
20:48:55.6828 [INFO] sysbus: Loading block of 87328 bytes length at 0xF6E8.
20:48:55.6829 [INFO] sysbus: Loading block of 16777216 bytes length at 0x80000000.
20:48:55.7045 [INFO] sysbus: Loading block of 54680 bytes length at 0x81000000.
20:48:56.1637 [INFO] cpu: Setting initial values: PC = 0xCBD, SP = 0x20040000.
20:48:56.1664 [INFO] machine-0: Machine started.
20:48:56.2480 [WARNING] nvic: Unhandled write to offset 0xF50 (ICacheInvalidateAllToPoUaIgnored), value 0x0.
20:48:56.2765 [WARNING] nvic: Trying to set the priority for interrupt 16 to 0xFF, but it should be maskable with 0xF0
20:49:04.3798 [INFO] machine-0: Machine paused.
sentai_emu_fs_stage_assets PC:

0x3eec

sentai_emu_fs_stage_assets boot_state:

0x00000700

sentai_emu_fs_stage_assets heartbeat:

0x000000C5

sentai_emu_fs_stage_assets last_tick:

0x0000135C

sentai_emu_fs_stage_assets stage_files:

0x00000003

sentai_emu_fs_stage_assets stage_bytes:

0x00003C60

sentai_emu_fs_stage_assets stage_errors:

0x00000000

sentai_emu_fs_stage_assets stage_checksum:

0x0011FE3C

sentai_emu_fs_stage_assets fx_reads:

0x00000EB7

sentai_emu_fs_stage_assets fx_writes:

0x00000211

sentai_emu_fs_stage_assets fx_erases:

0x00000007

sentai_emu_fs_stage_assets fx_errors:

0x00000000

(machine-0) 20:49:04.4503 [INFO] machine-0: Disposed.
