
SentAI EMU REPL B8.3
MicroPython embed ready
MISSION_TPU_FPS_MEM_SESSION_BEGIN
MODEL_SIZE 7077792
IMAGE_SIZE 921654
TPU_LOAD 0
TPU_READY True
TPU_LOAD_IMAGE_MEM 0
IMAGE_MEM_SIZE 921654
TPU_START 0
TPU_FPS_MEM_SESSION_RESULT (5, 1, 353, 1416, 353, 20)
TPU_FPS_MEM_SESSION_COMPLETED 5
TPU_FPS_MEM_SESSION_WARMUP 1
TPU_FPS_MEM_SESSION_MEASURED_MS 353
TPU_FPS_MEM_SESSION_X100 1416
TPU_FPS_MEM_SESSION 14.16
TPU_FPS_MEM_SESSION_INVOKE_MS_SUM 353
DETECTIONS_COUNT 20
DETECTIONS [(16, 0.828, 0.218, 0.166, 0.842, 0.679), (64, 0.324, 0.109, 0.055, 0.935, 0.959), (64, 0.293, 0.139, 0.194, 0.514, 0.88), (61, 0.25, 0.161, 0.09700001, 0.416, 0.368), (16, 0.211, 0.196, 0.42, 0.751, 0.9049999), (66, 0.172, 0.376, 0.13, 0.8690001, 0.816), (74, 0.148, 0.229, 0.563, 0.364, 0.625), (16, 0.148, 0.238, 0.608, 0.78, 0.9), (83, 0.145, 0.162, 0.278, 0.331, 0.31), (16, 0.145, 0.241, 0.361, 0.804, 0.66), (61, 0.133, 0.144, 0.11, 0.406, 0.284), (83, 0.133, 0.164, 0.225, 0.353, 0.255), (66, 0.117, 0.293, 0.292, 0.917, 0.936), (66, 0.113, 0.506, 0.04, 0.966, 0.988), (0, 0.109, 0.39, 0.824, 0.69, 0.904), (83, 0.105, 0.166, 0.168, 0.355, 0.2), (61, 0.105, 0.151, 0.175, 0.383, 0.357), (61, 0.105, 0.146, 0.117, 0.446, 0.21), (8, 0.105, 0.134, 0.341, 0.433, 0.904), (61, 0.105, 0.187, 0.09099999, 0.721, 0.383)]
TPU_STOP 0
MISSION_TPU_FPS_MEM_SESSION_DONE
1416
>>>