21:47:59.6214 [INFO] Loaded monitor commands from: /home/bogdan/work/renode_portable/scripts/monitor.py
Renode, version 1.16.1 (ac18b5ac-202606020225)


(monitor) i $CWD/emu/renode/sentai_emu_tpu_physical_send_fps.resc

21:47:59.7579 [INFO] Including script(s): /home/bogdan/work/coralmicro/emu/renode/sentai_emu_tpu_physical_send_fps.resc
21:47:59.7765 [INFO] System bus created.
21:48:00.7300 [INFO] Old file /home/bogdan/work/coralmicro/emu/output/sentai_emu_tpu_physical_send_fps.log moved to /home/bogdan/work/coralmicro/emu/output/sentai_emu_tpu_physical_send_fps.log.5
21:48:00.7488 [INFO] sysbus: Loading block of 3072 bytes length at 0x0.
21:48:00.7609 [INFO] sysbus: Loading block of 83532 bytes length at 0xC00.
21:48:00.7609 [INFO] sysbus: Loading block of 616 bytes length at 0x1524C.
21:48:00.7609 [INFO] sysbus: Loading block of 39736 bytes length at 0x154B8.
21:48:00.7610 [INFO] sysbus: Loading block of 16777216 bytes length at 0x80000000.
21:48:00.7854 [INFO] sysbus: Loading block of 54680 bytes length at 0x81000000.
21:48:01.3809 [INFO] cpu: Setting initial values: PC = 0xCBD, SP = 0x20040000.
21:48:01.3839 [INFO] machine-0: Machine started.
21:48:01.4877 [WARNING] nvic: Unhandled write to offset 0xF50 (ICacheInvalidateAllToPoUaIgnored), value 0x0.
21:48:01.5288 [WARNING] nvic: Trying to set the priority for interrupt 16 to 0xFF, but it should be maskable with 0xF0
21:48:26.3479 [INFO] machine-0: Machine paused.
sentai_emu_tpu_physical_send_fps PC:

0x8bfc

sentai_emu_tpu_physical_send_fps boot_state:

0x0000E808

sentai_emu_tpu_physical_send_fps heartbeat:

0x00000000

sentai_emu_tpu_physical_send_fps last_tick:

0x00000000

sentai_emu_tpu_physical_send_fps model_bytes:

0x006BFFA0

sentai_emu_tpu_physical_send_fps image_bytes:

0x000E1036

sentai_emu_tpu_physical_send_fps input_bytes:

0x00041EB0

sentai_emu_tpu_physical_send_fps output_bytes:

0x0002C763

sentai_emu_tpu_physical_send_fps completed:

0x00000000

sentai_emu_tpu_physical_send_fps fail_code:

0x0000E808

sentai_emu_tpu_physical_send_fps first_ms:

0x00000000

sentai_emu_tpu_physical_send_fps steady_ms:

0x00000000

sentai_emu_tpu_physical_send_fps output_sum:

0x00000000

sentai_emu_tpu_physical_send_fps tpu_bridge_params_calls:

0x00000000

sentai_emu_tpu_physical_send_fps tpu_bridge_input_calls:

0x00000000

sentai_emu_tpu_physical_send_fps tpu_bridge_ins_calls:

0x00000001

sentai_emu_tpu_physical_send_fps tpu_bridge_output_calls:

0x00000000

sentai_emu_tpu_physical_send_fps tpu_bridge_event_calls:

0x00000000

sentai_emu_tpu_physical_send_fps tpu_bridge_last_result:

0x00000003

(machine-0) 21:48:26.4440 [INFO] machine-0: Disposed.
