21:16:21.7050 [INFO] Loaded monitor commands from: /home/bogdan/work/renode_portable/scripts/monitor.py
Renode, version 1.16.1 (ac18b5ac-202606020225)


(monitor) i $CWD/emu/renode/sentai_emu_tpu_physical_send_smoke.resc

21:16:21.8258 [INFO] Including script(s): /home/bogdan/work/coralmicro/emu/renode/sentai_emu_tpu_physical_send_smoke.resc
21:16:21.8421 [INFO] System bus created.
21:16:22.7688 [INFO] Old file /home/bogdan/work/coralmicro/emu/output/sentai_emu_tpu_physical_send_smoke.log moved to /home/bogdan/work/coralmicro/emu/output/sentai_emu_tpu_physical_send_smoke.log.1
21:16:22.7887 [INFO] sysbus: Loading block of 3072 bytes length at 0x0.
21:16:22.8018 [INFO] sysbus: Loading block of 83516 bytes length at 0xC00.
21:16:22.8019 [INFO] sysbus: Loading block of 616 bytes length at 0x1523C.
21:16:22.8019 [INFO] sysbus: Loading block of 39736 bytes length at 0x154A8.
21:16:22.8019 [INFO] sysbus: Loading block of 16777216 bytes length at 0x80000000.
21:16:22.8268 [INFO] sysbus: Loading block of 54680 bytes length at 0x81000000.
21:16:23.4090 [INFO] cpu: Setting initial values: PC = 0xCBD, SP = 0x20040000.
21:16:23.4118 [INFO] machine-0: Machine started.
21:16:23.4987 [WARNING] nvic: Unhandled write to offset 0xF50 (ICacheInvalidateAllToPoUaIgnored), value 0x0.
21:16:23.5310 [WARNING] nvic: Trying to set the priority for interrupt 16 to 0xFF, but it should be maskable with 0xF0
21:16:36.3535 [INFO] machine-0: Machine paused.
sentai_emu_tpu_physical_send_smoke PC:

0x875e

sentai_emu_tpu_physical_send_smoke boot_state:

0x00000B00

sentai_emu_tpu_physical_send_smoke heartbeat:

0x0000011F

sentai_emu_tpu_physical_send_smoke last_tick:

0x00001F08

sentai_emu_tpu_physical_send_smoke model_bytes:

0x006BFFA0

sentai_emu_tpu_physical_send_smoke image_bytes:

0x000E1036

sentai_emu_tpu_physical_send_smoke input_bytes:

0x00041EB0

sentai_emu_tpu_physical_send_smoke output_bytes:

0x0002C763

sentai_emu_tpu_physical_send_smoke completed:

0x00000002

sentai_emu_tpu_physical_send_smoke fail_code:

0x00000000

sentai_emu_tpu_physical_send_smoke first_ms:

0x0000001A

sentai_emu_tpu_physical_send_smoke steady_ms:

0x00000019

sentai_emu_tpu_physical_send_smoke output_sum:

0x877B9C24

sentai_emu_tpu_physical_send_smoke tpu_bridge_params_calls:

0x00000001

sentai_emu_tpu_physical_send_smoke tpu_bridge_input_calls:

0x00000002

sentai_emu_tpu_physical_send_smoke tpu_bridge_ins_calls:

0x00000003

sentai_emu_tpu_physical_send_smoke tpu_bridge_output_calls:

0x00000004

sentai_emu_tpu_physical_send_smoke tpu_bridge_event_calls:

0x00000003

sentai_emu_tpu_physical_send_smoke tpu_bridge_last_result:

0x00000000

(machine-0) 21:16:36.4308 [INFO] machine-0: Disposed.
