t=102ms server start argv=/home/bogdan/work/coralmicro/build-sim/sim/tpu_posix_send_server --server-cmd /tmp/sentai_emu_tpu_send_server.cmd --perf low --chunk-size 163840 --bulkin-chunk-size 256
t=130ms server [tpu-posix] libusb_init
t=131ms server [tpu-posix] dfu/app probe
t=131ms server [tpu-posix] open app device
t=131ms server [tpu-posix] opened Coral USB interface=0 out=01,02,03 in=81,82 irq=83
t=131ms server [TPU init] read omc0_00
t=131ms server [TPU init] check chip id
t=131ms server [TPU init] write test reg
t=131ms server [TPU init] read test reg
t=131ms server [TPU init] disable inactive mode
t=131ms server [TPU init] disable clock gating
t=131ms server [TPU init] enter reset
t=137ms server [TPU init] exit reset
t=141ms server [TPU init] check scalar run control
t=143ms server [TPU init] write idle register
t=144ms server [TPU init] write tile config
t=146ms server [TPU init] write deep sleep
t=148ms server [TPU init] enable clock gating
t=150ms server [TPU init] configure usb csr
t=154ms server [TPU init] enable tempsense clock
t=157ms server [TPU init] enable tempsense input ports
t=160ms server [TPU init] enable tempsense flow
t=163ms server [TPU init] move to run
t=186ms server [TPU init] done
t=187ms server SEND_SERVER_READY perf=low chunk_size=163840 bulkin_chunk_size=256 bulkin_queue_depth=0
t=191ms server command ins /tmp/sentai_emu_tpu_send_payloads/payload_1_ins.bin
t=199ms server SEND_STATS cmd=ins ok=1 ms=5 params_calls=0 params_bytes=0 input_calls=0 input_bytes=0 ins_calls=1 ins_bytes=10448 usb_out_calls=2 usb_out_req=10456 usb_out_done=10456 usb_out_us=1277 usb_in_calls=0 usb_in_req=0 usb_in_done=0 usb_in_us=0 usb_event_calls=0 usb_event_req=0 usb_event_done=0 usb_event_us=0 usb_intr_calls=0 usb_intr_req=0 usb_intr_done=0 usb_intr_us=0 usb_timeouts=0 usb_failed=0
t=199ms server SEND_SERVER_DONE cmd=ins rc=0 bytes=10448 ms=5
t=204ms bridge cmd=ins seq=1 data_len=10448 out_len=0 ok=True ms=120
t=212ms server command params /tmp/sentai_emu_tpu_send_payloads/payload_2_params.bin
t=386ms server SEND_STATS cmd=params ok=1 ms=173 params_calls=1 params_bytes=6703232 input_calls=0 input_bytes=0 ins_calls=0 ins_bytes=0 usb_out_calls=42 usb_out_req=6703240 usb_out_done=6703240 usb_out_us=72409 usb_in_calls=0 usb_in_req=0 usb_in_done=0 usb_in_us=0 usb_event_calls=0 usb_event_req=0 usb_event_done=0 usb_event_us=0 usb_intr_calls=0 usb_intr_req=0 usb_intr_done=0 usb_intr_us=0 usb_timeouts=0 usb_failed=0
t=387ms server SEND_SERVER_DONE cmd=params rc=0 bytes=6703232 ms=173
t=390ms bridge cmd=params seq=2 data_len=6703232 out_len=0 ok=True ms=185
t=392ms server command event
t=392ms server SEND_STATS cmd=event ok=1 ms=0 params_calls=0 params_bytes=0 input_calls=0 input_bytes=0 ins_calls=0 ins_bytes=0 usb_out_calls=0 usb_out_req=0 usb_out_done=0 usb_out_us=0 usb_in_calls=0 usb_in_req=0 usb_in_done=0 usb_in_us=0 usb_event_calls=1 usb_event_req=16 usb_event_done=16 usb_event_us=79 usb_intr_calls=0 usb_intr_req=0 usb_intr_done=0 usb_intr_us=0 usb_timeouts=0 usb_failed=0
t=392ms server SEND_SERVER_DONE cmd=event rc=0 bytes=0 ms=0
t=397ms bridge cmd=event seq=3 data_len=0 out_len=0 ok=True ms=6
t=399ms server command ins /tmp/sentai_emu_tpu_send_payloads/payload_4_ins.bin
t=412ms server SEND_STATS cmd=ins ok=1 ms=11 params_calls=0 params_bytes=0 input_calls=0 input_bytes=0 ins_calls=1 ins_bytes=254304 usb_out_calls=3 usb_out_req=254312 usb_out_done=254312 usb_out_us=4059 usb_in_calls=0 usb_in_req=0 usb_in_done=0 usb_in_us=0 usb_event_calls=0 usb_event_req=0 usb_event_done=0 usb_event_us=0 usb_intr_calls=0 usb_intr_req=0 usb_intr_done=0 usb_intr_us=0 usb_timeouts=0 usb_failed=0
t=412ms server SEND_SERVER_DONE cmd=ins rc=0 bytes=254304 ms=11
t=415ms bridge cmd=ins seq=4 data_len=254304 out_len=0 ok=True ms=17
t=416ms server command inputs /tmp/sentai_emu_tpu_send_payloads/payload_5_inputs.bin
t=428ms server SEND_STATS cmd=inputs ok=1 ms=10 params_calls=0 params_bytes=0 input_calls=1 input_bytes=270000 ins_calls=0 ins_bytes=0 usb_out_calls=3 usb_out_req=270008 usb_out_done=270008 usb_out_us=3170 usb_in_calls=0 usb_in_req=0 usb_in_done=0 usb_in_us=0 usb_event_calls=0 usb_event_req=0 usb_event_done=0 usb_event_us=0 usb_intr_calls=0 usb_intr_req=0 usb_intr_done=0 usb_intr_us=0 usb_timeouts=0 usb_failed=0
t=429ms server SEND_SERVER_DONE cmd=inputs rc=0 bytes=270000 ms=10
t=432ms bridge cmd=inputs seq=5 data_len=270000 out_len=0 ok=True ms=17
t=433ms server command output 7672 /tmp/sentai_emu_tpu_send_payloads/output_6.bin
t=454ms server SEND_STATS cmd=output ok=1 ms=18 params_calls=0 params_bytes=0 input_calls=0 input_bytes=0 ins_calls=0 ins_bytes=0 usb_out_calls=0 usb_out_req=0 usb_out_done=0 usb_out_us=0 usb_in_calls=30 usb_in_req=7672 usb_in_done=7672 usb_in_us=18416 usb_event_calls=0 usb_event_req=0 usb_event_done=0 usb_event_us=0 usb_intr_calls=0 usb_intr_req=0 usb_intr_done=0 usb_intr_us=0 usb_timeouts=0 usb_failed=0
t=454ms server SEND_SERVER_DONE cmd=output rc=0 bytes=7672 ms=18
t=462ms bridge cmd=output seq=6 data_len=0 out_len=7672 ok=True ms=29
t=467ms server command output 176368 /tmp/sentai_emu_tpu_send_payloads/output_7.bin
t=494ms server SEND_STATS cmd=output ok=1 ms=26 params_calls=0 params_bytes=0 input_calls=0 input_bytes=0 ins_calls=0 ins_bytes=0 usb_out_calls=0 usb_out_req=0 usb_out_done=0 usb_out_us=0 usb_in_calls=692 usb_in_req=176944 usb_in_done=176368 usb_in_us=22497 usb_event_calls=0 usb_event_req=0 usb_event_done=0 usb_event_us=0 usb_intr_calls=0 usb_intr_req=0 usb_intr_done=0 usb_intr_us=0 usb_timeouts=0 usb_failed=0
t=495ms server SEND_SERVER_DONE cmd=output rc=0 bytes=176368 ms=26
t=503ms bridge cmd=output seq=7 data_len=0 out_len=176368 ok=True ms=37
t=504ms server command event
t=505ms server SEND_STATS cmd=event ok=1 ms=0 params_calls=0 params_bytes=0 input_calls=0 input_bytes=0 ins_calls=0 ins_bytes=0 usb_out_calls=0 usb_out_req=0 usb_out_done=0 usb_out_us=0 usb_in_calls=0 usb_in_req=0 usb_in_done=0 usb_in_us=0 usb_event_calls=1 usb_event_req=16 usb_event_done=16 usb_event_us=57 usb_intr_calls=0 usb_intr_req=0 usb_intr_done=0 usb_intr_us=0 usb_timeouts=0 usb_failed=0
t=505ms server SEND_SERVER_DONE cmd=event rc=0 bytes=0 ms=0
t=510ms bridge cmd=event seq=8 data_len=0 out_len=0 ok=True ms=6
t=524ms server command ins /tmp/sentai_emu_tpu_send_payloads/payload_9_ins.bin
t=537ms server SEND_STATS cmd=ins ok=1 ms=11 params_calls=0 params_bytes=0 input_calls=0 input_bytes=0 ins_calls=1 ins_bytes=254304 usb_out_calls=3 usb_out_req=254312 usb_out_done=254312 usb_out_us=4344 usb_in_calls=0 usb_in_req=0 usb_in_done=0 usb_in_us=0 usb_event_calls=0 usb_event_req=0 usb_event_done=0 usb_event_us=0 usb_intr_calls=0 usb_intr_req=0 usb_intr_done=0 usb_intr_us=0 usb_timeouts=0 usb_failed=0
t=537ms server SEND_SERVER_DONE cmd=ins rc=0 bytes=254304 ms=11
t=540ms bridge cmd=ins seq=9 data_len=254304 out_len=0 ok=True ms=17
t=541ms server command inputs /tmp/sentai_emu_tpu_send_payloads/payload_10_inputs.bin
t=552ms server SEND_STATS cmd=inputs ok=1 ms=10 params_calls=0 params_bytes=0 input_calls=1 input_bytes=270000 ins_calls=0 ins_bytes=0 usb_out_calls=3 usb_out_req=270008 usb_out_done=270008 usb_out_us=3240 usb_in_calls=0 usb_in_req=0 usb_in_done=0 usb_in_us=0 usb_event_calls=0 usb_event_req=0 usb_event_done=0 usb_event_us=0 usb_intr_calls=0 usb_intr_req=0 usb_intr_done=0 usb_intr_us=0 usb_timeouts=0 usb_failed=0
t=552ms server SEND_SERVER_DONE cmd=inputs rc=0 bytes=270000 ms=10
t=557ms bridge cmd=inputs seq=10 data_len=270000 out_len=0 ok=True ms=17
t=557ms server command output 7672 /tmp/sentai_emu_tpu_send_payloads/output_11.bin
t=576ms server SEND_STATS cmd=output ok=1 ms=17 params_calls=0 params_bytes=0 input_calls=0 input_bytes=0 ins_calls=0 ins_bytes=0 usb_out_calls=0 usb_out_req=0 usb_out_done=0 usb_out_us=0 usb_in_calls=30 usb_in_req=7672 usb_in_done=7672 usb_in_us=16785 usb_event_calls=0 usb_event_req=0 usb_event_done=0 usb_event_us=0 usb_intr_calls=0 usb_intr_req=0 usb_intr_done=0 usb_intr_us=0 usb_timeouts=0 usb_failed=0
t=576ms server SEND_SERVER_DONE cmd=output rc=0 bytes=7672 ms=17
t=578ms bridge cmd=output seq=11 data_len=0 out_len=7672 ok=True ms=21
t=579ms server command output 176368 /tmp/sentai_emu_tpu_send_payloads/output_12.bin
t=607ms server SEND_STATS cmd=output ok=1 ms=26 params_calls=0 params_bytes=0 input_calls=0 input_bytes=0 ins_calls=0 ins_bytes=0 usb_out_calls=0 usb_out_req=0 usb_out_done=0 usb_out_us=0 usb_in_calls=692 usb_in_req=176944 usb_in_done=176368 usb_in_us=22587 usb_event_calls=0 usb_event_req=0 usb_event_done=0 usb_event_us=0 usb_intr_calls=0 usb_intr_req=0 usb_intr_done=0 usb_intr_us=0 usb_timeouts=0 usb_failed=0
t=607ms server SEND_SERVER_DONE cmd=output rc=0 bytes=176368 ms=26
t=608ms bridge cmd=output seq=12 data_len=0 out_len=176368 ok=True ms=29
t=609ms server command event
t=610ms server SEND_STATS cmd=event ok=1 ms=0 params_calls=0 params_bytes=0 input_calls=0 input_bytes=0 ins_calls=0 ins_bytes=0 usb_out_calls=0 usb_out_req=0 usb_out_done=0 usb_out_us=0 usb_in_calls=0 usb_in_req=0 usb_in_done=0 usb_in_us=0 usb_event_calls=1 usb_event_req=16 usb_event_done=16 usb_event_us=61 usb_intr_calls=0 usb_intr_req=0 usb_intr_done=0 usb_intr_us=0 usb_timeouts=0 usb_failed=0
t=610ms server SEND_SERVER_DONE cmd=event rc=0 bytes=0 ms=0
t=614ms bridge cmd=event seq=13 data_len=0 out_len=0 ok=True ms=5
