20:33:04.0821 [INFO] Loaded monitor commands from: /home/bogdan/work/renode_portable/scripts/monitor.py
Renode, version 1.16.1 (ac18b5ac-202606020225)


(monitor) i $CWD/emu/renode/sentai_emu_tpu_timing_repl.resc

20:33:04.2012 [INFO] Including script(s): /home/bogdan/work/coralmicro/emu/renode/sentai_emu_tpu_timing_repl.resc
20:33:04.2169 [INFO] System bus created.
20:33:05.0383 [INFO] Old file /home/bogdan/work/coralmicro/emu/output/sentai_emu_tpu_timing_repl.log moved to /home/bogdan/work/coralmicro/emu/output/sentai_emu_tpu_timing_repl.log.4
20:33:05.0564 [INFO] sysbus: Loading block of 3072 bytes length at 0x0.
20:33:05.0672 [INFO] sysbus: Loading block of 231480 bytes length at 0xC00.
20:33:05.0674 [INFO] sysbus: Loading block of 202736 bytes length at 0x39438.
20:33:05.0678 [INFO] sysbus: Loading block of 16777216 bytes length at 0x80000000.
20:33:05.0879 [INFO] sysbus: Loading block of 54680 bytes length at 0x81000000.
20:33:05.5358 [INFO] cpu: Setting initial values: PC = 0xCBD, SP = 0x20040000.
20:33:05.5387 [INFO] machine-0: Machine started.
20:33:05.6203 [WARNING] nvic: Unhandled write to offset 0xF50 (ICacheInvalidateAllToPoUaIgnored), value 0x0.
20:33:05.6469 [WARNING] nvic: Trying to set the priority for interrupt 16 to 0xFF, but it should be maskable with 0xF0
20:34:54.3976 [INFO] machine-0: Machine paused.
sentai_emu_tpu_timing_repl PC:

0x1cf0

sentai_emu_tpu_timing_repl boot_state:

0x00000500

sentai_emu_tpu_timing_repl heartbeat:

0x00000001

sentai_emu_tpu_timing_repl repl_lines:

0x00000001

sentai_emu_tpu_timing_repl last_tick:

0x000009A0

(machine-0) 20:34:54.4689 [INFO] machine-0: Disposed.
