$ /home/bogdan/work/renode_portable/renode --plain --console --disable-xwt emu/renode/sentai_emu_gazebo_flow_whycon.resc
23:53:03.8239 [INFO] Loaded monitor commands from: /home/bogdan/work/renode_portable/scripts/monitor.py
Renode, version 1.16.1 (ac18b5ac-202606020225)

(monitor) i $CWD/emu/renode/sentai_emu_gazebo_flow_whycon.resc
23:53:04.0726 [INFO] Including script(s): /home/bogdan/work/coralmicro/emu/renode/sentai_emu_gazebo_flow_whycon.resc
23:53:04.1060 [INFO] System bus created.
23:53:05.9910 [INFO] sysbus: Loading block of 3072 bytes length at 0x0.
23:53:06.0137 [INFO] sysbus: Loading block of 225832 bytes length at 0xC00.
23:53:06.0143 [INFO] sysbus: Loading block of 58600 bytes length at 0x37E28.
23:53:06.0143 [INFO] sysbus: Loading block of 1017376 bytes length at 0x20240000.
23:53:06.0163 [INFO] sysbus: Loading block of 14680064 bytes length at 0x80000000.
23:53:06.0454 [INFO] sysbus: Loading block of 5361088 bytes length at 0x80E00000.
23:53:07.0548 [INFO] cpu: Setting initial values: PC = 0xCBD, SP = 0x20040000.
23:53:07.0636 [INFO] machine-0: Machine started.
23:53:07.2286 [WARNING] nvic: Unhandled write to offset 0xF50 (ICacheInvalidateAllToPoUaIgnored), value 0x0.
23:53:07.2736 [WARNING] nvic: Trying to set the priority for interrupt 16 to 0xFF, but it should be maskable with 0xF0
Fatal error:
No module named Sockets
   at IronPython.Runtime.Importer.ImportModuleFrom(CodeContext context, Object from, String[] parts, Int32 current)
   at IronPython.Runtime.Importer.ImportModule(CodeContext context, Object globals, String modName, Boolean bottom, Int32 level)
   at IronPython.Modules.Builtin.__import__(CodeContext context, String name, Object globals, Object locals, Object fromlist, Int32 level)
   at IronPython.Runtime.Importer.ImportLightThrow(CodeContext context, String fullName, PythonTuple from, Int32 level)
   at IronPython.Runtime.Operations.PythonOps.ImportWithNames(CodeContext context, String fullName, String[] names, Int32 level)
   at Microsoft.Scripting.Interpreter.FuncCallInstruction`5.Run(InterpretedFrame frame)
   at Microsoft.Scripting.Interpreter.Interpreter.Run(InterpretedFrame frame)
   at Microsoft.Scripting.Interpreter.LightLambda.Run2[T0,T1,TRet](T0 arg0, T1 arg1)
   at IronPython.Compiler.PythonScriptCode.RunWorker(CodeContext ctx)
   at IronPython.Compiler.PythonScriptCode.Run(Scope scope)
   at IronPython.Compiler.RuntimeScriptCode.InvokeTarget(Scope scope)
   at IronPython.Compiler.RuntimeScriptCode.Run(Scope scope)
   at Microsoft.Scripting.Hosting.CompiledCode.Execute(ScriptScope scope)
   at Antmicro.Renode.Core.PythonEngine.Execute(CompiledCode code, Action`1 errorCallback)
   at Antmicro.Renode.Core.PythonEngine.Execute(CompiledCode code)
   at Antmicro.Renode.Peripherals.Python.PeripheralPythonEngine.ExecuteCode()
   at Antmicro.Renode.Peripherals.Python.PythonPeripheral.Execute()
   at Antmicro.Renode.Peripherals.Python.PythonPeripheral.Init()
   at Antmicro.Renode.Peripherals.Python.PythonPeripheral.EnsureInit()
   at Antmicro.Renode.Peripherals.Python.PythonPeripheral.HandleWrite(Int64 offset, UInt64 value)
   at Antmicro.Renode.Peripherals.Python.PythonPeripheral.WriteDoubleWord(Int64 offset, UInt32 value)
   at Antmicro.Renode.Peripherals.Bus.SystemBus.WriteDoubleWord(UInt64 address, UInt32 value, IPeripheral context, Nullable`1 cpuState)
   at Antmicro.Renode.Peripherals.CPU.TranslationCPU.WriteDoubleWordToBus(UInt64 offset, UInt64 value, UInt64 cpuState)
   at WriteDoubleWordToBusWrapper(CortexMWrappers, UInt64, UInt64, UInt64)
--- End of stack trace from previous location ---
   at Antmicro.Renode.Utilities.Binding.ExceptionKeeper.ThrowExceptions()
   at TlibExecute(CortexMWrappers, Int32)
   at Antmicro.Renode.Peripherals.CPU.TranslationCPU.ExecuteInstructions(UInt64 numberOfInstructionsToExecute, UInt64& numberOfExecutedInstructions)
   at Antmicro.Renode.Peripherals.CPU.BaseCPU.CpuThreadBodyInner(Boolean singleStep, Boolean skipThisRound)
   at Antmicro.Renode.Peripherals.CPU.BaseCPU.CpuThreadBody()

Unhandled exception. IronPython.Runtime.Exceptions.ImportException: No module named Sockets
   at IronPython.Runtime.Importer.ImportModuleFrom(CodeContext context, Object from, String[] parts, Int32 current)
   at IronPython.Runtime.Importer.ImportModule(CodeContext context, Object globals, String modName, Boolean bottom, Int32 level)
   at IronPython.Modules.Builtin.__import__(CodeContext context, String name, Object globals, Object locals, Object fromlist, Int32 level)
   at IronPython.Runtime.Importer.ImportLightThrow(CodeContext context, String fullName, PythonTuple from, Int32 level)
   at IronPython.Runtime.Operations.PythonOps.ImportWithNames(CodeContext context, String fullName, String[] names, Int32 level)
   at Microsoft.Scripting.Interpreter.FuncCallInstruction`5.Run(InterpretedFrame frame)
   at Microsoft.Scripting.Interpreter.Interpreter.Run(InterpretedFrame frame)
   at Microsoft.Scripting.Interpreter.LightLambda.Run2[T0,T1,TRet](T0 arg0, T1 arg1)
   at IronPython.Compiler.PythonScriptCode.RunWorker(CodeContext ctx)
   at IronPython.Compiler.PythonScriptCode.Run(Scope scope)
   at IronPython.Compiler.RuntimeScriptCode.InvokeTarget(Scope scope)
   at IronPython.Compiler.RuntimeScriptCode.Run(Scope scope)
   at Microsoft.Scripting.Hosting.CompiledCode.Execute(ScriptScope scope)
   at Antmicro.Renode.Core.PythonEngine.Execute(CompiledCode code, Action`1 errorCallback)
   at Antmicro.Renode.Core.PythonEngine.Execute(CompiledCode code)
   at Antmicro.Renode.Peripherals.Python.PeripheralPythonEngine.ExecuteCode()
   at Antmicro.Renode.Peripherals.Python.PythonPeripheral.Execute()
   at Antmicro.Renode.Peripherals.Python.PythonPeripheral.Init()
   at Antmicro.Renode.Peripherals.Python.PythonPeripheral.EnsureInit()
   at Antmicro.Renode.Peripherals.Python.PythonPeripheral.HandleWrite(Int64 offset, UInt64 value)
   at Antmicro.Renode.Peripherals.Python.PythonPeripheral.WriteDoubleWord(Int64 offset, UInt32 value)
   at Antmicro.Renode.Peripherals.Bus.SystemBus.WriteDoubleWord(UInt64 address, UInt32 value, IPeripheral context, Nullable`1 cpuState)
   at Antmicro.Renode.Peripherals.CPU.TranslationCPU.WriteDoubleWordToBus(UInt64 offset, UInt64 value, UInt64 cpuState)
   at WriteDoubleWordToBusWrapper(CortexMWrappers, UInt64, UInt64, UInt64)
--- End of stack trace from previous location ---
   at Antmicro.Renode.Utilities.Binding.ExceptionKeeper.ThrowExceptions()
   at TlibExecute(CortexMWrappers, Int32)
   at Antmicro.Renode.Peripherals.CPU.TranslationCPU.ExecuteInstructions(UInt64 numberOfInstructionsToExecute, UInt64& numberOfExecutedInstructions)
   at Antmicro.Renode.Peripherals.CPU.BaseCPU.CpuThreadBodyInner(Boolean singleStep, Boolean skipThisRound)
   at Antmicro.Renode.Peripherals.CPU.BaseCPU.CpuThreadBody()

[elapsed_s] 8.210
