21:24:29.8089 [INFO] Loaded monitor commands from: /home/bogdan/work/renode_portable/scripts/monitor.py
Renode, version 1.16.1 (ac18b5ac-202606020225)


(monitor) i $CWD/emu/renode/sentai_emu_tpu_physical_send_fps.resc

21:24:29.9946 [INFO] Including script(s): /home/bogdan/work/coralmicro/emu/renode/sentai_emu_tpu_physical_send_fps.resc
21:24:30.0163 [INFO] System bus created.
21:24:31.1533 [INFO] sysbus: Loading block of 3072 bytes length at 0x0.
21:24:31.1667 [INFO] sysbus: Loading block of 83532 bytes length at 0xC00.
21:24:31.1667 [INFO] sysbus: Loading block of 616 bytes length at 0x1524C.
21:24:31.1667 [INFO] sysbus: Loading block of 39736 bytes length at 0x154B8.
21:24:31.1668 [INFO] sysbus: Loading block of 16777216 bytes length at 0x80000000.
21:24:31.1909 [INFO] sysbus: Loading block of 54680 bytes length at 0x81000000.
21:24:31.8851 [INFO] cpu: Setting initial values: PC = 0xCBD, SP = 0x20040000.
21:24:31.8886 [INFO] machine-0: Machine started.
21:24:31.9964 [WARNING] nvic: Unhandled write to offset 0xF50 (ICacheInvalidateAllToPoUaIgnored), value 0x0.
21:24:32.0387 [WARNING] nvic: Trying to set the priority for interrupt 16 to 0xFF, but it should be maskable with 0xF0
21:24:54.4501 [INFO] machine-0: Machine paused.
sentai_emu_tpu_physical_send_fps PC:

0x8d56

sentai_emu_tpu_physical_send_fps boot_state:

0x00000B00

sentai_emu_tpu_physical_send_fps heartbeat:

0x000001B7

sentai_emu_tpu_physical_send_fps last_tick:

0x00002EAC

sentai_emu_tpu_physical_send_fps model_bytes:

0x006BFFA0

sentai_emu_tpu_physical_send_fps image_bytes:

0x000E1036

sentai_emu_tpu_physical_send_fps input_bytes:

0x00041EB0

sentai_emu_tpu_physical_send_fps output_bytes:

0x0002C763

sentai_emu_tpu_physical_send_fps completed:

0x0000000A

sentai_emu_tpu_physical_send_fps fail_code:

0x00000000

sentai_emu_tpu_physical_send_fps first_ms:

0x0000001A

sentai_emu_tpu_physical_send_fps steady_ms:

0x00000019

sentai_emu_tpu_physical_send_fps output_sum:

0x877B9C24

sentai_emu_tpu_physical_send_fps tpu_bridge_params_calls:

0x00000001

sentai_emu_tpu_physical_send_fps tpu_bridge_input_calls:

0x0000000A

sentai_emu_tpu_physical_send_fps tpu_bridge_ins_calls:

0x0000000B

sentai_emu_tpu_physical_send_fps tpu_bridge_output_calls:

0x00000014

sentai_emu_tpu_physical_send_fps tpu_bridge_event_calls:

0x0000000B

sentai_emu_tpu_physical_send_fps tpu_bridge_last_result:

0x00000000

(machine-0) 21:24:54.5512 [INFO] machine-0: Disposed.
