t=115ms server start argv=/home/bogdan/work/coralmicro/build-sim/sim/tpu_posix_send_server --server-cmd /tmp/sentai_emu_tpu_send_server.cmd --perf low --chunk-size 163840 --bulkin-chunk-size 256
t=147ms server [tpu-posix] libusb_init
t=147ms server [tpu-posix] dfu/app probe
t=147ms server [tpu-posix] open app device
t=147ms server [tpu-posix] opened Coral USB interface=0 out=01,02,03 in=81,82 irq=83
t=147ms server [TPU init] read omc0_00
t=147ms server [TPU init] check chip id
t=147ms server [TPU init] write test reg
t=147ms server [TPU init] read test reg
t=147ms server [TPU init] disable inactive mode
t=147ms server [TPU init] disable clock gating
t=148ms server [TPU init] enter reset
t=154ms server [TPU init] exit reset
t=159ms server [TPU init] check scalar run control
t=162ms server [TPU init] write idle register
t=163ms server [TPU init] write tile config
t=165ms server [TPU init] write deep sleep
t=167ms server [TPU init] enable clock gating
t=169ms server [TPU init] configure usb csr
t=173ms server [TPU init] enable tempsense clock
t=177ms server [TPU init] enable tempsense input ports
t=181ms server [TPU init] enable tempsense flow
t=183ms server [TPU init] move to run
t=211ms server [TPU init] done
t=211ms server SEND_SERVER_READY perf=low chunk_size=163840 bulkin_chunk_size=256 bulkin_queue_depth=0
t=217ms server command ins /tmp/sentai_emu_tpu_send_payloads/payload_1_ins.bin
t=225ms server SEND_STATS cmd=ins ok=1 ms=5 params_calls=0 params_bytes=0 input_calls=0 input_bytes=0 ins_calls=1 ins_bytes=10448 usb_out_calls=2 usb_out_req=10456 usb_out_done=10456 usb_out_us=1321 usb_in_calls=0 usb_in_req=0 usb_in_done=0 usb_in_us=0 usb_event_calls=0 usb_event_req=0 usb_event_done=0 usb_event_us=0 usb_intr_calls=0 usb_intr_req=0 usb_intr_done=0 usb_intr_us=0 usb_timeouts=0 usb_failed=0
t=225ms server SEND_SERVER_DONE cmd=ins rc=0 bytes=10448 ms=5
t=230ms bridge cmd=ins seq=1 data_len=10448 out_len=0 ok=True ms=128
t=245ms server command params /tmp/sentai_emu_tpu_send_payloads/payload_2_params.bin
t=432ms server SEND_STATS cmd=params ok=1 ms=186 params_calls=1 params_bytes=6703232 input_calls=0 input_bytes=0 ins_calls=0 ins_bytes=0 usb_out_calls=42 usb_out_req=6703240 usb_out_done=6703240 usb_out_us=85562 usb_in_calls=0 usb_in_req=0 usb_in_done=0 usb_in_us=0 usb_event_calls=0 usb_event_req=0 usb_event_done=0 usb_event_us=0 usb_intr_calls=0 usb_intr_req=0 usb_intr_done=0 usb_intr_us=0 usb_timeouts=0 usb_failed=0
t=432ms server SEND_SERVER_DONE cmd=params rc=0 bytes=6703232 ms=186
t=434ms bridge cmd=params seq=2 data_len=6703232 out_len=0 ok=True ms=203
t=435ms server command event
t=436ms server SEND_STATS cmd=event ok=1 ms=0 params_calls=0 params_bytes=0 input_calls=0 input_bytes=0 ins_calls=0 ins_bytes=0 usb_out_calls=0 usb_out_req=0 usb_out_done=0 usb_out_us=0 usb_in_calls=0 usb_in_req=0 usb_in_done=0 usb_in_us=0 usb_event_calls=1 usb_event_req=16 usb_event_done=16 usb_event_us=96 usb_intr_calls=0 usb_intr_req=0 usb_intr_done=0 usb_intr_us=0 usb_timeouts=0 usb_failed=0
t=436ms server SEND_SERVER_DONE cmd=event rc=0 bytes=0 ms=0
t=460ms bridge cmd=event seq=3 data_len=0 out_len=0 ok=True ms=25
t=462ms server command ins /tmp/sentai_emu_tpu_send_payloads/payload_4_ins.bin
t=474ms server SEND_STATS cmd=ins ok=1 ms=11 params_calls=0 params_bytes=0 input_calls=0 input_bytes=0 ins_calls=1 ins_bytes=254304 usb_out_calls=3 usb_out_req=254312 usb_out_done=254312 usb_out_us=4106 usb_in_calls=0 usb_in_req=0 usb_in_done=0 usb_in_us=0 usb_event_calls=0 usb_event_req=0 usb_event_done=0 usb_event_us=0 usb_intr_calls=0 usb_intr_req=0 usb_intr_done=0 usb_intr_us=0 usb_timeouts=0 usb_failed=0
t=475ms server SEND_SERVER_DONE cmd=ins rc=0 bytes=254304 ms=11
t=478ms bridge cmd=ins seq=4 data_len=254304 out_len=0 ok=True ms=17
t=479ms server command inputs /tmp/sentai_emu_tpu_send_payloads/payload_5_inputs.bin
t=492ms server SEND_STATS cmd=inputs ok=1 ms=11 params_calls=0 params_bytes=0 input_calls=1 input_bytes=270000 ins_calls=0 ins_bytes=0 usb_out_calls=3 usb_out_req=270008 usb_out_done=270008 usb_out_us=4371 usb_in_calls=0 usb_in_req=0 usb_in_done=0 usb_in_us=0 usb_event_calls=0 usb_event_req=0 usb_event_done=0 usb_event_us=0 usb_intr_calls=0 usb_intr_req=0 usb_intr_done=0 usb_intr_us=0 usb_timeouts=0 usb_failed=0
t=493ms server SEND_SERVER_DONE cmd=inputs rc=0 bytes=270000 ms=11
t=495ms bridge cmd=inputs seq=5 data_len=270000 out_len=0 ok=True ms=16
t=496ms server command output 7672 /tmp/sentai_emu_tpu_send_payloads/output_6.bin
t=518ms server SEND_STATS cmd=output ok=1 ms=19 params_calls=0 params_bytes=0 input_calls=0 input_bytes=0 ins_calls=0 ins_bytes=0 usb_out_calls=0 usb_out_req=0 usb_out_done=0 usb_out_us=0 usb_in_calls=30 usb_in_req=7672 usb_in_done=7672 usb_in_us=19248 usb_event_calls=0 usb_event_req=0 usb_event_done=0 usb_event_us=0 usb_intr_calls=0 usb_intr_req=0 usb_intr_done=0 usb_intr_us=0 usb_timeouts=0 usb_failed=0
t=518ms server SEND_SERVER_DONE cmd=output rc=0 bytes=7672 ms=19
t=525ms bridge cmd=output seq=6 data_len=0 out_len=7672 ok=True ms=29
t=531ms server command output 176368 /tmp/sentai_emu_tpu_send_payloads/output_7.bin
t=559ms server SEND_STATS cmd=output ok=1 ms=27 params_calls=0 params_bytes=0 input_calls=0 input_bytes=0 ins_calls=0 ins_bytes=0 usb_out_calls=0 usb_out_req=0 usb_out_done=0 usb_out_us=0 usb_in_calls=692 usb_in_req=176944 usb_in_done=176368 usb_in_us=23086 usb_event_calls=0 usb_event_req=0 usb_event_done=0 usb_event_us=0 usb_intr_calls=0 usb_intr_req=0 usb_intr_done=0 usb_intr_us=0 usb_timeouts=0 usb_failed=0
t=560ms server SEND_SERVER_DONE cmd=output rc=0 bytes=176368 ms=27
t=563ms bridge cmd=output seq=7 data_len=0 out_len=176368 ok=True ms=33
t=565ms server command event
t=566ms server SEND_STATS cmd=event ok=1 ms=0 params_calls=0 params_bytes=0 input_calls=0 input_bytes=0 ins_calls=0 ins_bytes=0 usb_out_calls=0 usb_out_req=0 usb_out_done=0 usb_out_us=0 usb_in_calls=0 usb_in_req=0 usb_in_done=0 usb_in_us=0 usb_event_calls=1 usb_event_req=16 usb_event_done=16 usb_event_us=70 usb_intr_calls=0 usb_intr_req=0 usb_intr_done=0 usb_intr_us=0 usb_timeouts=0 usb_failed=0
t=566ms server SEND_SERVER_DONE cmd=event rc=0 bytes=0 ms=0
t=571ms bridge cmd=event seq=8 data_len=0 out_len=0 ok=True ms=7
t=588ms server command ins /tmp/sentai_emu_tpu_send_payloads/payload_9_ins.bin
t=598ms server SEND_STATS cmd=ins ok=1 ms=9 params_calls=0 params_bytes=0 input_calls=0 input_bytes=0 ins_calls=1 ins_bytes=254304 usb_out_calls=3 usb_out_req=254312 usb_out_done=254312 usb_out_us=3100 usb_in_calls=0 usb_in_req=0 usb_in_done=0 usb_in_us=0 usb_event_calls=0 usb_event_req=0 usb_event_done=0 usb_event_us=0 usb_intr_calls=0 usb_intr_req=0 usb_intr_done=0 usb_intr_us=0 usb_timeouts=0 usb_failed=0
t=599ms server SEND_SERVER_DONE cmd=ins rc=0 bytes=254304 ms=9
t=599ms bridge cmd=ins seq=9 data_len=254304 out_len=0 ok=True ms=13
t=600ms server command inputs /tmp/sentai_emu_tpu_send_payloads/payload_10_inputs.bin
t=611ms server SEND_STATS cmd=inputs ok=1 ms=9 params_calls=0 params_bytes=0 input_calls=1 input_bytes=270000 ins_calls=0 ins_bytes=0 usb_out_calls=3 usb_out_req=270008 usb_out_done=270008 usb_out_us=3188 usb_in_calls=0 usb_in_req=0 usb_in_done=0 usb_in_us=0 usb_event_calls=0 usb_event_req=0 usb_event_done=0 usb_event_us=0 usb_intr_calls=0 usb_intr_req=0 usb_intr_done=0 usb_intr_us=0 usb_timeouts=0 usb_failed=0
t=612ms server SEND_SERVER_DONE cmd=inputs rc=0 bytes=270000 ms=9
t=616ms bridge cmd=inputs seq=10 data_len=270000 out_len=0 ok=True ms=16
t=617ms server command output 7672 /tmp/sentai_emu_tpu_send_payloads/output_11.bin
t=637ms server SEND_STATS cmd=output ok=1 ms=18 params_calls=0 params_bytes=0 input_calls=0 input_bytes=0 ins_calls=0 ins_bytes=0 usb_out_calls=0 usb_out_req=0 usb_out_done=0 usb_out_us=0 usb_in_calls=30 usb_in_req=7672 usb_in_done=7672 usb_in_us=18160 usb_event_calls=0 usb_event_req=0 usb_event_done=0 usb_event_us=0 usb_intr_calls=0 usb_intr_req=0 usb_intr_done=0 usb_intr_us=0 usb_timeouts=0 usb_failed=0
t=637ms server SEND_SERVER_DONE cmd=output rc=0 bytes=7672 ms=18
t=643ms bridge cmd=output seq=11 data_len=0 out_len=7672 ok=True ms=26
t=644ms server command output 176368 /tmp/sentai_emu_tpu_send_payloads/output_12.bin
t=671ms server SEND_STATS cmd=output ok=1 ms=25 params_calls=0 params_bytes=0 input_calls=0 input_bytes=0 ins_calls=0 ins_bytes=0 usb_out_calls=0 usb_out_req=0 usb_out_done=0 usb_out_us=0 usb_in_calls=692 usb_in_req=176944 usb_in_done=176368 usb_in_us=21490 usb_event_calls=0 usb_event_req=0 usb_event_done=0 usb_event_us=0 usb_intr_calls=0 usb_intr_req=0 usb_intr_done=0 usb_intr_us=0 usb_timeouts=0 usb_failed=0
t=671ms server SEND_SERVER_DONE cmd=output rc=0 bytes=176368 ms=25
t=675ms bridge cmd=output seq=12 data_len=0 out_len=176368 ok=True ms=31
t=676ms server command event
t=677ms server SEND_STATS cmd=event ok=1 ms=0 params_calls=0 params_bytes=0 input_calls=0 input_bytes=0 ins_calls=0 ins_bytes=0 usb_out_calls=0 usb_out_req=0 usb_out_done=0 usb_out_us=0 usb_in_calls=0 usb_in_req=0 usb_in_done=0 usb_in_us=0 usb_event_calls=1 usb_event_req=16 usb_event_done=16 usb_event_us=60 usb_intr_calls=0 usb_intr_req=0 usb_intr_done=0 usb_intr_us=0 usb_timeouts=0 usb_failed=0
t=678ms server SEND_SERVER_DONE cmd=event rc=0 bytes=0 ms=0
t=681ms bridge cmd=event seq=13 data_len=0 out_len=0 ok=True ms=5
t=695ms server command ins /tmp/sentai_emu_tpu_send_payloads/payload_14_ins.bin
t=706ms server SEND_STATS cmd=ins ok=1 ms=9 params_calls=0 params_bytes=0 input_calls=0 input_bytes=0 ins_calls=1 ins_bytes=254304 usb_out_calls=3 usb_out_req=254312 usb_out_done=254312 usb_out_us=3205 usb_in_calls=0 usb_in_req=0 usb_in_done=0 usb_in_us=0 usb_event_calls=0 usb_event_req=0 usb_event_done=0 usb_event_us=0 usb_intr_calls=0 usb_intr_req=0 usb_intr_done=0 usb_intr_us=0 usb_timeouts=0 usb_failed=0
t=706ms server SEND_SERVER_DONE cmd=ins rc=0 bytes=254304 ms=9
t=710ms bridge cmd=ins seq=14 data_len=254304 out_len=0 ok=True ms=16
t=712ms server command inputs /tmp/sentai_emu_tpu_send_payloads/payload_15_inputs.bin
t=722ms server SEND_STATS cmd=inputs ok=1 ms=9 params_calls=0 params_bytes=0 input_calls=1 input_bytes=270000 ins_calls=0 ins_bytes=0 usb_out_calls=3 usb_out_req=270008 usb_out_done=270008 usb_out_us=3255 usb_in_calls=0 usb_in_req=0 usb_in_done=0 usb_in_us=0 usb_event_calls=0 usb_event_req=0 usb_event_done=0 usb_event_us=0 usb_intr_calls=0 usb_intr_req=0 usb_intr_done=0 usb_intr_us=0 usb_timeouts=0 usb_failed=0
t=722ms server SEND_SERVER_DONE cmd=inputs rc=0 bytes=270000 ms=9
t=727ms bridge cmd=inputs seq=15 data_len=270000 out_len=0 ok=True ms=16
t=728ms server command output 7672 /tmp/sentai_emu_tpu_send_payloads/output_16.bin
t=746ms server SEND_STATS cmd=output ok=1 ms=17 params_calls=0 params_bytes=0 input_calls=0 input_bytes=0 ins_calls=0 ins_bytes=0 usb_out_calls=0 usb_out_req=0 usb_out_done=0 usb_out_us=0 usb_in_calls=30 usb_in_req=7672 usb_in_done=7672 usb_in_us=17148 usb_event_calls=0 usb_event_req=0 usb_event_done=0 usb_event_us=0 usb_intr_calls=0 usb_intr_req=0 usb_intr_done=0 usb_intr_us=0 usb_timeouts=0 usb_failed=0
t=746ms server SEND_SERVER_DONE cmd=output rc=0 bytes=7672 ms=17
t=749ms bridge cmd=output seq=16 data_len=0 out_len=7672 ok=True ms=21
t=750ms server command output 176368 /tmp/sentai_emu_tpu_send_payloads/output_17.bin
t=775ms server SEND_STATS cmd=output ok=1 ms=24 params_calls=0 params_bytes=0 input_calls=0 input_bytes=0 ins_calls=0 ins_bytes=0 usb_out_calls=0 usb_out_req=0 usb_out_done=0 usb_out_us=0 usb_in_calls=692 usb_in_req=176944 usb_in_done=176368 usb_in_us=20831 usb_event_calls=0 usb_event_req=0 usb_event_done=0 usb_event_us=0 usb_intr_calls=0 usb_intr_req=0 usb_intr_done=0 usb_intr_us=0 usb_timeouts=0 usb_failed=0
t=775ms server SEND_SERVER_DONE cmd=output rc=0 bytes=176368 ms=24
t=776ms bridge cmd=output seq=17 data_len=0 out_len=176368 ok=True ms=27
t=776ms server command event
t=777ms server SEND_STATS cmd=event ok=1 ms=0 params_calls=0 params_bytes=0 input_calls=0 input_bytes=0 ins_calls=0 ins_bytes=0 usb_out_calls=0 usb_out_req=0 usb_out_done=0 usb_out_us=0 usb_in_calls=0 usb_in_req=0 usb_in_done=0 usb_in_us=0 usb_event_calls=1 usb_event_req=16 usb_event_done=16 usb_event_us=46 usb_intr_calls=0 usb_intr_req=0 usb_intr_done=0 usb_intr_us=0 usb_timeouts=0 usb_failed=0
t=777ms server SEND_SERVER_DONE cmd=event rc=0 bytes=0 ms=0
t=782ms bridge cmd=event seq=18 data_len=0 out_len=0 ok=True ms=6
t=797ms server command ins /tmp/sentai_emu_tpu_send_payloads/payload_19_ins.bin
t=808ms server SEND_STATS cmd=ins ok=1 ms=9 params_calls=0 params_bytes=0 input_calls=0 input_bytes=0 ins_calls=1 ins_bytes=254304 usb_out_calls=3 usb_out_req=254312 usb_out_done=254312 usb_out_us=3072 usb_in_calls=0 usb_in_req=0 usb_in_done=0 usb_in_us=0 usb_event_calls=0 usb_event_req=0 usb_event_done=0 usb_event_us=0 usb_intr_calls=0 usb_intr_req=0 usb_intr_done=0 usb_intr_us=0 usb_timeouts=0 usb_failed=0
t=808ms server SEND_SERVER_DONE cmd=ins rc=0 bytes=254304 ms=9
t=813ms bridge cmd=ins seq=19 data_len=254304 out_len=0 ok=True ms=17
t=814ms server command inputs /tmp/sentai_emu_tpu_send_payloads/payload_20_inputs.bin
t=825ms server SEND_STATS cmd=inputs ok=1 ms=9 params_calls=0 params_bytes=0 input_calls=1 input_bytes=270000 ins_calls=0 ins_bytes=0 usb_out_calls=3 usb_out_req=270008 usb_out_done=270008 usb_out_us=3122 usb_in_calls=0 usb_in_req=0 usb_in_done=0 usb_in_us=0 usb_event_calls=0 usb_event_req=0 usb_event_done=0 usb_event_us=0 usb_intr_calls=0 usb_intr_req=0 usb_intr_done=0 usb_intr_us=0 usb_timeouts=0 usb_failed=0
t=825ms server SEND_SERVER_DONE cmd=inputs rc=0 bytes=270000 ms=9
t=830ms bridge cmd=inputs seq=20 data_len=270000 out_len=0 ok=True ms=17
t=831ms server command output 7672 /tmp/sentai_emu_tpu_send_payloads/output_21.bin
t=850ms server SEND_STATS cmd=output ok=1 ms=18 params_calls=0 params_bytes=0 input_calls=0 input_bytes=0 ins_calls=0 ins_bytes=0 usb_out_calls=0 usb_out_req=0 usb_out_done=0 usb_out_us=0 usb_in_calls=30 usb_in_req=7672 usb_in_done=7672 usb_in_us=18152 usb_event_calls=0 usb_event_req=0 usb_event_done=0 usb_event_us=0 usb_intr_calls=0 usb_intr_req=0 usb_intr_done=0 usb_intr_us=0 usb_timeouts=0 usb_failed=0
t=850ms server SEND_SERVER_DONE cmd=output rc=0 bytes=7672 ms=18
t=852ms bridge cmd=output seq=21 data_len=0 out_len=7672 ok=True ms=21
t=853ms server command output 176368 /tmp/sentai_emu_tpu_send_payloads/output_22.bin
t=879ms server SEND_STATS cmd=output ok=1 ms=24 params_calls=0 params_bytes=0 input_calls=0 input_bytes=0 ins_calls=0 ins_bytes=0 usb_out_calls=0 usb_out_req=0 usb_out_done=0 usb_out_us=0 usb_in_calls=692 usb_in_req=176944 usb_in_done=176368 usb_in_us=22707 usb_event_calls=0 usb_event_req=0 usb_event_done=0 usb_event_us=0 usb_intr_calls=0 usb_intr_req=0 usb_intr_done=0 usb_intr_us=0 usb_timeouts=0 usb_failed=0
t=879ms server SEND_SERVER_DONE cmd=output rc=0 bytes=176368 ms=24
t=885ms bridge cmd=output seq=22 data_len=0 out_len=176368 ok=True ms=32
t=885ms server command event
t=887ms server SEND_STATS cmd=event ok=1 ms=0 params_calls=0 params_bytes=0 input_calls=0 input_bytes=0 ins_calls=0 ins_bytes=0 usb_out_calls=0 usb_out_req=0 usb_out_done=0 usb_out_us=0 usb_in_calls=0 usb_in_req=0 usb_in_done=0 usb_in_us=0 usb_event_calls=1 usb_event_req=16 usb_event_done=16 usb_event_us=69 usb_intr_calls=0 usb_intr_req=0 usb_intr_done=0 usb_intr_us=0 usb_timeouts=0 usb_failed=0
t=887ms server SEND_SERVER_DONE cmd=event rc=0 bytes=0 ms=0
t=891ms bridge cmd=event seq=23 data_len=0 out_len=0 ok=True ms=6
t=907ms server command ins /tmp/sentai_emu_tpu_send_payloads/payload_24_ins.bin
t=918ms server SEND_STATS cmd=ins ok=1 ms=9 params_calls=0 params_bytes=0 input_calls=0 input_bytes=0 ins_calls=1 ins_bytes=254304 usb_out_calls=3 usb_out_req=254312 usb_out_done=254312 usb_out_us=3265 usb_in_calls=0 usb_in_req=0 usb_in_done=0 usb_in_us=0 usb_event_calls=0 usb_event_req=0 usb_event_done=0 usb_event_us=0 usb_intr_calls=0 usb_intr_req=0 usb_intr_done=0 usb_intr_us=0 usb_timeouts=0 usb_failed=0
t=919ms server SEND_SERVER_DONE cmd=ins rc=0 bytes=254304 ms=9
t=923ms bridge cmd=ins seq=24 data_len=254304 out_len=0 ok=True ms=17
t=924ms server command inputs /tmp/sentai_emu_tpu_send_payloads/payload_25_inputs.bin
t=935ms server SEND_STATS cmd=inputs ok=1 ms=9 params_calls=0 params_bytes=0 input_calls=1 input_bytes=270000 ins_calls=0 ins_bytes=0 usb_out_calls=3 usb_out_req=270008 usb_out_done=270008 usb_out_us=3163 usb_in_calls=0 usb_in_req=0 usb_in_done=0 usb_in_us=0 usb_event_calls=0 usb_event_req=0 usb_event_done=0 usb_event_us=0 usb_intr_calls=0 usb_intr_req=0 usb_intr_done=0 usb_intr_us=0 usb_timeouts=0 usb_failed=0
t=935ms server SEND_SERVER_DONE cmd=inputs rc=0 bytes=270000 ms=9
t=935ms bridge cmd=inputs seq=25 data_len=270000 out_len=0 ok=True ms=11
t=936ms server command output 7672 /tmp/sentai_emu_tpu_send_payloads/output_26.bin
t=959ms server SEND_STATS cmd=output ok=1 ms=22 params_calls=0 params_bytes=0 input_calls=0 input_bytes=0 ins_calls=0 ins_bytes=0 usb_out_calls=0 usb_out_req=0 usb_out_done=0 usb_out_us=0 usb_in_calls=30 usb_in_req=7672 usb_in_done=7672 usb_in_us=22388 usb_event_calls=0 usb_event_req=0 usb_event_done=0 usb_event_us=0 usb_intr_calls=0 usb_intr_req=0 usb_intr_done=0 usb_intr_us=0 usb_timeouts=0 usb_failed=0
t=960ms server SEND_SERVER_DONE cmd=output rc=0 bytes=7672 ms=22
t=962ms bridge cmd=output seq=26 data_len=0 out_len=7672 ok=True ms=26
t=963ms server command output 176368 /tmp/sentai_emu_tpu_send_payloads/output_27.bin
t=988ms server SEND_STATS cmd=output ok=1 ms=24 params_calls=0 params_bytes=0 input_calls=0 input_bytes=0 ins_calls=0 ins_bytes=0 usb_out_calls=0 usb_out_req=0 usb_out_done=0 usb_out_us=0 usb_in_calls=692 usb_in_req=176944 usb_in_done=176368 usb_in_us=22294 usb_event_calls=0 usb_event_req=0 usb_event_done=0 usb_event_us=0 usb_intr_calls=0 usb_intr_req=0 usb_intr_done=0 usb_intr_us=0 usb_timeouts=0 usb_failed=0
t=988ms server SEND_SERVER_DONE cmd=output rc=0 bytes=176368 ms=24
t=990ms bridge cmd=output seq=27 data_len=0 out_len=176368 ok=True ms=27
t=990ms server command event
t=991ms server SEND_STATS cmd=event ok=1 ms=0 params_calls=0 params_bytes=0 input_calls=0 input_bytes=0 ins_calls=0 ins_bytes=0 usb_out_calls=0 usb_out_req=0 usb_out_done=0 usb_out_us=0 usb_in_calls=0 usb_in_req=0 usb_in_done=0 usb_in_us=0 usb_event_calls=1 usb_event_req=16 usb_event_done=16 usb_event_us=35 usb_intr_calls=0 usb_intr_req=0 usb_intr_done=0 usb_intr_us=0 usb_timeouts=0 usb_failed=0
t=991ms server SEND_SERVER_DONE cmd=event rc=0 bytes=0 ms=0
t=996ms bridge cmd=event seq=28 data_len=0 out_len=0 ok=True ms=6
t=1010ms server command ins /tmp/sentai_emu_tpu_send_payloads/payload_29_ins.bin
t=1021ms server SEND_STATS cmd=ins ok=1 ms=10 params_calls=0 params_bytes=0 input_calls=0 input_bytes=0 ins_calls=1 ins_bytes=254304 usb_out_calls=3 usb_out_req=254312 usb_out_done=254312 usb_out_us=3390 usb_in_calls=0 usb_in_req=0 usb_in_done=0 usb_in_us=0 usb_event_calls=0 usb_event_req=0 usb_event_done=0 usb_event_us=0 usb_intr_calls=0 usb_intr_req=0 usb_intr_done=0 usb_intr_us=0 usb_timeouts=0 usb_failed=0
t=1021ms server SEND_SERVER_DONE cmd=ins rc=0 bytes=254304 ms=10
t=1026ms bridge cmd=ins seq=29 data_len=254304 out_len=0 ok=True ms=16
t=1027ms server command inputs /tmp/sentai_emu_tpu_send_payloads/payload_30_inputs.bin
t=1038ms server SEND_STATS cmd=inputs ok=1 ms=9 params_calls=0 params_bytes=0 input_calls=1 input_bytes=270000 ins_calls=0 ins_bytes=0 usb_out_calls=3 usb_out_req=270008 usb_out_done=270008 usb_out_us=3126 usb_in_calls=0 usb_in_req=0 usb_in_done=0 usb_in_us=0 usb_event_calls=0 usb_event_req=0 usb_event_done=0 usb_event_us=0 usb_intr_calls=0 usb_intr_req=0 usb_intr_done=0 usb_intr_us=0 usb_timeouts=0 usb_failed=0
t=1038ms server SEND_SERVER_DONE cmd=inputs rc=0 bytes=270000 ms=9
t=1043ms bridge cmd=inputs seq=30 data_len=270000 out_len=0 ok=True ms=17
t=1044ms server command output 7672 /tmp/sentai_emu_tpu_send_payloads/output_31.bin
t=1063ms server SEND_STATS cmd=output ok=1 ms=18 params_calls=0 params_bytes=0 input_calls=0 input_bytes=0 ins_calls=0 ins_bytes=0 usb_out_calls=0 usb_out_req=0 usb_out_done=0 usb_out_us=0 usb_in_calls=30 usb_in_req=7672 usb_in_done=7672 usb_in_us=18091 usb_event_calls=0 usb_event_req=0 usb_event_done=0 usb_event_us=0 usb_intr_calls=0 usb_intr_req=0 usb_intr_done=0 usb_intr_us=0 usb_timeouts=0 usb_failed=0
t=1063ms server SEND_SERVER_DONE cmd=output rc=0 bytes=7672 ms=18
t=1064ms bridge cmd=output seq=31 data_len=0 out_len=7672 ok=True ms=21
t=1065ms server command output 176368 /tmp/sentai_emu_tpu_send_payloads/output_32.bin
t=1090ms server SEND_STATS cmd=output ok=1 ms=23 params_calls=0 params_bytes=0 input_calls=0 input_bytes=0 ins_calls=0 ins_bytes=0 usb_out_calls=0 usb_out_req=0 usb_out_done=0 usb_out_us=0 usb_in_calls=692 usb_in_req=176944 usb_in_done=176368 usb_in_us=21989 usb_event_calls=0 usb_event_req=0 usb_event_done=0 usb_event_us=0 usb_intr_calls=0 usb_intr_req=0 usb_intr_done=0 usb_intr_us=0 usb_timeouts=0 usb_failed=0
t=1090ms server SEND_SERVER_DONE cmd=output rc=0 bytes=176368 ms=23
t=1092ms bridge cmd=output seq=32 data_len=0 out_len=176368 ok=True ms=27
t=1092ms server command event
t=1093ms server SEND_STATS cmd=event ok=1 ms=0 params_calls=0 params_bytes=0 input_calls=0 input_bytes=0 ins_calls=0 ins_bytes=0 usb_out_calls=0 usb_out_req=0 usb_out_done=0 usb_out_us=0 usb_in_calls=0 usb_in_req=0 usb_in_done=0 usb_in_us=0 usb_event_calls=1 usb_event_req=16 usb_event_done=16 usb_event_us=66 usb_intr_calls=0 usb_intr_req=0 usb_intr_done=0 usb_intr_us=0 usb_timeouts=0 usb_failed=0
t=1093ms server SEND_SERVER_DONE cmd=event rc=0 bytes=0 ms=0
t=1098ms bridge cmd=event seq=33 data_len=0 out_len=0 ok=True ms=6
t=1116ms server command ins /tmp/sentai_emu_tpu_send_payloads/payload_34_ins.bin
t=1127ms server SEND_STATS cmd=ins ok=1 ms=9 params_calls=0 params_bytes=0 input_calls=0 input_bytes=0 ins_calls=1 ins_bytes=254304 usb_out_calls=3 usb_out_req=254312 usb_out_done=254312 usb_out_us=3244 usb_in_calls=0 usb_in_req=0 usb_in_done=0 usb_in_us=0 usb_event_calls=0 usb_event_req=0 usb_event_done=0 usb_event_us=0 usb_intr_calls=0 usb_intr_req=0 usb_intr_done=0 usb_intr_us=0 usb_timeouts=0 usb_failed=0
t=1127ms server SEND_SERVER_DONE cmd=ins rc=0 bytes=254304 ms=9
t=1128ms bridge cmd=ins seq=34 data_len=254304 out_len=0 ok=True ms=12
t=1129ms server command inputs /tmp/sentai_emu_tpu_send_payloads/payload_35_inputs.bin
t=1140ms server SEND_STATS cmd=inputs ok=1 ms=9 params_calls=0 params_bytes=0 input_calls=1 input_bytes=270000 ins_calls=0 ins_bytes=0 usb_out_calls=3 usb_out_req=270008 usb_out_done=270008 usb_out_us=3076 usb_in_calls=0 usb_in_req=0 usb_in_done=0 usb_in_us=0 usb_event_calls=0 usb_event_req=0 usb_event_done=0 usb_event_us=0 usb_intr_calls=0 usb_intr_req=0 usb_intr_done=0 usb_intr_us=0 usb_timeouts=0 usb_failed=0
t=1140ms server SEND_SERVER_DONE cmd=inputs rc=0 bytes=270000 ms=9
t=1145ms bridge cmd=inputs seq=35 data_len=270000 out_len=0 ok=True ms=17
t=1146ms server command output 7672 /tmp/sentai_emu_tpu_send_payloads/output_36.bin
t=1165ms server SEND_STATS cmd=output ok=1 ms=18 params_calls=0 params_bytes=0 input_calls=0 input_bytes=0 ins_calls=0 ins_bytes=0 usb_out_calls=0 usb_out_req=0 usb_out_done=0 usb_out_us=0 usb_in_calls=30 usb_in_req=7672 usb_in_done=7672 usb_in_us=18330 usb_event_calls=0 usb_event_req=0 usb_event_done=0 usb_event_us=0 usb_intr_calls=0 usb_intr_req=0 usb_intr_done=0 usb_intr_us=0 usb_timeouts=0 usb_failed=0
t=1165ms server SEND_SERVER_DONE cmd=output rc=0 bytes=7672 ms=18
t=1167ms bridge cmd=output seq=36 data_len=0 out_len=7672 ok=True ms=21
t=1168ms server command output 176368 /tmp/sentai_emu_tpu_send_payloads/output_37.bin
t=1195ms server SEND_STATS cmd=output ok=1 ms=26 params_calls=0 params_bytes=0 input_calls=0 input_bytes=0 ins_calls=0 ins_bytes=0 usb_out_calls=0 usb_out_req=0 usb_out_done=0 usb_out_us=0 usb_in_calls=692 usb_in_req=176944 usb_in_done=176368 usb_in_us=24470 usb_event_calls=0 usb_event_req=0 usb_event_done=0 usb_event_us=0 usb_intr_calls=0 usb_intr_req=0 usb_intr_done=0 usb_intr_us=0 usb_timeouts=0 usb_failed=0
t=1195ms server SEND_SERVER_DONE cmd=output rc=0 bytes=176368 ms=26
t=1199ms bridge cmd=output seq=37 data_len=0 out_len=176368 ok=True ms=32
t=1200ms server command event
t=1200ms server SEND_STATS cmd=event ok=1 ms=0 params_calls=0 params_bytes=0 input_calls=0 input_bytes=0 ins_calls=0 ins_bytes=0 usb_out_calls=0 usb_out_req=0 usb_out_done=0 usb_out_us=0 usb_in_calls=0 usb_in_req=0 usb_in_done=0 usb_in_us=0 usb_event_calls=1 usb_event_req=16 usb_event_done=16 usb_event_us=58 usb_intr_calls=0 usb_intr_req=0 usb_intr_done=0 usb_intr_us=0 usb_timeouts=0 usb_failed=0
t=1200ms server SEND_SERVER_DONE cmd=event rc=0 bytes=0 ms=0
t=1205ms bridge cmd=event seq=38 data_len=0 out_len=0 ok=True ms=5
t=1220ms server command ins /tmp/sentai_emu_tpu_send_payloads/payload_39_ins.bin
t=1230ms server SEND_STATS cmd=ins ok=1 ms=9 params_calls=0 params_bytes=0 input_calls=0 input_bytes=0 ins_calls=1 ins_bytes=254304 usb_out_calls=3 usb_out_req=254312 usb_out_done=254312 usb_out_us=3114 usb_in_calls=0 usb_in_req=0 usb_in_done=0 usb_in_us=0 usb_event_calls=0 usb_event_req=0 usb_event_done=0 usb_event_us=0 usb_intr_calls=0 usb_intr_req=0 usb_intr_done=0 usb_intr_us=0 usb_timeouts=0 usb_failed=0
t=1231ms server SEND_SERVER_DONE cmd=ins rc=0 bytes=254304 ms=9
t=1236ms bridge cmd=ins seq=39 data_len=254304 out_len=0 ok=True ms=16
t=1237ms server command inputs /tmp/sentai_emu_tpu_send_payloads/payload_40_inputs.bin
t=1248ms server SEND_STATS cmd=inputs ok=1 ms=9 params_calls=0 params_bytes=0 input_calls=1 input_bytes=270000 ins_calls=0 ins_bytes=0 usb_out_calls=3 usb_out_req=270008 usb_out_done=270008 usb_out_us=3137 usb_in_calls=0 usb_in_req=0 usb_in_done=0 usb_in_us=0 usb_event_calls=0 usb_event_req=0 usb_event_done=0 usb_event_us=0 usb_intr_calls=0 usb_intr_req=0 usb_intr_done=0 usb_intr_us=0 usb_timeouts=0 usb_failed=0
t=1248ms server SEND_SERVER_DONE cmd=inputs rc=0 bytes=270000 ms=9
t=1253ms bridge cmd=inputs seq=40 data_len=270000 out_len=0 ok=True ms=16
t=1253ms server command output 7672 /tmp/sentai_emu_tpu_send_payloads/output_41.bin
t=1273ms server SEND_STATS cmd=output ok=1 ms=18 params_calls=0 params_bytes=0 input_calls=0 input_bytes=0 ins_calls=0 ins_bytes=0 usb_out_calls=0 usb_out_req=0 usb_out_done=0 usb_out_us=0 usb_in_calls=30 usb_in_req=7672 usb_in_done=7672 usb_in_us=18401 usb_event_calls=0 usb_event_req=0 usb_event_done=0 usb_event_us=0 usb_intr_calls=0 usb_intr_req=0 usb_intr_done=0 usb_intr_us=0 usb_timeouts=0 usb_failed=0
t=1273ms server SEND_SERVER_DONE cmd=output rc=0 bytes=7672 ms=18
t=1274ms bridge cmd=output seq=41 data_len=0 out_len=7672 ok=True ms=21
t=1275ms server command output 176368 /tmp/sentai_emu_tpu_send_payloads/output_42.bin
t=1303ms server SEND_STATS cmd=output ok=1 ms=27 params_calls=0 params_bytes=0 input_calls=0 input_bytes=0 ins_calls=0 ins_bytes=0 usb_out_calls=0 usb_out_req=0 usb_out_done=0 usb_out_us=0 usb_in_calls=692 usb_in_req=176944 usb_in_done=176368 usb_in_us=24973 usb_event_calls=0 usb_event_req=0 usb_event_done=0 usb_event_us=0 usb_intr_calls=0 usb_intr_req=0 usb_intr_done=0 usb_intr_us=0 usb_timeouts=0 usb_failed=0
t=1303ms server SEND_SERVER_DONE cmd=output rc=0 bytes=176368 ms=27
t=1306ms bridge cmd=output seq=42 data_len=0 out_len=176368 ok=True ms=31
t=1307ms server command event
t=1308ms server SEND_STATS cmd=event ok=1 ms=0 params_calls=0 params_bytes=0 input_calls=0 input_bytes=0 ins_calls=0 ins_bytes=0 usb_out_calls=0 usb_out_req=0 usb_out_done=0 usb_out_us=0 usb_in_calls=0 usb_in_req=0 usb_in_done=0 usb_in_us=0 usb_event_calls=1 usb_event_req=16 usb_event_done=16 usb_event_us=67 usb_intr_calls=0 usb_intr_req=0 usb_intr_done=0 usb_intr_us=0 usb_timeouts=0 usb_failed=0
t=1308ms server SEND_SERVER_DONE cmd=event rc=0 bytes=0 ms=0
t=1313ms bridge cmd=event seq=43 data_len=0 out_len=0 ok=True ms=6
t=1334ms server command ins /tmp/sentai_emu_tpu_send_payloads/payload_44_ins.bin
t=1344ms server SEND_STATS cmd=ins ok=1 ms=9 params_calls=0 params_bytes=0 input_calls=0 input_bytes=0 ins_calls=1 ins_bytes=254304 usb_out_calls=3 usb_out_req=254312 usb_out_done=254312 usb_out_us=3077 usb_in_calls=0 usb_in_req=0 usb_in_done=0 usb_in_us=0 usb_event_calls=0 usb_event_req=0 usb_event_done=0 usb_event_us=0 usb_intr_calls=0 usb_intr_req=0 usb_intr_done=0 usb_intr_us=0 usb_timeouts=0 usb_failed=0
t=1345ms server SEND_SERVER_DONE cmd=ins rc=0 bytes=254304 ms=9
t=1345ms bridge cmd=ins seq=44 data_len=254304 out_len=0 ok=True ms=11
t=1346ms server command inputs /tmp/sentai_emu_tpu_send_payloads/payload_45_inputs.bin
t=1356ms server SEND_STATS cmd=inputs ok=1 ms=9 params_calls=0 params_bytes=0 input_calls=1 input_bytes=270000 ins_calls=0 ins_bytes=0 usb_out_calls=3 usb_out_req=270008 usb_out_done=270008 usb_out_us=3091 usb_in_calls=0 usb_in_req=0 usb_in_done=0 usb_in_us=0 usb_event_calls=0 usb_event_req=0 usb_event_done=0 usb_event_us=0 usb_intr_calls=0 usb_intr_req=0 usb_intr_done=0 usb_intr_us=0 usb_timeouts=0 usb_failed=0
t=1356ms server SEND_SERVER_DONE cmd=inputs rc=0 bytes=270000 ms=9
t=1362ms bridge cmd=inputs seq=45 data_len=270000 out_len=0 ok=True ms=17
t=1362ms server command output 7672 /tmp/sentai_emu_tpu_send_payloads/output_46.bin
t=1382ms server SEND_STATS cmd=output ok=1 ms=18 params_calls=0 params_bytes=0 input_calls=0 input_bytes=0 ins_calls=0 ins_bytes=0 usb_out_calls=0 usb_out_req=0 usb_out_done=0 usb_out_us=0 usb_in_calls=30 usb_in_req=7672 usb_in_done=7672 usb_in_us=18530 usb_event_calls=0 usb_event_req=0 usb_event_done=0 usb_event_us=0 usb_intr_calls=0 usb_intr_req=0 usb_intr_done=0 usb_intr_us=0 usb_timeouts=0 usb_failed=0
t=1382ms server SEND_SERVER_DONE cmd=output rc=0 bytes=7672 ms=18
t=1384ms bridge cmd=output seq=46 data_len=0 out_len=7672 ok=True ms=21
t=1385ms server command output 176368 /tmp/sentai_emu_tpu_send_payloads/output_47.bin
t=1409ms server SEND_STATS cmd=output ok=1 ms=24 params_calls=0 params_bytes=0 input_calls=0 input_bytes=0 ins_calls=0 ins_bytes=0 usb_out_calls=0 usb_out_req=0 usb_out_done=0 usb_out_us=0 usb_in_calls=692 usb_in_req=176944 usb_in_done=176368 usb_in_us=22413 usb_event_calls=0 usb_event_req=0 usb_event_done=0 usb_event_us=0 usb_intr_calls=0 usb_intr_req=0 usb_intr_done=0 usb_intr_us=0 usb_timeouts=0 usb_failed=0
t=1410ms server SEND_SERVER_DONE cmd=output rc=0 bytes=176368 ms=24
t=1411ms bridge cmd=output seq=47 data_len=0 out_len=176368 ok=True ms=27
t=1411ms server command event
t=1412ms server SEND_STATS cmd=event ok=1 ms=0 params_calls=0 params_bytes=0 input_calls=0 input_bytes=0 ins_calls=0 ins_bytes=0 usb_out_calls=0 usb_out_req=0 usb_out_done=0 usb_out_us=0 usb_in_calls=0 usb_in_req=0 usb_in_done=0 usb_in_us=0 usb_event_calls=1 usb_event_req=16 usb_event_done=16 usb_event_us=60 usb_intr_calls=0 usb_intr_req=0 usb_intr_done=0 usb_intr_us=0 usb_timeouts=0 usb_failed=0
t=1412ms server SEND_SERVER_DONE cmd=event rc=0 bytes=0 ms=0
t=1417ms bridge cmd=event seq=48 data_len=0 out_len=0 ok=True ms=6
t=1432ms server command ins /tmp/sentai_emu_tpu_send_payloads/payload_49_ins.bin
t=1443ms server SEND_STATS cmd=ins ok=1 ms=9 params_calls=0 params_bytes=0 input_calls=0 input_bytes=0 ins_calls=1 ins_bytes=254304 usb_out_calls=3 usb_out_req=254312 usb_out_done=254312 usb_out_us=3180 usb_in_calls=0 usb_in_req=0 usb_in_done=0 usb_in_us=0 usb_event_calls=0 usb_event_req=0 usb_event_done=0 usb_event_us=0 usb_intr_calls=0 usb_intr_req=0 usb_intr_done=0 usb_intr_us=0 usb_timeouts=0 usb_failed=0
t=1443ms server SEND_SERVER_DONE cmd=ins rc=0 bytes=254304 ms=9
t=1448ms bridge cmd=ins seq=49 data_len=254304 out_len=0 ok=True ms=17
t=1449ms server command inputs /tmp/sentai_emu_tpu_send_payloads/payload_50_inputs.bin
t=1459ms server SEND_STATS cmd=inputs ok=1 ms=9 params_calls=0 params_bytes=0 input_calls=1 input_bytes=270000 ins_calls=0 ins_bytes=0 usb_out_calls=3 usb_out_req=270008 usb_out_done=270008 usb_out_us=3113 usb_in_calls=0 usb_in_req=0 usb_in_done=0 usb_in_us=0 usb_event_calls=0 usb_event_req=0 usb_event_done=0 usb_event_us=0 usb_intr_calls=0 usb_intr_req=0 usb_intr_done=0 usb_intr_us=0 usb_timeouts=0 usb_failed=0
t=1459ms server SEND_SERVER_DONE cmd=inputs rc=0 bytes=270000 ms=9
t=1460ms bridge cmd=inputs seq=50 data_len=270000 out_len=0 ok=True ms=12
t=1460ms server command output 7672 /tmp/sentai_emu_tpu_send_payloads/output_51.bin
t=1484ms server SEND_STATS cmd=output ok=1 ms=23 params_calls=0 params_bytes=0 input_calls=0 input_bytes=0 ins_calls=0 ins_bytes=0 usb_out_calls=0 usb_out_req=0 usb_out_done=0 usb_out_us=0 usb_in_calls=30 usb_in_req=7672 usb_in_done=7672 usb_in_us=22806 usb_event_calls=0 usb_event_req=0 usb_event_done=0 usb_event_us=0 usb_intr_calls=0 usb_intr_req=0 usb_intr_done=0 usb_intr_us=0 usb_timeouts=0 usb_failed=0
t=1484ms server SEND_SERVER_DONE cmd=output rc=0 bytes=7672 ms=23
t=1486ms bridge cmd=output seq=51 data_len=0 out_len=7672 ok=True ms=26
t=1487ms server command output 176368 /tmp/sentai_emu_tpu_send_payloads/output_52.bin
t=1514ms server SEND_STATS cmd=output ok=1 ms=25 params_calls=0 params_bytes=0 input_calls=0 input_bytes=0 ins_calls=0 ins_bytes=0 usb_out_calls=0 usb_out_req=0 usb_out_done=0 usb_out_us=0 usb_in_calls=692 usb_in_req=176944 usb_in_done=176368 usb_in_us=23791 usb_event_calls=0 usb_event_req=0 usb_event_done=0 usb_event_us=0 usb_intr_calls=0 usb_intr_req=0 usb_intr_done=0 usb_intr_us=0 usb_timeouts=0 usb_failed=0
t=1514ms server SEND_SERVER_DONE cmd=output rc=0 bytes=176368 ms=25
t=1518ms bridge cmd=output seq=52 data_len=0 out_len=176368 ok=True ms=31
t=1519ms server command event
t=1521ms server SEND_STATS cmd=event ok=1 ms=0 params_calls=0 params_bytes=0 input_calls=0 input_bytes=0 ins_calls=0 ins_bytes=0 usb_out_calls=0 usb_out_req=0 usb_out_done=0 usb_out_us=0 usb_in_calls=0 usb_in_req=0 usb_in_done=0 usb_in_us=0 usb_event_calls=1 usb_event_req=16 usb_event_done=16 usb_event_us=74 usb_intr_calls=0 usb_intr_req=0 usb_intr_done=0 usb_intr_us=0 usb_timeouts=0 usb_failed=0
t=1521ms server SEND_SERVER_DONE cmd=event rc=0 bytes=0 ms=0
t=1524ms bridge cmd=event seq=53 data_len=0 out_len=0 ok=True ms=5
