
SentAI EMU REPL B8.3
S233_PREP_INIT
S233_GZ_CAM_START 0
MicroPython embed ready
S233_BEGIN
0
0
0
True
0
S233_SETUP 0 1 1 30 0 0 0
0
0
0
0
0
0
S233_FLOW_BASELINE 47 81 47
0
0
0
0
0
0
0
S233_CRAZY_SETUP 0 2 0 0 0
0
0
0
0
0
S233_SAMPLE 48 212 23 -110 255 7
0
S233_SAMPLE 49 236 0 0 40 4
0
S233_SAMPLE 50 259 -49 -10 255 0
0
S233_SAMPLE 51 279 -52 -49 255 0
0
S233_SAMPLE 52 300 0 0 255 0
0
S233_SAMPLE 53 320 0 0 255 0
0
S233_SAMPLE 54 340 0 0 255 0
0
S233_SAMPLE 55 360 0 0 255 0
0
S233_SAMPLE 56 380 0 0 255 0
0
S233_SAMPLE 57 400 0 0 255 0
0
S233_SAMPLE 58 420 0 0 255 0
0
S233_SAMPLE 59 440 0 0 255 0
S233_CRAZY_DONE 0 0
0
0
0
0
S233_SUMMARY 17571 480 2731 457 2600 12 2 7 440
0
0
0
0
0
0
0
0
0
0
0
True
True
S233_DONE
