13:38:51.5857 [INFO] Loaded monitor commands from: /home/bogdan/work/renode_portable/scripts/monitor.py
Renode, version 1.16.1 (ac18b5ac-202606020225)


(monitor) i $CWD/emu/renode/sentai_emu_tpu_fps_mem_repl.resc

13:38:51.7859 [INFO] Including script(s): /home/bogdan/work/coralmicro/emu/renode/sentai_emu_tpu_fps_mem_repl.resc
13:38:51.8099 [INFO] System bus created.
13:38:53.2755 [INFO] Old file /home/bogdan/work/coralmicro/emu/output/sentai_emu_tpu_fps_mem_repl.log moved to /home/bogdan/work/coralmicro/emu/output/sentai_emu_tpu_fps_mem_repl.log.1
13:38:53.3065 [INFO] sysbus: Loading block of 3072 bytes length at 0x0.
13:38:53.3250 [INFO] sysbus: Loading block of 228664 bytes length at 0xC00.
13:38:53.3256 [INFO] sysbus: Loading block of 202440 bytes length at 0x38938.
13:38:53.3261 [INFO] sysbus: Loading block of 16777216 bytes length at 0x80000000.
13:38:53.3646 [INFO] sysbus: Loading block of 54680 bytes length at 0x81000000.
13:38:54.1551 [INFO] cpu: Setting initial values: PC = 0xCBD, SP = 0x20040000.
13:38:54.1587 [INFO] machine-0: Machine started.
13:38:54.2697 [WARNING] nvic: Unhandled write to offset 0xF50 (ICacheInvalidateAllToPoUaIgnored), value 0x0.
13:38:54.3069 [WARNING] nvic: Trying to set the priority for interrupt 16 to 0xFF, but it should be maskable with 0xF0
13:40:57.2027 [INFO] machine-0: Machine paused.
sentai_emu_tpu_fps_mem_repl PC:

0x1cee

sentai_emu_tpu_fps_mem_repl boot_state:

0x00000500

sentai_emu_tpu_fps_mem_repl heartbeat:

0x00000001

sentai_emu_tpu_fps_mem_repl repl_lines:

0x00000001

sentai_emu_tpu_fps_mem_repl last_tick:

0x00000034

(machine-0) 13:40:57.2898 [INFO] machine-0: Disposed.
