13:42:39.1097 [INFO] Loaded monitor commands from: /home/bogdan/work/renode_portable/scripts/monitor.py
Renode, version 1.16.1 (ac18b5ac-202606020225)


(monitor) i $CWD/emu/renode/sentai_emu_tpu_fps_mem_repl.resc

13:42:39.2464 [INFO] Including script(s): /home/bogdan/work/coralmicro/emu/renode/sentai_emu_tpu_fps_mem_repl.resc
13:42:39.2639 [INFO] System bus created.
13:42:40.3243 [INFO] Old file /home/bogdan/work/coralmicro/emu/output/sentai_emu_tpu_fps_mem_repl.log moved to /home/bogdan/work/coralmicro/emu/output/sentai_emu_tpu_fps_mem_repl.log.2
13:42:40.3549 [INFO] sysbus: Loading block of 3072 bytes length at 0x0.
13:42:40.3713 [INFO] sysbus: Loading block of 228664 bytes length at 0xC00.
13:42:40.3718 [INFO] sysbus: Loading block of 202440 bytes length at 0x38938.
13:42:40.3722 [INFO] sysbus: Loading block of 16777216 bytes length at 0x80000000.
13:42:40.4044 [INFO] sysbus: Loading block of 54680 bytes length at 0x81000000.
13:42:41.0772 [INFO] cpu: Setting initial values: PC = 0xCBD, SP = 0x20040000.
13:42:41.0805 [INFO] machine-0: Machine started.
13:42:41.1798 [WARNING] nvic: Unhandled write to offset 0xF50 (ICacheInvalidateAllToPoUaIgnored), value 0x0.
13:42:41.2120 [WARNING] nvic: Trying to set the priority for interrupt 16 to 0xFF, but it should be maskable with 0xF0
13:44:05.5226 [INFO] machine-0: Machine paused.
sentai_emu_tpu_fps_mem_repl PC:

0x1cee

sentai_emu_tpu_fps_mem_repl boot_state:

0x00000500

sentai_emu_tpu_fps_mem_repl heartbeat:

0x00000001

sentai_emu_tpu_fps_mem_repl repl_lines:

0x00000001

sentai_emu_tpu_fps_mem_repl last_tick:

0x000007B7

(machine-0) 13:44:05.5975 [INFO] machine-0: Disposed.
