$ /usr/bin/python3 emu/host/sentai_gazebo_uds_to_tcp_bridge.py --uds /tmp/sentai_emu_cam.sock --tcp-host 127.0.0.1 --tcp-port 30233 --max-fps 15.0 --out-width 320 --out-height 240
[uds-tcp] pull server 127.0.0.1:30233
[uds-tcp] listening /tmp/sentai_emu_cam.sock
[uds-tcp] renode client connected
[uds-tcp] renode client disconnected
[uds-tcp] gz client connected
[uds-tcp] frames=30 seq=30 kept=15 dropped=15 bad=0 latest=30
[uds-tcp] frames=60 seq=60 kept=30 dropped=30 bad=0 latest=60
[uds-tcp] frames=90 seq=90 kept=45 dropped=45 bad=0 latest=90
[uds-tcp] frames=120 seq=120 kept=60 dropped=60 bad=0 latest=120
[uds-tcp] frames=150 seq=150 kept=76 dropped=74 bad=0 latest=150
[uds-tcp] renode client connected
[uds-tcp] frames=180 seq=180 kept=91 dropped=89 bad=0 latest=180
[uds-tcp] frames=210 seq=210 kept=106 dropped=104 bad=0 latest=210
[uds-tcp] frames=240 seq=240 kept=121 dropped=119 bad=0 latest=240
[uds-tcp] frames=270 seq=270 kept=136 dropped=134 bad=0 latest=270
[uds-tcp] frames=300 seq=300 kept=151 dropped=149 bad=0 latest=300
[uds-tcp] frames=330 seq=330 kept=166 dropped=164 bad=0 latest=330
[uds-tcp] frames=360 seq=360 kept=181 dropped=179 bad=0 latest=360
[uds-tcp] frames=390 seq=390 kept=197 dropped=193 bad=0 latest=389
[uds-tcp] frames=420 seq=420 kept=212 dropped=208 bad=0 latest=419
[uds-tcp] frames=450 seq=450 kept=227 dropped=223 bad=0 latest=449
[uds-tcp] frames=480 seq=480 kept=242 dropped=238 bad=0 latest=479
[uds-tcp] frames=510 seq=510 kept=257 dropped=253 bad=0 latest=509
[uds-tcp] frames=540 seq=540 kept=272 dropped=268 bad=0 latest=539
[uds-tcp] frames=570 seq=570 kept=287 dropped=283 bad=0 latest=569
[uds-tcp] frames=600 seq=600 kept=302 dropped=298 bad=0 latest=599
[uds-tcp] frames=630 seq=630 kept=317 dropped=313 bad=0 latest=629
[uds-tcp] frames=660 seq=660 kept=332 dropped=328 bad=0 latest=659
[uds-tcp] frames=690 seq=690 kept=347 dropped=343 bad=0 latest=689
[uds-tcp] frames=720 seq=720 kept=363 dropped=357 bad=0 latest=720
[uds-tcp] frames=750 seq=750 kept=378 dropped=372 bad=0 latest=750
[uds-tcp] frames=780 seq=780 kept=393 dropped=387 bad=0 latest=780
[uds-tcp] frames=810 seq=810 kept=408 dropped=402 bad=0 latest=810
[uds-tcp] frames=840 seq=840 kept=423 dropped=417 bad=0 latest=840
[uds-tcp] frames=870 seq=870 kept=438 dropped=432 bad=0 latest=870
[uds-tcp] frames=900 seq=900 kept=453 dropped=447 bad=0 latest=900
[uds-tcp] frames=930 seq=930 kept=468 dropped=462 bad=0 latest=930
[uds-tcp] frames=960 seq=960 kept=483 dropped=477 bad=0 latest=960
[uds-tcp] frames=990 seq=990 kept=498 dropped=492 bad=0 latest=990
[uds-tcp] frames=1020 seq=1020 kept=513 dropped=507 bad=0 latest=1020
[uds-tcp] frames=1050 seq=1050 kept=528 dropped=522 bad=0 latest=1050
[uds-tcp] frames=1080 seq=1080 kept=543 dropped=537 bad=0 latest=1080
[uds-tcp] frames=1110 seq=1110 kept=558 dropped=552 bad=0 latest=1110
[uds-tcp] frames=1140 seq=1140 kept=573 dropped=567 bad=0 latest=1140
[uds-tcp] frames=1170 seq=1170 kept=588 dropped=582 bad=0 latest=1170
[uds-tcp] frames=1200 seq=1200 kept=603 dropped=597 bad=0 latest=1200
[uds-tcp] frames=1230 seq=1230 kept=618 dropped=612 bad=0 latest=1230
[uds-tcp] frames=1260 seq=1260 kept=633 dropped=627 bad=0 latest=1260
[uds-tcp] frames=1290 seq=1290 kept=648 dropped=642 bad=0 latest=1290
[uds-tcp] frames=1320 seq=1320 kept=663 dropped=657 bad=0 latest=1319
[uds-tcp] frames=1350 seq=1350 kept=678 dropped=672 bad=0 latest=1349
[uds-tcp] frames=1380 seq=1380 kept=693 dropped=687 bad=0 latest=1379
[uds-tcp] frames=1410 seq=1410 kept=708 dropped=702 bad=0 latest=1409
[uds-tcp] frames=1440 seq=1440 kept=723 dropped=717 bad=0 latest=1439
[uds-tcp] frames=1470 seq=1470 kept=739 dropped=731 bad=0 latest=1470
[uds-tcp] frames=1500 seq=1500 kept=754 dropped=746 bad=0 latest=1500
[uds-tcp] frames=1530 seq=1530 kept=769 dropped=761 bad=0 latest=1530
[uds-tcp] frames=1560 seq=1560 kept=784 dropped=776 bad=0 latest=1560
[uds-tcp] renode client disconnected
