
SentAI EMU REPL B8.3
S233_PREP_INIT
S233_GZ_CAM_START 0
MicroPython embed ready
S233_BEGIN
0
0
0
True
0
S233_SETUP 0 1 1 30 0 0 0
0
0
0
0
0
0
S233_FLOW_BASELINE 46 23 44
0
0
0
0
0
0
0
S233_CRAZY_SETUP 0 2 0 0 0
0
0
0
0
0
S233_SAMPLE 47 56 -68 -17 255 7
0
S233_SAMPLE 48 65 -18 -146 255 7
0
S233_SAMPLE 49 74 0 0 255 0
0
S233_SAMPLE 50 82 0 0 255 0
0
S233_SAMPLE 51 90 0 0 255 0
0
S233_SAMPLE 52 98 0 0 255 0
0
S233_SAMPLE 53 106 0 0 255 0
S233_CRAZY_DONE 0 0
0
0
0
0
S233_SUMMARY 17729 114 643 113 637 7 2 7 106
0
0
0
0
0
0
0
0
0
0
0
True
True
S233_DONE
