07:22:28.3454 [INFO] Loaded monitor commands from: /home/bogdan/work/renode_portable/scripts/monitor.py
Renode, version 1.16.1 (ac18b5ac-202606020225)


(monitor) i $CWD/emu/renode/sentai_emu_tpu_timing_repl.resc

07:22:28.4641 [INFO] Including script(s): /home/bogdan/work/coralmicro/emu/renode/sentai_emu_tpu_timing_repl.resc
07:22:28.4802 [INFO] System bus created.
07:22:29.3172 [INFO] Old file /home/bogdan/work/coralmicro/emu/output/sentai_emu_tpu_timing_repl.log moved to /home/bogdan/work/coralmicro/emu/output/sentai_emu_tpu_timing_repl.log.8
07:22:29.3370 [INFO] sysbus: Loading block of 3072 bytes length at 0x0.
07:22:29.3500 [INFO] sysbus: Loading block of 231496 bytes length at 0xC00.
07:22:29.3504 [INFO] sysbus: Loading block of 202736 bytes length at 0x39448.
07:22:29.3507 [INFO] sysbus: Loading block of 16777216 bytes length at 0x80000000.
07:22:29.3733 [INFO] sysbus: Loading block of 54680 bytes length at 0x81000000.
07:22:29.9258 [INFO] cpu: Setting initial values: PC = 0xCBD, SP = 0x20040000.
07:22:29.9285 [INFO] machine-0: Machine started.
07:22:30.0205 [WARNING] nvic: Unhandled write to offset 0xF50 (ICacheInvalidateAllToPoUaIgnored), value 0x0.
07:22:30.0515 [WARNING] nvic: Trying to set the priority for interrupt 16 to 0xFF, but it should be maskable with 0xF0
07:24:14.2168 [INFO] machine-0: Machine paused.
sentai_emu_tpu_timing_repl PC:

0x1cf2

sentai_emu_tpu_timing_repl boot_state:

0x00000500

sentai_emu_tpu_timing_repl heartbeat:

0x00000001

sentai_emu_tpu_timing_repl repl_lines:

0x00000001

sentai_emu_tpu_timing_repl last_tick:

0x000009F1

(machine-0) 07:24:14.2851 [INFO] machine-0: Disposed.
