14:33:58.9058 [INFO] Loaded monitor commands from: /home/bogdan/work/renode_portable/scripts/monitor.py
Renode, version 1.16.1 (ac18b5ac-202606020225)


(monitor) i $CWD/emu/renode/sentai_emu_tpu_fps_mem_session_repl.resc

14:33:59.0285 [INFO] Including script(s): /home/bogdan/work/coralmicro/emu/renode/sentai_emu_tpu_fps_mem_session_repl.resc
14:33:59.0442 [INFO] System bus created.
14:33:59.8995 [INFO] Old file /home/bogdan/work/coralmicro/emu/output/sentai_emu_tpu_fps_mem_session_repl.log moved to /home/bogdan/work/coralmicro/emu/output/sentai_emu_tpu_fps_mem_session_repl.log.1
14:33:59.9171 [INFO] sysbus: Loading block of 3072 bytes length at 0x0.
14:33:59.9279 [INFO] sysbus: Loading block of 229160 bytes length at 0xC00.
14:33:59.9282 [INFO] sysbus: Loading block of 202440 bytes length at 0x38B28.
14:33:59.9285 [INFO] sysbus: Loading block of 16777216 bytes length at 0x80000000.
14:33:59.9487 [INFO] sysbus: Loading block of 54680 bytes length at 0x81000000.
14:34:00.4056 [INFO] cpu: Setting initial values: PC = 0xCBD, SP = 0x20040000.
14:34:00.4082 [INFO] machine-0: Machine started.
14:34:00.4862 [WARNING] nvic: Unhandled write to offset 0xF50 (ICacheInvalidateAllToPoUaIgnored), value 0x0.
14:34:00.5119 [WARNING] nvic: Trying to set the priority for interrupt 16 to 0xFF, but it should be maskable with 0xF0
14:35:10.3334 [INFO] machine-0: Machine paused.
sentai_emu_tpu_fps_mem_session_repl PC:

0x1cf2

sentai_emu_tpu_fps_mem_session_repl boot_state:

0x00000500

sentai_emu_tpu_fps_mem_session_repl heartbeat:

0x00000001

sentai_emu_tpu_fps_mem_session_repl repl_lines:

0x00000001

sentai_emu_tpu_fps_mem_session_repl last_tick:

0x000007D8

(machine-0) 14:35:10.4049 [INFO] machine-0: Disposed.
