
SentAI EMU REPL B8.3
MicroPython embed ready
MISSION_TPU_FPS_MEM_SESSION_BEGIN
MODEL_SIZE 7077792
IMAGE_SIZE 921654
TPU_LOAD 0
TPU_READY True
TPU_LOAD_IMAGE_MEM 0
IMAGE_MEM_SIZE 921654
TPU_START 0
TPU_FPS_MEM_SESSION_RESULT (0, 1, -1, 0, 0, 0)
TPU_FPS_MEM_SESSION_COMPLETED 0
TPU_FPS_MEM_SESSION_WARMUP 1
TPU_FPS_MEM_SESSION_MEASURED_MS -1
TPU_FPS_MEM_SESSION_X100 0
TPU_FPS_MEM_SESSION 0.0
TPU_FPS_MEM_SESSION_INVOKE_MS_SUM 0
DETECTIONS_COUNT 0
DETECTIONS []
TPU_STOP 0
MISSION_TPU_FPS_MEM_SESSION_DONE
0
>>>