t=41ms baudrate 576000
t=45ms open
t=890ms guest system dst=1 src=3 payload=2101
t=1246ms guest system dst=1 src=3 payload=2001
t=1262ms guest->udp crtp_len=5
t=1279ms udp->guest crtp_len=5
t=1283ms guest->udp crtp_len=3
t=1973ms guest->udp crtp_len=16
t=1981ms udp->guest crtp_len=5
t=8462ms guest->udp crtp_len=3
t=8466ms guest->udp crtp_len=18
t=8503ms udp->guest crtp_len=5
t=8598ms guest->udp crtp_len=18
t=8831ms guest->udp crtp_len=18
t=8938ms guest->udp crtp_len=18
t=9144ms guest->udp crtp_len=18
t=9489ms guest->udp crtp_len=18
t=17033ms guest->udp crtp_len=18
t=23907ms guest->udp crtp_len=18
t=30655ms guest->udp crtp_len=16
t=30658ms udp->guest crtp_len=5
t=34809ms guest system dst=1 src=3 payload=2100
t=35132ms guest system dst=1 src=3 payload=2000
t=35768ms baudrate 115200
t=35770ms close
