16:58:28.2125 [INFO] Loaded monitor commands from: /home/bogdan/work/renode_portable/scripts/monitor.py
[0mRenode, version 1.16.1 (ac18b5ac-202606020225)

[91m(monitor) [0mi $CWD/emu/renode/sentai_emu_namespace_inventory_ui.resc
16:58:28.3345 [INFO] Including script(s): /home/bogdan/work/coralmicro/emu/renode/sentai_emu_namespace_inventory_ui.resc
16:58:28.3507 [INFO] System bus created.
16:58:29.3874 [INFO] sysbus: Loading block of 3072 bytes length at 0x0.
16:58:29.4002 [INFO] sysbus: Loading block of 254972 bytes length at 0xC00.
16:58:29.4005 [INFO] sysbus: Loading block of 636 bytes length at 0x3EFFC.
16:58:29.4005 [INFO] sysbus: Loading block of 204160 bytes length at 0x3F280.
16:58:29.4009 [INFO] sysbus: Loading block of 16777216 bytes length at 0x80000000.
16:58:29.4261 [INFO] sysbus: Loading block of 54716 bytes length at 0x81000000.
16:58:29.9154 [INFO] cpu: Setting initial values: PC = 0xCBD, SP = 0x20040000.
16:58:29.9182 [INFO] machine-0: Machine started.
16:58:30.0062 [WARNING] nvic: Unhandled write to offset 0xF50 (ICacheInvalidateAllToPoUaIgnored), value 0x0.
16:58:30.0339 [WARNING] nvic: Trying to set the priority for interrupt 16 to 0xFF, but it should be maskable with 0xF0
16:58:36.5618 [INFO] machine-0: Machine paused.
sentai_emu_namespace_inventory PC:
0x14dae
sentai_emu_namespace_inventory boot_state:
0x00000500
sentai_emu_namespace_inventory heartbeat:
0x0000001C
sentai_emu_namespace_inventory repl_lines:
0x00000001
sentai_emu_namespace_inventory last_tick:
0x00000B34
[33m(machine-0) [0m16:58:36.6303 [INFO] machine-0: Disposed.
$ /home/bogdan/work/renode_portable/renode --console emu/renode/sentai_emu_namespace_inventory_ui.resc

[elapsed_s] 10.039
