[sim] FS root: /home/bogdan/work/coralmicro/examples/sentai_runtime/experiments/s209_virtual_camera_tpu_e2e/iter201_virtual_camera_flow_static_shift/fs_root
[sim] sentai_sim build #1053 (2026-06-01 08:15:11)
[sim] FreeRTOS POSIX port: tick=1000 Hz, heap=4194304 bytes
[sim] MicroPython heap: 2097152 bytes
[sim] sentai.fr auto-start: dir=/home/bogdan/work/coralmicro/examples/sentai_runtime/experiments/s209_virtual_camera_tpu_e2e/iter201_virtual_camera_flow_static_shift/fs_root/fr init=0 events=0 scalars=0 debug=0 task=0

MicroPython on SentAI SIM (FreeRTOS POSIX port + MicroPython embed)
Type expressions, end with Enter.  Ctrl-D or 'exit' to quit.
Try: sentai.version(), sentai.fs.write(...), help()

>>> [sentai_fr] worker START
>>> camera_bridge: listening on /tmp/sentai_cam.sock (waiting for Gazebo bridge)
IMG_SIZE 921654
SHIFT_SIZE 921654
FLOW_START 0
[camera] select(-1, /images/cat_640x480.bmp) rc=0
[camera] select(-1, /images/cat_640x480.bmp) rc=0
[camera] select(-1, /images/cat_640x480_shift_x2.bmp) rc=0
FLOW_STOP 0
FLOW_RESULTS {'shifted': (0, (True, 1, -129, 5, 240, 3, -1)), 'static_same': (0, (True, 1, 0, 0, 255, 2, -1)), 'prime': (0, (True, 1, 0, 0, 0, 1, -1))}
FLOW_RESULTS_WRITTEN True
0
>>> 
[sim] EOF on stdin, exiting
[sim] REPL task done, terminating process
