20:40:52.8272 [INFO] Loaded monitor commands from: /home/bogdan/work/renode_portable/scripts/monitor.py
Renode, version 1.16.1 (ac18b5ac-202606020225)


(monitor) i $CWD/emu/renode/sentai_emu_tpu_timing_repl.resc

20:40:52.9833 [INFO] Including script(s): /home/bogdan/work/coralmicro/emu/renode/sentai_emu_tpu_timing_repl.resc
20:40:53.0044 [INFO] System bus created.
20:40:54.1291 [INFO] Old file /home/bogdan/work/coralmicro/emu/output/sentai_emu_tpu_timing_repl.log moved to /home/bogdan/work/coralmicro/emu/output/sentai_emu_tpu_timing_repl.log.5
20:40:54.1555 [INFO] sysbus: Loading block of 3072 bytes length at 0x0.
20:40:54.1700 [INFO] sysbus: Loading block of 231480 bytes length at 0xC00.
20:40:54.1703 [INFO] sysbus: Loading block of 202736 bytes length at 0x39438.
20:40:54.1708 [INFO] sysbus: Loading block of 16777216 bytes length at 0x80000000.
20:40:54.1959 [INFO] sysbus: Loading block of 54680 bytes length at 0x81000000.
20:40:54.8451 [INFO] cpu: Setting initial values: PC = 0xCBD, SP = 0x20040000.
20:40:54.8485 [INFO] machine-0: Machine started.
20:40:54.9511 [WARNING] nvic: Unhandled write to offset 0xF50 (ICacheInvalidateAllToPoUaIgnored), value 0x0.
20:40:54.9886 [WARNING] nvic: Trying to set the priority for interrupt 16 to 0xFF, but it should be maskable with 0xF0
20:43:12.6909 [INFO] machine-0: Machine paused.
sentai_emu_tpu_timing_repl PC:

0x1cee

sentai_emu_tpu_timing_repl boot_state:

0x00000500

sentai_emu_tpu_timing_repl heartbeat:

0x00000001

sentai_emu_tpu_timing_repl repl_lines:

0x00000001

sentai_emu_tpu_timing_repl last_tick:

0x000009A3

(machine-0) 20:43:12.7764 [INFO] machine-0: Disposed.
