INFO  [px4] instance: 0

______  __   __    ___ 
| ___ \ \ \ / /   /   |
| |_/ /  \ V /   / /| |
|  __/   /   \  / /_| |
| |     / /^\ \ \___  |
\_|     \/   \/     |_/

px4 starting.

INFO  [px4] startup script: /bin/sh etc/init.d-posix/rcS 0
env SYS_AUTOSTART: 4043
INFO  [param] selected parameter default file parameters.bson
INFO  [param] importing from 'parameters.bson'
INFO  [parameters] BSON document size 316 bytes, decoded 316 bytes (INT32:13, FLOAT:3)
INFO  [param] selected parameter backup file parameters_backup.bson
INFO  [dataman] data manager file './dataman' size is 7866640 bytes
INFO  [init] starting gazebo with world: /home/bogdan/work/crazyflie/CrazySim/crazyflie-firmware/tools/crazyflie-simulation/simulator_files/gazebo/worlds/sentai_crazysim.sdf
INFO  [init] PX4_GZ_MODEL_POSE set, spawning at: 0,0,1.0,0,0,0
INFO  [lockstep_scheduler] setting initial absolute time to 8000 us
INFO  [gz_bridge] world: sentai_crazysim, model name: x500_sentai_0, simulation model: x500_sentai
INFO  [gz_bridge] Requested Model Position: 0,0,1.0,0,0,0
INFO  [commander] LED: open /dev/led0 failed (22)
INFO  [tone_alarm] home set
INFO  [mavlink] mode: Normal, data rate: 4000000 B/s on udp port 18570 remote port 14550
INFO  [mavlink] mode: Onboard, data rate: 4000000 B/s on udp port 14580 remote port 14540
INFO  [mavlink] mode: Onboard, data rate: 4000 B/s on udp port 14280 remote port 14030
INFO  [mavlink] mode: Gimbal, data rate: 400000 B/s on udp port 13030 remote port 13280
INFO  [logger] logger started (mode=all)
INFO  [logger] Start file log (type: full)
INFO  [logger] [logger] ./log/2026-05-12/17_37_11.ulg	
INFO  [logger] Opened full log file: ./log/2026-05-12/17_37_11.ulg
INFO  [mavlink] MAVLink only on localhost (set param MAV_{i}_BROADCAST = 1 to enable network)
INFO  [mavlink] MAVLink only on localhost (set param MAV_{i}_BROADCAST = 1 to enable network)
INFO  [px4] Startup script returned successfully
INFO  [tone_alarm] notify negative
INFO  [commander] [32mReady for takeoff![0m
INFO  [mavlink] partner IP: 127.0.0.1
INFO  [commander] Armed by external command	
INFO  [tone_alarm] arming warning
INFO  [commander] Takeoff detected	
INFO  [mavlink] partner IP: 127.0.0.1
INFO  [commander] Disarmed by external command	
INFO  [tone_alarm] notify neutral
