$ /usr/bin/python3 emu/host/sentai_gazebo_uds_to_tcp_bridge.py --uds /tmp/sentai_emu_cam.sock --tcp-host 127.0.0.1 --tcp-port 30233 --max-fps 15.0
[uds-tcp] pull server 127.0.0.1:30233
[uds-tcp] listening /tmp/sentai_emu_cam.sock
[uds-tcp] renode client connected
[uds-tcp] renode client disconnected
[uds-tcp] gz client connected
[uds-tcp] frames=30 seq=30 kept=14 dropped=16 bad=0 latest=30
[uds-tcp] frames=60 seq=60 kept=29 dropped=31 bad=0 latest=60
[uds-tcp] frames=90 seq=90 kept=44 dropped=46 bad=0 latest=89
[uds-tcp] frames=120 seq=120 kept=59 dropped=61 bad=0 latest=119
[uds-tcp] renode client connected
[uds-tcp] frames=150 seq=150 kept=74 dropped=76 bad=0 latest=149
[uds-tcp] frames=180 seq=180 kept=89 dropped=91 bad=0 latest=179
[uds-tcp] frames=210 seq=210 kept=104 dropped=106 bad=0 latest=209
[uds-tcp] frames=240 seq=240 kept=119 dropped=121 bad=0 latest=239
[uds-tcp] frames=270 seq=270 kept=134 dropped=136 bad=0 latest=269
[uds-tcp] frames=300 seq=300 kept=149 dropped=151 bad=0 latest=299
[uds-tcp] frames=330 seq=330 kept=164 dropped=166 bad=0 latest=329
[uds-tcp] frames=360 seq=360 kept=179 dropped=181 bad=0 latest=359
[uds-tcp] frames=390 seq=390 kept=194 dropped=196 bad=0 latest=389
[uds-tcp] frames=420 seq=420 kept=209 dropped=211 bad=0 latest=419
[uds-tcp] frames=450 seq=450 kept=224 dropped=226 bad=0 latest=449
[uds-tcp] frames=480 seq=480 kept=239 dropped=241 bad=0 latest=479
[uds-tcp] frames=510 seq=510 kept=254 dropped=256 bad=0 latest=509
[uds-tcp] frames=540 seq=540 kept=269 dropped=271 bad=0 latest=539
[uds-tcp] frames=570 seq=570 kept=284 dropped=286 bad=0 latest=569
[uds-tcp] frames=600 seq=600 kept=299 dropped=301 bad=0 latest=599
[uds-tcp] frames=630 seq=630 kept=314 dropped=316 bad=0 latest=629
[uds-tcp] frames=660 seq=660 kept=329 dropped=331 bad=0 latest=659
[uds-tcp] frames=690 seq=690 kept=344 dropped=346 bad=0 latest=689
[uds-tcp] frames=720 seq=720 kept=359 dropped=361 bad=0 latest=719
[uds-tcp] frames=750 seq=750 kept=374 dropped=376 bad=0 latest=749
[uds-tcp] frames=780 seq=780 kept=389 dropped=391 bad=0 latest=779
[uds-tcp] frames=810 seq=810 kept=404 dropped=406 bad=0 latest=809
[uds-tcp] frames=840 seq=840 kept=419 dropped=421 bad=0 latest=839
[uds-tcp] frames=870 seq=870 kept=434 dropped=436 bad=0 latest=869
[uds-tcp] frames=900 seq=900 kept=449 dropped=451 bad=0 latest=899
[uds-tcp] frames=930 seq=930 kept=464 dropped=466 bad=0 latest=929
[uds-tcp] frames=960 seq=960 kept=479 dropped=481 bad=0 latest=959
[uds-tcp] frames=990 seq=990 kept=494 dropped=496 bad=0 latest=989
[uds-tcp] frames=1020 seq=1020 kept=509 dropped=511 bad=0 latest=1019
[uds-tcp] frames=1050 seq=1050 kept=524 dropped=526 bad=0 latest=1049
[uds-tcp] frames=1080 seq=1080 kept=539 dropped=541 bad=0 latest=1079
[uds-tcp] frames=1110 seq=1110 kept=554 dropped=556 bad=0 latest=1109
[uds-tcp] frames=1140 seq=1140 kept=569 dropped=571 bad=0 latest=1139
[uds-tcp] frames=1170 seq=1170 kept=584 dropped=586 bad=0 latest=1169
[uds-tcp] frames=1200 seq=1200 kept=600 dropped=600 bad=0 latest=1200
[uds-tcp] frames=1230 seq=1230 kept=615 dropped=615 bad=0 latest=1230
[uds-tcp] frames=1260 seq=1260 kept=630 dropped=630 bad=0 latest=1260
[uds-tcp] frames=1290 seq=1290 kept=645 dropped=645 bad=0 latest=1290
[uds-tcp] frames=1320 seq=1320 kept=660 dropped=660 bad=0 latest=1320
[uds-tcp] frames=1350 seq=1350 kept=675 dropped=675 bad=0 latest=1350
[uds-tcp] frames=1380 seq=1380 kept=690 dropped=690 bad=0 latest=1380
[uds-tcp] frames=1410 seq=1410 kept=705 dropped=705 bad=0 latest=1410
[uds-tcp] frames=1440 seq=1440 kept=720 dropped=720 bad=0 latest=1440
[uds-tcp] frames=1470 seq=1470 kept=735 dropped=735 bad=0 latest=1470
[uds-tcp] frames=1500 seq=1500 kept=750 dropped=750 bad=0 latest=1500
[uds-tcp] frames=1530 seq=1530 kept=765 dropped=765 bad=0 latest=1530
[uds-tcp] frames=1560 seq=1560 kept=780 dropped=780 bad=0 latest=1560
[uds-tcp] frames=1590 seq=1590 kept=795 dropped=795 bad=0 latest=1590
[uds-tcp] frames=1620 seq=1620 kept=810 dropped=810 bad=0 latest=1620
[uds-tcp] frames=1650 seq=1650 kept=825 dropped=825 bad=0 latest=1650
[uds-tcp] frames=1680 seq=1680 kept=840 dropped=840 bad=0 latest=1680
[uds-tcp] frames=1710 seq=1710 kept=855 dropped=855 bad=0 latest=1710
[uds-tcp] frames=1740 seq=1740 kept=870 dropped=870 bad=0 latest=1740
[uds-tcp] frames=1770 seq=1770 kept=885 dropped=885 bad=0 latest=1770
[uds-tcp] frames=1800 seq=1800 kept=900 dropped=900 bad=0 latest=1800
[uds-tcp] frames=1830 seq=1830 kept=915 dropped=915 bad=0 latest=1830
[uds-tcp] frames=1860 seq=1860 kept=930 dropped=930 bad=0 latest=1860
[uds-tcp] frames=1890 seq=1890 kept=945 dropped=945 bad=0 latest=1890
[uds-tcp] frames=1920 seq=1920 kept=960 dropped=960 bad=0 latest=1919
[uds-tcp] frames=1950 seq=1950 kept=975 dropped=975 bad=0 latest=1949
[uds-tcp] frames=1980 seq=1980 kept=990 dropped=990 bad=0 latest=1979
[uds-tcp] frames=2010 seq=2010 kept=1005 dropped=1005 bad=0 latest=2009
[uds-tcp] frames=2040 seq=2040 kept=1020 dropped=1020 bad=0 latest=2039
[uds-tcp] frames=2070 seq=2070 kept=1035 dropped=1035 bad=0 latest=2069
[uds-tcp] frames=2100 seq=2100 kept=1050 dropped=1050 bad=0 latest=2099
[uds-tcp] frames=2130 seq=2130 kept=1065 dropped=1065 bad=0 latest=2129
[uds-tcp] frames=2160 seq=2160 kept=1080 dropped=1080 bad=0 latest=2159
[uds-tcp] frames=2190 seq=2190 kept=1095 dropped=1095 bad=0 latest=2189
[uds-tcp] frames=2220 seq=2220 kept=1110 dropped=1110 bad=0 latest=2219
[uds-tcp] frames=2250 seq=2250 kept=1126 dropped=1124 bad=0 latest=2250
[uds-tcp] frames=2280 seq=2280 kept=1141 dropped=1139 bad=0 latest=2280
[uds-tcp] frames=2310 seq=2310 kept=1156 dropped=1154 bad=0 latest=2310
[uds-tcp] frames=2340 seq=2340 kept=1171 dropped=1169 bad=0 latest=2340
[uds-tcp] frames=2370 seq=2370 kept=1186 dropped=1184 bad=0 latest=2370
[uds-tcp] frames=2400 seq=2400 kept=1201 dropped=1199 bad=0 latest=2400
[uds-tcp] frames=2430 seq=2430 kept=1216 dropped=1214 bad=0 latest=2430
[uds-tcp] frames=2460 seq=2460 kept=1231 dropped=1229 bad=0 latest=2460
[uds-tcp] frames=2490 seq=2490 kept=1246 dropped=1244 bad=0 latest=2490
[uds-tcp] frames=2520 seq=2520 kept=1261 dropped=1259 bad=0 latest=2520
[uds-tcp] frames=2550 seq=2550 kept=1276 dropped=1274 bad=0 latest=2550
[uds-tcp] frames=2580 seq=2580 kept=1291 dropped=1289 bad=0 latest=2580
[uds-tcp] frames=2610 seq=2610 kept=1306 dropped=1304 bad=0 latest=2610
[uds-tcp] frames=2640 seq=2640 kept=1321 dropped=1319 bad=0 latest=2640
[uds-tcp] frames=2670 seq=2670 kept=1336 dropped=1334 bad=0 latest=2670
[uds-tcp] frames=2700 seq=2700 kept=1351 dropped=1349 bad=0 latest=2699
[uds-tcp] frames=2730 seq=2730 kept=1366 dropped=1364 bad=0 latest=2729
[uds-tcp] frames=2760 seq=2760 kept=1381 dropped=1379 bad=0 latest=2759
[uds-tcp] frames=2790 seq=2790 kept=1396 dropped=1394 bad=0 latest=2789
[uds-tcp] frames=2820 seq=2820 kept=1411 dropped=1409 bad=0 latest=2819
[uds-tcp] frames=2850 seq=2850 kept=1426 dropped=1424 bad=0 latest=2849
[uds-tcp] frames=2880 seq=2880 kept=1441 dropped=1439 bad=0 latest=2879
[uds-tcp] frames=2910 seq=2910 kept=1456 dropped=1454 bad=0 latest=2909
[uds-tcp] frames=2940 seq=2940 kept=1471 dropped=1469 bad=0 latest=2939
[uds-tcp] frames=2970 seq=2970 kept=1486 dropped=1484 bad=0 latest=2969
[uds-tcp] frames=3000 seq=3000 kept=1501 dropped=1499 bad=0 latest=2999
[uds-tcp] frames=3030 seq=3030 kept=1516 dropped=1514 bad=0 latest=3029
[uds-tcp] frames=3060 seq=3060 kept=1532 dropped=1528 bad=0 latest=3060
[uds-tcp] frames=3090 seq=3090 kept=1547 dropped=1543 bad=0 latest=3090
[uds-tcp] frames=3120 seq=3120 kept=1562 dropped=1558 bad=0 latest=3120
[uds-tcp] frames=3150 seq=3150 kept=1577 dropped=1573 bad=0 latest=3150
[uds-tcp] frames=3180 seq=3180 kept=1592 dropped=1588 bad=0 latest=3180
[uds-tcp] frames=3210 seq=3210 kept=1607 dropped=1603 bad=0 latest=3210
[uds-tcp] frames=3240 seq=3240 kept=1622 dropped=1618 bad=0 latest=3240
[uds-tcp] frames=3270 seq=3270 kept=1637 dropped=1633 bad=0 latest=3270
[uds-tcp] frames=3300 seq=3300 kept=1652 dropped=1648 bad=0 latest=3300
[uds-tcp] frames=3330 seq=3330 kept=1667 dropped=1663 bad=0 latest=3330
[uds-tcp] frames=3360 seq=3360 kept=1682 dropped=1678 bad=0 latest=3360
[uds-tcp] frames=3390 seq=3390 kept=1697 dropped=1693 bad=0 latest=3390
[uds-tcp] frames=3420 seq=3420 kept=1712 dropped=1708 bad=0 latest=3419
[uds-tcp] frames=3450 seq=3450 kept=1727 dropped=1723 bad=0 latest=3449
[uds-tcp] frames=3480 seq=3480 kept=1742 dropped=1738 bad=0 latest=3479
[uds-tcp] frames=3510 seq=3510 kept=1757 dropped=1753 bad=0 latest=3509
[uds-tcp] frames=3540 seq=3540 kept=1772 dropped=1768 bad=0 latest=3539
[uds-tcp] frames=3570 seq=3570 kept=1787 dropped=1783 bad=0 latest=3569
