t=6ms file begin kind=1 expected_size=7077792 path=/tmp/sentai_emu_tpu_model.tflite
t=1642ms file done kind=1 bytes=7077792 chunks=216 total_ms=1637 guest_read_ms=19 host_write_ms=11
t=1740ms file begin kind=2 expected_size=921654 path=/tmp/sentai_emu_tpu_image.bmp
t=1745ms file done kind=2 bytes=921654 chunks=29 total_ms=7 guest_read_ms=0 host_write_ms=4
t=1748ms server start argv=/home/bogdan/work/coralmicro/build-sim/sim/tpu_posix_invoke_smoke --server --server-cmd /tmp/sentai_emu_tpu_server.cmd /tmp/sentai_emu_tpu_model.tflite /tmp/sentai_emu_tpu_image.bmp
t=1799ms server TPU_BENCH_CONFIG perf=low desc_cache=0 chunk_size=163840 bulkin_chunk_size=256 bulkin_queue_depth=0 sleep_after_bulkin=0 async_input=0 zero_copy_input=1 multi_ep=0 break_short_bulkin=0 fast_sync_wait=0 runs=1 warmup=0
t=1799ms server [tpu-posix] libusb_init
t=1799ms server [tpu-posix] dfu/app probe
t=1799ms server [tpu-posix] open app device
t=1799ms server [tpu-posix] opened Coral USB interface=0 out=01,02,03 in=81,82 irq=83
t=1799ms server [EdgeTPU mgr] creating context
t=1800ms server [EdgeTPU mgr] initializing driver
t=1800ms server [TPU init] read omc0_00
t=1800ms server [TPU init] check chip id
t=1800ms server [TPU init] write test reg
t=1800ms server [TPU init] read test reg
t=1800ms server [TPU init] disable inactive mode
t=1802ms server [TPU init] disable clock gating
t=1808ms server [TPU init] enter reset
t=1813ms server [TPU init] exit reset
t=1817ms server [TPU init] check scalar run control
t=1818ms server [TPU init] write idle register
t=1820ms server [TPU init] write tile config
t=1822ms server [TPU init] write deep sleep
t=1824ms server [TPU init] enable clock gating
t=1827ms server [TPU init] configure usb csr
t=1830ms server [TPU init] enable tempsense clock
t=1833ms server [TPU init] enable tempsense input ports
t=1835ms server [TPU init] enable tempsense flow
t=1838ms server [TPU init] move to run
t=1862ms server [TPU init] done
t=1864ms server [EdgeTPU mgr] driver initialized
t=1864ms server [EdgeTPU pkg] inference_exe type=2  parameter_caching_exe=present  token=0x05701716d04676e6
t=1865ms server SERVER_READY
t=1870ms server command fps 5 1
t=1871ms server SERVER_FPS_BEGIN runs=5 warmup=1
t=2519ms server DETECTIONS n=20
t=2519ms server DET[0] class=16 score=0.828 box=[0.218 0.166 0.842 0.679]
t=2519ms server DET[1] class=64 score=0.324 box=[0.109 0.055 0.935 0.959]
t=2520ms server DET[2] class=64 score=0.293 box=[0.139 0.194 0.514 0.880]
t=2520ms server DET[3] class=61 score=0.250 box=[0.161 0.097 0.416 0.368]
t=2520ms server DET[4] class=16 score=0.211 box=[0.196 0.420 0.751 0.905]
t=2520ms server DET[5] class=66 score=0.172 box=[0.376 0.130 0.869 0.816]
t=2520ms server DET[6] class=74 score=0.148 box=[0.229 0.563 0.364 0.625]
t=2520ms server DET[7] class=16 score=0.148 box=[0.238 0.608 0.780 0.900]
t=2520ms server DET[8] class=83 score=0.145 box=[0.162 0.278 0.331 0.310]
t=2520ms server DET[9] class=16 score=0.145 box=[0.241 0.361 0.804 0.660]
t=2520ms server DET[10] class=61 score=0.133 box=[0.144 0.110 0.406 0.284]
t=2520ms server DET[11] class=83 score=0.133 box=[0.164 0.225 0.353 0.255]
t=2520ms server DET[12] class=66 score=0.117 box=[0.293 0.292 0.917 0.936]
t=2520ms server DET[13] class=66 score=0.113 box=[0.506 0.040 0.966 0.988]
t=2520ms server DET[14] class=0 score=0.109 box=[0.390 0.824 0.690 0.904]
t=2520ms server DET[15] class=83 score=0.105 box=[0.166 0.168 0.355 0.200]
t=2520ms server DET[16] class=61 score=0.105 box=[0.151 0.175 0.383 0.357]
t=2520ms server DET[17] class=61 score=0.105 box=[0.146 0.117 0.446 0.210]
t=2520ms server DET[18] class=8 score=0.105 box=[0.134 0.341 0.433 0.904]
t=2520ms server DET[19] class=61 score=0.105 box=[0.187 0.091 0.721 0.383]
t=2520ms server OK tpu_posix_invoke invoke_ms=73 custom_options=7045204 input_bytes=270000 output_bytes=182115 output_checksum=877b9c24 outputs=2 post=0
t=2521ms server FPS_BENCH runs=5 warmup=1 completed=5 measured_ms=376 fps_x100=1329 invoke_ms_sum=368 invoke_ms_min=71 invoke_ms_max=77 detections=20
t=2521ms server TPU_STAGE_STATS params_calls=0 params_bytes=0 params_ticks=0 ins_calls=5 ins_bytes=1271520 ins_ticks=52 input_calls=5 input_bytes=1350000 input_ticks=52 output_calls=10 output_bytes=920200 output_ticks=262 event_calls=5 event_ticks=1
t=2521ms server TPU_CALL_STATS send_params_calls=0 send_params_bytes=0 send_ins_calls=5 send_ins_bytes=1271520 send_inputs_calls=5 send_inputs_bytes=1350000
t=2521ms server TPU_USB_STATS out_calls=30 out_req=2621600 out_done=2621600 out_us=34273 out_short=0 in_calls=3610 in_req=923080 in_done=920200 in_us=245639 in_short=15 event_calls=5 event_req=80 event_done=80 event_us=156 event_short=0 intr_calls=0 intr_req=0 intr_done=0 intr_us=0 intr_short=0 timeouts=0 failed=0
t=2521ms server TPU_DESC_CACHE_STATS sent_params=0 sent_ins=5 skip_params=0 skip_ins=0
t=2521ms server SERVER_DONE cmd=fps rc=0 invoke_ms_sum=368 detections=20
t=2523ms smoke OK tpu_posix_invoke invoke_ms=73 custom_options=7045204 input_bytes=270000 output_bytes=182115 output_checksum=877b9c24 outputs=2 post=0
t=2523ms smoke FPS_BENCH runs=5 warmup=1 completed=5 measured_ms=376 fps_x100=1329 invoke_ms_sum=368 invoke_ms_min=71 invoke_ms_max=77 detections=20
t=2523ms smoke TPU_STAGE_STATS params_calls=0 params_bytes=0 params_ticks=0 ins_calls=5 ins_bytes=1271520 ins_ticks=52 input_calls=5 input_bytes=1350000 input_ticks=52 output_calls=10 output_bytes=920200 output_ticks=262 event_calls=5 event_ticks=1
t=2523ms smoke TPU_CALL_STATS send_params_calls=0 send_params_bytes=0 send_ins_calls=5 send_ins_bytes=1271520 send_inputs_calls=5 send_inputs_bytes=1350000
t=2523ms smoke TPU_USB_STATS out_calls=30 out_req=2621600 out_done=2621600 out_us=34273 out_short=0 in_calls=3610 in_req=923080 in_done=920200 in_us=245639 in_short=15 event_calls=5 event_req=80 event_done=80 event_us=156 event_short=0 intr_calls=0 intr_req=0 intr_done=0 intr_us=0 intr_short=0 timeouts=0 failed=0
t=2523ms smoke TPU_DESC_CACHE_STATS sent_params=0 sent_ins=5 skip_params=0 skip_ins=0
t=2543ms session fps ok=True completed_runs=5 fps_x100=1329 detection_count=20 parsed_detections=20 host_ms=653 measured_ms=376 invoke_ms_sum=368
t=2566ms server SERVER_STOPPED
