12:24:45.5014 [INFO] Loaded monitor commands from: /home/bogdan/work/renode_portable/scripts/monitor.py
Renode, version 1.16.1 (ac18b5ac-202606020225)


(monitor) i $CWD/emu/renode/sentai_emu_pipeline.resc

12:24:45.6210 [INFO] Including script(s): /home/bogdan/work/coralmicro/emu/renode/sentai_emu_pipeline.resc
12:24:45.6372 [INFO] System bus created.
12:24:46.4249 [INFO] Old file /home/bogdan/work/coralmicro/emu/output/sentai_emu_pipeline.log moved to /home/bogdan/work/coralmicro/emu/output/sentai_emu_pipeline.log.1
12:24:46.4434 [INFO] sysbus: Loading block of 3072 bytes length at 0x0.
12:24:46.4542 [INFO] sysbus: Loading block of 25364 bytes length at 0xC00.
12:24:46.4542 [INFO] sysbus: Loading block of 480 bytes length at 0x6F14.
12:24:46.4542 [INFO] sysbus: Loading block of 64 bytes length at 0x70F4.
12:24:46.4542 [INFO] sysbus: Loading block of 36520 bytes length at 0x70F8.
12:24:46.4542 [INFO] sysbus: Loading block of 16777216 bytes length at 0x80000000.
12:24:46.8913 [INFO] cpu: Setting initial values: PC = 0xCBD, SP = 0x20040000.
12:24:46.8938 [INFO] machine-0: Machine started.
12:24:46.9718 [WARNING] nvic: Unhandled write to offset 0xF50 (ICacheInvalidateAllToPoUaIgnored), value 0x0.
12:24:46.9993 [WARNING] nvic: Trying to set the priority for interrupt 16 to 0xFF, but it should be maskable with 0xF0
12:24:52.7188 [INFO] machine-0: Machine paused.
12:24:52.7753 [INFO] machine-0: Machine resumed.
12:24:53.3032 [INFO] machine-0: Machine paused.
12:24:53.3092 [INFO] machine-0: Machine resumed.
12:24:53.8390 [INFO] machine-0: Machine paused.
12:24:53.8404 [INFO] machine-0: Machine resumed.
12:24:54.3514 [INFO] machine-0: Machine paused.
12:24:54.3532 [INFO] machine-0: Machine resumed.
12:24:54.8677 [INFO] machine-0: Machine paused.
12:24:54.8691 [INFO] machine-0: Machine resumed.
12:24:55.7272 [INFO] machine-0: Machine paused.
sentai_emu_pipeline PC:

0x27f6

sentai_emu_pipeline boot_state:

0x00000900

sentai_emu_pipeline heartbeat:

0x00000005

sentai_emu_pipeline irq_count:

0x00000005

sentai_emu_pipeline prep_processed:

0x00000005

sentai_emu_pipeline infer_consumed:

0x00000005

sentai_emu_pipeline pipeline_errors:

0x00000000

sentai_emu_pipeline last_sum:

0x00000140

sentai_emu_pipeline last_tick:

0x00001046

(machine-0) 12:24:55.7959 [INFO] machine-0: Disposed.
