20:22:24.7353 [INFO] Loaded monitor commands from: /home/bogdan/work/renode_portable/scripts/monitor.py
Renode, version 1.16.1 (ac18b5ac-202606020225)


(monitor) i $CWD/emu/renode/sentai_emu_fs_stage_assets.resc

20:22:24.8899 [INFO] Including script(s): /home/bogdan/work/coralmicro/emu/renode/sentai_emu_fs_stage_assets.resc
20:22:24.9124 [INFO] System bus created.
20:22:26.2669 [INFO] Old file /home/bogdan/work/coralmicro/emu/output/sentai_emu_fs_stage_assets.log moved to /home/bogdan/work/coralmicro/emu/output/sentai_emu_fs_stage_assets.log.7
20:22:26.2941 [INFO] sysbus: Loading block of 3072 bytes length at 0x0.
20:22:26.3105 [INFO] sysbus: Loading block of 59524 bytes length at 0xC00.
20:22:26.3105 [INFO] sysbus: Loading block of 604 bytes length at 0xF484.
20:22:26.3106 [INFO] sysbus: Loading block of 87328 bytes length at 0xF6E8.
20:22:26.3107 [INFO] sysbus: Loading block of 16777216 bytes length at 0x80000000.
20:22:26.3392 [INFO] sysbus: Loading block of 54680 bytes length at 0x81000000.
20:22:27.0174 [INFO] cpu: Setting initial values: PC = 0xCBD, SP = 0x20040000.
20:22:27.0211 [INFO] machine-0: Machine started.
20:22:27.1286 [WARNING] nvic: Unhandled write to offset 0xF50 (ICacheInvalidateAllToPoUaIgnored), value 0x0.
20:22:27.1704 [WARNING] nvic: Trying to set the priority for interrupt 16 to 0xFF, but it should be maskable with 0xF0
20:22:37.1508 [INFO] machine-0: Machine paused.
sentai_emu_fs_stage_assets PC:

0x3920

sentai_emu_fs_stage_assets boot_state:

0x00000700

sentai_emu_fs_stage_assets heartbeat:

0x000000C2

sentai_emu_fs_stage_assets last_tick:

0x00001352

sentai_emu_fs_stage_assets stage_files:

0x00000003

sentai_emu_fs_stage_assets stage_bytes:

0x00003AFF

sentai_emu_fs_stage_assets stage_errors:

0x00000000

sentai_emu_fs_stage_assets stage_checksum:

0x00118F52

sentai_emu_fs_stage_assets fx_reads:

0x0000125D

sentai_emu_fs_stage_assets fx_writes:

0x0000020D

sentai_emu_fs_stage_assets fx_erases:

0x0000000D

sentai_emu_fs_stage_assets fx_errors:

0x00000000

(machine-0) 20:22:37.2527 [INFO] machine-0: Disposed.
