22:00:15.7104 [INFO] Loaded monitor commands from: /home/bogdan/work/renode_portable/scripts/monitor.py
Renode, version 1.16.1 (ac18b5ac-202606020225)


(monitor) i $CWD/emu/renode/sentai_emu_tpu_physical_send_fps.resc

22:00:15.9794 [INFO] Including script(s): /home/bogdan/work/coralmicro/emu/renode/sentai_emu_tpu_physical_send_fps.resc
22:00:16.0120 [INFO] System bus created.
22:00:17.5718 [INFO] Old file /home/bogdan/work/coralmicro/emu/output/sentai_emu_tpu_physical_send_fps.log moved to /home/bogdan/work/coralmicro/emu/output/sentai_emu_tpu_physical_send_fps.log.13
22:00:17.5968 [INFO] sysbus: Loading block of 3072 bytes length at 0x0.
22:00:17.6131 [INFO] sysbus: Loading block of 83532 bytes length at 0xC00.
22:00:17.6132 [INFO] sysbus: Loading block of 616 bytes length at 0x1524C.
22:00:17.6133 [INFO] sysbus: Loading block of 39736 bytes length at 0x154B8.
22:00:17.6133 [INFO] sysbus: Loading block of 16777216 bytes length at 0x80000000.
22:00:17.6450 [INFO] sysbus: Loading block of 54680 bytes length at 0x81000000.
22:00:18.4087 [INFO] cpu: Setting initial values: PC = 0xCBD, SP = 0x20040000.
22:00:18.4127 [INFO] machine-0: Machine started.
22:00:18.5377 [WARNING] nvic: Unhandled write to offset 0xF50 (ICacheInvalidateAllToPoUaIgnored), value 0x0.
22:00:18.5802 [WARNING] nvic: Trying to set the priority for interrupt 16 to 0xFF, but it should be maskable with 0xF0
22:00:45.5229 [INFO] machine-0: Machine paused.
sentai_emu_tpu_physical_send_fps PC:

0x8d56

sentai_emu_tpu_physical_send_fps boot_state:

0x00000B00

sentai_emu_tpu_physical_send_fps heartbeat:

0x000001B7

sentai_emu_tpu_physical_send_fps last_tick:

0x00002EAC

sentai_emu_tpu_physical_send_fps model_bytes:

0x006BFFA0

sentai_emu_tpu_physical_send_fps image_bytes:

0x000E1036

sentai_emu_tpu_physical_send_fps input_bytes:

0x00041EB0

sentai_emu_tpu_physical_send_fps output_bytes:

0x0002C763

sentai_emu_tpu_physical_send_fps completed:

0x0000000A

sentai_emu_tpu_physical_send_fps fail_code:

0x00000000

sentai_emu_tpu_physical_send_fps first_ms:

0x0000001A

sentai_emu_tpu_physical_send_fps steady_ms:

0x00000019

sentai_emu_tpu_physical_send_fps output_sum:

0x877B9C24

sentai_emu_tpu_physical_send_fps tpu_bridge_params_calls:

0x00000001

sentai_emu_tpu_physical_send_fps tpu_bridge_input_calls:

0x0000000A

sentai_emu_tpu_physical_send_fps tpu_bridge_ins_calls:

0x0000000B

sentai_emu_tpu_physical_send_fps tpu_bridge_output_calls:

0x00000014

sentai_emu_tpu_physical_send_fps tpu_bridge_event_calls:

0x0000000B

sentai_emu_tpu_physical_send_fps tpu_bridge_last_result:

0x00000000

(machine-0) 22:00:45.6459 [INFO] machine-0: Disposed.
