t=151ms server start argv=/home/bogdan/work/coralmicro/build-sim/sim/tpu_posix_send_server --server-cmd /tmp/sentai_emu_tpu_send_server.cmd --perf low --chunk-size 163840 --bulkin-chunk-size 1024 --outfeed-chunk-length 0x80
t=200ms server [tpu-posix] libusb_init
t=200ms server [tpu-posix] dfu/app probe
t=201ms server [tpu-posix] open app device
t=201ms server [tpu-posix] opened Coral USB interface=0 out=01,02,03 in=81,82 irq=83
t=201ms server [TPU init] read omc0_00
t=201ms server [TPU init] check chip id
t=201ms server [TPU init] write test reg
t=201ms server [TPU init] read test reg
t=201ms server [TPU init] disable inactive mode
t=201ms server [TPU init] disable clock gating
t=202ms server [TPU init] enter reset
t=202ms server [TPU init] exit reset
t=204ms server [TPU init] check scalar run control
t=205ms server [TPU init] write idle register
t=207ms server [TPU init] write tile config
t=210ms server [TPU init] write deep sleep
t=212ms server [TPU init] enable clock gating
t=214ms server [TPU init] configure usb csr
t=218ms server [TPU init] enable tempsense clock
t=221ms server [TPU init] enable tempsense input ports
t=225ms server [TPU init] enable tempsense flow
t=227ms server [TPU init] move to run
t=250ms server [TPU init] done
t=250ms server SEND_SERVER_READY perf=low chunk_size=163840 bulkin_chunk_size=1024 outfeed_chunk_length=0x80 bulkin_queue_depth=0
t=259ms server command ins /tmp/sentai_emu_tpu_send_payloads/payload_1_ins.bin
t=267ms server SEND_STATS cmd=ins ok=1 ms=5 params_calls=0 params_bytes=0 input_calls=0 input_bytes=0 ins_calls=1 ins_bytes=10448 usb_out_calls=2 usb_out_req=10456 usb_out_done=10456 usb_out_us=1284 usb_in_calls=0 usb_in_req=0 usb_in_done=0 usb_in_us=0 usb_event_calls=0 usb_event_req=0 usb_event_done=0 usb_event_us=0 usb_intr_calls=0 usb_intr_req=0 usb_intr_done=0 usb_intr_us=0 usb_timeouts=0 usb_failed=0
t=267ms server SEND_SERVER_DONE cmd=ins rc=0 bytes=10448 ms=5
t=273ms bridge cmd=ins seq=1 data_len=10448 out_len=0 ok=True ms=148
t=287ms server command params /tmp/sentai_emu_tpu_send_payloads/payload_2_params.bin
t=471ms server SEND_STATS cmd=params ok=1 ms=183 params_calls=1 params_bytes=6703232 input_calls=0 input_bytes=0 ins_calls=0 ins_bytes=0 usb_out_calls=42 usb_out_req=6703240 usb_out_done=6703240 usb_out_us=79068 usb_in_calls=0 usb_in_req=0 usb_in_done=0 usb_in_us=0 usb_event_calls=0 usb_event_req=0 usb_event_done=0 usb_event_us=0 usb_intr_calls=0 usb_intr_req=0 usb_intr_done=0 usb_intr_us=0 usb_timeouts=0 usb_failed=0
t=471ms server SEND_SERVER_DONE cmd=params rc=0 bytes=6703232 ms=183
t=474ms bridge cmd=params seq=2 data_len=6703232 out_len=0 ok=True ms=199
t=475ms server command event
t=476ms server SEND_STATS cmd=event ok=1 ms=0 params_calls=0 params_bytes=0 input_calls=0 input_bytes=0 ins_calls=0 ins_bytes=0 usb_out_calls=0 usb_out_req=0 usb_out_done=0 usb_out_us=0 usb_in_calls=0 usb_in_req=0 usb_in_done=0 usb_in_us=0 usb_event_calls=1 usb_event_req=16 usb_event_done=16 usb_event_us=80 usb_intr_calls=0 usb_intr_req=0 usb_intr_done=0 usb_intr_us=0 usb_timeouts=0 usb_failed=0
t=476ms server SEND_SERVER_DONE cmd=event rc=0 bytes=0 ms=0
t=481ms bridge cmd=event seq=3 data_len=0 out_len=0 ok=True ms=5
t=483ms server command ins /tmp/sentai_emu_tpu_send_payloads/payload_4_ins.bin
t=495ms server SEND_STATS cmd=ins ok=1 ms=11 params_calls=0 params_bytes=0 input_calls=0 input_bytes=0 ins_calls=1 ins_bytes=254304 usb_out_calls=3 usb_out_req=254312 usb_out_done=254312 usb_out_us=4151 usb_in_calls=0 usb_in_req=0 usb_in_done=0 usb_in_us=0 usb_event_calls=0 usb_event_req=0 usb_event_done=0 usb_event_us=0 usb_intr_calls=0 usb_intr_req=0 usb_intr_done=0 usb_intr_us=0 usb_timeouts=0 usb_failed=0
t=495ms server SEND_SERVER_DONE cmd=ins rc=0 bytes=254304 ms=11
t=499ms bridge cmd=ins seq=4 data_len=254304 out_len=0 ok=True ms=17
t=501ms server command inputs /tmp/sentai_emu_tpu_send_payloads/payload_5_inputs.bin
t=513ms server SEND_STATS cmd=inputs ok=1 ms=11 params_calls=0 params_bytes=0 input_calls=1 input_bytes=270000 ins_calls=0 ins_bytes=0 usb_out_calls=3 usb_out_req=270008 usb_out_done=270008 usb_out_us=4170 usb_in_calls=0 usb_in_req=0 usb_in_done=0 usb_in_us=0 usb_event_calls=0 usb_event_req=0 usb_event_done=0 usb_event_us=0 usb_intr_calls=0 usb_intr_req=0 usb_intr_done=0 usb_intr_us=0 usb_timeouts=0 usb_failed=0
t=515ms server SEND_SERVER_DONE cmd=inputs rc=0 bytes=270000 ms=11
t=517ms bridge cmd=inputs seq=5 data_len=270000 out_len=0 ok=True ms=17
t=518ms server command output 7672 /tmp/sentai_emu_tpu_send_payloads/output_6.bin
t=537ms server SEND_STATS cmd=output ok=1 ms=16 params_calls=0 params_bytes=0 input_calls=0 input_bytes=0 ins_calls=0 ins_bytes=0 usb_out_calls=0 usb_out_req=0 usb_out_done=0 usb_out_us=0 usb_in_calls=8 usb_in_req=7672 usb_in_done=7672 usb_in_us=16403 usb_event_calls=0 usb_event_req=0 usb_event_done=0 usb_event_us=0 usb_intr_calls=0 usb_intr_req=0 usb_intr_done=0 usb_intr_us=0 usb_timeouts=0 usb_failed=0
t=537ms server SEND_SERVER_DONE cmd=output rc=0 bytes=7672 ms=16
t=542ms bridge cmd=output seq=6 data_len=0 out_len=7672 ok=True ms=24
t=549ms server command output 176368 /tmp/sentai_emu_tpu_send_payloads/output_7.bin
t=560ms server SEND_STATS cmd=output ok=1 ms=9 params_calls=0 params_bytes=0 input_calls=0 input_bytes=0 ins_calls=0 ins_bytes=0 usb_out_calls=0 usb_out_req=0 usb_out_done=0 usb_out_us=0 usb_in_calls=174 usb_in_req=177712 usb_in_done=176368 usb_in_us=7919 usb_event_calls=0 usb_event_req=0 usb_event_done=0 usb_event_us=0 usb_intr_calls=0 usb_intr_req=0 usb_intr_done=0 usb_intr_us=0 usb_timeouts=0 usb_failed=0
t=560ms server SEND_SERVER_DONE cmd=output rc=0 bytes=176368 ms=9
t=567ms bridge cmd=output seq=7 data_len=0 out_len=176368 ok=True ms=18
t=568ms server command event
t=569ms server SEND_STATS cmd=event ok=1 ms=0 params_calls=0 params_bytes=0 input_calls=0 input_bytes=0 ins_calls=0 ins_bytes=0 usb_out_calls=0 usb_out_req=0 usb_out_done=0 usb_out_us=0 usb_in_calls=0 usb_in_req=0 usb_in_done=0 usb_in_us=0 usb_event_calls=1 usb_event_req=16 usb_event_done=16 usb_event_us=66 usb_intr_calls=0 usb_intr_req=0 usb_intr_done=0 usb_intr_us=0 usb_timeouts=0 usb_failed=0
t=569ms server SEND_SERVER_DONE cmd=event rc=0 bytes=0 ms=0
t=578ms bridge cmd=event seq=8 data_len=0 out_len=0 ok=True ms=10
t=594ms server command ins /tmp/sentai_emu_tpu_send_payloads/payload_9_ins.bin
t=605ms server SEND_STATS cmd=ins ok=1 ms=9 params_calls=0 params_bytes=0 input_calls=0 input_bytes=0 ins_calls=1 ins_bytes=254304 usb_out_calls=3 usb_out_req=254312 usb_out_done=254312 usb_out_us=3175 usb_in_calls=0 usb_in_req=0 usb_in_done=0 usb_in_us=0 usb_event_calls=0 usb_event_req=0 usb_event_done=0 usb_event_us=0 usb_intr_calls=0 usb_intr_req=0 usb_intr_done=0 usb_intr_us=0 usb_timeouts=0 usb_failed=0
t=605ms server SEND_SERVER_DONE cmd=ins rc=0 bytes=254304 ms=9
t=610ms bridge cmd=ins seq=9 data_len=254304 out_len=0 ok=True ms=18
t=611ms server command inputs /tmp/sentai_emu_tpu_send_payloads/payload_10_inputs.bin
t=622ms server SEND_STATS cmd=inputs ok=1 ms=9 params_calls=0 params_bytes=0 input_calls=1 input_bytes=270000 ins_calls=0 ins_bytes=0 usb_out_calls=3 usb_out_req=270008 usb_out_done=270008 usb_out_us=3324 usb_in_calls=0 usb_in_req=0 usb_in_done=0 usb_in_us=0 usb_event_calls=0 usb_event_req=0 usb_event_done=0 usb_event_us=0 usb_intr_calls=0 usb_intr_req=0 usb_intr_done=0 usb_intr_us=0 usb_timeouts=0 usb_failed=0
t=623ms server SEND_SERVER_DONE cmd=inputs rc=0 bytes=270000 ms=9
t=627ms bridge cmd=inputs seq=10 data_len=270000 out_len=0 ok=True ms=17
t=628ms server command output 7672 /tmp/sentai_emu_tpu_send_payloads/output_11.bin
t=646ms server SEND_STATS cmd=output ok=1 ms=16 params_calls=0 params_bytes=0 input_calls=0 input_bytes=0 ins_calls=0 ins_bytes=0 usb_out_calls=0 usb_out_req=0 usb_out_done=0 usb_out_us=0 usb_in_calls=8 usb_in_req=7672 usb_in_done=7672 usb_in_us=16098 usb_event_calls=0 usb_event_req=0 usb_event_done=0 usb_event_us=0 usb_intr_calls=0 usb_intr_req=0 usb_intr_done=0 usb_intr_us=0 usb_timeouts=0 usb_failed=0
t=646ms server SEND_SERVER_DONE cmd=output rc=0 bytes=7672 ms=16
t=649ms bridge cmd=output seq=11 data_len=0 out_len=7672 ok=True ms=21
t=650ms server command output 176368 /tmp/sentai_emu_tpu_send_payloads/output_12.bin
t=658ms server SEND_STATS cmd=output ok=1 ms=6 params_calls=0 params_bytes=0 input_calls=0 input_bytes=0 ins_calls=0 ins_bytes=0 usb_out_calls=0 usb_out_req=0 usb_out_done=0 usb_out_us=0 usb_in_calls=174 usb_in_req=177712 usb_in_done=176368 usb_in_us=5286 usb_event_calls=0 usb_event_req=0 usb_event_done=0 usb_event_us=0 usb_intr_calls=0 usb_intr_req=0 usb_intr_done=0 usb_intr_us=0 usb_timeouts=0 usb_failed=0
t=658ms server SEND_SERVER_DONE cmd=output rc=0 bytes=176368 ms=6
t=661ms bridge cmd=output seq=12 data_len=0 out_len=176368 ok=True ms=11
t=666ms server command event
t=667ms server SEND_STATS cmd=event ok=1 ms=0 params_calls=0 params_bytes=0 input_calls=0 input_bytes=0 ins_calls=0 ins_bytes=0 usb_out_calls=0 usb_out_req=0 usb_out_done=0 usb_out_us=0 usb_in_calls=0 usb_in_req=0 usb_in_done=0 usb_in_us=0 usb_event_calls=1 usb_event_req=16 usb_event_done=16 usb_event_us=57 usb_intr_calls=0 usb_intr_req=0 usb_intr_done=0 usb_intr_us=0 usb_timeouts=0 usb_failed=0
t=667ms server SEND_SERVER_DONE cmd=event rc=0 bytes=0 ms=0
t=672ms bridge cmd=event seq=13 data_len=0 out_len=0 ok=True ms=11
t=689ms server command ins /tmp/sentai_emu_tpu_send_payloads/payload_14_ins.bin
t=699ms server SEND_STATS cmd=ins ok=1 ms=9 params_calls=0 params_bytes=0 input_calls=0 input_bytes=0 ins_calls=1 ins_bytes=254304 usb_out_calls=3 usb_out_req=254312 usb_out_done=254312 usb_out_us=3079 usb_in_calls=0 usb_in_req=0 usb_in_done=0 usb_in_us=0 usb_event_calls=0 usb_event_req=0 usb_event_done=0 usb_event_us=0 usb_intr_calls=0 usb_intr_req=0 usb_intr_done=0 usb_intr_us=0 usb_timeouts=0 usb_failed=0
t=699ms server SEND_SERVER_DONE cmd=ins rc=0 bytes=254304 ms=9
t=705ms bridge cmd=ins seq=14 data_len=254304 out_len=0 ok=True ms=17
t=706ms server command inputs /tmp/sentai_emu_tpu_send_payloads/payload_15_inputs.bin
t=717ms server SEND_STATS cmd=inputs ok=1 ms=9 params_calls=0 params_bytes=0 input_calls=1 input_bytes=270000 ins_calls=0 ins_bytes=0 usb_out_calls=3 usb_out_req=270008 usb_out_done=270008 usb_out_us=3126 usb_in_calls=0 usb_in_req=0 usb_in_done=0 usb_in_us=0 usb_event_calls=0 usb_event_req=0 usb_event_done=0 usb_event_us=0 usb_intr_calls=0 usb_intr_req=0 usb_intr_done=0 usb_intr_us=0 usb_timeouts=0 usb_failed=0
t=717ms server SEND_SERVER_DONE cmd=inputs rc=0 bytes=270000 ms=9
t=722ms bridge cmd=inputs seq=15 data_len=270000 out_len=0 ok=True ms=17
t=723ms server command output 7672 /tmp/sentai_emu_tpu_send_payloads/output_16.bin
t=741ms server SEND_STATS cmd=output ok=1 ms=17 params_calls=0 params_bytes=0 input_calls=0 input_bytes=0 ins_calls=0 ins_bytes=0 usb_out_calls=0 usb_out_req=0 usb_out_done=0 usb_out_us=0 usb_in_calls=8 usb_in_req=7672 usb_in_done=7672 usb_in_us=17432 usb_event_calls=0 usb_event_req=0 usb_event_done=0 usb_event_us=0 usb_intr_calls=0 usb_intr_req=0 usb_intr_done=0 usb_intr_us=0 usb_timeouts=0 usb_failed=0
t=741ms server SEND_SERVER_DONE cmd=output rc=0 bytes=7672 ms=17
t=744ms bridge cmd=output seq=16 data_len=0 out_len=7672 ok=True ms=21
t=744ms server command output 176368 /tmp/sentai_emu_tpu_send_payloads/output_17.bin
t=753ms server SEND_STATS cmd=output ok=1 ms=8 params_calls=0 params_bytes=0 input_calls=0 input_bytes=0 ins_calls=0 ins_bytes=0 usb_out_calls=0 usb_out_req=0 usb_out_done=0 usb_out_us=0 usb_in_calls=174 usb_in_req=177712 usb_in_done=176368 usb_in_us=6637 usb_event_calls=0 usb_event_req=0 usb_event_done=0 usb_event_us=0 usb_intr_calls=0 usb_intr_req=0 usb_intr_done=0 usb_intr_us=0 usb_timeouts=0 usb_failed=0
t=754ms server SEND_SERVER_DONE cmd=output rc=0 bytes=176368 ms=8
t=756ms bridge cmd=output seq=17 data_len=0 out_len=176368 ok=True ms=12
t=756ms server command event
t=757ms server SEND_STATS cmd=event ok=1 ms=0 params_calls=0 params_bytes=0 input_calls=0 input_bytes=0 ins_calls=0 ins_bytes=0 usb_out_calls=0 usb_out_req=0 usb_out_done=0 usb_out_us=0 usb_in_calls=0 usb_in_req=0 usb_in_done=0 usb_in_us=0 usb_event_calls=1 usb_event_req=16 usb_event_done=16 usb_event_us=65 usb_intr_calls=0 usb_intr_req=0 usb_intr_done=0 usb_intr_us=0 usb_timeouts=0 usb_failed=0
t=757ms server SEND_SERVER_DONE cmd=event rc=0 bytes=0 ms=0
t=763ms bridge cmd=event seq=18 data_len=0 out_len=0 ok=True ms=7
t=779ms server command ins /tmp/sentai_emu_tpu_send_payloads/payload_19_ins.bin
t=790ms server SEND_STATS cmd=ins ok=1 ms=10 params_calls=0 params_bytes=0 input_calls=0 input_bytes=0 ins_calls=1 ins_bytes=254304 usb_out_calls=3 usb_out_req=254312 usb_out_done=254312 usb_out_us=3369 usb_in_calls=0 usb_in_req=0 usb_in_done=0 usb_in_us=0 usb_event_calls=0 usb_event_req=0 usb_event_done=0 usb_event_us=0 usb_intr_calls=0 usb_intr_req=0 usb_intr_done=0 usb_intr_us=0 usb_timeouts=0 usb_failed=0
t=790ms server SEND_SERVER_DONE cmd=ins rc=0 bytes=254304 ms=10
t=795ms bridge cmd=ins seq=19 data_len=254304 out_len=0 ok=True ms=17
t=796ms server command inputs /tmp/sentai_emu_tpu_send_payloads/payload_20_inputs.bin
t=807ms server SEND_STATS cmd=inputs ok=1 ms=9 params_calls=0 params_bytes=0 input_calls=1 input_bytes=270000 ins_calls=0 ins_bytes=0 usb_out_calls=3 usb_out_req=270008 usb_out_done=270008 usb_out_us=3155 usb_in_calls=0 usb_in_req=0 usb_in_done=0 usb_in_us=0 usb_event_calls=0 usb_event_req=0 usb_event_done=0 usb_event_us=0 usb_intr_calls=0 usb_intr_req=0 usb_intr_done=0 usb_intr_us=0 usb_timeouts=0 usb_failed=0
t=808ms server SEND_SERVER_DONE cmd=inputs rc=0 bytes=270000 ms=9
t=812ms bridge cmd=inputs seq=20 data_len=270000 out_len=0 ok=True ms=16
t=813ms server command output 7672 /tmp/sentai_emu_tpu_send_payloads/output_21.bin
t=832ms server SEND_STATS cmd=output ok=1 ms=18 params_calls=0 params_bytes=0 input_calls=0 input_bytes=0 ins_calls=0 ins_bytes=0 usb_out_calls=0 usb_out_req=0 usb_out_done=0 usb_out_us=0 usb_in_calls=8 usb_in_req=7672 usb_in_done=7672 usb_in_us=17798 usb_event_calls=0 usb_event_req=0 usb_event_done=0 usb_event_us=0 usb_intr_calls=0 usb_intr_req=0 usb_intr_done=0 usb_intr_us=0 usb_timeouts=0 usb_failed=0
t=832ms server SEND_SERVER_DONE cmd=output rc=0 bytes=7672 ms=18
t=834ms bridge cmd=output seq=21 data_len=0 out_len=7672 ok=True ms=21
t=835ms server command output 176368 /tmp/sentai_emu_tpu_send_payloads/output_22.bin
t=844ms server SEND_STATS cmd=output ok=1 ms=7 params_calls=0 params_bytes=0 input_calls=0 input_bytes=0 ins_calls=0 ins_bytes=0 usb_out_calls=0 usb_out_req=0 usb_out_done=0 usb_out_us=0 usb_in_calls=174 usb_in_req=177712 usb_in_done=176368 usb_in_us=5736 usb_event_calls=0 usb_event_req=0 usb_event_done=0 usb_event_us=0 usb_intr_calls=0 usb_intr_req=0 usb_intr_done=0 usb_intr_us=0 usb_timeouts=0 usb_failed=0
t=844ms server SEND_SERVER_DONE cmd=output rc=0 bytes=176368 ms=7
t=846ms bridge cmd=output seq=22 data_len=0 out_len=176368 ok=True ms=11
t=847ms server command event
t=848ms server SEND_STATS cmd=event ok=1 ms=0 params_calls=0 params_bytes=0 input_calls=0 input_bytes=0 ins_calls=0 ins_bytes=0 usb_out_calls=0 usb_out_req=0 usb_out_done=0 usb_out_us=0 usb_in_calls=0 usb_in_req=0 usb_in_done=0 usb_in_us=0 usb_event_calls=1 usb_event_req=16 usb_event_done=16 usb_event_us=74 usb_intr_calls=0 usb_intr_req=0 usb_intr_done=0 usb_intr_us=0 usb_timeouts=0 usb_failed=0
t=848ms server SEND_SERVER_DONE cmd=event rc=0 bytes=0 ms=0
t=852ms bridge cmd=event seq=23 data_len=0 out_len=0 ok=True ms=5
t=868ms server command ins /tmp/sentai_emu_tpu_send_payloads/payload_24_ins.bin
t=878ms server SEND_STATS cmd=ins ok=1 ms=9 params_calls=0 params_bytes=0 input_calls=0 input_bytes=0 ins_calls=1 ins_bytes=254304 usb_out_calls=3 usb_out_req=254312 usb_out_done=254312 usb_out_us=3091 usb_in_calls=0 usb_in_req=0 usb_in_done=0 usb_in_us=0 usb_event_calls=0 usb_event_req=0 usb_event_done=0 usb_event_us=0 usb_intr_calls=0 usb_intr_req=0 usb_intr_done=0 usb_intr_us=0 usb_timeouts=0 usb_failed=0
t=879ms server SEND_SERVER_DONE cmd=ins rc=0 bytes=254304 ms=9
t=879ms bridge cmd=ins seq=24 data_len=254304 out_len=0 ok=True ms=11
t=880ms server command inputs /tmp/sentai_emu_tpu_send_payloads/payload_25_inputs.bin
t=891ms server SEND_STATS cmd=inputs ok=1 ms=9 params_calls=0 params_bytes=0 input_calls=1 input_bytes=270000 ins_calls=0 ins_bytes=0 usb_out_calls=3 usb_out_req=270008 usb_out_done=270008 usb_out_us=3102 usb_in_calls=0 usb_in_req=0 usb_in_done=0 usb_in_us=0 usb_event_calls=0 usb_event_req=0 usb_event_done=0 usb_event_us=0 usb_intr_calls=0 usb_intr_req=0 usb_intr_done=0 usb_intr_us=0 usb_timeouts=0 usb_failed=0
t=892ms server SEND_SERVER_DONE cmd=inputs rc=0 bytes=270000 ms=9
t=896ms bridge cmd=inputs seq=25 data_len=270000 out_len=0 ok=True ms=16
t=897ms server command output 7672 /tmp/sentai_emu_tpu_send_payloads/output_26.bin
t=916ms server SEND_STATS cmd=output ok=1 ms=17 params_calls=0 params_bytes=0 input_calls=0 input_bytes=0 ins_calls=0 ins_bytes=0 usb_out_calls=0 usb_out_req=0 usb_out_done=0 usb_out_us=0 usb_in_calls=8 usb_in_req=7672 usb_in_done=7672 usb_in_us=17504 usb_event_calls=0 usb_event_req=0 usb_event_done=0 usb_event_us=0 usb_intr_calls=0 usb_intr_req=0 usb_intr_done=0 usb_intr_us=0 usb_timeouts=0 usb_failed=0
t=916ms server SEND_SERVER_DONE cmd=output rc=0 bytes=7672 ms=17
t=918ms bridge cmd=output seq=26 data_len=0 out_len=7672 ok=True ms=21
t=919ms server command output 176368 /tmp/sentai_emu_tpu_send_payloads/output_27.bin
t=927ms server SEND_STATS cmd=output ok=1 ms=8 params_calls=0 params_bytes=0 input_calls=0 input_bytes=0 ins_calls=0 ins_bytes=0 usb_out_calls=0 usb_out_req=0 usb_out_done=0 usb_out_us=0 usb_in_calls=174 usb_in_req=177712 usb_in_done=176368 usb_in_us=6658 usb_event_calls=0 usb_event_req=0 usb_event_done=0 usb_event_us=0 usb_intr_calls=0 usb_intr_req=0 usb_intr_done=0 usb_intr_us=0 usb_timeouts=0 usb_failed=0
t=928ms server SEND_SERVER_DONE cmd=output rc=0 bytes=176368 ms=8
t=952ms bridge cmd=output seq=27 data_len=0 out_len=176368 ok=True ms=33
t=953ms server command event
t=953ms server SEND_STATS cmd=event ok=1 ms=0 params_calls=0 params_bytes=0 input_calls=0 input_bytes=0 ins_calls=0 ins_bytes=0 usb_out_calls=0 usb_out_req=0 usb_out_done=0 usb_out_us=0 usb_in_calls=0 usb_in_req=0 usb_in_done=0 usb_in_us=0 usb_event_calls=1 usb_event_req=16 usb_event_done=16 usb_event_us=80 usb_intr_calls=0 usb_intr_req=0 usb_intr_done=0 usb_intr_us=0 usb_timeouts=0 usb_failed=0
t=954ms server SEND_SERVER_DONE cmd=event rc=0 bytes=0 ms=0
t=958ms bridge cmd=event seq=28 data_len=0 out_len=0 ok=True ms=6
t=983ms server command ins /tmp/sentai_emu_tpu_send_payloads/payload_29_ins.bin
t=993ms server SEND_STATS cmd=ins ok=1 ms=9 params_calls=0 params_bytes=0 input_calls=0 input_bytes=0 ins_calls=1 ins_bytes=254304 usb_out_calls=3 usb_out_req=254312 usb_out_done=254312 usb_out_us=3074 usb_in_calls=0 usb_in_req=0 usb_in_done=0 usb_in_us=0 usb_event_calls=0 usb_event_req=0 usb_event_done=0 usb_event_us=0 usb_intr_calls=0 usb_intr_req=0 usb_intr_done=0 usb_intr_us=0 usb_timeouts=0 usb_failed=0
t=994ms server SEND_SERVER_DONE cmd=ins rc=0 bytes=254304 ms=9
t=994ms bridge cmd=ins seq=29 data_len=254304 out_len=0 ok=True ms=12
t=995ms server command inputs /tmp/sentai_emu_tpu_send_payloads/payload_30_inputs.bin
t=1006ms server SEND_STATS cmd=inputs ok=1 ms=9 params_calls=0 params_bytes=0 input_calls=1 input_bytes=270000 ins_calls=0 ins_bytes=0 usb_out_calls=3 usb_out_req=270008 usb_out_done=270008 usb_out_us=3056 usb_in_calls=0 usb_in_req=0 usb_in_done=0 usb_in_us=0 usb_event_calls=0 usb_event_req=0 usb_event_done=0 usb_event_us=0 usb_intr_calls=0 usb_intr_req=0 usb_intr_done=0 usb_intr_us=0 usb_timeouts=0 usb_failed=0
t=1006ms server SEND_SERVER_DONE cmd=inputs rc=0 bytes=270000 ms=9
t=1011ms bridge cmd=inputs seq=30 data_len=270000 out_len=0 ok=True ms=17
t=1012ms server command output 7672 /tmp/sentai_emu_tpu_send_payloads/output_31.bin
t=1031ms server SEND_STATS cmd=output ok=1 ms=17 params_calls=0 params_bytes=0 input_calls=0 input_bytes=0 ins_calls=0 ins_bytes=0 usb_out_calls=0 usb_out_req=0 usb_out_done=0 usb_out_us=0 usb_in_calls=8 usb_in_req=7672 usb_in_done=7672 usb_in_us=17539 usb_event_calls=0 usb_event_req=0 usb_event_done=0 usb_event_us=0 usb_intr_calls=0 usb_intr_req=0 usb_intr_done=0 usb_intr_us=0 usb_timeouts=0 usb_failed=0
t=1031ms server SEND_SERVER_DONE cmd=output rc=0 bytes=7672 ms=17
t=1033ms bridge cmd=output seq=31 data_len=0 out_len=7672 ok=True ms=21
t=1034ms server command output 176368 /tmp/sentai_emu_tpu_send_payloads/output_32.bin
t=1042ms server SEND_STATS cmd=output ok=1 ms=7 params_calls=0 params_bytes=0 input_calls=0 input_bytes=0 ins_calls=0 ins_bytes=0 usb_out_calls=0 usb_out_req=0 usb_out_done=0 usb_out_us=0 usb_in_calls=174 usb_in_req=177712 usb_in_done=176368 usb_in_us=6490 usb_event_calls=0 usb_event_req=0 usb_event_done=0 usb_event_us=0 usb_intr_calls=0 usb_intr_req=0 usb_intr_done=0 usb_intr_us=0 usb_timeouts=0 usb_failed=0
t=1042ms server SEND_SERVER_DONE cmd=output rc=0 bytes=176368 ms=7
t=1045ms bridge cmd=output seq=32 data_len=0 out_len=176368 ok=True ms=11
t=1045ms server command event
t=1046ms server SEND_STATS cmd=event ok=1 ms=0 params_calls=0 params_bytes=0 input_calls=0 input_bytes=0 ins_calls=0 ins_bytes=0 usb_out_calls=0 usb_out_req=0 usb_out_done=0 usb_out_us=0 usb_in_calls=0 usb_in_req=0 usb_in_done=0 usb_in_us=0 usb_event_calls=1 usb_event_req=16 usb_event_done=16 usb_event_us=73 usb_intr_calls=0 usb_intr_req=0 usb_intr_done=0 usb_intr_us=0 usb_timeouts=0 usb_failed=0
t=1046ms server SEND_SERVER_DONE cmd=event rc=0 bytes=0 ms=0
t=1051ms bridge cmd=event seq=33 data_len=0 out_len=0 ok=True ms=6
t=1076ms server command ins /tmp/sentai_emu_tpu_send_payloads/payload_34_ins.bin
t=1087ms server SEND_STATS cmd=ins ok=1 ms=9 params_calls=0 params_bytes=0 input_calls=0 input_bytes=0 ins_calls=1 ins_bytes=254304 usb_out_calls=3 usb_out_req=254312 usb_out_done=254312 usb_out_us=3124 usb_in_calls=0 usb_in_req=0 usb_in_done=0 usb_in_us=0 usb_event_calls=0 usb_event_req=0 usb_event_done=0 usb_event_us=0 usb_intr_calls=0 usb_intr_req=0 usb_intr_done=0 usb_intr_us=0 usb_timeouts=0 usb_failed=0
t=1087ms server SEND_SERVER_DONE cmd=ins rc=0 bytes=254304 ms=9
t=1087ms bridge cmd=ins seq=34 data_len=254304 out_len=0 ok=True ms=12
t=1089ms server command inputs /tmp/sentai_emu_tpu_send_payloads/payload_35_inputs.bin
t=1100ms server SEND_STATS cmd=inputs ok=1 ms=9 params_calls=0 params_bytes=0 input_calls=1 input_bytes=270000 ins_calls=0 ins_bytes=0 usb_out_calls=3 usb_out_req=270008 usb_out_done=270008 usb_out_us=3122 usb_in_calls=0 usb_in_req=0 usb_in_done=0 usb_in_us=0 usb_event_calls=0 usb_event_req=0 usb_event_done=0 usb_event_us=0 usb_intr_calls=0 usb_intr_req=0 usb_intr_done=0 usb_intr_us=0 usb_timeouts=0 usb_failed=0
t=1100ms server SEND_SERVER_DONE cmd=inputs rc=0 bytes=270000 ms=9
t=1105ms bridge cmd=inputs seq=35 data_len=270000 out_len=0 ok=True ms=17
t=1106ms server command output 7672 /tmp/sentai_emu_tpu_send_payloads/output_36.bin
t=1124ms server SEND_STATS cmd=output ok=1 ms=17 params_calls=0 params_bytes=0 input_calls=0 input_bytes=0 ins_calls=0 ins_bytes=0 usb_out_calls=0 usb_out_req=0 usb_out_done=0 usb_out_us=0 usb_in_calls=8 usb_in_req=7672 usb_in_done=7672 usb_in_us=17624 usb_event_calls=0 usb_event_req=0 usb_event_done=0 usb_event_us=0 usb_intr_calls=0 usb_intr_req=0 usb_intr_done=0 usb_intr_us=0 usb_timeouts=0 usb_failed=0
t=1124ms server SEND_SERVER_DONE cmd=output rc=0 bytes=7672 ms=17
t=1128ms bridge cmd=output seq=36 data_len=0 out_len=7672 ok=True ms=21
t=1128ms server command output 176368 /tmp/sentai_emu_tpu_send_payloads/output_37.bin
t=1138ms server SEND_STATS cmd=output ok=1 ms=8 params_calls=0 params_bytes=0 input_calls=0 input_bytes=0 ins_calls=0 ins_bytes=0 usb_out_calls=0 usb_out_req=0 usb_out_done=0 usb_out_us=0 usb_in_calls=174 usb_in_req=177712 usb_in_done=176368 usb_in_us=6759 usb_event_calls=0 usb_event_req=0 usb_event_done=0 usb_event_us=0 usb_intr_calls=0 usb_intr_req=0 usb_intr_done=0 usb_intr_us=0 usb_timeouts=0 usb_failed=0
t=1138ms server SEND_SERVER_DONE cmd=output rc=0 bytes=176368 ms=8
t=1139ms bridge cmd=output seq=37 data_len=0 out_len=176368 ok=True ms=11
t=1140ms server command event
t=1141ms server SEND_STATS cmd=event ok=1 ms=0 params_calls=0 params_bytes=0 input_calls=0 input_bytes=0 ins_calls=0 ins_bytes=0 usb_out_calls=0 usb_out_req=0 usb_out_done=0 usb_out_us=0 usb_in_calls=0 usb_in_req=0 usb_in_done=0 usb_in_us=0 usb_event_calls=1 usb_event_req=16 usb_event_done=16 usb_event_us=59 usb_intr_calls=0 usb_intr_req=0 usb_intr_done=0 usb_intr_us=0 usb_timeouts=0 usb_failed=0
t=1141ms server SEND_SERVER_DONE cmd=event rc=0 bytes=0 ms=0
t=1145ms bridge cmd=event seq=38 data_len=0 out_len=0 ok=True ms=5
t=1165ms server command ins /tmp/sentai_emu_tpu_send_payloads/payload_39_ins.bin
t=1175ms server SEND_STATS cmd=ins ok=1 ms=9 params_calls=0 params_bytes=0 input_calls=0 input_bytes=0 ins_calls=1 ins_bytes=254304 usb_out_calls=3 usb_out_req=254312 usb_out_done=254312 usb_out_us=3058 usb_in_calls=0 usb_in_req=0 usb_in_done=0 usb_in_us=0 usb_event_calls=0 usb_event_req=0 usb_event_done=0 usb_event_us=0 usb_intr_calls=0 usb_intr_req=0 usb_intr_done=0 usb_intr_us=0 usb_timeouts=0 usb_failed=0
t=1175ms server SEND_SERVER_DONE cmd=ins rc=0 bytes=254304 ms=9
t=1175ms bridge cmd=ins seq=39 data_len=254304 out_len=0 ok=True ms=11
t=1176ms server command inputs /tmp/sentai_emu_tpu_send_payloads/payload_40_inputs.bin
t=1189ms server SEND_STATS cmd=inputs ok=1 ms=9 params_calls=0 params_bytes=0 input_calls=1 input_bytes=270000 ins_calls=0 ins_bytes=0 usb_out_calls=3 usb_out_req=270008 usb_out_done=270008 usb_out_us=3156 usb_in_calls=0 usb_in_req=0 usb_in_done=0 usb_in_us=0 usb_event_calls=0 usb_event_req=0 usb_event_done=0 usb_event_us=0 usb_intr_calls=0 usb_intr_req=0 usb_intr_done=0 usb_intr_us=0 usb_timeouts=0 usb_failed=0
t=1189ms server SEND_SERVER_DONE cmd=inputs rc=0 bytes=270000 ms=9
t=1192ms bridge cmd=inputs seq=40 data_len=270000 out_len=0 ok=True ms=16
t=1193ms server command output 7672 /tmp/sentai_emu_tpu_send_payloads/output_41.bin
t=1213ms server SEND_STATS cmd=output ok=1 ms=19 params_calls=0 params_bytes=0 input_calls=0 input_bytes=0 ins_calls=0 ins_bytes=0 usb_out_calls=0 usb_out_req=0 usb_out_done=0 usb_out_us=0 usb_in_calls=8 usb_in_req=7672 usb_in_done=7672 usb_in_us=19699 usb_event_calls=0 usb_event_req=0 usb_event_done=0 usb_event_us=0 usb_intr_calls=0 usb_intr_req=0 usb_intr_done=0 usb_intr_us=0 usb_timeouts=0 usb_failed=0
t=1213ms server SEND_SERVER_DONE cmd=output rc=0 bytes=7672 ms=19
t=1214ms bridge cmd=output seq=41 data_len=0 out_len=7672 ok=True ms=21
t=1214ms server command output 176368 /tmp/sentai_emu_tpu_send_payloads/output_42.bin
t=1223ms server SEND_STATS cmd=output ok=1 ms=8 params_calls=0 params_bytes=0 input_calls=0 input_bytes=0 ins_calls=0 ins_bytes=0 usb_out_calls=0 usb_out_req=0 usb_out_done=0 usb_out_us=0 usb_in_calls=174 usb_in_req=177712 usb_in_done=176368 usb_in_us=6518 usb_event_calls=0 usb_event_req=0 usb_event_done=0 usb_event_us=0 usb_intr_calls=0 usb_intr_req=0 usb_intr_done=0 usb_intr_us=0 usb_timeouts=0 usb_failed=0
t=1224ms server SEND_SERVER_DONE cmd=output rc=0 bytes=176368 ms=8
t=1226ms bridge cmd=output seq=42 data_len=0 out_len=176368 ok=True ms=11
t=1226ms server command event
t=1227ms server SEND_STATS cmd=event ok=1 ms=0 params_calls=0 params_bytes=0 input_calls=0 input_bytes=0 ins_calls=0 ins_bytes=0 usb_out_calls=0 usb_out_req=0 usb_out_done=0 usb_out_us=0 usb_in_calls=0 usb_in_req=0 usb_in_done=0 usb_in_us=0 usb_event_calls=1 usb_event_req=16 usb_event_done=16 usb_event_us=58 usb_intr_calls=0 usb_intr_req=0 usb_intr_done=0 usb_intr_us=0 usb_timeouts=0 usb_failed=0
t=1227ms server SEND_SERVER_DONE cmd=event rc=0 bytes=0 ms=0
t=1232ms bridge cmd=event seq=43 data_len=0 out_len=0 ok=True ms=6
t=1248ms server command ins /tmp/sentai_emu_tpu_send_payloads/payload_44_ins.bin
t=1258ms server SEND_STATS cmd=ins ok=1 ms=9 params_calls=0 params_bytes=0 input_calls=0 input_bytes=0 ins_calls=1 ins_bytes=254304 usb_out_calls=3 usb_out_req=254312 usb_out_done=254312 usb_out_us=3085 usb_in_calls=0 usb_in_req=0 usb_in_done=0 usb_in_us=0 usb_event_calls=0 usb_event_req=0 usb_event_done=0 usb_event_us=0 usb_intr_calls=0 usb_intr_req=0 usb_intr_done=0 usb_intr_us=0 usb_timeouts=0 usb_failed=0
t=1259ms server SEND_SERVER_DONE cmd=ins rc=0 bytes=254304 ms=9
t=1264ms bridge cmd=ins seq=44 data_len=254304 out_len=0 ok=True ms=17
t=1265ms server command inputs /tmp/sentai_emu_tpu_send_payloads/payload_45_inputs.bin
t=1276ms server SEND_STATS cmd=inputs ok=1 ms=9 params_calls=0 params_bytes=0 input_calls=1 input_bytes=270000 ins_calls=0 ins_bytes=0 usb_out_calls=3 usb_out_req=270008 usb_out_done=270008 usb_out_us=3200 usb_in_calls=0 usb_in_req=0 usb_in_done=0 usb_in_us=0 usb_event_calls=0 usb_event_req=0 usb_event_done=0 usb_event_us=0 usb_intr_calls=0 usb_intr_req=0 usb_intr_done=0 usb_intr_us=0 usb_timeouts=0 usb_failed=0
t=1276ms server SEND_SERVER_DONE cmd=inputs rc=0 bytes=270000 ms=9
t=1281ms bridge cmd=inputs seq=45 data_len=270000 out_len=0 ok=True ms=16
t=1281ms server command output 7672 /tmp/sentai_emu_tpu_send_payloads/output_46.bin
t=1299ms server SEND_STATS cmd=output ok=1 ms=16 params_calls=0 params_bytes=0 input_calls=0 input_bytes=0 ins_calls=0 ins_bytes=0 usb_out_calls=0 usb_out_req=0 usb_out_done=0 usb_out_us=0 usb_in_calls=8 usb_in_req=7672 usb_in_done=7672 usb_in_us=16254 usb_event_calls=0 usb_event_req=0 usb_event_done=0 usb_event_us=0 usb_intr_calls=0 usb_intr_req=0 usb_intr_done=0 usb_intr_us=0 usb_timeouts=0 usb_failed=0
t=1299ms server SEND_SERVER_DONE cmd=output rc=0 bytes=7672 ms=16
t=1303ms bridge cmd=output seq=46 data_len=0 out_len=7672 ok=True ms=21
t=1303ms server command output 176368 /tmp/sentai_emu_tpu_send_payloads/output_47.bin
t=1311ms server SEND_STATS cmd=output ok=1 ms=7 params_calls=0 params_bytes=0 input_calls=0 input_bytes=0 ins_calls=0 ins_bytes=0 usb_out_calls=0 usb_out_req=0 usb_out_done=0 usb_out_us=0 usb_in_calls=174 usb_in_req=177712 usb_in_done=176368 usb_in_us=5781 usb_event_calls=0 usb_event_req=0 usb_event_done=0 usb_event_us=0 usb_intr_calls=0 usb_intr_req=0 usb_intr_done=0 usb_intr_us=0 usb_timeouts=0 usb_failed=0
t=1311ms server SEND_SERVER_DONE cmd=output rc=0 bytes=176368 ms=7
t=1314ms bridge cmd=output seq=47 data_len=0 out_len=176368 ok=True ms=11
t=1315ms server command event
t=1316ms server SEND_STATS cmd=event ok=1 ms=0 params_calls=0 params_bytes=0 input_calls=0 input_bytes=0 ins_calls=0 ins_bytes=0 usb_out_calls=0 usb_out_req=0 usb_out_done=0 usb_out_us=0 usb_in_calls=0 usb_in_req=0 usb_in_done=0 usb_in_us=0 usb_event_calls=1 usb_event_req=16 usb_event_done=16 usb_event_us=61 usb_intr_calls=0 usb_intr_req=0 usb_intr_done=0 usb_intr_us=0 usb_timeouts=0 usb_failed=0
t=1316ms server SEND_SERVER_DONE cmd=event rc=0 bytes=0 ms=0
t=1321ms bridge cmd=event seq=48 data_len=0 out_len=0 ok=True ms=5
t=1337ms server command ins /tmp/sentai_emu_tpu_send_payloads/payload_49_ins.bin
t=1348ms server SEND_STATS cmd=ins ok=1 ms=9 params_calls=0 params_bytes=0 input_calls=0 input_bytes=0 ins_calls=1 ins_bytes=254304 usb_out_calls=3 usb_out_req=254312 usb_out_done=254312 usb_out_us=3086 usb_in_calls=0 usb_in_req=0 usb_in_done=0 usb_in_us=0 usb_event_calls=0 usb_event_req=0 usb_event_done=0 usb_event_us=0 usb_intr_calls=0 usb_intr_req=0 usb_intr_done=0 usb_intr_us=0 usb_timeouts=0 usb_failed=0
t=1348ms server SEND_SERVER_DONE cmd=ins rc=0 bytes=254304 ms=9
t=1352ms bridge cmd=ins seq=49 data_len=254304 out_len=0 ok=True ms=16
t=1354ms server command inputs /tmp/sentai_emu_tpu_send_payloads/payload_50_inputs.bin
t=1365ms server SEND_STATS cmd=inputs ok=1 ms=9 params_calls=0 params_bytes=0 input_calls=1 input_bytes=270000 ins_calls=0 ins_bytes=0 usb_out_calls=3 usb_out_req=270008 usb_out_done=270008 usb_out_us=3156 usb_in_calls=0 usb_in_req=0 usb_in_done=0 usb_in_us=0 usb_event_calls=0 usb_event_req=0 usb_event_done=0 usb_event_us=0 usb_intr_calls=0 usb_intr_req=0 usb_intr_done=0 usb_intr_us=0 usb_timeouts=0 usb_failed=0
t=1365ms server SEND_SERVER_DONE cmd=inputs rc=0 bytes=270000 ms=9
t=1370ms bridge cmd=inputs seq=50 data_len=270000 out_len=0 ok=True ms=17
t=1371ms server command output 7672 /tmp/sentai_emu_tpu_send_payloads/output_51.bin
t=1389ms server SEND_STATS cmd=output ok=1 ms=17 params_calls=0 params_bytes=0 input_calls=0 input_bytes=0 ins_calls=0 ins_bytes=0 usb_out_calls=0 usb_out_req=0 usb_out_done=0 usb_out_us=0 usb_in_calls=8 usb_in_req=7672 usb_in_done=7672 usb_in_us=17589 usb_event_calls=0 usb_event_req=0 usb_event_done=0 usb_event_us=0 usb_intr_calls=0 usb_intr_req=0 usb_intr_done=0 usb_intr_us=0 usb_timeouts=0 usb_failed=0
t=1390ms server SEND_SERVER_DONE cmd=output rc=0 bytes=7672 ms=17
t=1392ms bridge cmd=output seq=51 data_len=0 out_len=7672 ok=True ms=21
t=1393ms server command output 176368 /tmp/sentai_emu_tpu_send_payloads/output_52.bin
t=1402ms server SEND_STATS cmd=output ok=1 ms=8 params_calls=0 params_bytes=0 input_calls=0 input_bytes=0 ins_calls=0 ins_bytes=0 usb_out_calls=0 usb_out_req=0 usb_out_done=0 usb_out_us=0 usb_in_calls=174 usb_in_req=177712 usb_in_done=176368 usb_in_us=6501 usb_event_calls=0 usb_event_req=0 usb_event_done=0 usb_event_us=0 usb_intr_calls=0 usb_intr_req=0 usb_intr_done=0 usb_intr_us=0 usb_timeouts=0 usb_failed=0
t=1402ms server SEND_SERVER_DONE cmd=output rc=0 bytes=176368 ms=8
t=1405ms bridge cmd=output seq=52 data_len=0 out_len=176368 ok=True ms=12
t=1405ms server command event
t=1406ms server SEND_STATS cmd=event ok=1 ms=0 params_calls=0 params_bytes=0 input_calls=0 input_bytes=0 ins_calls=0 ins_bytes=0 usb_out_calls=0 usb_out_req=0 usb_out_done=0 usb_out_us=0 usb_in_calls=0 usb_in_req=0 usb_in_done=0 usb_in_us=0 usb_event_calls=1 usb_event_req=16 usb_event_done=16 usb_event_us=62 usb_intr_calls=0 usb_intr_req=0 usb_intr_done=0 usb_intr_us=0 usb_timeouts=0 usb_failed=0
t=1406ms server SEND_SERVER_DONE cmd=event rc=0 bytes=0 ms=0
t=1411ms bridge cmd=event seq=53 data_len=0 out_len=0 ok=True ms=6
