07:27:29.7535 [INFO] Loaded monitor commands from: /home/bogdan/work/renode_portable/scripts/monitor.py
Renode, version 1.16.1 (ac18b5ac-202606020225)


(monitor) i $CWD/emu/renode/sentai_emu_tpu_timing_repl.resc

07:27:29.9653 [INFO] Including script(s): /home/bogdan/work/coralmicro/emu/renode/sentai_emu_tpu_timing_repl.resc
07:27:30.0016 [INFO] System bus created.
07:27:31.3685 [INFO] Old file /home/bogdan/work/coralmicro/emu/output/sentai_emu_tpu_timing_repl.log moved to /home/bogdan/work/coralmicro/emu/output/sentai_emu_tpu_timing_repl.log.9
07:27:31.4092 [INFO] sysbus: Loading block of 3072 bytes length at 0x0.
07:27:31.4320 [INFO] sysbus: Loading block of 231496 bytes length at 0xC00.
07:27:31.4324 [INFO] sysbus: Loading block of 202736 bytes length at 0x39448.
07:27:31.4328 [INFO] sysbus: Loading block of 16777216 bytes length at 0x80000000.
07:27:31.4647 [INFO] sysbus: Loading block of 54680 bytes length at 0x81000000.
07:27:32.4062 [INFO] cpu: Setting initial values: PC = 0xCBD, SP = 0x20040000.
07:27:32.4100 [INFO] machine-0: Machine started.
07:27:32.5434 [WARNING] nvic: Unhandled write to offset 0xF50 (ICacheInvalidateAllToPoUaIgnored), value 0x0.
07:27:32.5910 [WARNING] nvic: Trying to set the priority for interrupt 16 to 0xFF, but it should be maskable with 0xF0
07:30:01.3881 [INFO] machine-0: Machine paused.
sentai_emu_tpu_timing_repl PC:

0x1cee

sentai_emu_tpu_timing_repl boot_state:

0x00000500

sentai_emu_tpu_timing_repl heartbeat:

0x00000001

sentai_emu_tpu_timing_repl repl_lines:

0x00000001

sentai_emu_tpu_timing_repl last_tick:

0x000009D4

(machine-0) 07:30:01.4701 [INFO] machine-0: Disposed.
