08:05:51.5752 [INFO] Loaded monitor commands from: /home/bogdan/work/renode_portable/scripts/monitor.py
Renode, version 1.16.1 (ac18b5ac-202606020225)


(monitor) i $CWD/emu/renode/sentai_emu_fs_stage_assets.resc

08:05:51.7267 [INFO] Including script(s): /home/bogdan/work/coralmicro/emu/renode/sentai_emu_fs_stage_assets.resc
08:05:51.7485 [INFO] System bus created.
08:05:52.8190 [INFO] Old file /home/bogdan/work/coralmicro/emu/output/sentai_emu_fs_stage_assets.log moved to /home/bogdan/work/coralmicro/emu/output/sentai_emu_fs_stage_assets.log.2
08:05:52.8442 [INFO] sysbus: Loading block of 3072 bytes length at 0x0.
08:05:52.8590 [INFO] sysbus: Loading block of 59524 bytes length at 0xC00.
08:05:52.8591 [INFO] sysbus: Loading block of 604 bytes length at 0xF484.
08:05:52.8591 [INFO] sysbus: Loading block of 87328 bytes length at 0xF6E8.
08:05:52.8591 [INFO] sysbus: Loading block of 16777216 bytes length at 0x80000000.
08:05:52.8865 [INFO] sysbus: Loading block of 54680 bytes length at 0x81000000.
08:05:53.4664 [INFO] cpu: Setting initial values: PC = 0xCBD, SP = 0x20040000.
08:05:53.4697 [INFO] machine-0: Machine started.
08:05:53.5765 [WARNING] nvic: Unhandled write to offset 0xF50 (ICacheInvalidateAllToPoUaIgnored), value 0x0.
08:05:53.6129 [WARNING] nvic: Trying to set the priority for interrupt 16 to 0xFF, but it should be maskable with 0xF0
08:06:02.5355 [INFO] machine-0: Machine paused.
sentai_emu_fs_stage_assets PC:

0x29c8

sentai_emu_fs_stage_assets boot_state:

0x00000700

sentai_emu_fs_stage_assets heartbeat:

0x000000C5

sentai_emu_fs_stage_assets last_tick:

0x00001360

sentai_emu_fs_stage_assets stage_files:

0x00000003

sentai_emu_fs_stage_assets stage_bytes:

0x00000000

sentai_emu_fs_stage_assets stage_errors:

0x00000000

sentai_emu_fs_stage_assets stage_checksum:

0x00000000

sentai_emu_fs_stage_assets fx_reads:

0x00000358

sentai_emu_fs_stage_assets fx_writes:

0x00000000

sentai_emu_fs_stage_assets fx_erases:

0x00000000

sentai_emu_fs_stage_assets fx_errors:

0x00000000

(machine-0) 08:06:02.6500 [INFO] machine-0: Disposed.
