
SentAI EMU REPL B8.3
S233_PREP_INIT
S233_GZ_CAM_START 0
MicroPython embed ready
S233_BEGIN
0
0
0
True
0
S233_SETUP 0 1 1 30 0 0 0
0
0
0
0
0
0
S233_SAMPLE 1 0 0 0 0 0
S233_SAMPLE 6 0 0 0 0 0
S233_SAMPLE 11 0 0 0 0 0
S233_SAMPLE 16 0 0 0 0 0
S233_SAMPLE 21 0 0 0 0 0
S233_SAMPLE 26 0 0 0 0 0
S233_SAMPLE 31 0 0 0 0 0
S233_SAMPLE 36 0 0 0 0 0
S233_SAMPLE 41 0 0 0 0 0
S233_SAMPLE 46 0 0 0 0 0
S233_SAMPLE 51 0 0 0 0 0
S233_SAMPLE 56 0 0 0 0 0
S233_SAMPLE 61 0 0 0 0 0
S233_SAMPLE 66 0 0 0 0 0
S233_SAMPLE 71 0 0 0 0 0
S233_SAMPLE 76 0 0 0 0 0
S233_SAMPLE 81 0 0 0 0 0
S233_SAMPLE 86 0 0 0 0 0
S233_SAMPLE 91 0 0 0 0 0
S233_SAMPLE 96 0 0 0 0 0
S233_SAMPLE 101 0 0 0 0 0
S233_SAMPLE 106 0 0 0 0 0
S233_SAMPLE 111 0 0 0 0 0
S233_SAMPLE 116 0 0 0 0 0
S233_SAMPLE 121 0 0 0 0 0
S233_SAMPLE 126 0 0 0 0 0
S233_SAMPLE 131 0 0 0 0 0
S233_SAMPLE 136 0 0 0 0 0
0
0
0
0
S233_SUMMARY 7000 0 0 0 0 28 0 0 0
0
0
0
0
0
0
0
0
0
0
0
True
True
S233_DONE
