[sim] FS root: /home/bogdan/work/coralmicro/examples/sentai_runtime/experiments/s211_tfl_cpu_sim_smoke/iter03_coco_cat_tfl_cpu/fs_root
[sim] sentai_sim build #860 (2026-05-30 11:58:51)
[sim] FreeRTOS POSIX port: tick=1000 Hz, heap=4194304 bytes
[sim] MicroPython heap: 2097152 bytes
[sim] sentai.fr auto-start: dir=/home/bogdan/work/coralmicro/examples/sentai_runtime/experiments/s211_tfl_cpu_sim_smoke/iter03_coco_cat_tfl_cpu/fs_root/fr init=0 events=0 scalars=0 debug=0 task=0
0

MicroPython on SentAI SIM (FreeRTOS POSIX port + MicroPython embed)
Type expressions, end with Enter.  Ctrl-D or 'exit' to quit.
Try: sentai.version(), sentai.fs.write(...), help()

>>> >>> camera_bridge: listening on /tmp/sentai_cam.sock (waiting for Gazebo bridge)
[sentai_fr] worker START
TFL model loaded: 6741896 bytes
TFL Input: type=3 [1,300,300,3] 270000 B  scale=0.007843 zp=127
TFL Out[0]: type=1 [] 4 B  scale=0.000000 zp=0
TFL Out[1]: type=1 [] 4 B  scale=0.000000 zp=0
TFL Out[2]: type=1 [] 4 B  scale=0.000000 zp=0
TFL Out[3]: type=1 [] 4 B  scale=0.000000 zp=0
TFL Arena used: 2915 / 8192 KB
load_rc=0
ready=True
input_size=270000
input_dims=(1, 300, 300, 3)
input_type=3
num_outputs_before=4
load_image_rc=0
invoke_ms=482
num_outputs=4
output0_size=4
output0_dims=()
output0_type=1
output0_v0=0.828125
output1_size=4
output1_dims=()
output1_type=1
output1_v0=0.1484375
output2_size=4
output2_dims=()
output2_type=1
output2_v0=20.0
output3_size=4
output3_dims=()
output3_type=1
output3_v0=0.2109375

0
>>> 
[sim] EOF on stdin, exiting
[sim] REPL task done, terminating process
