[  0%] Incrementing build version...
[ 33%] Built target libs_levelx
-- Build #1495 at 2026-06-11 18:35:05
[ 33%] Built target increment_build_version
[100%] Built target libs_filex
[100%] Building CXX object emu/CMakeFiles/sentai_emu_fx_storage.dir/__/libs/base/fx_user_fs.cc.obj
[100%] Building CXX object emu/CMakeFiles/sentai_emu_fx_storage.dir/__/libs/base/fx_nand_driver.cc.obj
[100%] Building C object emu/CMakeFiles/sentai_emu_fx_storage.dir/__/third_party/freertos_kernel/event_groups.c.obj
[100%] Building ASM object emu/CMakeFiles/sentai_emu_fx_storage.dir/__/third_party/nxp/rt1176-sdk/devices/MIMXRT1176/gcc/startup_MIMXRT1176_cm7.S.obj
[100%] Building C object emu/CMakeFiles/sentai_emu_fx_storage.dir/__/third_party/freertos_kernel/queue.c.obj
[100%] Building CXX object emu/CMakeFiles/sentai_emu_fx_storage.dir/smoke/sentai_emu_fx_storage_smoke.cc.obj
[100%] Building C object emu/CMakeFiles/sentai_emu_fx_storage.dir/__/third_party/nxp/rt1176-sdk/devices/MIMXRT1176/system_MIMXRT1176_cm7.c.obj
[100%] Building C object emu/CMakeFiles/sentai_emu_fx_storage.dir/__/third_party/freertos_kernel/stream_buffer.c.obj
[100%] Building C object emu/CMakeFiles/sentai_emu_fx_storage.dir/sentai_emu_freertos_hooks.c.obj
[100%] Building CXX object emu/CMakeFiles/sentai_emu_fx_storage.dir/sentai_emu_lfs_stubs.cc.obj
[100%] Building C object emu/CMakeFiles/sentai_emu_fx_storage.dir/__/third_party/FreeRTOS_helpers/heap_useNewlib_NXP.c.obj
[100%] Building C object emu/CMakeFiles/sentai_emu_fx_storage.dir/__/third_party/freertos_kernel/timers.c.obj
[100%] Building C object emu/CMakeFiles/sentai_emu_fx_storage.dir/__/third_party/freertos_kernel/portable/GCC/ARM_CM4F/port.c.obj
[100%] Building C object emu/CMakeFiles/sentai_emu_fx_storage.dir/__/third_party/freertos_kernel/list.c.obj
cc1plus: warning: command line option '-Wno-old-style-definition' is valid for C/ObjC but not for C++
cc1plus: warning: command line option '-Wno-old-style-definition' is valid for C/ObjC but not for C++
cc1plus: warning: command line option '-Wno-missing-prototypes' is valid for C/ObjC but not for C++
cc1plus: warning: command line option '-Wno-missing-prototypes' is valid for C/ObjC but not for C++
[100%] Building C object emu/CMakeFiles/sentai_emu_fx_storage.dir/__/third_party/freertos_kernel/tasks.c.obj
cc1plus: warning: command line option '-Wno-old-style-definition' is valid for C/ObjC but not for C++
cc1plus: warning: command line option '-Wno-missing-prototypes' is valid for C/ObjC but not for C++
cc1plus: warning: command line option '-Wno-old-style-definition' is valid for C/ObjC but not for C++
cc1plus: warning: command line option '-Wno-missing-prototypes' is valid for C/ObjC but not for C++
/home/bogdan/work/coralmicro/third_party/FreeRTOS_helpers/heap_useNewlib_NXP.c:68:4: warning: #warning "This wrapper was verified for newlib versions 2.5 - 3.1; please ensure newlib's external requirements for malloc-family are unchanged!" [-Wcpp]
   68 |   #warning "This wrapper was verified for newlib versions 2.5 - 3.1; please ensure newlib's external requirements for malloc-family are unchanged!"
      |    ^~~~~~~
[100%] Linking CXX executable sentai_emu_fx_storage
[100%] Built target sentai_emu_fx_storage
$ cmake --build build_emu --target sentai_emu_fx_storage -j24

[elapsed_s] 0.565
