
SentAI EMU REPL B8.3
S233_PREP_INIT
S233_GZ_CAM_START 0
MicroPython embed ready
S233_BEGIN
0
-4
-4
False
-3
S233_SETUP 0 1 1 30 0 0 0
-3
-3
-3
-3
-3
-3
S233_FLOW_BASELINE 33 17 32
-3
-3
0
0
0
0
0
S233_CRAZY_SETUP 0 2 0 0 0
-3
-3
-3
-3
0
S233_SAMPLE 34 44 133 -233 255 7
0
S233_SAMPLE 35 64 0 0 255 0
0
S233_SAMPLE 36 81 0 0 255 0
S233_CRAZY_DONE 0 0
0
0
0
0
S233_SUMMARY 20694 108 521 98 473 3 1 7 81
-3
-3
-3
-3
-3
-3
-3
-3
-3
-3
0
False
False
S233_DONE
