12:00:54.4096 [INFO] Loaded monitor commands from: /home/bogdan/work/renode_portable/scripts/monitor.py
Renode, version 1.16.1 (ac18b5ac-202606020225)


(monitor) i $CWD/emu/renode/sentai_emu_camera.resc

12:00:54.5413 [INFO] Including script(s): /home/bogdan/work/coralmicro/emu/renode/sentai_emu_camera.resc
12:00:54.5587 [INFO] System bus created.
12:00:55.4692 [INFO] Old file /home/bogdan/work/coralmicro/emu/output/sentai_emu_camera.log moved to /home/bogdan/work/coralmicro/emu/output/sentai_emu_camera.log.2
12:00:55.4896 [INFO] sysbus: Loading block of 3072 bytes length at 0x0.
12:00:55.5017 [INFO] sysbus: Loading block of 24756 bytes length at 0xC00.
12:00:55.5018 [INFO] sysbus: Loading block of 480 bytes length at 0x6CB4.
12:00:55.5018 [INFO] sysbus: Loading block of 64 bytes length at 0x6E94.
12:00:55.5018 [INFO] sysbus: Loading block of 19888 bytes length at 0x6E98.
12:00:55.5018 [INFO] sysbus: Loading block of 16777216 bytes length at 0x80000000.
12:00:56.0122 [INFO] cpu: Setting initial values: PC = 0xCBD, SP = 0x20040000.
12:00:56.0153 [INFO] machine-0: Machine started.
12:00:56.1066 [WARNING] nvic: Unhandled write to offset 0xF50 (ICacheInvalidateAllToPoUaIgnored), value 0x0.
12:00:56.1301 [WARNING] nvic: Trying to set the priority for interrupt 16 to 0xFF, but it should be maskable with 0xF0
12:01:02.5825 [INFO] machine-0: Machine paused.
12:01:02.6431 [INFO] machine-0: Machine resumed.
12:01:03.2175 [INFO] machine-0: Machine paused.
12:01:03.2229 [INFO] machine-0: Machine resumed.
12:01:03.7717 [INFO] machine-0: Machine paused.
12:01:03.7733 [INFO] machine-0: Machine resumed.
12:01:04.3254 [INFO] machine-0: Machine paused.
12:01:04.3269 [INFO] machine-0: Machine resumed.
12:01:04.8562 [INFO] machine-0: Machine paused.
12:01:04.8580 [INFO] machine-0: Machine resumed.
12:01:05.7625 [INFO] machine-0: Machine paused.
sentai_emu_camera PC:

0x2708

sentai_emu_camera boot_state:

0x00000600

sentai_emu_camera heartbeat:

0x00000005

sentai_emu_camera frames_consumed:

0x00000005

sentai_emu_camera frames_valid:

0x00000005

sentai_emu_camera irq_count:

0x00000005

sentai_emu_camera last_tick:

0x00001047

(machine-0) 12:01:05.8397 [INFO] machine-0: Disposed.
