[sim] FS root: /home/bogdan/work/coralmicro/examples/sentai_runtime/experiments/s209_virtual_camera_tpu_e2e/iter62_virtual_camera_flow_pipeline_shift/fs_root
[sim] sentai_sim build #914 (2026-05-31 13:17:47)
[sim] FreeRTOS POSIX port: tick=1000 Hz, heap=4194304 bytes
[sim] MicroPython heap: 2097152 bytes
[sim] sentai.fr auto-start: dir=/home/bogdan/work/coralmicro/examples/sentai_runtime/experiments/s209_virtual_camera_tpu_e2e/iter62_virtual_camera_flow_pipeline_shift/fs_root/fr init=0 events=0 scalars=0 debug=0 task=0

MicroPython on SentAI SIM (FreeRTOS POSIX port + MicroPython embed)
Type expressions, end with Enter.  Ctrl-D or 'exit' to quit.
Try: sentai.version(), sentai.fs.write(...), help()

>>> camera_bridge: listening on /tmp/sentai_cam.sock (waiting for Gazebo bridge)
>>> TRACE start
MODEL_SIZE 7077792
IMG0_SIZE 921654
IMGN_SIZE 921654
TRACE before_tpu_load
[tpu_shim] op=1 begin len=196
[sentai_fr] worker START
[tpu_shim] op=1 end rc=0
[tpu_shim] op=4 begin len=0
[tpu_shim] op=4 end rc=0
[tpu_shim] op=8 begin len=0
[tpu_shim] op=8 end rc=0
[tpu_shim] op=6 begin len=4
[tpu_shim] op=6 end rc=0
[tpu_shim] op=7 begin len=4
[tpu_shim] op=7 end rc=0
[tpu_shim] op=9 begin len=4
[tpu_shim] op=9 end rc=0
[tpu_shim] op=6 begin len=4
[tpu_shim] op=6 end rc=0
[tpu_shim] op=7 begin len=4
[tpu_shim] op=7 end rc=0
[tpu_shim] op=9 begin len=4
[tpu_shim] op=9 end rc=0
[tpu_shim] op=6 begin len=4
[tpu_shim] op=6 end rc=0
[tpu_shim] op=7 begin len=4
[tpu_shim] op=7 end rc=0
[tpu_shim] op=9 begin len=4
[tpu_shim] op=9 end rc=0
[tpu_shim] op=6 begin len=4
[tpu_shim] op=6 end rc=0
[tpu_shim] op=7 begin len=4
[tpu_shim] op=7 end rc=0
[tpu_shim] op=9 begin len=4
[tpu_shim] op=9 end rc=0
TPU_LOAD 0
TRACE after_tpu_load
[virtcam] select begin /images/cat_shift_00.bmp
[virtcam] size 921654
[virtcam] read ok
[virtcam] load rc=0
[virtcam] after_select begin
[virtcam] after_select end
[camera] select(-1, /images/cat_shift_00.bmp) rc=0
CAM_SELECT0 0
TRACE after_cam_select0
FLOW_START 0
TRACE after_flow_start
PIPE_TARGET_FPS 12
PIPE_PREP_FPS 12
TRACE before_pipe_start
E:0480:100
PIPE_START 0
TRACE after_pipe_start
TRACE frame_00_select
[virtcam] select begin /images/cat_shift_00.bmp
[virtcam] size 921654
[virtcam] read ok
[virtcam] load rc=0
[virtcam] after_select begin
camera_bridge: flow_once begin
camera_bridge: flow_once got rgb seq=2
camera_bridge: flow_once scaled
camera_bridge: flow_once phase begin
camera_bridge: flow_once dz begin
camera_bridge: flow_once publish dx=0 dy=0
camera_bridge: flow_once end
[virtcam] after_select end
[camera] select(-1, /images/cat_shift_00.bmp) rc=0
TRACE frame_00_after_select
TRACE frame_00_after_get
TRACE frame_00_done
TRACE frame_01_select
[virtcam] select begin /images/cat_shift_01.bmp
[virtcam] size 921654
[virtcam] read ok
[virtcam] load rc=0
[virtcam] after_select begin
camera_bridge: flow_once begin
camera_bridge: flow_once got rgb seq=3
