20:05:11.3769 [INFO] Loaded monitor commands from: /home/bogdan/work/renode_portable/scripts/monitor.py
Renode, version 1.16.1 (d66b0c2a-202602160923)

(monitor) i $CWD/examples/sentai_runtime/experiments/s213_arm_emulator_idle/iter113_renode_tpu_cat_repl_filex_physical_coral/diag_short_run.resc
20:05:11.5201 [INFO] Including script(s): /home/bogdan/work/coralmicro/examples/sentai_runtime/experiments/s213_arm_emulator_idle/iter113_renode_tpu_cat_repl_filex_physical_coral/diag_short_run.resc
20:05:11.5326 [INFO] System bus created.
20:05:12.5388 [INFO] sysbus: Loading block of 3072 bytes length at 0x0.
20:05:12.5473 [INFO] sysbus: Loading block of 246968 bytes length at 0xC00.
20:05:12.5474 [INFO] sysbus: Loading block of 203584 bytes length at 0x3D0B8.
20:05:12.5476 [INFO] sysbus: Loading block of 16777216 bytes length at 0x80000000.
20:05:12.5584 [INFO] sysbus: Loading block of 54680 bytes length at 0x81000000.
20:05:13.2398 [INFO] cpu: Setting initial values: PC = 0xCBD, SP = 0x20040000.
20:05:13.2410 [INFO] machine-0: Machine started.
20:05:13.2947 [WARNING] nvic: Unhandled write to offset 0xF50 (ICacheInvalidateAllToPoUaIgnored), value 0x0.
20:05:13.3120 [INFO] machine-0: Machine paused.
diag_short PC:
0x2562e
diag_short boot_state:
0x00000000
diag_short heartbeat:
0x00000000
diag_short repl_lines:
0x00000000
(machine-0) 20:05:13.3936 [INFO] machine-0: Disposed.
