20:05:43.5742 [INFO] Loaded monitor commands from: /home/bogdan/work/renode_portable/scripts/monitor.py
Renode, version 1.16.1 (d66b0c2a-202602160923)

(monitor) i $CWD/examples/sentai_runtime/experiments/s213_arm_emulator_idle/iter113_renode_tpu_cat_repl_filex_physical_coral/diag_100ms_run.resc
20:05:43.7134 [INFO] Including script(s): /home/bogdan/work/coralmicro/examples/sentai_runtime/experiments/s213_arm_emulator_idle/iter113_renode_tpu_cat_repl_filex_physical_coral/diag_100ms_run.resc
20:05:43.7256 [INFO] System bus created.
20:05:44.7208 [INFO] sysbus: Loading block of 3072 bytes length at 0x0.
20:05:44.7288 [INFO] sysbus: Loading block of 246968 bytes length at 0xC00.
20:05:44.7290 [INFO] sysbus: Loading block of 203584 bytes length at 0x3D0B8.
20:05:44.7291 [INFO] sysbus: Loading block of 16777216 bytes length at 0x80000000.
20:05:44.7398 [INFO] sysbus: Loading block of 54680 bytes length at 0x81000000.
20:05:45.4319 [INFO] cpu: Setting initial values: PC = 0xCBD, SP = 0x20040000.
20:05:45.4330 [INFO] machine-0: Machine started.
20:05:45.4927 [WARNING] nvic: Unhandled write to offset 0xF50 (ICacheInvalidateAllToPoUaIgnored), value 0x0.
20:05:45.5113 [WARNING] nvic: Trying to set the priority for interrupt 16 to 0xFF, but it should be maskable with 0xF0
20:05:46.9726 [INFO] machine-0: Machine paused.
diag_100ms PC:
0x1cf2
diag_100ms boot_state:
0x00000500
diag_100ms heartbeat:
0x00000001
diag_100ms repl_lines:
0x00000001
(machine-0) 20:05:47.0486 [INFO] machine-0: Disposed.
