08:51:30.2926 [INFO] Loaded monitor commands from: /home/bogdan/work/renode_portable/scripts/monitor.py
Renode, version 1.16.1 (ac18b5ac-202606020225)


(monitor) i $CWD/emu/renode/sentai_emu_tpu_fps_repl.resc

08:51:30.4639 [INFO] Including script(s): /home/bogdan/work/coralmicro/emu/renode/sentai_emu_tpu_fps_repl.resc
08:51:30.4863 [INFO] System bus created.
08:51:31.5765 [INFO] Old file /home/bogdan/work/coralmicro/emu/output/sentai_emu_tpu_fps_repl.log moved to /home/bogdan/work/coralmicro/emu/output/sentai_emu_tpu_fps_repl.log.2
08:51:31.5982 [INFO] sysbus: Loading block of 3072 bytes length at 0x0.
08:51:31.6113 [INFO] sysbus: Loading block of 228288 bytes length at 0xC00.
08:51:31.6116 [INFO] sysbus: Loading block of 202432 bytes length at 0x387C0.
08:51:31.6120 [INFO] sysbus: Loading block of 16777216 bytes length at 0x80000000.
08:51:31.6373 [INFO] sysbus: Loading block of 54680 bytes length at 0x81000000.
08:51:32.2256 [INFO] cpu: Setting initial values: PC = 0xCBD, SP = 0x20040000.
08:51:32.2287 [INFO] machine-0: Machine started.
08:51:32.3304 [WARNING] nvic: Unhandled write to offset 0xF50 (ICacheInvalidateAllToPoUaIgnored), value 0x0.
08:51:32.3637 [WARNING] nvic: Trying to set the priority for interrupt 16 to 0xFF, but it should be maskable with 0xF0
08:51:33.5986 [INFO] machine-0: Machine paused.
sentai_emu_tpu_fps_repl PC:

0x1d028

sentai_emu_tpu_fps_repl boot_state:

0x00000400

sentai_emu_tpu_fps_repl heartbeat:

0x00000000

sentai_emu_tpu_fps_repl repl_lines:

0x00000000

sentai_emu_tpu_fps_repl last_tick:

0x00000000

(machine-0) 08:51:33.6817 [INFO] machine-0: Disposed.
