[sim] sentai_sim build #553 (2026-05-23 11:01:03)
[sim] FreeRTOS POSIX port: tick=1000 Hz, heap=4194304 bytes
[sim] MicroPython heap: 524288 bytes
[sim] FS root: /home/bogdan/work/coralmicro/build-sim/sentai_fs_root
[sim] sentai.fr auto-start: dir=/home/bogdan/work/coralmicro/build-sim/sentai_fs_root/fr init=0 events=0 scalars=0 task=0
0

MicroPython on SentAI SIM (FreeRTOS POSIX port + MicroPython embed)
Type expressions, end with Enter.  Ctrl-D or 'exit' to quit.
Try: sentai.version(), sentai.fs.write(...), help()

>>> [sentai_fr] worker START
[whycon_pnp] s_fx=288.30 s_fy=288.30 diam=0.0544 axis_a=31.4498 axis_b=31.3146
[whycon_pnp] s_fx=288.30 s_fy=288.30 diam=0.0544 axis_a=31.3708 axis_b=31.1165
[whycon_pnp] s_fx=288.30 s_fy=288.30 diam=0.0544 axis_a=31.5770 axis_b=30.9138
[whycon_pnp] s_fx=288.30 s_fy=288.30 diam=0.0544 axis_a=31.6280 axis_b=30.9586
[whycon_pnp] s_fx=288.30 s_fy=288.30 diam=0.0544 axis_a=31.3421 axis_b=31.1411
[whycon_filter v3] n_comp=23 accepted=6  rejects: nested=0 border=5 min_area=0 max_area=0 ar=0 trace=0 circ=4 axis=1 w3=7 min_a=40 max_a=4000 max_ar=2.00 min_circ=0.40 max_axis=2.00
[whycon_filter v3] n_comp=26 accepted=3  rejects: nested=0 border=13 min_area=6 max_area=1 ar=1 trace=0 circ=1 axis=0 w3=1 min_a=40 max_a=4000 max_ar=2.00 min_circ=0.40 max_axis=2.00
[whycon_filter v3] n_comp=58 accepted=0  rejects: nested=0 border=19 min_area=29 max_area=0 ar=0 trace=0 circ=3 axis=6 w3=1 min_a=40 max_a=4000 max_ar=2.00 min_circ=0.40 max_axis=2.00
[whycon_filter v3] n_comp=49 accepted=1  rejects: nested=0 border=13 min_area=26 max_area=0 ar=0 trace=0 circ=4 axis=3 w3=2 min_a=40 max_a=4000 max_ar=2.00 min_circ=0.40 max_axis=2.00
[whycon_filter v3] n_comp=31 accepted=4  rejects: nested=0 border=12 min_area=2 max_area=0 ar=0 trace=0 circ=4 axis=4 w3=5 min_a=40 max_a=4000 max_ar=2.00 min_circ=0.40 max_axis=2.00
[whycon_filter v3] n_comp=38 accepted=2  rejects: nested=0 border=18 min_area=12 max_area=0 ar=0 trace=0 circ=3 axis=2 w3=1 min_a=40 max_a=4000 max_ar=2.00 min_circ=0.40 max_axis=2.00
[whycon_filter v3] n_comp=83 accepted=1  rejects: nested=0 border=21 min_area=52 max_area=0 ar=0 trace=0 circ=4 axis=5 w3=0 min_a=40 max_a=4000 max_ar=2.00 min_circ=0.40 max_axis=2.00
[whycon_filter v3] n_comp=66 accepted=1  rejects: nested=0 border=15 min_area=37 max_area=1 ar=1 trace=0 circ=4 axis=7 w3=0 min_a=40 max_a=4000 max_ar=2.00 min_circ=0.40 max_axis=2.00
[whycon_filter v3] n_comp=24 accepted=4  rejects: nested=0 border=10 min_area=1 max_area=1 ar=1 trace=0 circ=1 axis=4 w3=2 min_a=40 max_a=4000 max_ar=2.00 min_circ=0.40 max_axis=2.00
[whycon_filter v3] n_comp=37 accepted=3  rejects: nested=0 border=17 min_area=11 max_area=0 ar=0 trace=0 circ=2 axis=3 w3=1 min_a=40 max_a=4000 max_ar=2.00 min_circ=0.40 max_axis=2.00
[whycon_filter v3] n_comp=81 accepted=3  rejects: nested=0 border=15 min_area=52 max_area=0 ar=0 trace=0 circ=2 axis=9 w3=0 min_a=40 max_a=4000 max_ar=2.00 min_circ=0.40 max_axis=2.00
[whycon_filter v3] n_comp=47 accepted=1  rejects: nested=0 border=16 min_area=25 max_area=0 ar=0 trace=0 circ=2 axis=1 w3=2 min_a=40 max_a=4000 max_ar=2.00 min_circ=0.40 max_axis=2.00
[whycon_filter v3] n_comp=26 accepted=3  rejects: nested=0 border=13 min_area=2 max_area=1 ar=0 trace=0 circ=1 axis=4 w3=2 min_a=40 max_a=4000 max_ar=2.00 min_circ=0.40 max_axis=2.00
[whycon_filter v3] n_comp=30 accepted=2  rejects: nested=0 border=15 min_area=8 max_area=0 ar=0 trace=0 circ=1 axis=2 w3=2 min_a=40 max_a=4000 max_ar=2.00 min_circ=0.40 max_axis=2.00
[whycon_filter v3] n_comp=84 accepted=2  rejects: nested=0 border=17 min_area=52 max_area=1 ar=1 trace=0 circ=4 axis=5 w3=2 min_a=40 max_a=4000 max_ar=2.00 min_circ=0.40 max_axis=2.00
[whycon_filter v3] n_comp=21 accepted=6  rejects: nested=0 border=6 min_area=1 max_area=1 ar=0 trace=0 circ=0 axis=1 w3=6 min_a=40 max_a=4000 max_ar=2.00 min_circ=0.40 max_axis=2.00
[whycon_filter v3] n_comp=46 accepted=2  rejects: nested=0 border=16 min_area=22 max_area=0 ar=0 trace=0 circ=1 axis=4 w3=1 min_a=40 max_a=4000 max_ar=2.00 min_circ=0.40 max_axis=2.00
[whycon_filter v3] n_comp=61 accepted=3  rejects: nested=0 border=17 min_area=33 max_area=1 ar=1 trace=0 circ=2 axis=2 w3=2 min_a=40 max_a=4000 max_ar=2.00 min_circ=0.40 max_axis=2.00
[whycon_filter v3] n_comp=49 accepted=1  rejects: nested=0 border=15 min_area=16 max_area=0 ar=1 trace=0 circ=7 axis=7 w3=2 min_a=40 max_a=4000 max_ar=2.00 min_circ=0.40 max_axis=2.00
[whycon_filter v3] n_comp=24 accepted=4  rejects: nested=0 border=11 min_area=0 max_area=0 ar=0 trace=0 circ=0 axis=3 w3=6 min_a=40 max_a=4000 max_ar=2.00 min_circ=0.40 max_axis=2.00
[whycon_filter v3] n_comp=50 accepted=3  rejects: nested=0 border=15 min_area=25 max_area=0 ar=3 trace=0 circ=1 axis=2 w3=1 min_a=40 max_a=4000 max_ar=2.00 min_circ=0.40 max_axis=2.00
[whycon_filter v3] n_comp=66 accepted=4  rejects: nested=0 border=13 min_area=43 max_area=0 ar=0 trace=0 circ=4 axis=2 w3=0 min_a=40 max_a=4000 max_ar=2.00 min_circ=0.40 max_axis=2.00
[whycon_filter v3] n_comp=23 accepted=4  rejects: nested=0 border=11 min_area=0 max_area=0 ar=0 trace=0 circ=1 axis=3 w3=4 min_a=40 max_a=4000 max_ar=2.00 min_circ=0.40 max_axis=2.00
[whycon_filter v3] n_comp=55 accepted=3  rejects: nested=0 border=13 min_area=30 max_area=0 ar=0 trace=0 circ=5 axis=2 w3=2 min_a=40 max_a=4000 max_ar=2.00 min_circ=0.40 max_axis=2.00
[whycon_filter v3] n_comp=79 accepted=2  rejects: nested=0 border=20 min_area=47 max_area=1 ar=2 trace=0 circ=4 axis=2 w3=1 min_a=40 max_a=4000 max_ar=2.00 min_circ=0.40 max_axis=2.00
[whycon_filter v3] n_comp=46 accepted=1  rejects: nested=0 border=18 min_area=16 max_area=0 ar=1 trace=0 circ=2 axis=2 w3=6 min_a=40 max_a=4000 max_ar=2.00 min_circ=0.40 max_axis=2.00
[whycon_filter v3] n_comp=24 accepted=3  rejects: nested=0 border=11 min_area=2 max_area=1 ar=0 trace=0 circ=0 axis=1 w3=6 min_a=40 max_a=4000 max_ar=2.00 min_circ=0.40 max_axis=2.00
[whycon_filter v3] n_comp=37 accepted=2  rejects: nested=0 border=13 min_area=15 max_area=0 ar=0 trace=0 circ=5 axis=1 w3=1 min_a=40 max_a=4000 max_ar=2.00 min_circ=0.40 max_axis=2.00
camera_bridge: listening on /tmp/sentai_cam.sock (waiting for Gazebo bridge)
TD-S10-B2_SENTAI_SIM_DONE 30 74
>>> 
[sim] EOF on stdin, exiting
[sim] REPL task done, terminating process
