t=12ms file begin kind=1 expected_size=7077792 path=/tmp/sentai_emu_tpu_model.tflite
t=1849ms file done kind=1 bytes=7077792 chunks=216 total_ms=1840 guest_read_ms=11 host_write_ms=19
t=2557ms file begin kind=2 expected_size=921654 path=/tmp/sentai_emu_tpu_image.bmp
t=2564ms file done kind=2 bytes=921654 chunks=29 total_ms=9 guest_read_ms=0 host_write_ms=1
t=2947ms server start argv=/home/bogdan/work/coralmicro/build-sim/sim/tpu_posix_invoke_smoke --server --server-cmd /tmp/sentai_emu_tpu_server.cmd /tmp/sentai_emu_tpu_model.tflite /tmp/sentai_emu_tpu_image.bmp
t=3006ms server TPU_BENCH_CONFIG perf=low desc_cache=0 chunk_size=163840 bulkin_chunk_size=256 bulkin_queue_depth=0 sleep_after_bulkin=0 async_input=0 zero_copy_input=1 multi_ep=0 break_short_bulkin=0 fast_sync_wait=0 runs=1 warmup=0
t=3006ms server [tpu-posix] libusb_init
t=3006ms server [tpu-posix] dfu/app probe
t=3006ms server [tpu-posix] open app device
t=3006ms server [tpu-posix] opened Coral USB interface=0 out=01,02,03 in=81,82 irq=83
t=3006ms server [EdgeTPU mgr] creating context
t=3006ms server [EdgeTPU mgr] initializing driver
t=3006ms server [TPU init] read omc0_00
t=3006ms server [TPU init] check chip id
t=3006ms server [TPU init] write test reg
t=3006ms server [TPU init] read test reg
t=3007ms server [TPU init] disable inactive mode
t=3008ms server [TPU init] disable clock gating
t=3013ms server [TPU init] enter reset
t=3019ms server [TPU init] exit reset
t=3023ms server [TPU init] check scalar run control
t=3024ms server [TPU init] write idle register
t=3025ms server [TPU init] write tile config
t=3028ms server [TPU init] write deep sleep
t=3029ms server [TPU init] enable clock gating
t=3032ms server [TPU init] configure usb csr
t=3036ms server [TPU init] enable tempsense clock
t=3038ms server [TPU init] enable tempsense input ports
t=3041ms server [TPU init] enable tempsense flow
t=3044ms server [TPU init] move to run
t=3065ms server [TPU init] done
t=3067ms server [EdgeTPU mgr] driver initialized
t=3067ms server [EdgeTPU pkg] inference_exe type=2  parameter_caching_exe=present  token=0x05701716d04676e6
t=3068ms server SERVER_READY
t=3079ms server command invoke
t=3081ms server SERVER_INVOKE_BEGIN
t=3313ms server DETECTIONS n=20
t=3313ms server DET[0] class=16 score=0.828 box=[0.218 0.166 0.842 0.679]
t=3313ms server DET[1] class=64 score=0.324 box=[0.109 0.055 0.935 0.959]
t=3313ms server DET[2] class=64 score=0.293 box=[0.139 0.194 0.514 0.880]
t=3313ms server DET[3] class=61 score=0.250 box=[0.161 0.097 0.416 0.368]
t=3313ms server DET[4] class=16 score=0.211 box=[0.196 0.420 0.751 0.905]
t=3314ms server DET[5] class=66 score=0.172 box=[0.376 0.130 0.869 0.816]
t=3314ms server DET[6] class=74 score=0.148 box=[0.229 0.563 0.364 0.625]
t=3314ms server DET[7] class=16 score=0.148 box=[0.238 0.608 0.780 0.900]
t=3314ms server DET[8] class=83 score=0.145 box=[0.162 0.278 0.331 0.310]
t=3314ms server DET[9] class=16 score=0.145 box=[0.241 0.361 0.804 0.660]
t=3314ms server DET[10] class=61 score=0.133 box=[0.144 0.110 0.406 0.284]
t=3314ms server DET[11] class=83 score=0.133 box=[0.164 0.225 0.353 0.255]
t=3314ms server DET[12] class=66 score=0.117 box=[0.293 0.292 0.917 0.936]
t=3314ms server DET[13] class=66 score=0.113 box=[0.506 0.040 0.966 0.988]
t=3314ms server DET[14] class=0 score=0.109 box=[0.390 0.824 0.690 0.904]
t=3314ms server DET[15] class=83 score=0.105 box=[0.166 0.168 0.355 0.200]
t=3314ms server DET[16] class=61 score=0.105 box=[0.151 0.175 0.383 0.357]
t=3314ms server DET[17] class=61 score=0.105 box=[0.146 0.117 0.446 0.210]
t=3314ms server DET[18] class=8 score=0.105 box=[0.134 0.341 0.433 0.904]
t=3315ms server DET[19] class=61 score=0.105 box=[0.187 0.091 0.721 0.383]
t=3315ms server OK tpu_posix_invoke invoke_ms=230 custom_options=7045204 input_bytes=270000 output_bytes=182115 output_checksum=877b9c24 outputs=2 post=0
t=3315ms server TPU_STAGE_STATS params_calls=1 params_bytes=6703232 params_ticks=154 ins_calls=2 ins_bytes=264752 ins_ticks=15 input_calls=1 input_bytes=270000 input_ticks=10 output_calls=2 output_bytes=184040 output_ticks=51 event_calls=2 event_ticks=0
t=3315ms server TPU_CALL_STATS send_params_calls=1 send_params_bytes=6703232 send_ins_calls=2 send_ins_bytes=264752 send_inputs_calls=1 send_inputs_bytes=270000
t=3315ms server TPU_USB_STATS out_calls=50 out_req=7238016 out_done=7238016 out_us=70704 out_short=0 in_calls=722 in_req=184616 in_done=184040 in_us=47323 in_short=3 event_calls=2 event_req=32 event_done=32 event_us=108 event_short=0 intr_calls=0 intr_req=0 intr_done=0 intr_us=0 intr_short=0 timeouts=0 failed=0
t=3316ms server TPU_DESC_CACHE_STATS sent_params=1 sent_ins=2 skip_params=0 skip_ins=0
t=3316ms server SERVER_DONE cmd=invoke rc=0 invoke_ms=230 detections=20
t=3320ms smoke OK tpu_posix_invoke invoke_ms=230 custom_options=7045204 input_bytes=270000 output_bytes=182115 output_checksum=877b9c24 outputs=2 post=0
t=3320ms smoke TPU_STAGE_STATS params_calls=1 params_bytes=6703232 params_ticks=154 ins_calls=2 ins_bytes=264752 ins_ticks=15 input_calls=1 input_bytes=270000 input_ticks=10 output_calls=2 output_bytes=184040 output_ticks=51 event_calls=2 event_ticks=0
t=3320ms smoke TPU_CALL_STATS send_params_calls=1 send_params_bytes=6703232 send_ins_calls=2 send_ins_bytes=264752 send_inputs_calls=1 send_inputs_bytes=270000
t=3320ms smoke TPU_USB_STATS out_calls=50 out_req=7238016 out_done=7238016 out_us=70704 out_short=0 in_calls=722 in_req=184616 in_done=184040 in_us=47323 in_short=3 event_calls=2 event_req=32 event_done=32 event_us=108 event_short=0 intr_calls=0 intr_req=0 intr_done=0 intr_us=0 intr_short=0 timeouts=0 failed=0
t=3320ms smoke TPU_DESC_CACHE_STATS sent_params=1 sent_ins=2 skip_params=0 skip_ins=0
t=3342ms session invoke ok=True detection_count=20 parsed_detections=20 host_ms=241 smoke_invoke_ms=230
t=4002ms server command invoke
t=4003ms server SERVER_INVOKE_BEGIN
t=4077ms server DETECTIONS n=20
t=4077ms server DET[0] class=16 score=0.828 box=[0.218 0.166 0.842 0.679]
t=4078ms server DET[1] class=64 score=0.324 box=[0.109 0.055 0.935 0.959]
t=4078ms server DET[2] class=64 score=0.293 box=[0.139 0.194 0.514 0.880]
t=4078ms server DET[3] class=61 score=0.250 box=[0.161 0.097 0.416 0.368]
t=4078ms server DET[4] class=16 score=0.211 box=[0.196 0.420 0.751 0.905]
t=4078ms server DET[5] class=66 score=0.172 box=[0.376 0.130 0.869 0.816]
t=4078ms server DET[6] class=74 score=0.148 box=[0.229 0.563 0.364 0.625]
t=4078ms server DET[7] class=16 score=0.148 box=[0.238 0.608 0.780 0.900]
t=4078ms server DET[8] class=83 score=0.145 box=[0.162 0.278 0.331 0.310]
t=4078ms server DET[9] class=16 score=0.145 box=[0.241 0.361 0.804 0.660]
t=4078ms server DET[10] class=61 score=0.133 box=[0.144 0.110 0.406 0.284]
t=4078ms server DET[11] class=83 score=0.133 box=[0.164 0.225 0.353 0.255]
t=4078ms server DET[12] class=66 score=0.117 box=[0.293 0.292 0.917 0.936]
t=4078ms server DET[13] class=66 score=0.113 box=[0.506 0.040 0.966 0.988]
t=4078ms server DET[14] class=0 score=0.109 box=[0.390 0.824 0.690 0.904]
t=4078ms server DET[15] class=83 score=0.105 box=[0.166 0.168 0.355 0.200]
t=4078ms server DET[16] class=61 score=0.105 box=[0.151 0.175 0.383 0.357]
t=4078ms server DET[17] class=61 score=0.105 box=[0.146 0.117 0.446 0.210]
t=4078ms server DET[18] class=8 score=0.105 box=[0.134 0.341 0.433 0.904]
t=4078ms server DET[19] class=61 score=0.105 box=[0.187 0.091 0.721 0.383]
t=4078ms server OK tpu_posix_invoke invoke_ms=72 custom_options=7045204 input_bytes=270000 output_bytes=182115 output_checksum=877b9c24 outputs=2 post=0
t=4078ms server TPU_STAGE_STATS params_calls=0 params_bytes=0 params_ticks=0 ins_calls=1 ins_bytes=254304 ins_ticks=10 input_calls=1 input_bytes=270000 input_ticks=9 output_calls=2 output_bytes=184040 output_ticks=52 event_calls=1 event_ticks=0
t=4079ms server TPU_CALL_STATS send_params_calls=0 send_params_bytes=0 send_ins_calls=1 send_ins_bytes=254304 send_inputs_calls=1 send_inputs_bytes=270000
t=4079ms server TPU_USB_STATS out_calls=6 out_req=524320 out_done=524320 out_us=5934 out_short=0 in_calls=722 in_req=184616 in_done=184040 in_us=48197 in_short=3 event_calls=1 event_req=16 event_done=16 event_us=28 event_short=0 intr_calls=0 intr_req=0 intr_done=0 intr_us=0 intr_short=0 timeouts=0 failed=0
t=4079ms server TPU_DESC_CACHE_STATS sent_params=0 sent_ins=1 skip_params=0 skip_ins=0
t=4079ms server SERVER_DONE cmd=invoke rc=0 invoke_ms=72 detections=20
t=4079ms smoke OK tpu_posix_invoke invoke_ms=72 custom_options=7045204 input_bytes=270000 output_bytes=182115 output_checksum=877b9c24 outputs=2 post=0
t=4079ms smoke TPU_STAGE_STATS params_calls=0 params_bytes=0 params_ticks=0 ins_calls=1 ins_bytes=254304 ins_ticks=10 input_calls=1 input_bytes=270000 input_ticks=9 output_calls=2 output_bytes=184040 output_ticks=52 event_calls=1 event_ticks=0
t=4079ms smoke TPU_CALL_STATS send_params_calls=0 send_params_bytes=0 send_ins_calls=1 send_ins_bytes=254304 send_inputs_calls=1 send_inputs_bytes=270000
t=4079ms smoke TPU_USB_STATS out_calls=6 out_req=524320 out_done=524320 out_us=5934 out_short=0 in_calls=722 in_req=184616 in_done=184040 in_us=48197 in_short=3 event_calls=1 event_req=16 event_done=16 event_us=28 event_short=0 intr_calls=0 intr_req=0 intr_done=0 intr_us=0 intr_short=0 timeouts=0 failed=0
t=4079ms smoke TPU_DESC_CACHE_STATS sent_params=0 sent_ins=1 skip_params=0 skip_ins=0
t=4081ms session invoke ok=True detection_count=20 parsed_detections=20 host_ms=77 smoke_invoke_ms=72
t=4315ms server command invoke
t=4316ms server SERVER_INVOKE_BEGIN
t=4389ms server DETECTIONS n=20
t=4389ms server DET[0] class=16 score=0.828 box=[0.218 0.166 0.842 0.679]
t=4389ms server DET[1] class=64 score=0.324 box=[0.109 0.055 0.935 0.959]
t=4389ms server DET[2] class=64 score=0.293 box=[0.139 0.194 0.514 0.880]
t=4389ms server DET[3] class=61 score=0.250 box=[0.161 0.097 0.416 0.368]
t=4389ms server DET[4] class=16 score=0.211 box=[0.196 0.420 0.751 0.905]
t=4389ms server DET[5] class=66 score=0.172 box=[0.376 0.130 0.869 0.816]
t=4389ms server DET[6] class=74 score=0.148 box=[0.229 0.563 0.364 0.625]
t=4389ms server DET[7] class=16 score=0.148 box=[0.238 0.608 0.780 0.900]
t=4389ms server DET[8] class=83 score=0.145 box=[0.162 0.278 0.331 0.310]
t=4389ms server DET[9] class=16 score=0.145 box=[0.241 0.361 0.804 0.660]
t=4389ms server DET[10] class=61 score=0.133 box=[0.144 0.110 0.406 0.284]
t=4389ms server DET[11] class=83 score=0.133 box=[0.164 0.225 0.353 0.255]
t=4389ms server DET[12] class=66 score=0.117 box=[0.293 0.292 0.917 0.936]
t=4391ms server DET[13] class=66 score=0.113 box=[0.506 0.040 0.966 0.988]
t=4392ms server DET[14] class=0 score=0.109 box=[0.390 0.824 0.690 0.904]
t=4392ms server DET[15] class=83 score=0.105 box=[0.166 0.168 0.355 0.200]
t=4392ms server DET[16] class=61 score=0.105 box=[0.151 0.175 0.383 0.357]
t=4392ms server DET[17] class=61 score=0.105 box=[0.146 0.117 0.446 0.210]
t=4392ms server DET[18] class=8 score=0.105 box=[0.134 0.341 0.433 0.904]
t=4392ms server DET[19] class=61 score=0.105 box=[0.187 0.091 0.721 0.383]
t=4392ms server OK tpu_posix_invoke invoke_ms=71 custom_options=7045204 input_bytes=270000 output_bytes=182115 output_checksum=877b9c24 outputs=2 post=0
t=4392ms server TPU_STAGE_STATS params_calls=0 params_bytes=0 params_ticks=0 ins_calls=1 ins_bytes=254304 ins_ticks=9 input_calls=1 input_bytes=270000 input_ticks=10 output_calls=2 output_bytes=184040 output_ticks=52 event_calls=1 event_ticks=0
t=4392ms server TPU_CALL_STATS send_params_calls=0 send_params_bytes=0 send_ins_calls=1 send_ins_bytes=254304 send_inputs_calls=1 send_inputs_bytes=270000
t=4392ms server TPU_USB_STATS out_calls=6 out_req=524320 out_done=524320 out_us=5952 out_short=0 in_calls=722 in_req=184616 in_done=184040 in_us=47715 in_short=3 event_calls=1 event_req=16 event_done=16 event_us=28 event_short=0 intr_calls=0 intr_req=0 intr_done=0 intr_us=0 intr_short=0 timeouts=0 failed=0
t=4392ms server TPU_DESC_CACHE_STATS sent_params=0 sent_ins=1 skip_params=0 skip_ins=0
t=4392ms server SERVER_DONE cmd=invoke rc=0 invoke_ms=71 detections=20
t=4395ms smoke OK tpu_posix_invoke invoke_ms=71 custom_options=7045204 input_bytes=270000 output_bytes=182115 output_checksum=877b9c24 outputs=2 post=0
t=4395ms smoke TPU_STAGE_STATS params_calls=0 params_bytes=0 params_ticks=0 ins_calls=1 ins_bytes=254304 ins_ticks=9 input_calls=1 input_bytes=270000 input_ticks=10 output_calls=2 output_bytes=184040 output_ticks=52 event_calls=1 event_ticks=0
t=4396ms smoke TPU_CALL_STATS send_params_calls=0 send_params_bytes=0 send_ins_calls=1 send_ins_bytes=254304 send_inputs_calls=1 send_inputs_bytes=270000
t=4396ms smoke TPU_USB_STATS out_calls=6 out_req=524320 out_done=524320 out_us=5952 out_short=0 in_calls=722 in_req=184616 in_done=184040 in_us=47715 in_short=3 event_calls=1 event_req=16 event_done=16 event_us=28 event_short=0 intr_calls=0 intr_req=0 intr_done=0 intr_us=0 intr_short=0 timeouts=0 failed=0
t=4396ms smoke TPU_DESC_CACHE_STATS sent_params=0 sent_ins=1 skip_params=0 skip_ins=0
t=4400ms session invoke ok=True detection_count=20 parsed_detections=20 host_ms=80 smoke_invoke_ms=71
t=4733ms server command invoke
t=4734ms server SERVER_INVOKE_BEGIN
t=4806ms server DETECTIONS n=20
t=4806ms server DET[0] class=16 score=0.828 box=[0.218 0.166 0.842 0.679]
t=4806ms server DET[1] class=64 score=0.324 box=[0.109 0.055 0.935 0.959]
t=4806ms server DET[2] class=64 score=0.293 box=[0.139 0.194 0.514 0.880]
t=4806ms server DET[3] class=61 score=0.250 box=[0.161 0.097 0.416 0.368]
t=4806ms server DET[4] class=16 score=0.211 box=[0.196 0.420 0.751 0.905]
t=4807ms server DET[5] class=66 score=0.172 box=[0.376 0.130 0.869 0.816]
t=4807ms server DET[6] class=74 score=0.148 box=[0.229 0.563 0.364 0.625]
t=4807ms server DET[7] class=16 score=0.148 box=[0.238 0.608 0.780 0.900]
t=4807ms server DET[8] class=83 score=0.145 box=[0.162 0.278 0.331 0.310]
t=4807ms server DET[9] class=16 score=0.145 box=[0.241 0.361 0.804 0.660]
t=4807ms server DET[10] class=61 score=0.133 box=[0.144 0.110 0.406 0.284]
t=4807ms server DET[11] class=83 score=0.133 box=[0.164 0.225 0.353 0.255]
t=4807ms server DET[12] class=66 score=0.117 box=[0.293 0.292 0.917 0.936]
t=4807ms server DET[13] class=66 score=0.113 box=[0.506 0.040 0.966 0.988]
t=4807ms server DET[14] class=0 score=0.109 box=[0.390 0.824 0.690 0.904]
t=4807ms server DET[15] class=83 score=0.105 box=[0.166 0.168 0.355 0.200]
t=4807ms server DET[16] class=61 score=0.105 box=[0.151 0.175 0.383 0.357]
t=4807ms server DET[17] class=61 score=0.105 box=[0.146 0.117 0.446 0.210]
t=4807ms server DET[18] class=8 score=0.105 box=[0.134 0.341 0.433 0.904]
t=4807ms server DET[19] class=61 score=0.105 box=[0.187 0.091 0.721 0.383]
t=4807ms server OK tpu_posix_invoke invoke_ms=70 custom_options=7045204 input_bytes=270000 output_bytes=182115 output_checksum=877b9c24 outputs=2 post=0
t=4807ms server TPU_STAGE_STATS params_calls=0 params_bytes=0 params_ticks=0 ins_calls=1 ins_bytes=254304 ins_ticks=9 input_calls=1 input_bytes=270000 input_ticks=10 output_calls=2 output_bytes=184040 output_ticks=51 event_calls=1 event_ticks=0
t=4807ms server TPU_CALL_STATS send_params_calls=0 send_params_bytes=0 send_ins_calls=1 send_ins_bytes=254304 send_inputs_calls=1 send_inputs_bytes=270000
t=4807ms server TPU_USB_STATS out_calls=6 out_req=524320 out_done=524320 out_us=5839 out_short=0 in_calls=722 in_req=184616 in_done=184040 in_us=47557 in_short=3 event_calls=1 event_req=16 event_done=16 event_us=29 event_short=0 intr_calls=0 intr_req=0 intr_done=0 intr_us=0 intr_short=0 timeouts=0 failed=0
t=4807ms server TPU_DESC_CACHE_STATS sent_params=0 sent_ins=1 skip_params=0 skip_ins=0
t=4807ms server SERVER_DONE cmd=invoke rc=0 invoke_ms=70 detections=20
t=4809ms smoke OK tpu_posix_invoke invoke_ms=70 custom_options=7045204 input_bytes=270000 output_bytes=182115 output_checksum=877b9c24 outputs=2 post=0
t=4809ms smoke TPU_STAGE_STATS params_calls=0 params_bytes=0 params_ticks=0 ins_calls=1 ins_bytes=254304 ins_ticks=9 input_calls=1 input_bytes=270000 input_ticks=10 output_calls=2 output_bytes=184040 output_ticks=51 event_calls=1 event_ticks=0
t=4809ms smoke TPU_CALL_STATS send_params_calls=0 send_params_bytes=0 send_ins_calls=1 send_ins_bytes=254304 send_inputs_calls=1 send_inputs_bytes=270000
t=4809ms smoke TPU_USB_STATS out_calls=6 out_req=524320 out_done=524320 out_us=5839 out_short=0 in_calls=722 in_req=184616 in_done=184040 in_us=47557 in_short=3 event_calls=1 event_req=16 event_done=16 event_us=29 event_short=0 intr_calls=0 intr_req=0 intr_done=0 intr_us=0 intr_short=0 timeouts=0 failed=0
t=4809ms smoke TPU_DESC_CACHE_STATS sent_params=0 sent_ins=1 skip_params=0 skip_ins=0
t=4810ms session invoke ok=True detection_count=20 parsed_detections=20 host_ms=75 smoke_invoke_ms=70
t=5231ms server SERVER_STOPPED
