t=49ms baudrate 576000
t=53ms open
t=1002ms guest system dst=1 src=3 payload=2101
t=1426ms guest system dst=1 src=3 payload=2001
t=1437ms guest->udp crtp_len=5
t=1454ms udp->guest crtp_len=5
t=1459ms guest->udp crtp_len=3
t=2212ms guest->udp crtp_len=16
t=2223ms udp->guest crtp_len=5
t=9387ms guest->udp crtp_len=3
t=9394ms udp->guest crtp_len=5
t=9396ms guest->udp crtp_len=18
t=9526ms guest->udp crtp_len=18
t=9787ms guest->udp crtp_len=18
t=9920ms guest->udp crtp_len=18
t=10176ms guest->udp crtp_len=18
t=11063ms guest->udp crtp_len=18
t=19581ms guest->udp crtp_len=18
t=27394ms guest->udp crtp_len=18
t=35467ms guest->udp crtp_len=16
t=35475ms udp->guest crtp_len=5
t=40635ms guest system dst=1 src=3 payload=2100
t=41025ms guest system dst=1 src=3 payload=2000
t=41846ms baudrate 115200
t=41849ms close
