[sim] FS root: /home/bogdan/work/coralmicro/examples/sentai_runtime/experiments/s209_virtual_camera_tpu_e2e/iter76_virtual_camera_flow_static_shift/fs_root
[sim] sentai_sim build #927 (2026-05-31 13:49:15)
[sim] FreeRTOS POSIX port: tick=1000 Hz, heap=4194304 bytes
[sim] MicroPython heap: 2097152 bytes
[sim] sentai.fr auto-start: dir=/home/bogdan/work/coralmicro/examples/sentai_runtime/experiments/s209_virtual_camera_tpu_e2e/iter76_virtual_camera_flow_static_shift/fs_root/fr init=0 events=0 scalars=0 debug=0 task=0

MicroPython on SentAI SIM (FreeRTOS POSIX port + MicroPython embed)
Type expressions, end with Enter.  Ctrl-D or 'exit' to quit.
Try: sentai.version(), sentai.fs.write(...), help()

>>> >>> camera_bridge: listening on /tmp/sentai_cam.sock (waiting for Gazebo bridge)
IMG_SIZE 921654
SHIFT_SIZE 921654
FLOW_START 0
[virtcam] select begin /images/cat_640x480.bmp
[virtcam] size 921654
[virtcam] read ok
[virtcam] load rc=0
[virtcam] after_select begin
[sentai_fr] worker START
[virtcam] after_select end
[camera] select(-1, /images/cat_640x480.bmp) rc=0
[flow_task] publish_gray begin
[flow_task] phase begin
[flow_task] phase done dx=0 dy=0 conf=0
